2026-10-02 22:25:16,918 INFO o.a.j.u.JMeterUtils: Setting Locale to en_EN
2026-10-02 22:25:16,941 INFO o.a.j.JMeter: Loading user properties from: /opt/jmeter/bin/user.properties
2026-10-02 22:25:16,941 INFO o.a.j.JMeter: Loading system properties from: /opt/jmeter/bin/system.properties
2026-10-02 22:25:16,941 INFO o.a.j.JMeter: Loading additional properties from: /tests/run.properties
2026-10-02 22:25:16,941 INFO o.a.j.JMeter: Loading additional properties from: /tests/data/ranges.properties
2026-10-02 22:25:16,941 INFO o.a.j.JMeter: Setting JMeter property: host=nestjs-nginx
2026-10-02 22:25:16,942 INFO o.a.j.JMeter: Setting JMeter property: port=80
2026-10-02 22:25:16,942 INFO o.a.j.JMeter: Setting JMeter property: rampup=1
2026-10-02 22:25:16,942 INFO o.a.j.JMeter: Setting JMeter property: endpoint=EP4
2026-10-02 22:25:16,942 INFO o.a.j.JMeter: Setting JMeter property: users=10
2026-10-02 22:25:16,942 INFO o.a.j.JMeter: Setting JMeter property: duration=60
2026-10-02 22:25:16,947 INFO o.a.j.JMeter: Copyright (c) 1998-2024 The Apache Software Foundation
2026-10-02 22:25:16,947 INFO o.a.j.JMeter: Version 5.6.3
2026-10-02 22:25:16,947 INFO o.a.j.JMeter: java.version=21.0.12.1
2026-10-02 22:25:16,947 INFO o.a.j.JMeter: java.vm.name=OpenJDK 64-Bit Server VM
2026-10-02 22:25:16,947 INFO o.a.j.JMeter: os.name=Linux
2026-10-02 22:25:16,947 INFO o.a.j.JMeter: os.arch=amd64
2026-10-02 22:25:16,947 INFO o.a.j.JMeter: os.version=6.6.87.2-microsoft-standard-WSL2
2026-10-02 22:25:16,948 INFO o.a.j.JMeter: file.encoding=UTF-8
2026-10-02 22:25:16,948 INFO o.a.j.JMeter: java.awt.headless=true
2026-10-02 22:25:16,948 INFO o.a.j.JMeter: Max memory     =4294967296
2026-10-02 22:25:16,948 INFO o.a.j.JMeter: Available Processors =12
2026-10-02 22:25:16,956 INFO o.a.j.JMeter: Default Locale=English (EN)
2026-10-02 22:25:16,956 INFO o.a.j.JMeter: JMeter  Locale=English (EN)
2026-10-02 22:25:16,956 INFO o.a.j.JMeter: JMeterHome=/opt/jmeter
2026-10-02 22:25:16,957 INFO o.a.j.JMeter: user.dir  =/tests
2026-10-02 22:25:16,957 INFO o.a.j.JMeter: PWD       =/tests
2026-10-02 22:25:16,957 INFO o.a.j.JMeter: IP: 172.19.0.5 Name: fde743acd953 FullName: fde743acd953
2026-10-02 22:25:16,967 INFO o.a.j.s.FileServer: Default base='/tests'
2026-10-02 22:25:16,968 INFO o.a.j.s.FileServer: Set new base='/tests'
2026-10-02 22:25:17,118 INFO o.a.j.s.SaveService: Testplan (JMX) version: 2.2. Testlog (JTL) version: 2.2
2026-10-02 22:25:17,140 INFO o.a.j.s.SaveService: Using SaveService properties version 5.0
2026-10-02 22:25:17,143 INFO o.a.j.s.SaveService: Using SaveService properties file encoding UTF-8
2026-10-02 22:25:17,146 INFO o.a.j.s.SaveService: Loading file: /tests/s3.jmx
2026-10-02 22:25:17,189 INFO o.a.j.p.h.s.HTTPSamplerBase: Parser for text/html is org.apache.jmeter.protocol.http.parser.LagartoBasedHtmlParser
2026-10-02 22:25:17,189 INFO o.a.j.p.h.s.HTTPSamplerBase: Parser for application/xhtml+xml is org.apache.jmeter.protocol.http.parser.LagartoBasedHtmlParser
2026-10-02 22:25:17,189 INFO o.a.j.p.h.s.HTTPSamplerBase: Parser for application/xml is org.apache.jmeter.protocol.http.parser.LagartoBasedHtmlParser
2026-10-02 22:25:17,189 INFO o.a.j.p.h.s.HTTPSamplerBase: Parser for text/xml is org.apache.jmeter.protocol.http.parser.LagartoBasedHtmlParser
2026-10-02 22:25:17,189 INFO o.a.j.p.h.s.HTTPSamplerBase: Parser for text/vnd.wap.wml is org.apache.jmeter.protocol.http.parser.RegexpHTMLParser
2026-10-02 22:25:17,189 INFO o.a.j.p.h.s.HTTPSamplerBase: Parser for text/css is org.apache.jmeter.protocol.http.parser.CssParser
2026-10-02 22:25:17,225 INFO o.a.j.JMeter: Creating summariser <summary>
2026-10-02 22:25:17,238 INFO o.a.j.e.StandardJMeterEngine: Running the test!
2026-10-02 22:25:17,239 INFO o.a.j.s.SampleEvent: List of sample_variables: []
2026-10-02 22:25:17,239 INFO o.a.j.s.SampleEvent: List of sample_variables: []
2026-10-02 22:25:17,242 INFO o.a.j.e.u.CompoundVariable: Note: Function class names must contain the string: '.functions.'
2026-10-02 22:25:17,243 INFO o.a.j.e.u.CompoundVariable: Note: Function class names must not contain the string: '.gui.'
2026-10-02 22:25:17,441 INFO o.a.j.JMeter: Running test (1790979917440)
2026-10-02 22:25:17,442 INFO o.a.j.e.StandardJMeterEngine: Starting setUp thread groups
2026-10-02 22:25:17,442 INFO o.a.j.e.StandardJMeterEngine: Starting setUp ThreadGroup: 1 : setUp - login 
2026-10-02 22:25:17,442 INFO o.a.j.e.StandardJMeterEngine: Starting 1 threads for group setUp - login.
2026-10-02 22:25:17,442 INFO o.a.j.e.StandardJMeterEngine: Test will stop abruptly on error
2026-10-02 22:25:17,442 INFO o.a.j.t.ThreadGroup: Starting thread group... number=1 threads=1 ramp-up=1 delayedStart=false
2026-10-02 22:25:17,445 INFO o.a.j.t.ThreadGroup: Started thread group number 1
2026-10-02 22:25:17,445 INFO o.a.j.e.StandardJMeterEngine: Waiting for all setup thread groups to exit
2026-10-02 22:25:17,446 INFO o.a.j.t.JMeterThread: Thread started: setUp - login 1-1
2026-10-02 22:25:17,456 INFO o.a.j.p.h.s.HTTPHCAbstractImpl: Local host = fde743acd953
2026-10-02 22:25:17,460 INFO o.a.j.p.h.s.HTTPHC4Impl: HTTP request retry count = 0
2026-10-02 22:25:17,461 INFO o.a.j.s.SampleResult: Note: Sample TimeStamps are START times
2026-10-02 22:25:17,461 INFO o.a.j.s.SampleResult: sampleresult.default.encoding is set to UTF-8
2026-10-02 22:25:17,461 INFO o.a.j.s.SampleResult: sampleresult.useNanoTime=true
2026-10-02 22:25:17,462 INFO o.a.j.s.SampleResult: sampleresult.nanoThreadSleep=5000
2026-10-02 22:25:18,161 INFO o.a.j.t.JMeterThread: Thread is done: setUp - login 1-1
2026-10-02 22:25:18,161 INFO o.a.j.t.JMeterThread: Thread finished: setUp - login 1-1
2026-10-02 22:25:18,162 INFO o.a.j.e.StandardJMeterEngine: All Setup Threads have ended
2026-10-02 22:25:18,184 INFO o.a.j.e.StandardJMeterEngine: Starting ThreadGroup: 1 : S3
2026-10-02 22:25:18,184 INFO o.a.j.e.StandardJMeterEngine: Starting 10 threads for group S3.
2026-10-02 22:25:18,184 INFO o.a.j.e.StandardJMeterEngine: Thread will continue on error
2026-10-02 22:25:18,185 INFO o.a.j.t.ThreadGroup: Starting thread group... number=1 threads=10 ramp-up=1 delayedStart=false
2026-10-02 22:25:18,187 INFO o.a.j.t.JMeterThread: Thread started: S3 1-1
2026-10-02 22:25:18,193 INFO o.a.j.t.ThreadGroup: Started thread group number 1
2026-10-02 22:25:18,193 INFO o.a.j.e.StandardJMeterEngine: All thread groups have been started
2026-10-02 22:25:18,287 INFO o.a.j.t.JMeterThread: Thread started: S3 1-2
2026-10-02 22:25:18,387 INFO o.a.j.t.JMeterThread: Thread started: S3 1-3
2026-10-02 22:25:18,487 INFO o.a.j.t.JMeterThread: Thread started: S3 1-4
2026-10-02 22:25:18,587 INFO o.a.j.t.JMeterThread: Thread started: S3 1-5
2026-10-02 22:25:18,686 INFO o.a.j.t.JMeterThread: Thread started: S3 1-6
2026-10-02 22:25:18,786 INFO o.a.j.t.JMeterThread: Thread started: S3 1-7
2026-10-02 22:25:18,887 INFO o.a.j.t.JMeterThread: Thread started: S3 1-8
2026-10-02 22:25:18,987 INFO o.a.j.t.JMeterThread: Thread started: S3 1-9
2026-10-02 22:25:19,086 INFO o.a.j.t.JMeterThread: Thread started: S3 1-10
2026-10-02 22:25:30,003 INFO o.a.j.r.Summariser: summary +  21730 in 00:00:13 = 1730.0/s Avg:     5 Min:     2 Max:   267 Err:     0 (0.00%) Active: 10 Started: 10 Finished: 0
2026-10-02 22:26:00,000 INFO o.a.j.r.Summariser: summary +  55991 in 00:00:30 = 1866.4/s Avg:     5 Min:     2 Max:    55 Err:     0 (0.00%) Active: 10 Started: 10 Finished: 0
2026-10-02 22:26:00,000 INFO o.a.j.r.Summariser: summary =  77721 in 00:00:43 = 1826.2/s Avg:     5 Min:     2 Max:   267 Err:     0 (0.00%)
2026-10-02 22:26:18,188 INFO o.a.j.t.JMeterThread: Stopping because end time detected by thread: S3 1-4
2026-10-02 22:26:18,188 INFO o.a.j.t.JMeterThread: Thread finished: S3 1-4
2026-10-02 22:26:18,189 INFO o.a.j.t.JMeterThread: Stopping because end time detected by thread: S3 1-3
2026-10-02 22:26:18,189 INFO o.a.j.t.JMeterThread: Thread finished: S3 1-3
2026-10-02 22:26:18,189 INFO o.a.j.t.JMeterThread: Stopping because end time detected by thread: S3 1-1
2026-10-02 22:26:18,189 INFO o.a.j.t.JMeterThread: Thread finished: S3 1-1
2026-10-02 22:26:18,190 INFO o.a.j.t.JMeterThread: Stopping because end time detected by thread: S3 1-2
2026-10-02 22:26:18,191 INFO o.a.j.t.JMeterThread: Thread finished: S3 1-2
2026-10-02 22:26:18,191 INFO o.a.j.t.JMeterThread: Stopping because end time detected by thread: S3 1-5
2026-10-02 22:26:18,191 INFO o.a.j.t.JMeterThread: Thread finished: S3 1-5
2026-10-02 22:26:18,191 INFO o.a.j.t.JMeterThread: Stopping because end time detected by thread: S3 1-8
2026-10-02 22:26:18,191 INFO o.a.j.t.JMeterThread: Thread finished: S3 1-8
2026-10-02 22:26:18,192 INFO o.a.j.t.JMeterThread: Stopping because end time detected by thread: S3 1-7
2026-10-02 22:26:18,192 INFO o.a.j.t.JMeterThread: Thread finished: S3 1-7
2026-10-02 22:26:18,192 INFO o.a.j.t.JMeterThread: Stopping because end time detected by thread: S3 1-6
2026-10-02 22:26:18,192 INFO o.a.j.t.JMeterThread: Thread finished: S3 1-6
2026-10-02 22:26:18,194 INFO o.a.j.t.JMeterThread: Stopping because end time detected by thread: S3 1-9
2026-10-02 22:26:18,195 INFO o.a.j.t.JMeterThread: Thread finished: S3 1-9
2026-10-02 22:26:18,195 INFO o.a.j.t.JMeterThread: Stopping because end time detected by thread: S3 1-10
2026-10-02 22:26:18,195 INFO o.a.j.t.JMeterThread: Thread finished: S3 1-10
2026-10-02 22:26:18,196 INFO o.a.j.e.StandardJMeterEngine: Notifying test listeners of end of test
2026-10-02 22:26:18,198 INFO o.a.j.r.Summariser: summary +  30554 in 00:00:18 = 1679.1/s Avg:     5 Min:     2 Max:    55 Err:     0 (0.00%) Active: 0 Started: 10 Finished: 10
2026-10-02 22:26:18,198 INFO o.a.j.r.Summariser: summary = 108275 in 00:01:01 = 1782.1/s Avg:     5 Min:     2 Max:   267 Err:     0 (0.00%)
