2026-10-02 22:24:12,032 INFO o.a.j.u.JMeterUtils: Setting Locale to en_EN
2026-10-02 22:24:12,050 INFO o.a.j.JMeter: Loading user properties from: /opt/jmeter/bin/user.properties
2026-10-02 22:24:12,050 INFO o.a.j.JMeter: Loading system properties from: /opt/jmeter/bin/system.properties
2026-10-02 22:24:12,050 INFO o.a.j.JMeter: Loading additional properties from: /tests/run.properties
2026-10-02 22:24:12,051 INFO o.a.j.JMeter: Loading additional properties from: /tests/data/ranges.properties
2026-10-02 22:24:12,051 INFO o.a.j.JMeter: Setting JMeter property: host=nestjs-nginx
2026-10-02 22:24:12,051 INFO o.a.j.JMeter: Setting JMeter property: port=80
2026-10-02 22:24:12,051 INFO o.a.j.JMeter: Setting JMeter property: rampup=1
2026-10-02 22:24:12,051 INFO o.a.j.JMeter: Setting JMeter property: endpoint=EP4
2026-10-02 22:24:12,051 INFO o.a.j.JMeter: Setting JMeter property: users=10
2026-10-02 22:24:12,051 INFO o.a.j.JMeter: Setting JMeter property: duration=60
2026-10-02 22:24:12,055 INFO o.a.j.JMeter: Copyright (c) 1998-2024 The Apache Software Foundation
2026-10-02 22:24:12,055 INFO o.a.j.JMeter: Version 5.6.3
2026-10-02 22:24:12,055 INFO o.a.j.JMeter: java.version=21.0.12.1
2026-10-02 22:24:12,055 INFO o.a.j.JMeter: java.vm.name=OpenJDK 64-Bit Server VM
2026-10-02 22:24:12,055 INFO o.a.j.JMeter: os.name=Linux
2026-10-02 22:24:12,055 INFO o.a.j.JMeter: os.arch=amd64
2026-10-02 22:24:12,055 INFO o.a.j.JMeter: os.version=6.6.87.2-microsoft-standard-WSL2
2026-10-02 22:24:12,055 INFO o.a.j.JMeter: file.encoding=UTF-8
2026-10-02 22:24:12,056 INFO o.a.j.JMeter: java.awt.headless=true
2026-10-02 22:24:12,056 INFO o.a.j.JMeter: Max memory     =4294967296
2026-10-02 22:24:12,056 INFO o.a.j.JMeter: Available Processors =12
2026-10-02 22:24:12,061 INFO o.a.j.JMeter: Default Locale=English (EN)
2026-10-02 22:24:12,062 INFO o.a.j.JMeter: JMeter  Locale=English (EN)
2026-10-02 22:24:12,062 INFO o.a.j.JMeter: JMeterHome=/opt/jmeter
2026-10-02 22:24:12,062 INFO o.a.j.JMeter: user.dir  =/tests
2026-10-02 22:24:12,062 INFO o.a.j.JMeter: PWD       =/tests
2026-10-02 22:24:12,062 INFO o.a.j.JMeter: IP: 172.19.0.5 Name: 484d4ff8c691 FullName: 484d4ff8c691
2026-10-02 22:24:12,070 INFO o.a.j.s.FileServer: Default base='/tests'
2026-10-02 22:24:12,072 INFO o.a.j.s.FileServer: Set new base='/tests'
2026-10-02 22:24:12,211 INFO o.a.j.s.SaveService: Testplan (JMX) version: 2.2. Testlog (JTL) version: 2.2
2026-10-02 22:24:12,231 INFO o.a.j.s.SaveService: Using SaveService properties version 5.0
2026-10-02 22:24:12,233 INFO o.a.j.s.SaveService: Using SaveService properties file encoding UTF-8
2026-10-02 22:24:12,236 INFO o.a.j.s.SaveService: Loading file: /tests/s3.jmx
2026-10-02 22:24:12,273 INFO o.a.j.p.h.s.HTTPSamplerBase: Parser for text/html is org.apache.jmeter.protocol.http.parser.LagartoBasedHtmlParser
2026-10-02 22:24:12,274 INFO o.a.j.p.h.s.HTTPSamplerBase: Parser for application/xhtml+xml is org.apache.jmeter.protocol.http.parser.LagartoBasedHtmlParser
2026-10-02 22:24:12,274 INFO o.a.j.p.h.s.HTTPSamplerBase: Parser for application/xml is org.apache.jmeter.protocol.http.parser.LagartoBasedHtmlParser
2026-10-02 22:24:12,274 INFO o.a.j.p.h.s.HTTPSamplerBase: Parser for text/xml is org.apache.jmeter.protocol.http.parser.LagartoBasedHtmlParser
2026-10-02 22:24:12,274 INFO o.a.j.p.h.s.HTTPSamplerBase: Parser for text/vnd.wap.wml is org.apache.jmeter.protocol.http.parser.RegexpHTMLParser
2026-10-02 22:24:12,274 INFO o.a.j.p.h.s.HTTPSamplerBase: Parser for text/css is org.apache.jmeter.protocol.http.parser.CssParser
2026-10-02 22:24:12,309 INFO o.a.j.JMeter: Creating summariser <summary>
2026-10-02 22:24:12,318 INFO o.a.j.e.StandardJMeterEngine: Running the test!
2026-10-02 22:24:12,318 INFO o.a.j.s.SampleEvent: List of sample_variables: []
2026-10-02 22:24:12,318 INFO o.a.j.s.SampleEvent: List of sample_variables: []
2026-10-02 22:24:12,322 INFO o.a.j.e.u.CompoundVariable: Note: Function class names must contain the string: '.functions.'
2026-10-02 22:24:12,322 INFO o.a.j.e.u.CompoundVariable: Note: Function class names must not contain the string: '.gui.'
2026-10-02 22:24:12,497 INFO o.a.j.JMeter: Running test (1790979852497)
2026-10-02 22:24:12,498 INFO o.a.j.e.StandardJMeterEngine: Starting setUp thread groups
2026-10-02 22:24:12,498 INFO o.a.j.e.StandardJMeterEngine: Starting setUp ThreadGroup: 1 : setUp - login 
2026-10-02 22:24:12,498 INFO o.a.j.e.StandardJMeterEngine: Starting 1 threads for group setUp - login.
2026-10-02 22:24:12,499 INFO o.a.j.e.StandardJMeterEngine: Test will stop abruptly on error
2026-10-02 22:24:12,499 INFO o.a.j.t.ThreadGroup: Starting thread group... number=1 threads=1 ramp-up=1 delayedStart=false
2026-10-02 22:24:12,501 INFO o.a.j.t.ThreadGroup: Started thread group number 1
2026-10-02 22:24:12,502 INFO o.a.j.e.StandardJMeterEngine: Waiting for all setup thread groups to exit
2026-10-02 22:24:12,502 INFO o.a.j.t.JMeterThread: Thread started: setUp - login 1-1
2026-10-02 22:24:12,512 INFO o.a.j.p.h.s.HTTPHCAbstractImpl: Local host = 484d4ff8c691
2026-10-02 22:24:12,515 INFO o.a.j.p.h.s.HTTPHC4Impl: HTTP request retry count = 0
2026-10-02 22:24:12,516 INFO o.a.j.s.SampleResult: Note: Sample TimeStamps are START times
2026-10-02 22:24:12,516 INFO o.a.j.s.SampleResult: sampleresult.default.encoding is set to UTF-8
2026-10-02 22:24:12,516 INFO o.a.j.s.SampleResult: sampleresult.useNanoTime=true
2026-10-02 22:24:12,517 INFO o.a.j.s.SampleResult: sampleresult.nanoThreadSleep=5000
2026-10-02 22:24:13,212 INFO o.a.j.t.JMeterThread: Thread is done: setUp - login 1-1
2026-10-02 22:24:13,213 INFO o.a.j.t.JMeterThread: Thread finished: setUp - login 1-1
2026-10-02 22:24:13,213 INFO o.a.j.e.StandardJMeterEngine: All Setup Threads have ended
2026-10-02 22:24:13,233 INFO o.a.j.e.StandardJMeterEngine: Starting ThreadGroup: 1 : S3
2026-10-02 22:24:13,233 INFO o.a.j.e.StandardJMeterEngine: Starting 10 threads for group S3.
2026-10-02 22:24:13,233 INFO o.a.j.e.StandardJMeterEngine: Thread will continue on error
2026-10-02 22:24:13,234 INFO o.a.j.t.ThreadGroup: Starting thread group... number=1 threads=10 ramp-up=1 delayedStart=false
2026-10-02 22:24:13,236 INFO o.a.j.t.JMeterThread: Thread started: S3 1-1
2026-10-02 22:24:13,242 INFO o.a.j.t.ThreadGroup: Started thread group number 1
2026-10-02 22:24:13,242 INFO o.a.j.e.StandardJMeterEngine: All thread groups have been started
2026-10-02 22:24:13,336 INFO o.a.j.t.JMeterThread: Thread started: S3 1-2
2026-10-02 22:24:13,436 INFO o.a.j.t.JMeterThread: Thread started: S3 1-3
2026-10-02 22:24:13,536 INFO o.a.j.t.JMeterThread: Thread started: S3 1-4
2026-10-02 22:24:13,635 INFO o.a.j.t.JMeterThread: Thread started: S3 1-5
2026-10-02 22:24:13,735 INFO o.a.j.t.JMeterThread: Thread started: S3 1-6
2026-10-02 22:24:13,835 INFO o.a.j.t.JMeterThread: Thread started: S3 1-7
2026-10-02 22:24:13,935 INFO o.a.j.t.JMeterThread: Thread started: S3 1-8
2026-10-02 22:24:14,036 INFO o.a.j.t.JMeterThread: Thread started: S3 1-9
2026-10-02 22:24:14,135 INFO o.a.j.t.JMeterThread: Thread started: S3 1-10
2026-10-02 22:24:30,001 INFO o.a.j.r.Summariser: summary +  27840 in 00:00:18 = 1590.6/s Avg:     5 Min:     2 Max:   314 Err:     0 (0.00%) Active: 10 Started: 10 Finished: 0
2026-10-02 22:25:00,000 INFO o.a.j.r.Summariser: summary +  56868 in 00:00:30 = 1895.6/s Avg:     5 Min:     2 Max:    42 Err:     0 (0.00%) Active: 10 Started: 10 Finished: 0
2026-10-02 22:25:00,000 INFO o.a.j.r.Summariser: summary =  84708 in 00:00:48 = 1783.2/s Avg:     5 Min:     2 Max:   314 Err:     0 (0.00%)
2026-10-02 22:25:13,237 INFO o.a.j.t.JMeterThread: Stopping because end time detected by thread: S3 1-4
2026-10-02 22:25:13,237 INFO o.a.j.t.JMeterThread: Thread finished: S3 1-4
2026-10-02 22:25:13,240 INFO o.a.j.t.JMeterThread: Stopping because end time detected by thread: S3 1-7
2026-10-02 22:25:13,240 INFO o.a.j.t.JMeterThread: Thread finished: S3 1-7
2026-10-02 22:25:13,242 INFO o.a.j.t.JMeterThread: Stopping because end time detected by thread: S3 1-9
2026-10-02 22:25:13,242 INFO o.a.j.t.JMeterThread: Thread finished: S3 1-9
2026-10-02 22:25:13,243 INFO o.a.j.t.JMeterThread: Stopping because end time detected by thread: S3 1-8
2026-10-02 22:25:13,243 INFO o.a.j.t.JMeterThread: Stopping because end time detected by thread: S3 1-3
2026-10-02 22:25:13,243 INFO o.a.j.t.JMeterThread: Thread finished: S3 1-8
2026-10-02 22:25:13,243 INFO o.a.j.t.JMeterThread: Stopping because end time detected by thread: S3 1-1
2026-10-02 22:25:13,243 INFO o.a.j.t.JMeterThread: Thread finished: S3 1-3
2026-10-02 22:25:13,243 INFO o.a.j.t.JMeterThread: Thread finished: S3 1-1
2026-10-02 22:25:13,244 INFO o.a.j.t.JMeterThread: Stopping because end time detected by thread: S3 1-10
2026-10-02 22:25:13,244 INFO o.a.j.t.JMeterThread: Stopping because end time detected by thread: S3 1-6
2026-10-02 22:25:13,244 INFO o.a.j.t.JMeterThread: Thread finished: S3 1-10
2026-10-02 22:25:13,244 INFO o.a.j.t.JMeterThread: Thread finished: S3 1-6
2026-10-02 22:25:13,245 INFO o.a.j.t.JMeterThread: Stopping because end time detected by thread: S3 1-2
2026-10-02 22:25:13,245 INFO o.a.j.t.JMeterThread: Thread finished: S3 1-2
2026-10-02 22:25:13,245 INFO o.a.j.t.JMeterThread: Stopping because end time detected by thread: S3 1-5
2026-10-02 22:25:13,246 INFO o.a.j.t.JMeterThread: Thread finished: S3 1-5
2026-10-02 22:25:13,246 INFO o.a.j.e.StandardJMeterEngine: Notifying test listeners of end of test
2026-10-02 22:25:13,248 INFO o.a.j.r.Summariser: summary +  23841 in 00:00:13 = 1799.6/s Avg:     5 Min:     2 Max:    30 Err:     0 (0.00%) Active: 0 Started: 10 Finished: 10
2026-10-02 22:25:13,248 INFO o.a.j.r.Summariser: summary = 108549 in 00:01:01 = 1786.8/s Avg:     5 Min:     2 Max:   314 Err:     0 (0.00%)
