2026-10-06 09:08:51,520 INFO o.a.j.u.JMeterUtils: Setting Locale to en_EN
2026-10-06 09:08:51,540 INFO o.a.j.JMeter: Loading user properties from: /opt/jmeter/bin/user.properties
2026-10-06 09:08:51,540 INFO o.a.j.JMeter: Loading system properties from: /opt/jmeter/bin/system.properties
2026-10-06 09:08:51,540 INFO o.a.j.JMeter: Loading additional properties from: /tests/run.properties
2026-10-06 09:08:51,540 INFO o.a.j.JMeter: Loading additional properties from: /tests/data/ranges.properties
2026-10-06 09:08:51,541 INFO o.a.j.JMeter: Setting JMeter property: host=nestjs-nginx
2026-10-06 09:08:51,541 INFO o.a.j.JMeter: Setting JMeter property: port=80
2026-10-06 09:08:51,541 INFO o.a.j.JMeter: Setting JMeter property: rampup=10
2026-10-06 09:08:51,541 INFO o.a.j.JMeter: Setting JMeter property: endpoint=EP7
2026-10-06 09:08:51,541 INFO o.a.j.JMeter: Setting JMeter property: users=200
2026-10-06 09:08:51,541 INFO o.a.j.JMeter: Setting JMeter property: duration=60
2026-10-06 09:08:51,545 INFO o.a.j.JMeter: Copyright (c) 1998-2024 The Apache Software Foundation
2026-10-06 09:08:51,546 INFO o.a.j.JMeter: Version 5.6.3
2026-10-06 09:08:51,546 INFO o.a.j.JMeter: java.version=21.0.12.1
2026-10-06 09:08:51,546 INFO o.a.j.JMeter: java.vm.name=OpenJDK 64-Bit Server VM
2026-10-06 09:08:51,546 INFO o.a.j.JMeter: os.name=Linux
2026-10-06 09:08:51,546 INFO o.a.j.JMeter: os.arch=amd64
2026-10-06 09:08:51,546 INFO o.a.j.JMeter: os.version=6.6.87.2-microsoft-standard-WSL2
2026-10-06 09:08:51,546 INFO o.a.j.JMeter: file.encoding=UTF-8
2026-10-06 09:08:51,546 INFO o.a.j.JMeter: java.awt.headless=true
2026-10-06 09:08:51,546 INFO o.a.j.JMeter: Max memory     =4294967296
2026-10-06 09:08:51,546 INFO o.a.j.JMeter: Available Processors =12
2026-10-06 09:08:51,553 INFO o.a.j.JMeter: Default Locale=English (EN)
2026-10-06 09:08:51,553 INFO o.a.j.JMeter: JMeter  Locale=English (EN)
2026-10-06 09:08:51,554 INFO o.a.j.JMeter: JMeterHome=/opt/jmeter
2026-10-06 09:08:51,554 INFO o.a.j.JMeter: user.dir  =/tests
2026-10-06 09:08:51,554 INFO o.a.j.JMeter: PWD       =/tests
2026-10-06 09:08:51,554 INFO o.a.j.JMeter: IP: 172.19.0.5 Name: 6c9c15015cf2 FullName: 6c9c15015cf2
2026-10-06 09:08:51,563 INFO o.a.j.s.FileServer: Default base='/tests'
2026-10-06 09:08:51,564 INFO o.a.j.s.FileServer: Set new base='/tests'
2026-10-06 09:08:51,707 INFO o.a.j.s.SaveService: Testplan (JMX) version: 2.2. Testlog (JTL) version: 2.2
2026-10-06 09:08:51,728 INFO o.a.j.s.SaveService: Using SaveService properties version 5.0
2026-10-06 09:08:51,730 INFO o.a.j.s.SaveService: Using SaveService properties file encoding UTF-8
2026-10-06 09:08:51,734 INFO o.a.j.s.SaveService: Loading file: /tests/s2.jmx
2026-10-06 09:08:51,775 INFO o.a.j.p.h.s.HTTPSamplerBase: Parser for text/html is org.apache.jmeter.protocol.http.parser.LagartoBasedHtmlParser
2026-10-06 09:08:51,775 INFO o.a.j.p.h.s.HTTPSamplerBase: Parser for application/xhtml+xml is org.apache.jmeter.protocol.http.parser.LagartoBasedHtmlParser
2026-10-06 09:08:51,776 INFO o.a.j.p.h.s.HTTPSamplerBase: Parser for application/xml is org.apache.jmeter.protocol.http.parser.LagartoBasedHtmlParser
2026-10-06 09:08:51,776 INFO o.a.j.p.h.s.HTTPSamplerBase: Parser for text/xml is org.apache.jmeter.protocol.http.parser.LagartoBasedHtmlParser
2026-10-06 09:08:51,776 INFO o.a.j.p.h.s.HTTPSamplerBase: Parser for text/vnd.wap.wml is org.apache.jmeter.protocol.http.parser.RegexpHTMLParser
2026-10-06 09:08:51,776 INFO o.a.j.p.h.s.HTTPSamplerBase: Parser for text/css is org.apache.jmeter.protocol.http.parser.CssParser
2026-10-06 09:08:51,816 INFO o.a.j.JMeter: Creating summariser <summary>
2026-10-06 09:08:51,830 INFO o.a.j.e.StandardJMeterEngine: Running the test!
2026-10-06 09:08:51,831 INFO o.a.j.s.SampleEvent: List of sample_variables: []
2026-10-06 09:08:51,831 INFO o.a.j.s.SampleEvent: List of sample_variables: []
2026-10-06 09:08:51,834 INFO o.a.j.e.u.CompoundVariable: Note: Function class names must contain the string: '.functions.'
2026-10-06 09:08:51,834 INFO o.a.j.e.u.CompoundVariable: Note: Function class names must not contain the string: '.gui.'
2026-10-06 09:08:52,031 INFO o.a.j.JMeter: Running test (1791277732031)
2026-10-06 09:08:52,032 INFO o.a.j.e.StandardJMeterEngine: Starting setUp thread groups
2026-10-06 09:08:52,033 INFO o.a.j.e.StandardJMeterEngine: Starting setUp ThreadGroup: 1 : setUp - login 
2026-10-06 09:08:52,033 INFO o.a.j.e.StandardJMeterEngine: Starting 1 threads for group setUp - login.
2026-10-06 09:08:52,033 INFO o.a.j.e.StandardJMeterEngine: Test will stop abruptly on error
2026-10-06 09:08:52,033 INFO o.a.j.t.ThreadGroup: Starting thread group... number=1 threads=1 ramp-up=1 delayedStart=false
2026-10-06 09:08:52,036 INFO o.a.j.t.ThreadGroup: Started thread group number 1
2026-10-06 09:08:52,036 INFO o.a.j.e.StandardJMeterEngine: Waiting for all setup thread groups to exit
2026-10-06 09:08:52,038 INFO o.a.j.t.JMeterThread: Thread started: setUp - login 1-1
2026-10-06 09:08:52,050 INFO o.a.j.p.h.s.HTTPHCAbstractImpl: Local host = 6c9c15015cf2
2026-10-06 09:08:52,054 INFO o.a.j.p.h.s.HTTPHC4Impl: HTTP request retry count = 0
2026-10-06 09:08:52,055 INFO o.a.j.s.SampleResult: Note: Sample TimeStamps are START times
2026-10-06 09:08:52,056 INFO o.a.j.s.SampleResult: sampleresult.default.encoding is set to UTF-8
2026-10-06 09:08:52,056 INFO o.a.j.s.SampleResult: sampleresult.useNanoTime=true
2026-10-06 09:08:52,056 INFO o.a.j.s.SampleResult: sampleresult.nanoThreadSleep=5000
2026-10-06 09:08:52,782 INFO o.a.j.t.JMeterThread: Thread is done: setUp - login 1-1
2026-10-06 09:08:52,782 INFO o.a.j.t.JMeterThread: Thread finished: setUp - login 1-1
2026-10-06 09:08:52,783 INFO o.a.j.e.StandardJMeterEngine: All Setup Threads have ended
2026-10-06 09:08:52,806 INFO o.a.j.e.StandardJMeterEngine: Starting ThreadGroup: 1 : S2
2026-10-06 09:08:52,806 INFO o.a.j.e.StandardJMeterEngine: Starting 200 threads for group S2.
2026-10-06 09:08:52,806 INFO o.a.j.e.StandardJMeterEngine: Thread will continue on error
2026-10-06 09:08:52,806 INFO o.a.j.t.ThreadGroup: Starting thread group... number=1 threads=200 ramp-up=10 delayedStart=false
2026-10-06 09:08:52,817 INFO o.a.j.t.JMeterThread: Thread started: S2 1-1
2026-10-06 09:08:52,817 INFO o.a.j.s.FileServer: Stored: /tests/data/available_menu_items.csv
2026-10-06 09:08:52,865 INFO o.a.j.t.JMeterThread: Thread started: S2 1-2
2026-10-06 09:08:52,908 INFO o.a.j.t.ThreadGroup: Started thread group number 1
2026-10-06 09:08:52,908 INFO o.a.j.e.StandardJMeterEngine: All thread groups have been started
2026-10-06 09:08:52,914 INFO o.a.j.t.JMeterThread: Thread started: S2 1-3
2026-10-06 09:08:52,963 INFO o.a.j.t.JMeterThread: Thread started: S2 1-4
2026-10-06 09:08:53,014 INFO o.a.j.t.JMeterThread: Thread started: S2 1-5
2026-10-06 09:08:53,063 INFO o.a.j.t.JMeterThread: Thread started: S2 1-6
2026-10-06 09:08:53,110 INFO o.a.j.t.JMeterThread: Thread started: S2 1-7
2026-10-06 09:08:53,161 INFO o.a.j.t.JMeterThread: Thread started: S2 1-8
2026-10-06 09:08:53,209 INFO o.a.j.t.JMeterThread: Thread started: S2 1-9
2026-10-06 09:08:53,258 INFO o.a.j.t.JMeterThread: Thread started: S2 1-10
2026-10-06 09:08:53,308 INFO o.a.j.t.JMeterThread: Thread started: S2 1-11
2026-10-06 09:08:53,357 INFO o.a.j.t.JMeterThread: Thread started: S2 1-12
2026-10-06 09:08:53,408 INFO o.a.j.t.JMeterThread: Thread started: S2 1-13
2026-10-06 09:08:53,458 INFO o.a.j.t.JMeterThread: Thread started: S2 1-14
2026-10-06 09:08:53,508 INFO o.a.j.t.JMeterThread: Thread started: S2 1-15
2026-10-06 09:08:53,558 INFO o.a.j.t.JMeterThread: Thread started: S2 1-16
2026-10-06 09:08:53,608 INFO o.a.j.t.JMeterThread: Thread started: S2 1-17
2026-10-06 09:08:53,657 INFO o.a.j.t.JMeterThread: Thread started: S2 1-18
2026-10-06 09:08:53,707 INFO o.a.j.t.JMeterThread: Thread started: S2 1-19
2026-10-06 09:08:53,758 INFO o.a.j.t.JMeterThread: Thread started: S2 1-20
2026-10-06 09:08:53,807 INFO o.a.j.t.JMeterThread: Thread started: S2 1-21
2026-10-06 09:08:53,858 INFO o.a.j.t.JMeterThread: Thread started: S2 1-22
2026-10-06 09:08:53,907 INFO o.a.j.t.JMeterThread: Thread started: S2 1-23
2026-10-06 09:08:53,957 INFO o.a.j.t.JMeterThread: Thread started: S2 1-24
2026-10-06 09:08:54,008 INFO o.a.j.t.JMeterThread: Thread started: S2 1-25
2026-10-06 09:08:54,057 INFO o.a.j.t.JMeterThread: Thread started: S2 1-26
2026-10-06 09:08:54,106 INFO o.a.j.t.JMeterThread: Thread started: S2 1-27
2026-10-06 09:08:54,157 INFO o.a.j.t.JMeterThread: Thread started: S2 1-28
2026-10-06 09:08:54,207 INFO o.a.j.t.JMeterThread: Thread started: S2 1-29
2026-10-06 09:08:54,257 INFO o.a.j.t.JMeterThread: Thread started: S2 1-30
2026-10-06 09:08:54,307 INFO o.a.j.t.JMeterThread: Thread started: S2 1-31
2026-10-06 09:08:54,357 INFO o.a.j.t.JMeterThread: Thread started: S2 1-32
2026-10-06 09:08:54,406 INFO o.a.j.t.JMeterThread: Thread started: S2 1-33
2026-10-06 09:08:54,457 INFO o.a.j.t.JMeterThread: Thread started: S2 1-34
2026-10-06 09:08:54,507 INFO o.a.j.t.JMeterThread: Thread started: S2 1-35
2026-10-06 09:08:54,558 INFO o.a.j.t.JMeterThread: Thread started: S2 1-36
2026-10-06 09:08:54,607 INFO o.a.j.t.JMeterThread: Thread started: S2 1-37
2026-10-06 09:08:54,658 INFO o.a.j.t.JMeterThread: Thread started: S2 1-38
2026-10-06 09:08:54,707 INFO o.a.j.t.JMeterThread: Thread started: S2 1-39
2026-10-06 09:08:54,758 INFO o.a.j.t.JMeterThread: Thread started: S2 1-40
2026-10-06 09:08:54,807 INFO o.a.j.t.JMeterThread: Thread started: S2 1-41
2026-10-06 09:08:54,857 INFO o.a.j.t.JMeterThread: Thread started: S2 1-42
2026-10-06 09:08:54,907 INFO o.a.j.t.JMeterThread: Thread started: S2 1-43
2026-10-06 09:08:54,957 INFO o.a.j.t.JMeterThread: Thread started: S2 1-44
2026-10-06 09:08:55,008 INFO o.a.j.t.JMeterThread: Thread started: S2 1-45
2026-10-06 09:08:55,056 INFO o.a.j.t.JMeterThread: Thread started: S2 1-46
2026-10-06 09:08:55,108 INFO o.a.j.t.JMeterThread: Thread started: S2 1-47
2026-10-06 09:08:55,157 INFO o.a.j.t.JMeterThread: Thread started: S2 1-48
2026-10-06 09:08:55,208 INFO o.a.j.t.JMeterThread: Thread started: S2 1-49
2026-10-06 09:08:55,256 INFO o.a.j.t.JMeterThread: Thread started: S2 1-50
2026-10-06 09:08:55,307 INFO o.a.j.t.JMeterThread: Thread started: S2 1-51
2026-10-06 09:08:55,357 INFO o.a.j.t.JMeterThread: Thread started: S2 1-52
2026-10-06 09:08:55,407 INFO o.a.j.t.JMeterThread: Thread started: S2 1-53
2026-10-06 09:08:55,458 INFO o.a.j.t.JMeterThread: Thread started: S2 1-54
2026-10-06 09:08:55,507 INFO o.a.j.t.JMeterThread: Thread started: S2 1-55
2026-10-06 09:08:55,557 INFO o.a.j.t.JMeterThread: Thread started: S2 1-56
2026-10-06 09:08:55,608 INFO o.a.j.t.JMeterThread: Thread started: S2 1-57
2026-10-06 09:08:55,656 INFO o.a.j.t.JMeterThread: Thread started: S2 1-58
2026-10-06 09:08:55,708 INFO o.a.j.t.JMeterThread: Thread started: S2 1-59
2026-10-06 09:08:55,758 INFO o.a.j.t.JMeterThread: Thread started: S2 1-60
2026-10-06 09:08:55,808 INFO o.a.j.t.JMeterThread: Thread started: S2 1-61
2026-10-06 09:08:55,857 INFO o.a.j.t.JMeterThread: Thread started: S2 1-62
2026-10-06 09:08:55,906 INFO o.a.j.t.JMeterThread: Thread started: S2 1-63
2026-10-06 09:08:55,958 INFO o.a.j.t.JMeterThread: Thread started: S2 1-64
2026-10-06 09:08:56,007 INFO o.a.j.t.JMeterThread: Thread started: S2 1-65
2026-10-06 09:08:56,057 INFO o.a.j.t.JMeterThread: Thread started: S2 1-66
2026-10-06 09:08:56,107 INFO o.a.j.t.JMeterThread: Thread started: S2 1-67
2026-10-06 09:08:56,158 INFO o.a.j.t.JMeterThread: Thread started: S2 1-68
2026-10-06 09:08:56,206 INFO o.a.j.t.JMeterThread: Thread started: S2 1-69
2026-10-06 09:08:56,257 INFO o.a.j.t.JMeterThread: Thread started: S2 1-70
2026-10-06 09:08:56,306 INFO o.a.j.t.JMeterThread: Thread started: S2 1-71
2026-10-06 09:08:56,357 INFO o.a.j.t.JMeterThread: Thread started: S2 1-72
2026-10-06 09:08:56,407 INFO o.a.j.t.JMeterThread: Thread started: S2 1-73
2026-10-06 09:08:56,456 INFO o.a.j.t.JMeterThread: Thread started: S2 1-74
2026-10-06 09:08:56,508 INFO o.a.j.t.JMeterThread: Thread started: S2 1-75
2026-10-06 09:08:56,558 INFO o.a.j.t.JMeterThread: Thread started: S2 1-76
2026-10-06 09:08:56,608 INFO o.a.j.t.JMeterThread: Thread started: S2 1-77
2026-10-06 09:08:56,658 INFO o.a.j.t.JMeterThread: Thread started: S2 1-78
2026-10-06 09:08:56,706 INFO o.a.j.t.JMeterThread: Thread started: S2 1-79
2026-10-06 09:08:56,757 INFO o.a.j.t.JMeterThread: Thread started: S2 1-80
2026-10-06 09:08:56,806 INFO o.a.j.t.JMeterThread: Thread started: S2 1-81
2026-10-06 09:08:56,857 INFO o.a.j.t.JMeterThread: Thread started: S2 1-82
2026-10-06 09:08:56,907 INFO o.a.j.t.JMeterThread: Thread started: S2 1-83
2026-10-06 09:08:56,956 INFO o.a.j.t.JMeterThread: Thread started: S2 1-84
2026-10-06 09:08:57,008 INFO o.a.j.t.JMeterThread: Thread started: S2 1-85
2026-10-06 09:08:57,056 INFO o.a.j.t.JMeterThread: Thread started: S2 1-86
2026-10-06 09:08:57,107 INFO o.a.j.t.JMeterThread: Thread started: S2 1-87
2026-10-06 09:08:57,157 INFO o.a.j.t.JMeterThread: Thread started: S2 1-88
2026-10-06 09:08:57,206 INFO o.a.j.t.JMeterThread: Thread started: S2 1-89
2026-10-06 09:08:57,258 INFO o.a.j.t.JMeterThread: Thread started: S2 1-90
2026-10-06 09:08:57,306 INFO o.a.j.t.JMeterThread: Thread started: S2 1-91
2026-10-06 09:08:57,357 INFO o.a.j.t.JMeterThread: Thread started: S2 1-92
2026-10-06 09:08:57,408 INFO o.a.j.t.JMeterThread: Thread started: S2 1-93
2026-10-06 09:08:57,457 INFO o.a.j.t.JMeterThread: Thread started: S2 1-94
2026-10-06 09:08:57,507 INFO o.a.j.t.JMeterThread: Thread started: S2 1-95
2026-10-06 09:08:57,557 INFO o.a.j.t.JMeterThread: Thread started: S2 1-96
2026-10-06 09:08:57,608 INFO o.a.j.t.JMeterThread: Thread started: S2 1-97
2026-10-06 09:08:57,658 INFO o.a.j.t.JMeterThread: Thread started: S2 1-98
2026-10-06 09:08:57,706 INFO o.a.j.t.JMeterThread: Thread started: S2 1-99
2026-10-06 09:08:57,758 INFO o.a.j.t.JMeterThread: Thread started: S2 1-100
2026-10-06 09:08:57,806 INFO o.a.j.t.JMeterThread: Thread started: S2 1-101
2026-10-06 09:08:57,857 INFO o.a.j.t.JMeterThread: Thread started: S2 1-102
2026-10-06 09:08:57,906 INFO o.a.j.t.JMeterThread: Thread started: S2 1-103
2026-10-06 09:08:57,958 INFO o.a.j.t.JMeterThread: Thread started: S2 1-104
2026-10-06 09:08:58,006 INFO o.a.j.t.JMeterThread: Thread started: S2 1-105
2026-10-06 09:08:58,057 INFO o.a.j.t.JMeterThread: Thread started: S2 1-106
2026-10-06 09:08:58,107 INFO o.a.j.t.JMeterThread: Thread started: S2 1-107
2026-10-06 09:08:58,158 INFO o.a.j.t.JMeterThread: Thread started: S2 1-108
2026-10-06 09:08:58,207 INFO o.a.j.t.JMeterThread: Thread started: S2 1-109
2026-10-06 09:08:58,256 INFO o.a.j.t.JMeterThread: Thread started: S2 1-110
2026-10-06 09:08:58,307 INFO o.a.j.t.JMeterThread: Thread started: S2 1-111
2026-10-06 09:08:58,357 INFO o.a.j.t.JMeterThread: Thread started: S2 1-112
2026-10-06 09:08:58,407 INFO o.a.j.t.JMeterThread: Thread started: S2 1-113
2026-10-06 09:08:58,457 INFO o.a.j.t.JMeterThread: Thread started: S2 1-114
2026-10-06 09:08:58,506 INFO o.a.j.t.JMeterThread: Thread started: S2 1-115
2026-10-06 09:08:58,558 INFO o.a.j.t.JMeterThread: Thread started: S2 1-116
2026-10-06 09:08:58,606 INFO o.a.j.t.JMeterThread: Thread started: S2 1-117
2026-10-06 09:08:58,657 INFO o.a.j.t.JMeterThread: Thread started: S2 1-118
2026-10-06 09:08:58,706 INFO o.a.j.t.JMeterThread: Thread started: S2 1-119
2026-10-06 09:08:58,758 INFO o.a.j.t.JMeterThread: Thread started: S2 1-120
2026-10-06 09:08:58,807 INFO o.a.j.t.JMeterThread: Thread started: S2 1-121
2026-10-06 09:08:58,857 INFO o.a.j.t.JMeterThread: Thread started: S2 1-122
2026-10-06 09:08:58,907 INFO o.a.j.t.JMeterThread: Thread started: S2 1-123
2026-10-06 09:08:58,956 INFO o.a.j.t.JMeterThread: Thread started: S2 1-124
2026-10-06 09:08:59,007 INFO o.a.j.t.JMeterThread: Thread started: S2 1-125
2026-10-06 09:08:59,057 INFO o.a.j.t.JMeterThread: Thread started: S2 1-126
2026-10-06 09:08:59,108 INFO o.a.j.t.JMeterThread: Thread started: S2 1-127
2026-10-06 09:08:59,157 INFO o.a.j.t.JMeterThread: Thread started: S2 1-128
2026-10-06 09:08:59,208 INFO o.a.j.t.JMeterThread: Thread started: S2 1-129
2026-10-06 09:08:59,258 INFO o.a.j.t.JMeterThread: Thread started: S2 1-130
2026-10-06 09:08:59,307 INFO o.a.j.t.JMeterThread: Thread started: S2 1-131
2026-10-06 09:08:59,357 INFO o.a.j.t.JMeterThread: Thread started: S2 1-132
2026-10-06 09:08:59,407 INFO o.a.j.t.JMeterThread: Thread started: S2 1-133
2026-10-06 09:08:59,457 INFO o.a.j.t.JMeterThread: Thread started: S2 1-134
2026-10-06 09:08:59,507 INFO o.a.j.t.JMeterThread: Thread started: S2 1-135
2026-10-06 09:08:59,556 INFO o.a.j.t.JMeterThread: Thread started: S2 1-136
2026-10-06 09:08:59,608 INFO o.a.j.t.JMeterThread: Thread started: S2 1-137
2026-10-06 09:08:59,656 INFO o.a.j.t.JMeterThread: Thread started: S2 1-138
2026-10-06 09:08:59,707 INFO o.a.j.t.JMeterThread: Thread started: S2 1-139
2026-10-06 09:08:59,758 INFO o.a.j.t.JMeterThread: Thread started: S2 1-140
2026-10-06 09:08:59,806 INFO o.a.j.t.JMeterThread: Thread started: S2 1-141
2026-10-06 09:08:59,857 INFO o.a.j.t.JMeterThread: Thread started: S2 1-142
2026-10-06 09:08:59,907 INFO o.a.j.t.JMeterThread: Thread started: S2 1-143
2026-10-06 09:08:59,957 INFO o.a.j.t.JMeterThread: Thread started: S2 1-144
2026-10-06 09:09:00,001 INFO o.a.j.r.Summariser: summary +   7503 in 00:00:08 =  941.5/s Avg:    92 Min:     6 Max:   301 Err:     0 (0.00%) Active: 144 Started: 144 Finished: 0
2026-10-06 09:09:00,008 INFO o.a.j.t.JMeterThread: Thread started: S2 1-145
2026-10-06 09:09:00,057 INFO o.a.j.t.JMeterThread: Thread started: S2 1-146
2026-10-06 09:09:00,107 INFO o.a.j.t.JMeterThread: Thread started: S2 1-147
2026-10-06 09:09:00,158 INFO o.a.j.t.JMeterThread: Thread started: S2 1-148
2026-10-06 09:09:00,206 INFO o.a.j.t.JMeterThread: Thread started: S2 1-149
2026-10-06 09:09:00,258 INFO o.a.j.t.JMeterThread: Thread started: S2 1-150
2026-10-06 09:09:00,308 INFO o.a.j.t.JMeterThread: Thread started: S2 1-151
2026-10-06 09:09:00,357 INFO o.a.j.t.JMeterThread: Thread started: S2 1-152
2026-10-06 09:09:00,408 INFO o.a.j.t.JMeterThread: Thread started: S2 1-153
2026-10-06 09:09:00,457 INFO o.a.j.t.JMeterThread: Thread started: S2 1-154
2026-10-06 09:09:00,508 INFO o.a.j.t.JMeterThread: Thread started: S2 1-155
2026-10-06 09:09:00,558 INFO o.a.j.t.JMeterThread: Thread started: S2 1-156
2026-10-06 09:09:00,607 INFO o.a.j.t.JMeterThread: Thread started: S2 1-157
2026-10-06 09:09:00,657 INFO o.a.j.t.JMeterThread: Thread started: S2 1-158
2026-10-06 09:09:00,707 INFO o.a.j.t.JMeterThread: Thread started: S2 1-159
2026-10-06 09:09:00,757 INFO o.a.j.t.JMeterThread: Thread started: S2 1-160
2026-10-06 09:09:00,806 INFO o.a.j.t.JMeterThread: Thread started: S2 1-161
2026-10-06 09:09:00,858 INFO o.a.j.t.JMeterThread: Thread started: S2 1-162
2026-10-06 09:09:00,906 INFO o.a.j.t.JMeterThread: Thread started: S2 1-163
2026-10-06 09:09:00,957 INFO o.a.j.t.JMeterThread: Thread started: S2 1-164
2026-10-06 09:09:01,007 INFO o.a.j.t.JMeterThread: Thread started: S2 1-165
2026-10-06 09:09:01,056 INFO o.a.j.t.JMeterThread: Thread started: S2 1-166
2026-10-06 09:09:01,107 INFO o.a.j.t.JMeterThread: Thread started: S2 1-167
2026-10-06 09:09:01,157 INFO o.a.j.t.JMeterThread: Thread started: S2 1-168
2026-10-06 09:09:01,207 INFO o.a.j.t.JMeterThread: Thread started: S2 1-169
2026-10-06 09:09:01,257 INFO o.a.j.t.JMeterThread: Thread started: S2 1-170
2026-10-06 09:09:01,307 INFO o.a.j.t.JMeterThread: Thread started: S2 1-171
2026-10-06 09:09:01,357 INFO o.a.j.t.JMeterThread: Thread started: S2 1-172
2026-10-06 09:09:01,406 INFO o.a.j.t.JMeterThread: Thread started: S2 1-173
2026-10-06 09:09:01,456 INFO o.a.j.t.JMeterThread: Thread started: S2 1-174
2026-10-06 09:09:01,507 INFO o.a.j.t.JMeterThread: Thread started: S2 1-175
2026-10-06 09:09:01,556 INFO o.a.j.t.JMeterThread: Thread started: S2 1-176
2026-10-06 09:09:01,607 INFO o.a.j.t.JMeterThread: Thread started: S2 1-177
2026-10-06 09:09:01,657 INFO o.a.j.t.JMeterThread: Thread started: S2 1-178
2026-10-06 09:09:01,706 INFO o.a.j.t.JMeterThread: Thread started: S2 1-179
2026-10-06 09:09:01,757 INFO o.a.j.t.JMeterThread: Thread started: S2 1-180
2026-10-06 09:09:01,806 INFO o.a.j.t.JMeterThread: Thread started: S2 1-181
2026-10-06 09:09:01,856 INFO o.a.j.t.JMeterThread: Thread started: S2 1-182
2026-10-06 09:09:01,907 INFO o.a.j.t.JMeterThread: Thread started: S2 1-183
2026-10-06 09:09:01,957 INFO o.a.j.t.JMeterThread: Thread started: S2 1-184
2026-10-06 09:09:02,007 INFO o.a.j.t.JMeterThread: Thread started: S2 1-185
2026-10-06 09:09:02,056 INFO o.a.j.t.JMeterThread: Thread started: S2 1-186
2026-10-06 09:09:02,107 INFO o.a.j.t.JMeterThread: Thread started: S2 1-187
2026-10-06 09:09:02,157 INFO o.a.j.t.JMeterThread: Thread started: S2 1-188
2026-10-06 09:09:02,207 INFO o.a.j.t.JMeterThread: Thread started: S2 1-189
2026-10-06 09:09:02,257 INFO o.a.j.t.JMeterThread: Thread started: S2 1-190
2026-10-06 09:09:02,307 INFO o.a.j.t.JMeterThread: Thread started: S2 1-191
2026-10-06 09:09:02,357 INFO o.a.j.t.JMeterThread: Thread started: S2 1-192
2026-10-06 09:09:02,406 INFO o.a.j.t.JMeterThread: Thread started: S2 1-193
2026-10-06 09:09:02,458 INFO o.a.j.t.JMeterThread: Thread started: S2 1-194
2026-10-06 09:09:02,507 INFO o.a.j.t.JMeterThread: Thread started: S2 1-195
2026-10-06 09:09:02,557 INFO o.a.j.t.JMeterThread: Thread started: S2 1-196
2026-10-06 09:09:02,606 INFO o.a.j.t.JMeterThread: Thread started: S2 1-197
2026-10-06 09:09:02,657 INFO o.a.j.t.JMeterThread: Thread started: S2 1-198
2026-10-06 09:09:02,708 INFO o.a.j.t.JMeterThread: Thread started: S2 1-199
2026-10-06 09:09:02,757 INFO o.a.j.t.JMeterThread: Thread started: S2 1-200
2026-10-06 09:09:30,000 INFO o.a.j.r.Summariser: summary +  30423 in 00:00:30 = 1014.1/s Avg:   205 Min:   146 Max:   298 Err:     0 (0.00%) Active: 200 Started: 200 Finished: 0
2026-10-06 09:09:30,001 INFO o.a.j.r.Summariser: summary =  37926 in 00:00:38 =  998.9/s Avg:   182 Min:     6 Max:   301 Err:     0 (0.00%)
2026-10-06 09:09:52,812 INFO o.a.j.t.JMeterThread: Stopping because end time detected by thread: S2 1-3
2026-10-06 09:09:52,812 INFO o.a.j.t.JMeterThread: Thread finished: S2 1-3
2026-10-06 09:09:52,819 INFO o.a.j.t.JMeterThread: Stopping because end time detected by thread: S2 1-14
2026-10-06 09:09:52,819 INFO o.a.j.t.JMeterThread: Thread finished: S2 1-14
2026-10-06 09:09:52,821 INFO o.a.j.t.JMeterThread: Stopping because end time detected by thread: S2 1-16
2026-10-06 09:09:52,821 INFO o.a.j.t.JMeterThread: Thread finished: S2 1-16
2026-10-06 09:09:52,825 INFO o.a.j.t.JMeterThread: Stopping because end time detected by thread: S2 1-8
2026-10-06 09:09:52,825 INFO o.a.j.t.JMeterThread: Thread finished: S2 1-8
2026-10-06 09:09:52,830 INFO o.a.j.t.JMeterThread: Stopping because end time detected by thread: S2 1-28
2026-10-06 09:09:52,830 INFO o.a.j.t.JMeterThread: Thread finished: S2 1-28
2026-10-06 09:09:52,839 INFO o.a.j.t.JMeterThread: Stopping because end time detected by thread: S2 1-15
2026-10-06 09:09:52,839 INFO o.a.j.t.JMeterThread: Thread finished: S2 1-15
2026-10-06 09:09:52,843 INFO o.a.j.t.JMeterThread: Stopping because end time detected by thread: S2 1-45
2026-10-06 09:09:52,843 INFO o.a.j.t.JMeterThread: Thread finished: S2 1-45
2026-10-06 09:09:52,847 INFO o.a.j.t.JMeterThread: Stopping because end time detected by thread: S2 1-42
2026-10-06 09:09:52,847 INFO o.a.j.t.JMeterThread: Thread finished: S2 1-42
2026-10-06 09:09:52,849 INFO o.a.j.t.JMeterThread: Stopping because end time detected by thread: S2 1-21
2026-10-06 09:09:52,849 INFO o.a.j.t.JMeterThread: Thread finished: S2 1-21
2026-10-06 09:09:52,850 INFO o.a.j.t.JMeterThread: Stopping because end time detected by thread: S2 1-10
2026-10-06 09:09:52,850 INFO o.a.j.t.JMeterThread: Thread finished: S2 1-10
2026-10-06 09:09:52,853 INFO o.a.j.t.JMeterThread: Stopping because end time detected by thread: S2 1-5
2026-10-06 09:09:52,853 INFO o.a.j.t.JMeterThread: Thread finished: S2 1-5
2026-10-06 09:09:52,858 INFO o.a.j.t.JMeterThread: Stopping because end time detected by thread: S2 1-43
2026-10-06 09:09:52,858 INFO o.a.j.t.JMeterThread: Thread finished: S2 1-43
2026-10-06 09:09:52,864 INFO o.a.j.t.JMeterThread: Stopping because end time detected by thread: S2 1-69
2026-10-06 09:09:52,865 INFO o.a.j.t.JMeterThread: Thread finished: S2 1-69
2026-10-06 09:09:52,866 INFO o.a.j.t.JMeterThread: Stopping because end time detected by thread: S2 1-26
2026-10-06 09:09:52,866 INFO o.a.j.t.JMeterThread: Thread finished: S2 1-26
2026-10-06 09:09:52,866 INFO o.a.j.t.JMeterThread: Stopping because end time detected by thread: S2 1-65
2026-10-06 09:09:52,866 INFO o.a.j.t.JMeterThread: Thread finished: S2 1-65
2026-10-06 09:09:52,870 INFO o.a.j.t.JMeterThread: Stopping because end time detected by thread: S2 1-24
2026-10-06 09:09:52,870 INFO o.a.j.t.JMeterThread: Stopping because end time detected by thread: S2 1-78
2026-10-06 09:09:52,870 INFO o.a.j.t.JMeterThread: Thread finished: S2 1-24
2026-10-06 09:09:52,870 INFO o.a.j.t.JMeterThread: Thread finished: S2 1-78
2026-10-06 09:09:52,871 INFO o.a.j.t.JMeterThread: Stopping because end time detected by thread: S2 1-89
2026-10-06 09:09:52,871 INFO o.a.j.t.JMeterThread: Thread finished: S2 1-89
2026-10-06 09:09:52,874 INFO o.a.j.t.JMeterThread: Stopping because end time detected by thread: S2 1-91
2026-10-06 09:09:52,875 INFO o.a.j.t.JMeterThread: Thread finished: S2 1-91
2026-10-06 09:09:52,877 INFO o.a.j.t.JMeterThread: Stopping because end time detected by thread: S2 1-37
2026-10-06 09:09:52,877 INFO o.a.j.t.JMeterThread: Thread finished: S2 1-37
2026-10-06 09:09:52,879 INFO o.a.j.t.JMeterThread: Stopping because end time detected by thread: S2 1-109
2026-10-06 09:09:52,879 INFO o.a.j.t.JMeterThread: Thread finished: S2 1-109
2026-10-06 09:09:52,880 INFO o.a.j.t.JMeterThread: Stopping because end time detected by thread: S2 1-36
2026-10-06 09:09:52,880 INFO o.a.j.t.JMeterThread: Thread finished: S2 1-36
2026-10-06 09:09:52,882 INFO o.a.j.t.JMeterThread: Stopping because end time detected by thread: S2 1-136
2026-10-06 09:09:52,882 INFO o.a.j.t.JMeterThread: Thread finished: S2 1-136
2026-10-06 09:09:52,885 INFO o.a.j.t.JMeterThread: Stopping because end time detected by thread: S2 1-11
2026-10-06 09:09:52,885 INFO o.a.j.t.JMeterThread: Thread finished: S2 1-11
2026-10-06 09:09:52,885 INFO o.a.j.t.JMeterThread: Stopping because end time detected by thread: S2 1-121
2026-10-06 09:09:52,885 INFO o.a.j.t.JMeterThread: Thread finished: S2 1-121
2026-10-06 09:09:52,886 INFO o.a.j.t.JMeterThread: Stopping because end time detected by thread: S2 1-20
2026-10-06 09:09:52,886 INFO o.a.j.t.JMeterThread: Thread finished: S2 1-20
2026-10-06 09:09:52,887 INFO o.a.j.t.JMeterThread: Stopping because end time detected by thread: S2 1-119
2026-10-06 09:09:52,887 INFO o.a.j.t.JMeterThread: Thread finished: S2 1-119
2026-10-06 09:09:52,889 INFO o.a.j.t.JMeterThread: Stopping because end time detected by thread: S2 1-17
2026-10-06 09:09:52,889 INFO o.a.j.t.JMeterThread: Thread finished: S2 1-17
2026-10-06 09:09:52,890 INFO o.a.j.t.JMeterThread: Stopping because end time detected by thread: S2 1-62
2026-10-06 09:09:52,890 INFO o.a.j.t.JMeterThread: Thread finished: S2 1-62
2026-10-06 09:09:52,891 INFO o.a.j.t.JMeterThread: Stopping because end time detected by thread: S2 1-2
2026-10-06 09:09:52,891 INFO o.a.j.t.JMeterThread: Thread finished: S2 1-2
2026-10-06 09:09:52,892 INFO o.a.j.t.JMeterThread: Stopping because end time detected by thread: S2 1-116
2026-10-06 09:09:52,892 INFO o.a.j.t.JMeterThread: Thread finished: S2 1-116
2026-10-06 09:09:52,894 INFO o.a.j.t.JMeterThread: Stopping because end time detected by thread: S2 1-12
2026-10-06 09:09:52,894 INFO o.a.j.t.JMeterThread: Thread finished: S2 1-12
2026-10-06 09:09:52,895 INFO o.a.j.t.JMeterThread: Stopping because end time detected by thread: S2 1-172
2026-10-06 09:09:52,895 INFO o.a.j.t.JMeterThread: Thread finished: S2 1-172
2026-10-06 09:09:52,895 INFO o.a.j.t.JMeterThread: Stopping because end time detected by thread: S2 1-41
2026-10-06 09:09:52,895 INFO o.a.j.t.JMeterThread: Thread finished: S2 1-41
2026-10-06 09:09:52,896 INFO o.a.j.t.JMeterThread: Stopping because end time detected by thread: S2 1-31
2026-10-06 09:09:52,896 INFO o.a.j.t.JMeterThread: Thread finished: S2 1-31
2026-10-06 09:09:52,897 INFO o.a.j.t.JMeterThread: Stopping because end time detected by thread: S2 1-135
2026-10-06 09:09:52,897 INFO o.a.j.t.JMeterThread: Thread finished: S2 1-135
2026-10-06 09:09:52,899 INFO o.a.j.t.JMeterThread: Stopping because end time detected by thread: S2 1-125
2026-10-06 09:09:52,899 INFO o.a.j.t.JMeterThread: Thread finished: S2 1-125
2026-10-06 09:09:52,900 INFO o.a.j.t.JMeterThread: Stopping because end time detected by thread: S2 1-168
2026-10-06 09:09:52,900 INFO o.a.j.t.JMeterThread: Stopping because end time detected by thread: S2 1-162
2026-10-06 09:09:52,900 INFO o.a.j.t.JMeterThread: Thread finished: S2 1-168
2026-10-06 09:09:52,900 INFO o.a.j.t.JMeterThread: Thread finished: S2 1-162
2026-10-06 09:09:52,903 INFO o.a.j.t.JMeterThread: Stopping because end time detected by thread: S2 1-160
2026-10-06 09:09:52,903 INFO o.a.j.t.JMeterThread: Thread finished: S2 1-160
2026-10-06 09:09:52,904 INFO o.a.j.t.JMeterThread: Stopping because end time detected by thread: S2 1-83
2026-10-06 09:09:52,904 INFO o.a.j.t.JMeterThread: Stopping because end time detected by thread: S2 1-35
2026-10-06 09:09:52,904 INFO o.a.j.t.JMeterThread: Thread finished: S2 1-83
2026-10-06 09:09:52,904 INFO o.a.j.t.JMeterThread: Thread finished: S2 1-35
2026-10-06 09:09:52,906 INFO o.a.j.t.JMeterThread: Stopping because end time detected by thread: S2 1-101
2026-10-06 09:09:52,906 INFO o.a.j.t.JMeterThread: Thread finished: S2 1-101
2026-10-06 09:09:52,907 INFO o.a.j.t.JMeterThread: Stopping because end time detected by thread: S2 1-179
2026-10-06 09:09:52,907 INFO o.a.j.t.JMeterThread: Thread finished: S2 1-179
2026-10-06 09:09:52,908 INFO o.a.j.t.JMeterThread: Stopping because end time detected by thread: S2 1-66
2026-10-06 09:09:52,908 INFO o.a.j.t.JMeterThread: Stopping because end time detected by thread: S2 1-72
2026-10-06 09:09:52,908 INFO o.a.j.t.JMeterThread: Thread finished: S2 1-66
2026-10-06 09:09:52,908 INFO o.a.j.t.JMeterThread: Thread finished: S2 1-72
2026-10-06 09:09:52,909 INFO o.a.j.t.JMeterThread: Stopping because end time detected by thread: S2 1-9
2026-10-06 09:09:52,909 INFO o.a.j.t.JMeterThread: Thread finished: S2 1-9
2026-10-06 09:09:52,911 INFO o.a.j.t.JMeterThread: Stopping because end time detected by thread: S2 1-105
2026-10-06 09:09:52,911 INFO o.a.j.t.JMeterThread: Thread finished: S2 1-105
2026-10-06 09:09:52,912 INFO o.a.j.t.JMeterThread: Stopping because end time detected by thread: S2 1-106
2026-10-06 09:09:52,912 INFO o.a.j.t.JMeterThread: Stopping because end time detected by thread: S2 1-176
2026-10-06 09:09:52,912 INFO o.a.j.t.JMeterThread: Thread finished: S2 1-106
2026-10-06 09:09:52,912 INFO o.a.j.t.JMeterThread: Thread finished: S2 1-176
2026-10-06 09:09:52,913 INFO o.a.j.t.JMeterThread: Stopping because end time detected by thread: S2 1-88
2026-10-06 09:09:52,913 INFO o.a.j.t.JMeterThread: Thread finished: S2 1-88
2026-10-06 09:09:52,914 INFO o.a.j.t.JMeterThread: Stopping because end time detected by thread: S2 1-38
2026-10-06 09:09:52,915 INFO o.a.j.t.JMeterThread: Thread finished: S2 1-38
2026-10-06 09:09:52,915 INFO o.a.j.t.JMeterThread: Stopping because end time detected by thread: S2 1-110
2026-10-06 09:09:52,916 INFO o.a.j.t.JMeterThread: Thread finished: S2 1-110
2026-10-06 09:09:52,917 INFO o.a.j.t.JMeterThread: Stopping because end time detected by thread: S2 1-77
2026-10-06 09:09:52,917 INFO o.a.j.t.JMeterThread: Thread finished: S2 1-77
2026-10-06 09:09:52,918 INFO o.a.j.t.JMeterThread: Stopping because end time detected by thread: S2 1-173
2026-10-06 09:09:52,918 INFO o.a.j.t.JMeterThread: Thread finished: S2 1-173
2026-10-06 09:09:52,918 INFO o.a.j.t.JMeterThread: Stopping because end time detected by thread: S2 1-98
2026-10-06 09:09:52,918 INFO o.a.j.t.JMeterThread: Thread finished: S2 1-98
2026-10-06 09:09:52,919 INFO o.a.j.t.JMeterThread: Stopping because end time detected by thread: S2 1-128
2026-10-06 09:09:52,920 INFO o.a.j.t.JMeterThread: Thread finished: S2 1-128
2026-10-06 09:09:52,921 INFO o.a.j.t.JMeterThread: Stopping because end time detected by thread: S2 1-29
2026-10-06 09:09:52,921 INFO o.a.j.t.JMeterThread: Thread finished: S2 1-29
2026-10-06 09:09:52,922 INFO o.a.j.t.JMeterThread: Stopping because end time detected by thread: S2 1-1
2026-10-06 09:09:52,922 INFO o.a.j.t.JMeterThread: Stopping because end time detected by thread: S2 1-142
2026-10-06 09:09:52,922 INFO o.a.j.t.JMeterThread: Thread finished: S2 1-1
2026-10-06 09:09:52,922 INFO o.a.j.t.JMeterThread: Thread finished: S2 1-142
2026-10-06 09:09:52,923 INFO o.a.j.t.JMeterThread: Stopping because end time detected by thread: S2 1-177
2026-10-06 09:09:52,923 INFO o.a.j.t.JMeterThread: Thread finished: S2 1-177
2026-10-06 09:09:52,925 INFO o.a.j.t.JMeterThread: Stopping because end time detected by thread: S2 1-138
2026-10-06 09:09:52,925 INFO o.a.j.t.JMeterThread: Thread finished: S2 1-138
2026-10-06 09:09:52,926 INFO o.a.j.t.JMeterThread: Stopping because end time detected by thread: S2 1-148
2026-10-06 09:09:52,926 INFO o.a.j.t.JMeterThread: Stopping because end time detected by thread: S2 1-63
2026-10-06 09:09:52,926 INFO o.a.j.t.JMeterThread: Thread finished: S2 1-148
2026-10-06 09:09:52,926 INFO o.a.j.t.JMeterThread: Thread finished: S2 1-63
2026-10-06 09:09:52,927 INFO o.a.j.t.JMeterThread: Stopping because end time detected by thread: S2 1-156
2026-10-06 09:09:52,927 INFO o.a.j.t.JMeterThread: Thread finished: S2 1-156
2026-10-06 09:09:52,928 INFO o.a.j.t.JMeterThread: Stopping because end time detected by thread: S2 1-143
2026-10-06 09:09:52,928 INFO o.a.j.t.JMeterThread: Thread finished: S2 1-143
2026-10-06 09:09:52,930 INFO o.a.j.t.JMeterThread: Stopping because end time detected by thread: S2 1-131
2026-10-06 09:09:52,930 INFO o.a.j.t.JMeterThread: Stopping because end time detected by thread: S2 1-7
2026-10-06 09:09:52,930 INFO o.a.j.t.JMeterThread: Thread finished: S2 1-131
2026-10-06 09:09:52,930 INFO o.a.j.t.JMeterThread: Thread finished: S2 1-7
2026-10-06 09:09:52,931 INFO o.a.j.t.JMeterThread: Stopping because end time detected by thread: S2 1-30
2026-10-06 09:09:52,931 INFO o.a.j.t.JMeterThread: Thread finished: S2 1-30
2026-10-06 09:09:52,932 INFO o.a.j.t.JMeterThread: Stopping because end time detected by thread: S2 1-61
2026-10-06 09:09:52,932 INFO o.a.j.t.JMeterThread: Thread finished: S2 1-61
2026-10-06 09:09:52,933 INFO o.a.j.t.JMeterThread: Stopping because end time detected by thread: S2 1-169
2026-10-06 09:09:52,933 INFO o.a.j.t.JMeterThread: Stopping because end time detected by thread: S2 1-48
2026-10-06 09:09:52,933 INFO o.a.j.t.JMeterThread: Thread finished: S2 1-169
2026-10-06 09:09:52,933 INFO o.a.j.t.JMeterThread: Thread finished: S2 1-48
2026-10-06 09:09:52,935 INFO o.a.j.t.JMeterThread: Stopping because end time detected by thread: S2 1-134
2026-10-06 09:09:52,935 INFO o.a.j.t.JMeterThread: Thread finished: S2 1-134
2026-10-06 09:09:52,936 INFO o.a.j.t.JMeterThread: Stopping because end time detected by thread: S2 1-198
2026-10-06 09:09:52,936 INFO o.a.j.t.JMeterThread: Thread finished: S2 1-198
2026-10-06 09:09:52,937 INFO o.a.j.t.JMeterThread: Stopping because end time detected by thread: S2 1-108
2026-10-06 09:09:52,937 INFO o.a.j.t.JMeterThread: Stopping because end time detected by thread: S2 1-64
2026-10-06 09:09:52,937 INFO o.a.j.t.JMeterThread: Thread finished: S2 1-108
2026-10-06 09:09:52,937 INFO o.a.j.t.JMeterThread: Thread finished: S2 1-64
2026-10-06 09:09:52,938 INFO o.a.j.t.JMeterThread: Stopping because end time detected by thread: S2 1-71
2026-10-06 09:09:52,938 INFO o.a.j.t.JMeterThread: Thread finished: S2 1-71
2026-10-06 09:09:52,939 INFO o.a.j.t.JMeterThread: Stopping because end time detected by thread: S2 1-196
2026-10-06 09:09:52,940 INFO o.a.j.t.JMeterThread: Thread finished: S2 1-196
2026-10-06 09:09:52,941 INFO o.a.j.t.JMeterThread: Stopping because end time detected by thread: S2 1-95
2026-10-06 09:09:52,941 INFO o.a.j.t.JMeterThread: Stopping because end time detected by thread: S2 1-60
2026-10-06 09:09:52,941 INFO o.a.j.t.JMeterThread: Thread finished: S2 1-95
2026-10-06 09:09:52,941 INFO o.a.j.t.JMeterThread: Thread finished: S2 1-60
2026-10-06 09:09:52,942 INFO o.a.j.t.JMeterThread: Stopping because end time detected by thread: S2 1-180
2026-10-06 09:09:52,942 INFO o.a.j.t.JMeterThread: Thread finished: S2 1-180
2026-10-06 09:09:52,943 INFO o.a.j.t.JMeterThread: Stopping because end time detected by thread: S2 1-188
2026-10-06 09:09:52,943 INFO o.a.j.t.JMeterThread: Thread finished: S2 1-188
2026-10-06 09:09:52,944 INFO o.a.j.t.JMeterThread: Stopping because end time detected by thread: S2 1-46
2026-10-06 09:09:52,944 INFO o.a.j.t.JMeterThread: Stopping because end time detected by thread: S2 1-34
2026-10-06 09:09:52,945 INFO o.a.j.t.JMeterThread: Thread finished: S2 1-46
2026-10-06 09:09:52,945 INFO o.a.j.t.JMeterThread: Thread finished: S2 1-34
2026-10-06 09:09:52,946 INFO o.a.j.t.JMeterThread: Stopping because end time detected by thread: S2 1-178
2026-10-06 09:09:52,946 INFO o.a.j.t.JMeterThread: Thread finished: S2 1-178
2026-10-06 09:09:52,947 INFO o.a.j.t.JMeterThread: Stopping because end time detected by thread: S2 1-54
2026-10-06 09:09:52,947 INFO o.a.j.t.JMeterThread: Thread finished: S2 1-54
2026-10-06 09:09:52,948 INFO o.a.j.t.JMeterThread: Stopping because end time detected by thread: S2 1-194
2026-10-06 09:09:52,948 INFO o.a.j.t.JMeterThread: Stopping because end time detected by thread: S2 1-132
2026-10-06 09:09:52,948 INFO o.a.j.t.JMeterThread: Thread finished: S2 1-194
2026-10-06 09:09:52,948 INFO o.a.j.t.JMeterThread: Thread finished: S2 1-132
2026-10-06 09:09:52,950 INFO o.a.j.t.JMeterThread: Stopping because end time detected by thread: S2 1-151
2026-10-06 09:09:52,950 INFO o.a.j.t.JMeterThread: Thread finished: S2 1-151
2026-10-06 09:09:52,951 INFO o.a.j.t.JMeterThread: Stopping because end time detected by thread: S2 1-111
2026-10-06 09:09:52,951 INFO o.a.j.t.JMeterThread: Thread finished: S2 1-111
2026-10-06 09:09:52,952 INFO o.a.j.t.JMeterThread: Stopping because end time detected by thread: S2 1-27
2026-10-06 09:09:52,952 INFO o.a.j.t.JMeterThread: Stopping because end time detected by thread: S2 1-186
2026-10-06 09:09:52,952 INFO o.a.j.t.JMeterThread: Thread finished: S2 1-186
2026-10-06 09:09:52,952 INFO o.a.j.t.JMeterThread: Thread finished: S2 1-27
2026-10-06 09:09:52,954 INFO o.a.j.t.JMeterThread: Stopping because end time detected by thread: S2 1-53
2026-10-06 09:09:52,954 INFO o.a.j.t.JMeterThread: Thread finished: S2 1-53
2026-10-06 09:09:52,955 INFO o.a.j.t.JMeterThread: Stopping because end time detected by thread: S2 1-56
2026-10-06 09:09:52,955 INFO o.a.j.t.JMeterThread: Thread finished: S2 1-56
2026-10-06 09:09:52,956 INFO o.a.j.t.JMeterThread: Stopping because end time detected by thread: S2 1-197
2026-10-06 09:09:52,956 INFO o.a.j.t.JMeterThread: Stopping because end time detected by thread: S2 1-155
2026-10-06 09:09:52,956 INFO o.a.j.t.JMeterThread: Thread finished: S2 1-197
2026-10-06 09:09:52,956 INFO o.a.j.t.JMeterThread: Thread finished: S2 1-155
2026-10-06 09:09:52,957 INFO o.a.j.t.JMeterThread: Stopping because end time detected by thread: S2 1-189
2026-10-06 09:09:52,957 INFO o.a.j.t.JMeterThread: Thread finished: S2 1-189
2026-10-06 09:09:52,958 INFO o.a.j.t.JMeterThread: Stopping because end time detected by thread: S2 1-193
2026-10-06 09:09:52,959 INFO o.a.j.t.JMeterThread: Thread finished: S2 1-193
2026-10-06 09:09:52,960 INFO o.a.j.t.JMeterThread: Stopping because end time detected by thread: S2 1-40
2026-10-06 09:09:52,960 INFO o.a.j.t.JMeterThread: Stopping because end time detected by thread: S2 1-192
2026-10-06 09:09:52,960 INFO o.a.j.t.JMeterThread: Thread finished: S2 1-40
2026-10-06 09:09:52,960 INFO o.a.j.t.JMeterThread: Thread finished: S2 1-192
2026-10-06 09:09:52,961 INFO o.a.j.t.JMeterThread: Stopping because end time detected by thread: S2 1-75
2026-10-06 09:09:52,961 INFO o.a.j.t.JMeterThread: Thread finished: S2 1-75
2026-10-06 09:09:52,962 INFO o.a.j.t.JMeterThread: Stopping because end time detected by thread: S2 1-117
2026-10-06 09:09:52,962 INFO o.a.j.t.JMeterThread: Thread finished: S2 1-117
2026-10-06 09:09:52,963 INFO o.a.j.t.JMeterThread: Stopping because end time detected by thread: S2 1-94
2026-10-06 09:09:52,963 INFO o.a.j.t.JMeterThread: Thread finished: S2 1-94
2026-10-06 09:09:52,963 INFO o.a.j.t.JMeterThread: Stopping because end time detected by thread: S2 1-145
2026-10-06 09:09:52,963 INFO o.a.j.t.JMeterThread: Thread finished: S2 1-145
2026-10-06 09:09:52,965 INFO o.a.j.t.JMeterThread: Stopping because end time detected by thread: S2 1-50
2026-10-06 09:09:52,965 INFO o.a.j.t.JMeterThread: Thread finished: S2 1-50
2026-10-06 09:09:52,966 INFO o.a.j.t.JMeterThread: Stopping because end time detected by thread: S2 1-59
2026-10-06 09:09:52,966 INFO o.a.j.t.JMeterThread: Thread finished: S2 1-59
2026-10-06 09:09:52,967 INFO o.a.j.t.JMeterThread: Stopping because end time detected by thread: S2 1-52
2026-10-06 09:09:52,967 INFO o.a.j.t.JMeterThread: Stopping because end time detected by thread: S2 1-133
2026-10-06 09:09:52,967 INFO o.a.j.t.JMeterThread: Thread finished: S2 1-52
2026-10-06 09:09:52,967 INFO o.a.j.t.JMeterThread: Thread finished: S2 1-133
2026-10-06 09:09:52,969 INFO o.a.j.t.JMeterThread: Stopping because end time detected by thread: S2 1-185
2026-10-06 09:09:52,969 INFO o.a.j.t.JMeterThread: Thread finished: S2 1-185
2026-10-06 09:09:52,970 INFO o.a.j.t.JMeterThread: Stopping because end time detected by thread: S2 1-158
2026-10-06 09:09:52,970 INFO o.a.j.t.JMeterThread: Thread finished: S2 1-158
2026-10-06 09:09:52,972 INFO o.a.j.t.JMeterThread: Stopping because end time detected by thread: S2 1-73
2026-10-06 09:09:52,972 INFO o.a.j.t.JMeterThread: Stopping because end time detected by thread: S2 1-44
2026-10-06 09:09:52,972 INFO o.a.j.t.JMeterThread: Thread finished: S2 1-73
2026-10-06 09:09:52,972 INFO o.a.j.t.JMeterThread: Thread finished: S2 1-44
2026-10-06 09:09:52,973 INFO o.a.j.t.JMeterThread: Stopping because end time detected by thread: S2 1-190
2026-10-06 09:09:52,973 INFO o.a.j.t.JMeterThread: Thread finished: S2 1-190
2026-10-06 09:09:52,975 INFO o.a.j.t.JMeterThread: Stopping because end time detected by thread: S2 1-130
2026-10-06 09:09:52,975 INFO o.a.j.t.JMeterThread: Thread finished: S2 1-130
2026-10-06 09:09:52,976 INFO o.a.j.t.JMeterThread: Stopping because end time detected by thread: S2 1-146
2026-10-06 09:09:52,976 INFO o.a.j.t.JMeterThread: Stopping because end time detected by thread: S2 1-107
2026-10-06 09:09:52,976 INFO o.a.j.t.JMeterThread: Thread finished: S2 1-146
2026-10-06 09:09:52,976 INFO o.a.j.t.JMeterThread: Thread finished: S2 1-107
2026-10-06 09:09:52,977 INFO o.a.j.t.JMeterThread: Stopping because end time detected by thread: S2 1-22
2026-10-06 09:09:52,977 INFO o.a.j.t.JMeterThread: Thread finished: S2 1-22
2026-10-06 09:09:52,978 INFO o.a.j.t.JMeterThread: Stopping because end time detected by thread: S2 1-23
2026-10-06 09:09:52,978 INFO o.a.j.t.JMeterThread: Thread finished: S2 1-23
2026-10-06 09:09:52,980 INFO o.a.j.t.JMeterThread: Stopping because end time detected by thread: S2 1-57
2026-10-06 09:09:52,980 INFO o.a.j.t.JMeterThread: Stopping because end time detected by thread: S2 1-118
2026-10-06 09:09:52,980 INFO o.a.j.t.JMeterThread: Thread finished: S2 1-57
2026-10-06 09:09:52,980 INFO o.a.j.t.JMeterThread: Thread finished: S2 1-118
2026-10-06 09:09:52,981 INFO o.a.j.t.JMeterThread: Stopping because end time detected by thread: S2 1-174
2026-10-06 09:09:52,981 INFO o.a.j.t.JMeterThread: Thread finished: S2 1-174
2026-10-06 09:09:52,982 INFO o.a.j.t.JMeterThread: Stopping because end time detected by thread: S2 1-87
2026-10-06 09:09:52,982 INFO o.a.j.t.JMeterThread: Thread finished: S2 1-87
2026-10-06 09:09:52,983 INFO o.a.j.t.JMeterThread: Stopping because end time detected by thread: S2 1-96
2026-10-06 09:09:52,983 INFO o.a.j.t.JMeterThread: Stopping because end time detected by thread: S2 1-81
2026-10-06 09:09:52,983 INFO o.a.j.t.JMeterThread: Thread finished: S2 1-96
2026-10-06 09:09:52,983 INFO o.a.j.t.JMeterThread: Thread finished: S2 1-81
2026-10-06 09:09:52,984 INFO o.a.j.t.JMeterThread: Stopping because end time detected by thread: S2 1-183
2026-10-06 09:09:52,984 INFO o.a.j.t.JMeterThread: Thread finished: S2 1-183
2026-10-06 09:09:52,986 INFO o.a.j.t.JMeterThread: Stopping because end time detected by thread: S2 1-39
2026-10-06 09:09:52,986 INFO o.a.j.t.JMeterThread: Thread finished: S2 1-39
2026-10-06 09:09:52,987 INFO o.a.j.t.JMeterThread: Stopping because end time detected by thread: S2 1-32
2026-10-06 09:09:52,987 INFO o.a.j.t.JMeterThread: Stopping because end time detected by thread: S2 1-51
2026-10-06 09:09:52,987 INFO o.a.j.t.JMeterThread: Thread finished: S2 1-32
2026-10-06 09:09:52,987 INFO o.a.j.t.JMeterThread: Thread finished: S2 1-51
2026-10-06 09:09:52,988 INFO o.a.j.t.JMeterThread: Stopping because end time detected by thread: S2 1-187
2026-10-06 09:09:52,988 INFO o.a.j.t.JMeterThread: Thread finished: S2 1-187
2026-10-06 09:09:52,989 INFO o.a.j.t.JMeterThread: Stopping because end time detected by thread: S2 1-120
2026-10-06 09:09:52,989 INFO o.a.j.t.JMeterThread: Thread finished: S2 1-120
2026-10-06 09:09:52,991 INFO o.a.j.t.JMeterThread: Stopping because end time detected by thread: S2 1-92
2026-10-06 09:09:52,991 INFO o.a.j.t.JMeterThread: Thread finished: S2 1-92
2026-10-06 09:09:52,992 INFO o.a.j.t.JMeterThread: Stopping because end time detected by thread: S2 1-115
2026-10-06 09:09:52,992 INFO o.a.j.t.JMeterThread: Stopping because end time detected by thread: S2 1-159
2026-10-06 09:09:52,992 INFO o.a.j.t.JMeterThread: Thread finished: S2 1-115
2026-10-06 09:09:52,992 INFO o.a.j.t.JMeterThread: Thread finished: S2 1-159
2026-10-06 09:09:52,994 INFO o.a.j.t.JMeterThread: Stopping because end time detected by thread: S2 1-84
2026-10-06 09:09:52,994 INFO o.a.j.t.JMeterThread: Thread finished: S2 1-84
2026-10-06 09:09:52,995 INFO o.a.j.t.JMeterThread: Stopping because end time detected by thread: S2 1-141
2026-10-06 09:09:52,995 INFO o.a.j.t.JMeterThread: Thread finished: S2 1-141
2026-10-06 09:09:52,996 INFO o.a.j.t.JMeterThread: Stopping because end time detected by thread: S2 1-6
2026-10-06 09:09:52,996 INFO o.a.j.t.JMeterThread: Thread finished: S2 1-6
2026-10-06 09:09:52,996 INFO o.a.j.t.JMeterThread: Stopping because end time detected by thread: S2 1-112
2026-10-06 09:09:52,996 INFO o.a.j.t.JMeterThread: Thread finished: S2 1-112
2026-10-06 09:09:52,998 INFO o.a.j.t.JMeterThread: Stopping because end time detected by thread: S2 1-164
2026-10-06 09:09:52,998 INFO o.a.j.t.JMeterThread: Thread finished: S2 1-164
2026-10-06 09:09:52,999 INFO o.a.j.t.JMeterThread: Stopping because end time detected by thread: S2 1-18
2026-10-06 09:09:52,999 INFO o.a.j.t.JMeterThread: Thread finished: S2 1-18
2026-10-06 09:09:53,000 INFO o.a.j.t.JMeterThread: Stopping because end time detected by thread: S2 1-4
2026-10-06 09:09:53,000 INFO o.a.j.t.JMeterThread: Stopping because end time detected by thread: S2 1-86
2026-10-06 09:09:53,000 INFO o.a.j.t.JMeterThread: Thread finished: S2 1-4
2026-10-06 09:09:53,000 INFO o.a.j.t.JMeterThread: Thread finished: S2 1-86
2026-10-06 09:09:53,001 INFO o.a.j.t.JMeterThread: Stopping because end time detected by thread: S2 1-139
2026-10-06 09:09:53,001 INFO o.a.j.t.JMeterThread: Thread finished: S2 1-139
2026-10-06 09:09:53,003 INFO o.a.j.t.JMeterThread: Stopping because end time detected by thread: S2 1-49
2026-10-06 09:09:53,003 INFO o.a.j.t.JMeterThread: Thread finished: S2 1-49
2026-10-06 09:09:53,004 INFO o.a.j.t.JMeterThread: Stopping because end time detected by thread: S2 1-33
2026-10-06 09:09:53,004 INFO o.a.j.t.JMeterThread: Stopping because end time detected by thread: S2 1-68
2026-10-06 09:09:53,004 INFO o.a.j.t.JMeterThread: Thread finished: S2 1-33
2026-10-06 09:09:53,004 INFO o.a.j.t.JMeterThread: Thread finished: S2 1-68
2026-10-06 09:09:53,005 INFO o.a.j.t.JMeterThread: Stopping because end time detected by thread: S2 1-104
2026-10-06 09:09:53,005 INFO o.a.j.t.JMeterThread: Thread finished: S2 1-104
2026-10-06 09:09:53,006 INFO o.a.j.t.JMeterThread: Stopping because end time detected by thread: S2 1-154
2026-10-06 09:09:53,006 INFO o.a.j.t.JMeterThread: Thread finished: S2 1-154
2026-10-06 09:09:53,008 INFO o.a.j.t.JMeterThread: Stopping because end time detected by thread: S2 1-47
2026-10-06 09:09:53,008 INFO o.a.j.t.JMeterThread: Stopping because end time detected by thread: S2 1-58
2026-10-06 09:09:53,008 INFO o.a.j.t.JMeterThread: Thread finished: S2 1-47
2026-10-06 09:09:53,008 INFO o.a.j.t.JMeterThread: Thread finished: S2 1-58
2026-10-06 09:09:53,009 INFO o.a.j.t.JMeterThread: Stopping because end time detected by thread: S2 1-144
2026-10-06 09:09:53,009 INFO o.a.j.t.JMeterThread: Thread finished: S2 1-144
2026-10-06 09:09:53,010 INFO o.a.j.t.JMeterThread: Stopping because end time detected by thread: S2 1-99
2026-10-06 09:09:53,010 INFO o.a.j.t.JMeterThread: Thread finished: S2 1-99
2026-10-06 09:09:53,011 INFO o.a.j.t.JMeterThread: Stopping because end time detected by thread: S2 1-140
2026-10-06 09:09:53,011 INFO o.a.j.t.JMeterThread: Stopping because end time detected by thread: S2 1-175
2026-10-06 09:09:53,011 INFO o.a.j.t.JMeterThread: Thread finished: S2 1-140
2026-10-06 09:09:53,011 INFO o.a.j.t.JMeterThread: Thread finished: S2 1-175
2026-10-06 09:09:53,013 INFO o.a.j.t.JMeterThread: Stopping because end time detected by thread: S2 1-13
2026-10-06 09:09:53,013 INFO o.a.j.t.JMeterThread: Thread finished: S2 1-13
2026-10-06 09:09:53,014 INFO o.a.j.t.JMeterThread: Stopping because end time detected by thread: S2 1-123
2026-10-06 09:09:53,014 INFO o.a.j.t.JMeterThread: Thread finished: S2 1-123
2026-10-06 09:09:53,015 INFO o.a.j.t.JMeterThread: Stopping because end time detected by thread: S2 1-19
2026-10-06 09:09:53,015 INFO o.a.j.t.JMeterThread: Stopping because end time detected by thread: S2 1-55
2026-10-06 09:09:53,016 INFO o.a.j.t.JMeterThread: Thread finished: S2 1-19
2026-10-06 09:09:53,016 INFO o.a.j.t.JMeterThread: Thread finished: S2 1-55
2026-10-06 09:09:53,017 INFO o.a.j.t.JMeterThread: Stopping because end time detected by thread: S2 1-85
2026-10-06 09:09:53,017 INFO o.a.j.t.JMeterThread: Thread finished: S2 1-85
2026-10-06 09:09:53,018 INFO o.a.j.t.JMeterThread: Stopping because end time detected by thread: S2 1-74
2026-10-06 09:09:53,019 INFO o.a.j.t.JMeterThread: Thread finished: S2 1-74
2026-10-06 09:09:53,020 INFO o.a.j.t.JMeterThread: Stopping because end time detected by thread: S2 1-79
2026-10-06 09:09:53,020 INFO o.a.j.t.JMeterThread: Stopping because end time detected by thread: S2 1-150
2026-10-06 09:09:53,020 INFO o.a.j.t.JMeterThread: Thread finished: S2 1-79
2026-10-06 09:09:53,020 INFO o.a.j.t.JMeterThread: Thread finished: S2 1-150
2026-10-06 09:09:53,021 INFO o.a.j.t.JMeterThread: Stopping because end time detected by thread: S2 1-90
2026-10-06 09:09:53,021 INFO o.a.j.t.JMeterThread: Thread finished: S2 1-90
2026-10-06 09:09:53,023 INFO o.a.j.t.JMeterThread: Stopping because end time detected by thread: S2 1-25
2026-10-06 09:09:53,023 INFO o.a.j.t.JMeterThread: Thread finished: S2 1-25
2026-10-06 09:09:53,024 INFO o.a.j.t.JMeterThread: Stopping because end time detected by thread: S2 1-97
2026-10-06 09:09:53,024 INFO o.a.j.t.JMeterThread: Stopping because end time detected by thread: S2 1-149
2026-10-06 09:09:53,024 INFO o.a.j.t.JMeterThread: Thread finished: S2 1-97
2026-10-06 09:09:53,024 INFO o.a.j.t.JMeterThread: Thread finished: S2 1-149
2026-10-06 09:09:53,025 INFO o.a.j.t.JMeterThread: Stopping because end time detected by thread: S2 1-161
2026-10-06 09:09:53,025 INFO o.a.j.t.JMeterThread: Thread finished: S2 1-161
2026-10-06 09:09:53,026 INFO o.a.j.t.JMeterThread: Stopping because end time detected by thread: S2 1-122
2026-10-06 09:09:53,026 INFO o.a.j.t.JMeterThread: Thread finished: S2 1-122
2026-10-06 09:09:53,027 INFO o.a.j.t.JMeterThread: Stopping because end time detected by thread: S2 1-67
2026-10-06 09:09:53,027 INFO o.a.j.t.JMeterThread: Stopping because end time detected by thread: S2 1-181
2026-10-06 09:09:53,028 INFO o.a.j.t.JMeterThread: Thread finished: S2 1-67
2026-10-06 09:09:53,028 INFO o.a.j.t.JMeterThread: Thread finished: S2 1-181
2026-10-06 09:09:53,029 INFO o.a.j.t.JMeterThread: Stopping because end time detected by thread: S2 1-70
2026-10-06 09:09:53,029 INFO o.a.j.t.JMeterThread: Thread finished: S2 1-70
2026-10-06 09:09:53,030 INFO o.a.j.t.JMeterThread: Stopping because end time detected by thread: S2 1-166
2026-10-06 09:09:53,030 INFO o.a.j.t.JMeterThread: Thread finished: S2 1-166
2026-10-06 09:09:53,031 INFO o.a.j.t.JMeterThread: Stopping because end time detected by thread: S2 1-152
2026-10-06 09:09:53,031 INFO o.a.j.t.JMeterThread: Stopping because end time detected by thread: S2 1-200
2026-10-06 09:09:53,031 INFO o.a.j.t.JMeterThread: Thread finished: S2 1-152
2026-10-06 09:09:53,031 INFO o.a.j.t.JMeterThread: Thread finished: S2 1-200
2026-10-06 09:09:53,033 INFO o.a.j.t.JMeterThread: Stopping because end time detected by thread: S2 1-127
2026-10-06 09:09:53,033 INFO o.a.j.t.JMeterThread: Thread finished: S2 1-127
2026-10-06 09:09:53,034 INFO o.a.j.t.JMeterThread: Stopping because end time detected by thread: S2 1-76
2026-10-06 09:09:53,034 INFO o.a.j.t.JMeterThread: Thread finished: S2 1-76
2026-10-06 09:09:53,036 INFO o.a.j.t.JMeterThread: Stopping because end time detected by thread: S2 1-124
2026-10-06 09:09:53,036 INFO o.a.j.t.JMeterThread: Stopping because end time detected by thread: S2 1-82
2026-10-06 09:09:53,036 INFO o.a.j.t.JMeterThread: Thread finished: S2 1-124
2026-10-06 09:09:53,036 INFO o.a.j.t.JMeterThread: Thread finished: S2 1-82
2026-10-06 09:09:53,037 INFO o.a.j.t.JMeterThread: Stopping because end time detected by thread: S2 1-80
2026-10-06 09:09:53,037 INFO o.a.j.t.JMeterThread: Thread finished: S2 1-80
2026-10-06 09:09:53,039 INFO o.a.j.t.JMeterThread: Stopping because end time detected by thread: S2 1-100
2026-10-06 09:09:53,039 INFO o.a.j.t.JMeterThread: Thread finished: S2 1-100
2026-10-06 09:09:53,040 INFO o.a.j.t.JMeterThread: Stopping because end time detected by thread: S2 1-126
2026-10-06 09:09:53,040 INFO o.a.j.t.JMeterThread: Stopping because end time detected by thread: S2 1-184
2026-10-06 09:09:53,040 INFO o.a.j.t.JMeterThread: Thread finished: S2 1-126
2026-10-06 09:09:53,040 INFO o.a.j.t.JMeterThread: Thread finished: S2 1-184
2026-10-06 09:09:53,042 INFO o.a.j.t.JMeterThread: Stopping because end time detected by thread: S2 1-103
2026-10-06 09:09:53,042 INFO o.a.j.t.JMeterThread: Thread finished: S2 1-103
2026-10-06 09:09:53,043 INFO o.a.j.t.JMeterThread: Stopping because end time detected by thread: S2 1-93
2026-10-06 09:09:53,043 INFO o.a.j.t.JMeterThread: Thread finished: S2 1-93
2026-10-06 09:09:53,045 INFO o.a.j.t.JMeterThread: Stopping because end time detected by thread: S2 1-129
2026-10-06 09:09:53,045 INFO o.a.j.t.JMeterThread: Stopping because end time detected by thread: S2 1-102
2026-10-06 09:09:53,045 INFO o.a.j.t.JMeterThread: Thread finished: S2 1-129
2026-10-06 09:09:53,045 INFO o.a.j.t.JMeterThread: Thread finished: S2 1-102
2026-10-06 09:09:53,046 INFO o.a.j.t.JMeterThread: Stopping because end time detected by thread: S2 1-137
2026-10-06 09:09:53,046 INFO o.a.j.t.JMeterThread: Thread finished: S2 1-137
2026-10-06 09:09:53,048 INFO o.a.j.t.JMeterThread: Stopping because end time detected by thread: S2 1-147
2026-10-06 09:09:53,048 INFO o.a.j.t.JMeterThread: Thread finished: S2 1-147
2026-10-06 09:09:53,049 INFO o.a.j.t.JMeterThread: Stopping because end time detected by thread: S2 1-167
2026-10-06 09:09:53,049 INFO o.a.j.t.JMeterThread: Stopping because end time detected by thread: S2 1-113
2026-10-06 09:09:53,050 INFO o.a.j.t.JMeterThread: Thread finished: S2 1-167
2026-10-06 09:09:53,050 INFO o.a.j.t.JMeterThread: Thread finished: S2 1-113
2026-10-06 09:09:53,051 INFO o.a.j.t.JMeterThread: Stopping because end time detected by thread: S2 1-114
2026-10-06 09:09:53,051 INFO o.a.j.t.JMeterThread: Thread finished: S2 1-114
2026-10-06 09:09:53,053 INFO o.a.j.t.JMeterThread: Stopping because end time detected by thread: S2 1-157
2026-10-06 09:09:53,053 INFO o.a.j.t.JMeterThread: Thread finished: S2 1-157
2026-10-06 09:09:53,055 INFO o.a.j.t.JMeterThread: Stopping because end time detected by thread: S2 1-182
2026-10-06 09:09:53,055 INFO o.a.j.t.JMeterThread: Thread finished: S2 1-182
2026-10-06 09:09:53,056 INFO o.a.j.t.JMeterThread: Stopping because end time detected by thread: S2 1-153
2026-10-06 09:09:53,056 INFO o.a.j.t.JMeterThread: Thread finished: S2 1-153
2026-10-06 09:09:53,057 INFO o.a.j.t.JMeterThread: Stopping because end time detected by thread: S2 1-165
2026-10-06 09:09:53,057 INFO o.a.j.t.JMeterThread: Thread finished: S2 1-165
2026-10-06 09:09:53,059 INFO o.a.j.t.JMeterThread: Stopping because end time detected by thread: S2 1-163
2026-10-06 09:09:53,059 INFO o.a.j.t.JMeterThread: Thread finished: S2 1-163
2026-10-06 09:09:53,060 INFO o.a.j.t.JMeterThread: Stopping because end time detected by thread: S2 1-170
2026-10-06 09:09:53,060 INFO o.a.j.t.JMeterThread: Thread finished: S2 1-170
2026-10-06 09:09:53,063 INFO o.a.j.t.JMeterThread: Stopping because end time detected by thread: S2 1-191
2026-10-06 09:09:53,063 INFO o.a.j.t.JMeterThread: Thread finished: S2 1-191
2026-10-06 09:09:53,064 INFO o.a.j.t.JMeterThread: Stopping because end time detected by thread: S2 1-171
2026-10-06 09:09:53,064 INFO o.a.j.t.JMeterThread: Thread finished: S2 1-171
2026-10-06 09:09:53,066 INFO o.a.j.t.JMeterThread: Stopping because end time detected by thread: S2 1-199
2026-10-06 09:09:53,066 INFO o.a.j.t.JMeterThread: Thread finished: S2 1-199
2026-10-06 09:09:53,070 INFO o.a.j.t.JMeterThread: Stopping because end time detected by thread: S2 1-195
2026-10-06 09:09:53,070 INFO o.a.j.t.JMeterThread: Thread finished: S2 1-195
2026-10-06 09:09:53,070 INFO o.a.j.e.StandardJMeterEngine: Notifying test listeners of end of test
2026-10-06 09:09:53,070 INFO o.a.j.s.FileServer: Close: /tests/data/available_menu_items.csv
2026-10-06 09:09:53,073 INFO o.a.j.r.Summariser: summary +  22481 in 00:00:23 =  974.3/s Avg:   205 Min:   168 Max:   278 Err:     0 (0.00%) Active: 0 Started: 200 Finished: 200
2026-10-06 09:09:53,073 INFO o.a.j.r.Summariser: summary =  60407 in 00:01:01 =  989.6/s Avg:   191 Min:     6 Max:   301 Err:     0 (0.00%)
