2026-10-01 19:49:31,015 INFO o.a.j.u.JMeterUtils: Setting Locale to en_EN
2026-10-01 19:49:31,041 INFO o.a.j.JMeter: Loading user properties from: /opt/jmeter/bin/user.properties
2026-10-01 19:49:31,041 INFO o.a.j.JMeter: Loading system properties from: /opt/jmeter/bin/system.properties
2026-10-01 19:49:31,042 INFO o.a.j.JMeter: Loading additional properties from: /tests/run.properties
2026-10-01 19:49:31,042 INFO o.a.j.JMeter: Loading additional properties from: /tests/data/ranges.properties
2026-10-01 19:49:31,042 INFO o.a.j.JMeter: Setting JMeter property: host=nestjs-nginx
2026-10-01 19:49:31,043 INFO o.a.j.JMeter: Setting JMeter property: port=80
2026-10-01 19:49:31,043 INFO o.a.j.JMeter: Setting JMeter property: rampup=10
2026-10-01 19:49:31,043 INFO o.a.j.JMeter: Setting JMeter property: endpoint=EP1
2026-10-01 19:49:31,043 INFO o.a.j.JMeter: Setting JMeter property: users=10
2026-10-01 19:49:31,043 INFO o.a.j.JMeter: Setting JMeter property: duration=10
2026-10-01 19:49:31,048 INFO o.a.j.JMeter: Copyright (c) 1998-2024 The Apache Software Foundation
2026-10-01 19:49:31,048 INFO o.a.j.JMeter: Version 5.6.3
2026-10-01 19:49:31,048 INFO o.a.j.JMeter: java.version=21.0.12.1
2026-10-01 19:49:31,048 INFO o.a.j.JMeter: java.vm.name=OpenJDK 64-Bit Server VM
2026-10-01 19:49:31,048 INFO o.a.j.JMeter: os.name=Linux
2026-10-01 19:49:31,048 INFO o.a.j.JMeter: os.arch=amd64
2026-10-01 19:49:31,048 INFO o.a.j.JMeter: os.version=6.6.87.2-microsoft-standard-WSL2
2026-10-01 19:49:31,049 INFO o.a.j.JMeter: file.encoding=UTF-8
2026-10-01 19:49:31,049 INFO o.a.j.JMeter: java.awt.headless=true
2026-10-01 19:49:31,049 INFO o.a.j.JMeter: Max memory     =2147483648
2026-10-01 19:49:31,049 INFO o.a.j.JMeter: Available Processors =12
2026-10-01 19:49:31,057 INFO o.a.j.JMeter: Default Locale=English (EN)
2026-10-01 19:49:31,057 INFO o.a.j.JMeter: JMeter  Locale=English (EN)
2026-10-01 19:49:31,057 INFO o.a.j.JMeter: JMeterHome=/opt/jmeter
2026-10-01 19:49:31,058 INFO o.a.j.JMeter: user.dir  =/tests
2026-10-01 19:49:31,058 INFO o.a.j.JMeter: PWD       =/tests
2026-10-01 19:49:31,058 INFO o.a.j.JMeter: IP: 172.19.0.5 Name: 54407b5c5ae9 FullName: 54407b5c5ae9
2026-10-01 19:49:31,070 INFO o.a.j.s.FileServer: Default base='/tests'
2026-10-01 19:49:31,071 INFO o.a.j.s.FileServer: Set new base='/tests'
2026-10-01 19:49:31,241 INFO o.a.j.s.SaveService: Testplan (JMX) version: 2.2. Testlog (JTL) version: 2.2
2026-10-01 19:49:31,266 INFO o.a.j.s.SaveService: Using SaveService properties version 5.0
2026-10-01 19:49:31,270 INFO o.a.j.s.SaveService: Using SaveService properties file encoding UTF-8
2026-10-01 19:49:31,273 INFO o.a.j.s.SaveService: Loading file: /tests/s1.jmx
2026-10-01 19:49:31,324 INFO o.a.j.p.h.s.HTTPSamplerBase: Parser for text/html is org.apache.jmeter.protocol.http.parser.LagartoBasedHtmlParser
2026-10-01 19:49:31,324 INFO o.a.j.p.h.s.HTTPSamplerBase: Parser for application/xhtml+xml is org.apache.jmeter.protocol.http.parser.LagartoBasedHtmlParser
2026-10-01 19:49:31,324 INFO o.a.j.p.h.s.HTTPSamplerBase: Parser for application/xml is org.apache.jmeter.protocol.http.parser.LagartoBasedHtmlParser
2026-10-01 19:49:31,324 INFO o.a.j.p.h.s.HTTPSamplerBase: Parser for text/xml is org.apache.jmeter.protocol.http.parser.LagartoBasedHtmlParser
2026-10-01 19:49:31,324 INFO o.a.j.p.h.s.HTTPSamplerBase: Parser for text/vnd.wap.wml is org.apache.jmeter.protocol.http.parser.RegexpHTMLParser
2026-10-01 19:49:31,324 INFO o.a.j.p.h.s.HTTPSamplerBase: Parser for text/css is org.apache.jmeter.protocol.http.parser.CssParser
2026-10-01 19:49:31,364 INFO o.a.j.JMeter: Creating summariser <summary>
2026-10-01 19:49:31,374 INFO o.a.j.e.StandardJMeterEngine: Running the test!
2026-10-01 19:49:31,374 INFO o.a.j.s.SampleEvent: List of sample_variables: []
2026-10-01 19:49:31,375 INFO o.a.j.s.SampleEvent: List of sample_variables: []
2026-10-01 19:49:31,378 INFO o.a.j.e.u.CompoundVariable: Note: Function class names must contain the string: '.functions.'
2026-10-01 19:49:31,379 INFO o.a.j.e.u.CompoundVariable: Note: Function class names must not contain the string: '.gui.'
2026-10-01 19:49:31,586 INFO o.a.j.JMeter: Running test (1790884171586)
2026-10-01 19:49:31,588 INFO o.a.j.e.StandardJMeterEngine: Starting setUp thread groups
2026-10-01 19:49:31,588 INFO o.a.j.e.StandardJMeterEngine: Starting setUp ThreadGroup: 1 : setUp - login 
2026-10-01 19:49:31,588 INFO o.a.j.e.StandardJMeterEngine: Starting 1 threads for group setUp - login.
2026-10-01 19:49:31,588 INFO o.a.j.e.StandardJMeterEngine: Test will stop abruptly on error
2026-10-01 19:49:31,589 INFO o.a.j.t.ThreadGroup: Starting thread group... number=1 threads=1 ramp-up=1 delayedStart=false
2026-10-01 19:49:31,592 INFO o.a.j.t.ThreadGroup: Started thread group number 1
2026-10-01 19:49:31,593 INFO o.a.j.e.StandardJMeterEngine: Waiting for all setup thread groups to exit
2026-10-01 19:49:31,594 INFO o.a.j.t.JMeterThread: Thread started: setUp - login 1-1
2026-10-01 19:49:31,606 INFO o.a.j.p.h.s.HTTPHCAbstractImpl: Local host = 54407b5c5ae9
2026-10-01 19:49:31,611 INFO o.a.j.p.h.s.HTTPHC4Impl: HTTP request retry count = 0
2026-10-01 19:49:31,612 INFO o.a.j.s.SampleResult: Note: Sample TimeStamps are START times
2026-10-01 19:49:31,612 INFO o.a.j.s.SampleResult: sampleresult.default.encoding is set to UTF-8
2026-10-01 19:49:31,612 INFO o.a.j.s.SampleResult: sampleresult.useNanoTime=true
2026-10-01 19:49:31,613 INFO o.a.j.s.SampleResult: sampleresult.nanoThreadSleep=5000
2026-10-01 19:49:32,456 INFO o.a.j.r.Summariser: summary +      1 in 00:00:01 =    1.2/s Avg:   331 Min:   331 Max:   331 Err:     0 (0.00%) Active: 1 Started: 1 Finished: 0
2026-10-01 19:49:32,457 INFO o.a.j.t.JMeterThread: Thread is done: setUp - login 1-1
2026-10-01 19:49:32,457 INFO o.a.j.t.JMeterThread: Thread finished: setUp - login 1-1
2026-10-01 19:49:32,458 INFO o.a.j.e.StandardJMeterEngine: All Setup Threads have ended
2026-10-01 19:49:32,479 INFO o.a.j.e.StandardJMeterEngine: Starting ThreadGroup: 1 : S1
2026-10-01 19:49:32,479 INFO o.a.j.e.StandardJMeterEngine: Starting 10 threads for group S1.
2026-10-01 19:49:32,480 INFO o.a.j.e.StandardJMeterEngine: Thread will continue on error
2026-10-01 19:49:32,480 INFO o.a.j.t.ThreadGroup: Starting thread group... number=1 threads=10 ramp-up=10 delayedStart=false
2026-10-01 19:49:32,482 INFO o.a.j.t.JMeterThread: Thread started: S1 1-1
2026-10-01 19:49:32,490 INFO o.a.j.t.ThreadGroup: Started thread group number 1
2026-10-01 19:49:32,490 INFO o.a.j.e.StandardJMeterEngine: All thread groups have been started
2026-10-01 19:49:33,483 INFO o.a.j.t.JMeterThread: Thread started: S1 1-2
2026-10-01 19:49:34,482 INFO o.a.j.t.JMeterThread: Thread started: S1 1-3
2026-10-01 19:49:35,482 INFO o.a.j.t.JMeterThread: Thread started: S1 1-4
2026-10-01 19:49:36,481 INFO o.a.j.t.JMeterThread: Thread started: S1 1-5
2026-10-01 19:49:37,481 INFO o.a.j.t.JMeterThread: Thread started: S1 1-6
2026-10-01 19:49:38,482 INFO o.a.j.t.JMeterThread: Thread started: S1 1-7
2026-10-01 19:49:39,484 INFO o.a.j.t.JMeterThread: Thread started: S1 1-8
2026-10-01 19:49:40,482 INFO o.a.j.t.JMeterThread: Thread started: S1 1-9
2026-10-01 19:49:41,481 INFO o.a.j.t.JMeterThread: Thread started: S1 1-10
2026-10-01 19:49:42,481 INFO o.a.j.t.JMeterThread: Stopping because end time detected by thread: S1 1-1
2026-10-01 19:49:42,481 INFO o.a.j.t.JMeterThread: Thread finished: S1 1-1
2026-10-01 19:49:42,483 INFO o.a.j.t.JMeterThread: Stopping because end time detected by thread: S1 1-2
2026-10-01 19:49:42,483 INFO o.a.j.t.JMeterThread: Thread finished: S1 1-2
2026-10-01 19:49:42,485 INFO o.a.j.t.JMeterThread: Stopping because end time detected by thread: S1 1-4
2026-10-01 19:49:42,485 INFO o.a.j.t.JMeterThread: Thread finished: S1 1-4
2026-10-01 19:49:42,485 INFO o.a.j.t.JMeterThread: Stopping because end time detected by thread: S1 1-3
2026-10-01 19:49:42,485 INFO o.a.j.t.JMeterThread: Thread finished: S1 1-3
2026-10-01 19:49:42,486 INFO o.a.j.t.JMeterThread: Stopping because end time detected by thread: S1 1-5
2026-10-01 19:49:42,486 INFO o.a.j.t.JMeterThread: Thread finished: S1 1-5
2026-10-01 19:49:42,486 INFO o.a.j.t.JMeterThread: Stopping because end time detected by thread: S1 1-6
2026-10-01 19:49:42,486 INFO o.a.j.t.JMeterThread: Thread finished: S1 1-6
2026-10-01 19:49:42,487 INFO o.a.j.t.JMeterThread: Stopping because end time detected by thread: S1 1-7
2026-10-01 19:49:42,487 INFO o.a.j.t.JMeterThread: Thread finished: S1 1-7
2026-10-01 19:49:42,488 INFO o.a.j.t.JMeterThread: Stopping because end time detected by thread: S1 1-8
2026-10-01 19:49:42,488 INFO o.a.j.t.JMeterThread: Thread finished: S1 1-8
2026-10-01 19:49:42,489 INFO o.a.j.t.JMeterThread: Stopping because end time detected by thread: S1 1-10
2026-10-01 19:49:42,489 INFO o.a.j.t.JMeterThread: Thread finished: S1 1-10
2026-10-01 19:49:42,489 INFO o.a.j.t.JMeterThread: Stopping because end time detected by thread: S1 1-9
2026-10-01 19:49:42,489 INFO o.a.j.t.JMeterThread: Thread finished: S1 1-9
2026-10-01 19:49:42,490 INFO o.a.j.e.StandardJMeterEngine: Notifying test listeners of end of test
2026-10-01 19:49:42,493 INFO o.a.j.r.Summariser: summary +  20428 in 00:00:10 = 2035.1/s Avg:     2 Min:     1 Max:    28 Err:     0 (0.00%) Active: 0 Started: 10 Finished: 10
2026-10-01 19:49:42,493 INFO o.a.j.r.Summariser: summary =  20429 in 00:00:11 = 1873.0/s Avg:     2 Min:     1 Max:   331 Err:     0 (0.00%)
