Stopping laravel-app laravel-nginx so only nestjs uses the CPUs
 Container benchmark-laravel-nginx-1  Stopping
 Container benchmark-laravel-nginx-1  Stopped
 Container benchmark-laravel-app-1  Stopping
 Container benchmark-laravel-app-1  Stopped
Recreating nestjs-app with DB_POOL_SIZE=10 (container has 1)
 Container benchmark-nestjs-app-1  Recreate
 Container benchmark-nestjs-app-1  Recreated
 Container benchmark-nestjs-app-1  Starting
 Container benchmark-nestjs-app-1  Started
[1/32] nestjs smoke/s3-h3-pilot-20261007 EP1 vu=1 rep=1 (about 80 min left)
 Container benchmark-nestjs-app-1  Restarting
 Container benchmark-nestjs-app-1  Started
 Container benchmark-nestjs-nginx-1  Restarting
 Container benchmark-nestjs-nginx-1  Started
 Container benchmark-postgres-1  Running
 Container benchmark-nestjs-app-1  Running
 Container benchmark-nestjs-nginx-1  Running
 Container benchmark-postgres-1  Waiting
 Container benchmark-postgres-1  Healthy
 Container benchmark-postgres-1  Waiting
 Container benchmark-nestjs-app-1  Waiting
 Container benchmark-nestjs-nginx-1  Waiting
 Container benchmark-postgres-1  Healthy
 Container benchmark-nestjs-app-1  Healthy
 Container benchmark-nestjs-nginx-1  Healthy
Oct 07, 2026 6:53:54 PM java.util.prefs.FileSystemPreferences$1 run
INFO: Created user preferences directory.
Oct 07, 2026 6:55:00 PM java.util.prefs.FileSystemPreferences$1 run
INFO: Created user preferences directory.
Stopping nestjs-app nestjs-nginx so only laravel uses the CPUs
 Container benchmark-nestjs-nginx-1  Stopping
 Container benchmark-nestjs-nginx-1  Stopped
 Container benchmark-nestjs-app-1  Stopping
 Container benchmark-nestjs-app-1  Stopped
 Container benchmark-postgres-1  Running
 Container benchmark-postgres-1  Waiting
 Container benchmark-postgres-1  Healthy
 Container benchmark-laravel-app-1  Starting
 Container benchmark-laravel-app-1  Started
 Container benchmark-laravel-nginx-1  Starting
 Container benchmark-laravel-nginx-1  Started
 Container benchmark-postgres-1  Waiting
 Container benchmark-laravel-app-1  Waiting
 Container benchmark-laravel-nginx-1  Waiting
 Container benchmark-postgres-1  Healthy
 Container benchmark-laravel-app-1  Healthy
 Container benchmark-laravel-nginx-1  Healthy
[2/32] laravel smoke/s3-h3-pilot-20261007 EP1 vu=1 rep=1 (about 77 min left)
 Container benchmark-laravel-app-1  Restarting
 Container benchmark-laravel-app-1  Started
 Container benchmark-laravel-nginx-1  Restarting
 Container benchmark-laravel-nginx-1  Started
 Container benchmark-postgres-1  Running
 Container benchmark-laravel-app-1  Running
 Container benchmark-laravel-nginx-1  Running
 Container benchmark-postgres-1  Waiting
 Container benchmark-postgres-1  Healthy
 Container benchmark-postgres-1  Waiting
 Container benchmark-laravel-app-1  Waiting
 Container benchmark-laravel-nginx-1  Waiting
 Container benchmark-postgres-1  Healthy
 Container benchmark-laravel-app-1  Healthy
 Container benchmark-laravel-nginx-1  Healthy
Oct 07, 2026 6:56:24 PM java.util.prefs.FileSystemPreferences$1 run
INFO: Created user preferences directory.
Oct 07, 2026 6:57:29 PM java.util.prefs.FileSystemPreferences$1 run
INFO: Created user preferences directory.
Stopping laravel-app laravel-nginx so only nestjs uses the CPUs
 Container benchmark-laravel-nginx-1  Stopping
 Container benchmark-laravel-nginx-1  Stopped
 Container benchmark-laravel-app-1  Stopping
 Container benchmark-laravel-app-1  Stopped
 Container benchmark-postgres-1  Running
 Container benchmark-postgres-1  Waiting
 Container benchmark-postgres-1  Healthy
 Container benchmark-nestjs-app-1  Starting
 Container benchmark-nestjs-app-1  Started
 Container benchmark-nestjs-nginx-1  Starting
 Container benchmark-nestjs-nginx-1  Started
 Container benchmark-nestjs-nginx-1  Waiting
 Container benchmark-postgres-1  Waiting
 Container benchmark-nestjs-app-1  Waiting
 Container benchmark-nestjs-app-1  Healthy
 Container benchmark-postgres-1  Healthy
 Container benchmark-nestjs-nginx-1  Healthy
[3/32] nestjs smoke/s3-h3-pilot-20261007 EP1 vu=2 rep=1 (about 75 min left)
 Container benchmark-nestjs-app-1  Restarting
 Container benchmark-nestjs-app-1  Started
 Container benchmark-nestjs-nginx-1  Restarting
 Container benchmark-nestjs-nginx-1  Started
 Container benchmark-postgres-1  Running
 Container benchmark-nestjs-app-1  Running
 Container benchmark-nestjs-nginx-1  Running
 Container benchmark-postgres-1  Waiting
 Container benchmark-postgres-1  Healthy
 Container benchmark-postgres-1  Waiting
 Container benchmark-nestjs-app-1  Waiting
 Container benchmark-nestjs-nginx-1  Waiting
 Container benchmark-nestjs-app-1  Healthy
 Container benchmark-postgres-1  Healthy
 Container benchmark-nestjs-nginx-1  Healthy
Oct 07, 2026 6:58:53 PM java.util.prefs.FileSystemPreferences$1 run
INFO: Created user preferences directory.
Oct 07, 2026 6:59:58 PM java.util.prefs.FileSystemPreferences$1 run
INFO: Created user preferences directory.
Stopping nestjs-app nestjs-nginx so only laravel uses the CPUs
 Container benchmark-nestjs-nginx-1  Stopping
 Container benchmark-nestjs-nginx-1  Stopped
 Container benchmark-nestjs-app-1  Stopping
 Container benchmark-nestjs-app-1  Stopped
 Container benchmark-postgres-1  Running
 Container benchmark-postgres-1  Waiting
 Container benchmark-postgres-1  Healthy
 Container benchmark-laravel-app-1  Starting
 Container benchmark-laravel-app-1  Started
 Container benchmark-laravel-nginx-1  Starting
 Container benchmark-laravel-nginx-1  Started
 Container benchmark-laravel-app-1  Waiting
 Container benchmark-laravel-nginx-1  Waiting
 Container benchmark-postgres-1  Waiting
 Container benchmark-postgres-1  Healthy
 Container benchmark-laravel-app-1  Healthy
 Container benchmark-laravel-nginx-1  Healthy
[4/32] laravel smoke/s3-h3-pilot-20261007 EP1 vu=2 rep=1 (about 72 min left)
 Container benchmark-laravel-app-1  Restarting
 Container benchmark-laravel-app-1  Started
 Container benchmark-laravel-nginx-1  Restarting
 Container benchmark-laravel-nginx-1  Started
 Container benchmark-postgres-1  Running
 Container benchmark-laravel-app-1  Running
 Container benchmark-laravel-nginx-1  Running
 Container benchmark-postgres-1  Waiting
 Container benchmark-postgres-1  Healthy
 Container benchmark-laravel-app-1  Waiting
 Container benchmark-laravel-nginx-1  Waiting
 Container benchmark-postgres-1  Waiting
 Container benchmark-postgres-1  Healthy
 Container benchmark-laravel-app-1  Healthy
 Container benchmark-laravel-nginx-1  Healthy
Oct 07, 2026 7:01:21 PM java.util.prefs.FileSystemPreferences$1 run
INFO: Created user preferences directory.
Oct 07, 2026 7:02:25 PM java.util.prefs.FileSystemPreferences$1 run
INFO: Created user preferences directory.
Stopping laravel-app laravel-nginx so only nestjs uses the CPUs
 Container benchmark-laravel-nginx-1  Stopping
 Container benchmark-laravel-nginx-1  Stopped
 Container benchmark-laravel-app-1  Stopping
 Container benchmark-laravel-app-1  Stopped
 Container benchmark-postgres-1  Running
 Container benchmark-postgres-1  Waiting
 Container benchmark-postgres-1  Healthy
 Container benchmark-nestjs-app-1  Starting
 Container benchmark-nestjs-app-1  Started
 Container benchmark-nestjs-nginx-1  Starting
 Container benchmark-nestjs-nginx-1  Started
 Container benchmark-nestjs-app-1  Waiting
 Container benchmark-nestjs-nginx-1  Waiting
 Container benchmark-postgres-1  Waiting
 Container benchmark-nestjs-app-1  Healthy
 Container benchmark-postgres-1  Healthy
 Container benchmark-nestjs-nginx-1  Healthy
[5/32] nestjs smoke/s3-h3-pilot-20261007 EP1 vu=4 rep=1 (about 70 min left)
 Container benchmark-nestjs-app-1  Restarting
 Container benchmark-nestjs-app-1  Started
 Container benchmark-nestjs-nginx-1  Restarting
 Container benchmark-nestjs-nginx-1  Started
 Container benchmark-postgres-1  Running
 Container benchmark-nestjs-app-1  Running
 Container benchmark-nestjs-nginx-1  Running
 Container benchmark-postgres-1  Waiting
 Container benchmark-postgres-1  Healthy
 Container benchmark-nestjs-nginx-1  Waiting
 Container benchmark-postgres-1  Waiting
 Container benchmark-nestjs-app-1  Waiting
 Container benchmark-postgres-1  Healthy
 Container benchmark-nestjs-app-1  Healthy
 Container benchmark-nestjs-nginx-1  Healthy
Oct 07, 2026 7:03:49 PM java.util.prefs.FileSystemPreferences$1 run
INFO: Created user preferences directory.
Oct 07, 2026 7:04:54 PM java.util.prefs.FileSystemPreferences$1 run
INFO: Created user preferences directory.
Stopping nestjs-app nestjs-nginx so only laravel uses the CPUs
 Container benchmark-nestjs-nginx-1  Stopping
 Container benchmark-nestjs-nginx-1  Stopped
 Container benchmark-nestjs-app-1  Stopping
 Container benchmark-nestjs-app-1  Stopped
 Container benchmark-postgres-1  Running
 Container benchmark-postgres-1  Waiting
 Container benchmark-postgres-1  Healthy
 Container benchmark-laravel-app-1  Starting
 Container benchmark-laravel-app-1  Started
 Container benchmark-laravel-nginx-1  Starting
 Container benchmark-laravel-nginx-1  Started
 Container benchmark-laravel-app-1  Waiting
 Container benchmark-laravel-nginx-1  Waiting
 Container benchmark-postgres-1  Waiting
 Container benchmark-postgres-1  Healthy
 Container benchmark-laravel-app-1  Healthy
 Container benchmark-laravel-nginx-1  Healthy
[6/32] laravel smoke/s3-h3-pilot-20261007 EP1 vu=4 rep=1 (about 67 min left)
 Container benchmark-laravel-app-1  Restarting
 Container benchmark-laravel-app-1  Started
 Container benchmark-laravel-nginx-1  Restarting
 Container benchmark-laravel-nginx-1  Started
 Container benchmark-postgres-1  Running
 Container benchmark-laravel-app-1  Running
 Container benchmark-laravel-nginx-1  Running
 Container benchmark-postgres-1  Waiting
 Container benchmark-postgres-1  Healthy
 Container benchmark-laravel-app-1  Waiting
 Container benchmark-laravel-nginx-1  Waiting
 Container benchmark-postgres-1  Waiting
 Container benchmark-laravel-app-1  Healthy
 Container benchmark-postgres-1  Healthy
 Container benchmark-laravel-nginx-1  Healthy
Oct 07, 2026 7:06:18 PM java.util.prefs.FileSystemPreferences$1 run
INFO: Created user preferences directory.
Oct 07, 2026 7:07:23 PM java.util.prefs.FileSystemPreferences$1 run
INFO: Created user preferences directory.
Stopping laravel-app laravel-nginx so only nestjs uses the CPUs
 Container benchmark-laravel-nginx-1  Stopping
 Container benchmark-laravel-nginx-1  Stopped
 Container benchmark-laravel-app-1  Stopping
 Container benchmark-laravel-app-1  Stopped
 Container benchmark-postgres-1  Running
 Container benchmark-postgres-1  Waiting
 Container benchmark-postgres-1  Healthy
 Container benchmark-nestjs-app-1  Starting
 Container benchmark-nestjs-app-1  Started
 Container benchmark-nestjs-nginx-1  Starting
 Container benchmark-nestjs-nginx-1  Started
 Container benchmark-nestjs-app-1  Waiting
 Container benchmark-nestjs-nginx-1  Waiting
 Container benchmark-postgres-1  Waiting
 Container benchmark-postgres-1  Healthy
 Container benchmark-nestjs-app-1  Healthy
 Container benchmark-nestjs-nginx-1  Healthy
[7/32] nestjs smoke/s3-h3-pilot-20261007 EP1 vu=10 rep=1 (about 65 min left)
 Container benchmark-nestjs-app-1  Restarting
 Container benchmark-nestjs-app-1  Started
 Container benchmark-nestjs-nginx-1  Restarting
 Container benchmark-nestjs-nginx-1  Started
 Container benchmark-postgres-1  Running
 Container benchmark-nestjs-app-1  Running
 Container benchmark-nestjs-nginx-1  Running
 Container benchmark-postgres-1  Waiting
 Container benchmark-postgres-1  Healthy
 Container benchmark-nestjs-app-1  Waiting
 Container benchmark-nestjs-nginx-1  Waiting
 Container benchmark-postgres-1  Waiting
 Container benchmark-nestjs-app-1  Healthy
 Container benchmark-postgres-1  Healthy
 Container benchmark-nestjs-nginx-1  Healthy
Oct 07, 2026 7:08:47 PM java.util.prefs.FileSystemPreferences$1 run
INFO: Created user preferences directory.
Oct 07, 2026 7:09:51 PM java.util.prefs.FileSystemPreferences$1 run
INFO: Created user preferences directory.
Stopping nestjs-app nestjs-nginx so only laravel uses the CPUs
 Container benchmark-nestjs-nginx-1  Stopping
 Container benchmark-nestjs-nginx-1  Stopped
 Container benchmark-nestjs-app-1  Stopping
 Container benchmark-nestjs-app-1  Stopped
 Container benchmark-postgres-1  Running
 Container benchmark-postgres-1  Waiting
 Container benchmark-postgres-1  Healthy
 Container benchmark-laravel-app-1  Starting
 Container benchmark-laravel-app-1  Started
 Container benchmark-laravel-nginx-1  Starting
 Container benchmark-laravel-nginx-1  Started
 Container benchmark-postgres-1  Waiting
 Container benchmark-laravel-app-1  Waiting
 Container benchmark-laravel-nginx-1  Waiting
 Container benchmark-laravel-app-1  Healthy
 Container benchmark-postgres-1  Healthy
 Container benchmark-laravel-nginx-1  Healthy
[8/32] laravel smoke/s3-h3-pilot-20261007 EP1 vu=10 rep=1 (about 62 min left)
 Container benchmark-laravel-app-1  Restarting
 Container benchmark-laravel-app-1  Started
 Container benchmark-laravel-nginx-1  Restarting
 Container benchmark-laravel-nginx-1  Started
 Container benchmark-postgres-1  Running
 Container benchmark-laravel-app-1  Running
 Container benchmark-laravel-nginx-1  Running
 Container benchmark-postgres-1  Waiting
 Container benchmark-postgres-1  Healthy
 Container benchmark-laravel-nginx-1  Waiting
 Container benchmark-postgres-1  Waiting
 Container benchmark-laravel-app-1  Waiting
 Container benchmark-laravel-app-1  Healthy
 Container benchmark-postgres-1  Healthy
 Container benchmark-laravel-nginx-1  Healthy
Oct 07, 2026 7:11:14 PM java.util.prefs.FileSystemPreferences$1 run
INFO: Created user preferences directory.
Oct 07, 2026 7:12:19 PM java.util.prefs.FileSystemPreferences$1 run
INFO: Created user preferences directory.
Stopping laravel-app laravel-nginx so only nestjs uses the CPUs
 Container benchmark-laravel-nginx-1  Stopping
 Container benchmark-laravel-nginx-1  Stopped
 Container benchmark-laravel-app-1  Stopping
 Container benchmark-laravel-app-1  Stopped
 Container benchmark-postgres-1  Running
 Container benchmark-postgres-1  Waiting
 Container benchmark-postgres-1  Healthy
 Container benchmark-nestjs-app-1  Starting
 Container benchmark-nestjs-app-1  Started
 Container benchmark-nestjs-nginx-1  Starting
 Container benchmark-nestjs-nginx-1  Started
 Container benchmark-nestjs-app-1  Waiting
 Container benchmark-nestjs-nginx-1  Waiting
 Container benchmark-postgres-1  Waiting
 Container benchmark-postgres-1  Healthy
 Container benchmark-nestjs-app-1  Healthy
 Container benchmark-nestjs-nginx-1  Healthy
[9/32] nestjs smoke/s3-h3-pilot-20261007 EP4 vu=1 rep=1 (about 60 min left)
 Container benchmark-nestjs-app-1  Restarting
 Container benchmark-nestjs-app-1  Started
 Container benchmark-nestjs-nginx-1  Restarting
 Container benchmark-nestjs-nginx-1  Started
 Container benchmark-postgres-1  Running
 Container benchmark-nestjs-app-1  Running
 Container benchmark-nestjs-nginx-1  Running
 Container benchmark-postgres-1  Waiting
 Container benchmark-postgres-1  Healthy
 Container benchmark-nestjs-app-1  Waiting
 Container benchmark-nestjs-nginx-1  Waiting
 Container benchmark-postgres-1  Waiting
 Container benchmark-postgres-1  Healthy
 Container benchmark-nestjs-app-1  Healthy
 Container benchmark-nestjs-nginx-1  Healthy
Oct 07, 2026 7:13:43 PM java.util.prefs.FileSystemPreferences$1 run
INFO: Created user preferences directory.
Oct 07, 2026 7:14:48 PM java.util.prefs.FileSystemPreferences$1 run
INFO: Created user preferences directory.
Stopping nestjs-app nestjs-nginx so only laravel uses the CPUs
 Container benchmark-nestjs-nginx-1  Stopping
 Container benchmark-nestjs-nginx-1  Stopped
 Container benchmark-nestjs-app-1  Stopping
 Container benchmark-nestjs-app-1  Stopped
 Container benchmark-postgres-1  Running
 Container benchmark-postgres-1  Waiting
 Container benchmark-postgres-1  Healthy
 Container benchmark-laravel-app-1  Starting
 Container benchmark-laravel-app-1  Started
 Container benchmark-laravel-nginx-1  Starting
 Container benchmark-laravel-nginx-1  Started
 Container benchmark-laravel-app-1  Waiting
 Container benchmark-laravel-nginx-1  Waiting
 Container benchmark-postgres-1  Waiting
 Container benchmark-postgres-1  Healthy
 Container benchmark-laravel-app-1  Healthy
 Container benchmark-laravel-nginx-1  Healthy
[10/32] laravel smoke/s3-h3-pilot-20261007 EP4 vu=1 rep=1 (about 57 min left)
 Container benchmark-laravel-app-1  Restarting
 Container benchmark-laravel-app-1  Started
 Container benchmark-laravel-nginx-1  Restarting
 Container benchmark-laravel-nginx-1  Started
 Container benchmark-postgres-1  Running
 Container benchmark-laravel-app-1  Running
 Container benchmark-laravel-nginx-1  Running
 Container benchmark-postgres-1  Waiting
 Container benchmark-postgres-1  Healthy
 Container benchmark-laravel-app-1  Waiting
 Container benchmark-laravel-nginx-1  Waiting
 Container benchmark-postgres-1  Waiting
 Container benchmark-laravel-app-1  Healthy
 Container benchmark-postgres-1  Healthy
 Container benchmark-laravel-nginx-1  Healthy
Oct 07, 2026 7:16:10 PM java.util.prefs.FileSystemPreferences$1 run
INFO: Created user preferences directory.
Oct 07, 2026 7:17:15 PM java.util.prefs.FileSystemPreferences$1 run
INFO: Created user preferences directory.
Stopping laravel-app laravel-nginx so only nestjs uses the CPUs
 Container benchmark-laravel-nginx-1  Stopping
 Container benchmark-laravel-nginx-1  Stopped
 Container benchmark-laravel-app-1  Stopping
 Container benchmark-laravel-app-1  Stopped
 Container benchmark-postgres-1  Running
 Container benchmark-postgres-1  Waiting
 Container benchmark-postgres-1  Healthy
 Container benchmark-nestjs-app-1  Starting
 Container benchmark-nestjs-app-1  Started
 Container benchmark-nestjs-nginx-1  Starting
 Container benchmark-nestjs-nginx-1  Started
 Container benchmark-nestjs-nginx-1  Waiting
 Container benchmark-postgres-1  Waiting
 Container benchmark-nestjs-app-1  Waiting
 Container benchmark-postgres-1  Healthy
 Container benchmark-nestjs-app-1  Healthy
 Container benchmark-nestjs-nginx-1  Healthy
[11/32] nestjs smoke/s3-h3-pilot-20261007 EP4 vu=2 rep=1 (about 55 min left)
 Container benchmark-nestjs-app-1  Restarting
 Container benchmark-nestjs-app-1  Started
 Container benchmark-nestjs-nginx-1  Restarting
 Container benchmark-nestjs-nginx-1  Started
 Container benchmark-postgres-1  Running
 Container benchmark-nestjs-app-1  Running
 Container benchmark-nestjs-nginx-1  Running
 Container benchmark-postgres-1  Waiting
 Container benchmark-postgres-1  Healthy
 Container benchmark-nestjs-nginx-1  Waiting
 Container benchmark-postgres-1  Waiting
 Container benchmark-nestjs-app-1  Waiting
 Container benchmark-postgres-1  Healthy
 Container benchmark-nestjs-app-1  Healthy
 Container benchmark-nestjs-nginx-1  Healthy
Oct 07, 2026 7:18:39 PM java.util.prefs.FileSystemPreferences$1 run
INFO: Created user preferences directory.
Oct 07, 2026 7:19:44 PM java.util.prefs.FileSystemPreferences$1 run
INFO: Created user preferences directory.
Stopping nestjs-app nestjs-nginx so only laravel uses the CPUs
 Container benchmark-nestjs-nginx-1  Stopping
 Container benchmark-nestjs-nginx-1  Stopped
 Container benchmark-nestjs-app-1  Stopping
 Container benchmark-nestjs-app-1  Stopped
 Container benchmark-postgres-1  Running
 Container benchmark-postgres-1  Waiting
 Container benchmark-postgres-1  Healthy
 Container benchmark-laravel-app-1  Starting
 Container benchmark-laravel-app-1  Started
 Container benchmark-laravel-nginx-1  Starting
 Container benchmark-laravel-nginx-1  Started
 Container benchmark-laravel-nginx-1  Waiting
 Container benchmark-postgres-1  Waiting
 Container benchmark-laravel-app-1  Waiting
 Container benchmark-postgres-1  Healthy
 Container benchmark-laravel-app-1  Healthy
 Container benchmark-laravel-nginx-1  Healthy
[12/32] laravel smoke/s3-h3-pilot-20261007 EP4 vu=2 rep=1 (about 52 min left)
 Container benchmark-laravel-app-1  Restarting
 Container benchmark-laravel-app-1  Started
 Container benchmark-laravel-nginx-1  Restarting
 Container benchmark-laravel-nginx-1  Started
 Container benchmark-postgres-1  Running
 Container benchmark-laravel-app-1  Running
 Container benchmark-laravel-nginx-1  Running
 Container benchmark-postgres-1  Waiting
 Container benchmark-postgres-1  Healthy
 Container benchmark-laravel-app-1  Waiting
 Container benchmark-laravel-nginx-1  Waiting
 Container benchmark-postgres-1  Waiting
 Container benchmark-postgres-1  Healthy
 Container benchmark-laravel-app-1  Healthy
 Container benchmark-laravel-nginx-1  Healthy
Oct 07, 2026 7:21:08 PM java.util.prefs.FileSystemPreferences$1 run
INFO: Created user preferences directory.
Oct 07, 2026 7:22:13 PM java.util.prefs.FileSystemPreferences$1 run
INFO: Created user preferences directory.
Stopping laravel-app laravel-nginx so only nestjs uses the CPUs
 Container benchmark-laravel-nginx-1  Stopping
 Container benchmark-laravel-nginx-1  Stopped
 Container benchmark-laravel-app-1  Stopping
 Container benchmark-laravel-app-1  Stopped
 Container benchmark-postgres-1  Running
 Container benchmark-postgres-1  Waiting
 Container benchmark-postgres-1  Healthy
 Container benchmark-nestjs-app-1  Starting
 Container benchmark-nestjs-app-1  Started
 Container benchmark-nestjs-nginx-1  Starting
 Container benchmark-nestjs-nginx-1  Started
 Container benchmark-nestjs-app-1  Waiting
 Container benchmark-nestjs-nginx-1  Waiting
 Container benchmark-postgres-1  Waiting
 Container benchmark-nestjs-app-1  Healthy
 Container benchmark-postgres-1  Healthy
 Container benchmark-nestjs-nginx-1  Healthy
[13/32] nestjs smoke/s3-h3-pilot-20261007 EP4 vu=4 rep=1 (about 50 min left)
 Container benchmark-nestjs-app-1  Restarting
 Container benchmark-nestjs-app-1  Started
 Container benchmark-nestjs-nginx-1  Restarting
 Container benchmark-nestjs-nginx-1  Started
 Container benchmark-postgres-1  Running
 Container benchmark-nestjs-app-1  Running
 Container benchmark-nestjs-nginx-1  Running
 Container benchmark-postgres-1  Waiting
 Container benchmark-postgres-1  Healthy
 Container benchmark-postgres-1  Waiting
 Container benchmark-nestjs-app-1  Waiting
 Container benchmark-nestjs-nginx-1  Waiting
 Container benchmark-nestjs-app-1  Healthy
 Container benchmark-postgres-1  Healthy
 Container benchmark-nestjs-nginx-1  Healthy
Oct 07, 2026 7:23:36 PM java.util.prefs.FileSystemPreferences$1 run
INFO: Created user preferences directory.
Oct 07, 2026 7:24:41 PM java.util.prefs.FileSystemPreferences$1 run
INFO: Created user preferences directory.
Stopping nestjs-app nestjs-nginx so only laravel uses the CPUs
 Container benchmark-nestjs-nginx-1  Stopping
 Container benchmark-nestjs-nginx-1  Stopped
 Container benchmark-nestjs-app-1  Stopping
 Container benchmark-nestjs-app-1  Stopped
 Container benchmark-postgres-1  Running
 Container benchmark-postgres-1  Waiting
 Container benchmark-postgres-1  Healthy
 Container benchmark-laravel-app-1  Starting
 Container benchmark-laravel-app-1  Started
 Container benchmark-laravel-nginx-1  Starting
 Container benchmark-laravel-nginx-1  Started
 Container benchmark-postgres-1  Waiting
 Container benchmark-laravel-app-1  Waiting
 Container benchmark-laravel-nginx-1  Waiting
 Container benchmark-laravel-app-1  Healthy
 Container benchmark-postgres-1  Healthy
 Container benchmark-laravel-nginx-1  Healthy
[14/32] laravel smoke/s3-h3-pilot-20261007 EP4 vu=4 rep=1 (about 47 min left)
 Container benchmark-laravel-app-1  Restarting
 Container benchmark-laravel-app-1  Started
 Container benchmark-laravel-nginx-1  Restarting
 Container benchmark-laravel-nginx-1  Started
 Container benchmark-postgres-1  Running
 Container benchmark-laravel-app-1  Running
 Container benchmark-laravel-nginx-1  Running
 Container benchmark-postgres-1  Waiting
 Container benchmark-postgres-1  Healthy
 Container benchmark-laravel-app-1  Waiting
 Container benchmark-laravel-nginx-1  Waiting
 Container benchmark-postgres-1  Waiting
 Container benchmark-laravel-app-1  Healthy
 Container benchmark-postgres-1  Healthy
 Container benchmark-laravel-nginx-1  Healthy
Oct 07, 2026 7:26:04 PM java.util.prefs.FileSystemPreferences$1 run
INFO: Created user preferences directory.
Oct 07, 2026 7:27:09 PM java.util.prefs.FileSystemPreferences$1 run
INFO: Created user preferences directory.
Stopping laravel-app laravel-nginx so only nestjs uses the CPUs
 Container benchmark-laravel-nginx-1  Stopping
 Container benchmark-laravel-nginx-1  Stopped
 Container benchmark-laravel-app-1  Stopping
 Container benchmark-laravel-app-1  Stopped
 Container benchmark-postgres-1  Running
 Container benchmark-postgres-1  Waiting
 Container benchmark-postgres-1  Healthy
 Container benchmark-nestjs-app-1  Starting
 Container benchmark-nestjs-app-1  Started
 Container benchmark-nestjs-nginx-1  Starting
 Container benchmark-nestjs-nginx-1  Started
 Container benchmark-postgres-1  Waiting
 Container benchmark-nestjs-app-1  Waiting
 Container benchmark-nestjs-nginx-1  Waiting
 Container benchmark-nestjs-app-1  Healthy
 Container benchmark-postgres-1  Healthy
 Container benchmark-nestjs-nginx-1  Healthy
[15/32] nestjs smoke/s3-h3-pilot-20261007 EP4 vu=10 rep=1 (about 45 min left)
 Container benchmark-nestjs-app-1  Restarting
 Container benchmark-nestjs-app-1  Started
 Container benchmark-nestjs-nginx-1  Restarting
 Container benchmark-nestjs-nginx-1  Started
 Container benchmark-postgres-1  Running
 Container benchmark-nestjs-app-1  Running
 Container benchmark-nestjs-nginx-1  Running
 Container benchmark-postgres-1  Waiting
 Container benchmark-postgres-1  Healthy
 Container benchmark-nestjs-nginx-1  Waiting
 Container benchmark-postgres-1  Waiting
 Container benchmark-nestjs-app-1  Waiting
 Container benchmark-nestjs-app-1  Healthy
 Container benchmark-postgres-1  Healthy
 Container benchmark-nestjs-nginx-1  Healthy
Oct 07, 2026 7:28:32 PM java.util.prefs.FileSystemPreferences$1 run
INFO: Created user preferences directory.
Oct 07, 2026 7:29:37 PM java.util.prefs.FileSystemPreferences$1 run
INFO: Created user preferences directory.
Stopping nestjs-app nestjs-nginx so only laravel uses the CPUs
 Container benchmark-nestjs-nginx-1  Stopping
 Container benchmark-nestjs-nginx-1  Stopped
 Container benchmark-nestjs-app-1  Stopping
 Container benchmark-nestjs-app-1  Stopped
 Container benchmark-postgres-1  Running
 Container benchmark-postgres-1  Waiting
 Container benchmark-postgres-1  Healthy
 Container benchmark-laravel-app-1  Starting
 Container benchmark-laravel-app-1  Started
 Container benchmark-laravel-nginx-1  Starting
 Container benchmark-laravel-nginx-1  Started
 Container benchmark-postgres-1  Waiting
 Container benchmark-laravel-app-1  Waiting
 Container benchmark-laravel-nginx-1  Waiting
 Container benchmark-laravel-app-1  Healthy
 Container benchmark-postgres-1  Healthy
 Container benchmark-laravel-nginx-1  Healthy
[16/32] laravel smoke/s3-h3-pilot-20261007 EP4 vu=10 rep=1 (about 42 min left)
 Container benchmark-laravel-app-1  Restarting
 Container benchmark-laravel-app-1  Started
 Container benchmark-laravel-nginx-1  Restarting
 Container benchmark-laravel-nginx-1  Started
 Container benchmark-postgres-1  Running
 Container benchmark-laravel-app-1  Running
 Container benchmark-laravel-nginx-1  Running
 Container benchmark-postgres-1  Waiting
 Container benchmark-postgres-1  Healthy
 Container benchmark-laravel-nginx-1  Waiting
 Container benchmark-postgres-1  Waiting
 Container benchmark-laravel-app-1  Waiting
 Container benchmark-laravel-app-1  Healthy
 Container benchmark-postgres-1  Healthy
 Container benchmark-laravel-nginx-1  Healthy
Oct 07, 2026 7:31:00 PM java.util.prefs.FileSystemPreferences$1 run
INFO: Created user preferences directory.
Oct 07, 2026 7:32:05 PM java.util.prefs.FileSystemPreferences$1 run
INFO: Created user preferences directory.
Stopping laravel-app laravel-nginx so only nestjs uses the CPUs
 Container benchmark-laravel-nginx-1  Stopping
 Container benchmark-laravel-nginx-1  Stopped
 Container benchmark-laravel-app-1  Stopping
 Container benchmark-laravel-app-1  Stopped
 Container benchmark-postgres-1  Running
 Container benchmark-postgres-1  Waiting
 Container benchmark-postgres-1  Healthy
 Container benchmark-nestjs-app-1  Starting
 Container benchmark-nestjs-app-1  Started
 Container benchmark-nestjs-nginx-1  Starting
 Container benchmark-nestjs-nginx-1  Started
 Container benchmark-postgres-1  Waiting
 Container benchmark-nestjs-app-1  Waiting
 Container benchmark-nestjs-nginx-1  Waiting
 Container benchmark-nestjs-app-1  Healthy
 Container benchmark-postgres-1  Healthy
 Container benchmark-nestjs-nginx-1  Healthy
[17/32] nestjs smoke/s3-h3-pilot-20261007 EP5 vu=1 rep=1 (about 40 min left)
 Container benchmark-nestjs-app-1  Restarting
 Container benchmark-nestjs-app-1  Started
 Container benchmark-nestjs-nginx-1  Restarting
 Container benchmark-nestjs-nginx-1  Started
 Container benchmark-postgres-1  Running
 Container benchmark-nestjs-app-1  Running
 Container benchmark-nestjs-nginx-1  Running
 Container benchmark-postgres-1  Waiting
 Container benchmark-postgres-1  Healthy
 Container benchmark-nestjs-nginx-1  Waiting
 Container benchmark-postgres-1  Waiting
 Container benchmark-nestjs-app-1  Waiting
 Container benchmark-postgres-1  Healthy
 Container benchmark-nestjs-app-1  Healthy
 Container benchmark-nestjs-nginx-1  Healthy
Oct 07, 2026 7:33:28 PM java.util.prefs.FileSystemPreferences$1 run
INFO: Created user preferences directory.
Oct 07, 2026 7:34:33 PM java.util.prefs.FileSystemPreferences$1 run
INFO: Created user preferences directory.
Stopping nestjs-app nestjs-nginx so only laravel uses the CPUs
 Container benchmark-nestjs-nginx-1  Stopping
 Container benchmark-nestjs-nginx-1  Stopped
 Container benchmark-nestjs-app-1  Stopping
 Container benchmark-nestjs-app-1  Stopped
 Container benchmark-postgres-1  Running
 Container benchmark-postgres-1  Waiting
 Container benchmark-postgres-1  Healthy
 Container benchmark-laravel-app-1  Starting
 Container benchmark-laravel-app-1  Started
 Container benchmark-laravel-nginx-1  Starting
 Container benchmark-laravel-nginx-1  Started
 Container benchmark-postgres-1  Waiting
 Container benchmark-laravel-app-1  Waiting
 Container benchmark-laravel-nginx-1  Waiting
 Container benchmark-postgres-1  Healthy
 Container benchmark-laravel-app-1  Healthy
 Container benchmark-laravel-nginx-1  Healthy
[18/32] laravel smoke/s3-h3-pilot-20261007 EP5 vu=1 rep=1 (about 37 min left)
 Container benchmark-laravel-app-1  Restarting
 Container benchmark-laravel-app-1  Started
 Container benchmark-laravel-nginx-1  Restarting
 Container benchmark-laravel-nginx-1  Started
 Container benchmark-postgres-1  Running
 Container benchmark-laravel-app-1  Running
 Container benchmark-laravel-nginx-1  Running
 Container benchmark-postgres-1  Waiting
 Container benchmark-postgres-1  Healthy
 Container benchmark-postgres-1  Waiting
 Container benchmark-laravel-app-1  Waiting
 Container benchmark-laravel-nginx-1  Waiting
 Container benchmark-laravel-app-1  Healthy
 Container benchmark-postgres-1  Healthy
 Container benchmark-laravel-nginx-1  Healthy
Oct 07, 2026 7:35:55 PM java.util.prefs.FileSystemPreferences$1 run
INFO: Created user preferences directory.
Oct 07, 2026 7:37:00 PM java.util.prefs.FileSystemPreferences$1 run
INFO: Created user preferences directory.
Stopping laravel-app laravel-nginx so only nestjs uses the CPUs
 Container benchmark-laravel-nginx-1  Stopping
 Container benchmark-laravel-nginx-1  Stopped
 Container benchmark-laravel-app-1  Stopping
 Container benchmark-laravel-app-1  Stopped
 Container benchmark-postgres-1  Running
 Container benchmark-postgres-1  Waiting
 Container benchmark-postgres-1  Healthy
 Container benchmark-nestjs-app-1  Starting
 Container benchmark-nestjs-app-1  Started
 Container benchmark-nestjs-nginx-1  Starting
 Container benchmark-nestjs-nginx-1  Started
 Container benchmark-postgres-1  Waiting
 Container benchmark-nestjs-app-1  Waiting
 Container benchmark-nestjs-nginx-1  Waiting
 Container benchmark-nestjs-app-1  Healthy
 Container benchmark-postgres-1  Healthy
 Container benchmark-nestjs-nginx-1  Healthy
[19/32] nestjs smoke/s3-h3-pilot-20261007 EP5 vu=2 rep=1 (about 35 min left)
 Container benchmark-nestjs-app-1  Restarting
 Container benchmark-nestjs-app-1  Started
 Container benchmark-nestjs-nginx-1  Restarting
 Container benchmark-nestjs-nginx-1  Started
 Container benchmark-postgres-1  Running
 Container benchmark-nestjs-app-1  Running
 Container benchmark-nestjs-nginx-1  Running
 Container benchmark-postgres-1  Waiting
 Container benchmark-postgres-1  Healthy
 Container benchmark-postgres-1  Waiting
 Container benchmark-nestjs-app-1  Waiting
 Container benchmark-nestjs-nginx-1  Waiting
 Container benchmark-postgres-1  Healthy
 Container benchmark-nestjs-app-1  Healthy
 Container benchmark-nestjs-nginx-1  Healthy
Oct 07, 2026 7:38:26 PM java.util.prefs.FileSystemPreferences$1 run
INFO: Created user preferences directory.
Oct 07, 2026 7:39:31 PM java.util.prefs.FileSystemPreferences$1 run
INFO: Created user preferences directory.
Stopping nestjs-app nestjs-nginx so only laravel uses the CPUs
 Container benchmark-nestjs-nginx-1  Stopping
 Container benchmark-nestjs-nginx-1  Stopped
 Container benchmark-nestjs-app-1  Stopping
 Container benchmark-nestjs-app-1  Stopped
 Container benchmark-postgres-1  Running
 Container benchmark-postgres-1  Waiting
 Container benchmark-postgres-1  Healthy
 Container benchmark-laravel-app-1  Starting
 Container benchmark-laravel-app-1  Started
 Container benchmark-laravel-nginx-1  Starting
 Container benchmark-laravel-nginx-1  Started
 Container benchmark-laravel-nginx-1  Waiting
 Container benchmark-postgres-1  Waiting
 Container benchmark-laravel-app-1  Waiting
 Container benchmark-postgres-1  Healthy
 Container benchmark-laravel-app-1  Healthy
 Container benchmark-laravel-nginx-1  Healthy
[20/32] laravel smoke/s3-h3-pilot-20261007 EP5 vu=2 rep=1 (about 32 min left)
 Container benchmark-laravel-app-1  Restarting
 Container benchmark-laravel-app-1  Started
 Container benchmark-laravel-nginx-1  Restarting
 Container benchmark-laravel-nginx-1  Started
 Container benchmark-postgres-1  Running
 Container benchmark-laravel-app-1  Running
 Container benchmark-laravel-nginx-1  Running
 Container benchmark-postgres-1  Waiting
 Container benchmark-postgres-1  Healthy
 Container benchmark-laravel-app-1  Waiting
 Container benchmark-laravel-nginx-1  Waiting
 Container benchmark-postgres-1  Waiting
 Container benchmark-postgres-1  Healthy
 Container benchmark-laravel-app-1  Healthy
 Container benchmark-laravel-nginx-1  Healthy
Oct 07, 2026 7:40:56 PM java.util.prefs.FileSystemPreferences$1 run
INFO: Created user preferences directory.
Oct 07, 2026 7:42:00 PM java.util.prefs.FileSystemPreferences$1 run
INFO: Created user preferences directory.
Stopping laravel-app laravel-nginx so only nestjs uses the CPUs
 Container benchmark-laravel-nginx-1  Stopping
 Container benchmark-laravel-nginx-1  Stopped
 Container benchmark-laravel-app-1  Stopping
 Container benchmark-laravel-app-1  Stopped
 Container benchmark-postgres-1  Running
 Container benchmark-postgres-1  Waiting
 Container benchmark-postgres-1  Healthy
 Container benchmark-nestjs-app-1  Starting
 Container benchmark-nestjs-app-1  Started
 Container benchmark-nestjs-nginx-1  Starting
 Container benchmark-nestjs-nginx-1  Started
 Container benchmark-nestjs-nginx-1  Waiting
 Container benchmark-postgres-1  Waiting
 Container benchmark-nestjs-app-1  Waiting
 Container benchmark-nestjs-app-1  Healthy
 Container benchmark-postgres-1  Healthy
 Container benchmark-nestjs-nginx-1  Healthy
[21/32] nestjs smoke/s3-h3-pilot-20261007 EP5 vu=4 rep=1 (about 30 min left)
 Container benchmark-nestjs-app-1  Restarting
 Container benchmark-nestjs-app-1  Started
 Container benchmark-nestjs-nginx-1  Restarting
 Container benchmark-nestjs-nginx-1  Started
 Container benchmark-postgres-1  Running
 Container benchmark-nestjs-app-1  Running
 Container benchmark-nestjs-nginx-1  Running
 Container benchmark-postgres-1  Waiting
 Container benchmark-postgres-1  Healthy
 Container benchmark-postgres-1  Waiting
 Container benchmark-nestjs-app-1  Waiting
 Container benchmark-nestjs-nginx-1  Waiting
 Container benchmark-postgres-1  Healthy
 Container benchmark-nestjs-app-1  Healthy
 Container benchmark-nestjs-nginx-1  Healthy
Oct 07, 2026 7:43:27 PM java.util.prefs.FileSystemPreferences$1 run
INFO: Created user preferences directory.
Oct 07, 2026 7:44:32 PM java.util.prefs.FileSystemPreferences$1 run
INFO: Created user preferences directory.
Stopping nestjs-app nestjs-nginx so only laravel uses the CPUs
 Container benchmark-nestjs-nginx-1  Stopping
 Container benchmark-nestjs-nginx-1  Stopped
 Container benchmark-nestjs-app-1  Stopping
 Container benchmark-nestjs-app-1  Stopped
 Container benchmark-postgres-1  Running
 Container benchmark-postgres-1  Waiting
 Container benchmark-postgres-1  Healthy
 Container benchmark-laravel-app-1  Starting
 Container benchmark-laravel-app-1  Started
 Container benchmark-laravel-nginx-1  Starting
 Container benchmark-laravel-nginx-1  Started
 Container benchmark-laravel-nginx-1  Waiting
 Container benchmark-postgres-1  Waiting
 Container benchmark-laravel-app-1  Waiting
 Container benchmark-laravel-app-1  Healthy
 Container benchmark-postgres-1  Healthy
 Container benchmark-laravel-nginx-1  Healthy
[22/32] laravel smoke/s3-h3-pilot-20261007 EP5 vu=4 rep=1 (about 27 min left)
 Container benchmark-laravel-app-1  Restarting
 Container benchmark-laravel-app-1  Started
 Container benchmark-laravel-nginx-1  Restarting
 Container benchmark-laravel-nginx-1  Started
 Container benchmark-postgres-1  Running
 Container benchmark-laravel-app-1  Running
 Container benchmark-laravel-nginx-1  Running
 Container benchmark-postgres-1  Waiting
 Container benchmark-postgres-1  Healthy
 Container benchmark-laravel-app-1  Waiting
 Container benchmark-laravel-nginx-1  Waiting
 Container benchmark-postgres-1  Waiting
 Container benchmark-postgres-1  Healthy
 Container benchmark-laravel-app-1  Healthy
 Container benchmark-laravel-nginx-1  Healthy
Oct 07, 2026 7:45:57 PM java.util.prefs.FileSystemPreferences$1 run
INFO: Created user preferences directory.
Oct 07, 2026 7:47:01 PM java.util.prefs.FileSystemPreferences$1 run
INFO: Created user preferences directory.
Stopping laravel-app laravel-nginx so only nestjs uses the CPUs
 Container benchmark-laravel-nginx-1  Stopping
 Container benchmark-laravel-nginx-1  Stopped
 Container benchmark-laravel-app-1  Stopping
 Container benchmark-laravel-app-1  Stopped
 Container benchmark-postgres-1  Running
 Container benchmark-postgres-1  Waiting
 Container benchmark-postgres-1  Healthy
 Container benchmark-nestjs-app-1  Starting
 Container benchmark-nestjs-app-1  Started
 Container benchmark-nestjs-nginx-1  Starting
 Container benchmark-nestjs-nginx-1  Started
 Container benchmark-nestjs-app-1  Waiting
 Container benchmark-nestjs-nginx-1  Waiting
 Container benchmark-postgres-1  Waiting
 Container benchmark-postgres-1  Healthy
 Container benchmark-nestjs-app-1  Healthy
 Container benchmark-nestjs-nginx-1  Healthy
[23/32] nestjs smoke/s3-h3-pilot-20261007 EP5 vu=10 rep=1 (about 25 min left)
 Container benchmark-nestjs-app-1  Restarting
 Container benchmark-nestjs-app-1  Started
 Container benchmark-nestjs-nginx-1  Restarting
 Container benchmark-nestjs-nginx-1  Started
 Container benchmark-postgres-1  Running
 Container benchmark-nestjs-app-1  Running
 Container benchmark-nestjs-nginx-1  Running
 Container benchmark-postgres-1  Waiting
 Container benchmark-postgres-1  Healthy
 Container benchmark-nestjs-app-1  Waiting
 Container benchmark-nestjs-nginx-1  Waiting
 Container benchmark-postgres-1  Waiting
 Container benchmark-nestjs-app-1  Healthy
 Container benchmark-postgres-1  Healthy
 Container benchmark-nestjs-nginx-1  Healthy
Oct 07, 2026 7:48:25 PM java.util.prefs.FileSystemPreferences$1 run
INFO: Created user preferences directory.
Oct 07, 2026 7:49:30 PM java.util.prefs.FileSystemPreferences$1 run
INFO: Created user preferences directory.
Stopping nestjs-app nestjs-nginx so only laravel uses the CPUs
 Container benchmark-nestjs-nginx-1  Stopping
 Container benchmark-nestjs-nginx-1  Stopped
 Container benchmark-nestjs-app-1  Stopping
 Container benchmark-nestjs-app-1  Stopped
 Container benchmark-postgres-1  Running
 Container benchmark-postgres-1  Waiting
 Container benchmark-postgres-1  Healthy
 Container benchmark-laravel-app-1  Starting
 Container benchmark-laravel-app-1  Started
 Container benchmark-laravel-nginx-1  Starting
 Container benchmark-laravel-nginx-1  Started
 Container benchmark-postgres-1  Waiting
 Container benchmark-laravel-app-1  Waiting
 Container benchmark-laravel-nginx-1  Waiting
 Container benchmark-postgres-1  Healthy
 Container benchmark-laravel-app-1  Healthy
 Container benchmark-laravel-nginx-1  Healthy
[24/32] laravel smoke/s3-h3-pilot-20261007 EP5 vu=10 rep=1 (about 22 min left)
 Container benchmark-laravel-app-1  Restarting
 Container benchmark-laravel-app-1  Started
 Container benchmark-laravel-nginx-1  Restarting
 Container benchmark-laravel-nginx-1  Started
 Container benchmark-postgres-1  Running
 Container benchmark-laravel-app-1  Running
 Container benchmark-laravel-nginx-1  Running
 Container benchmark-postgres-1  Waiting
 Container benchmark-postgres-1  Healthy
 Container benchmark-laravel-nginx-1  Waiting
 Container benchmark-postgres-1  Waiting
 Container benchmark-laravel-app-1  Waiting
 Container benchmark-postgres-1  Healthy
 Container benchmark-laravel-app-1  Healthy
 Container benchmark-laravel-nginx-1  Healthy
Oct 07, 2026 7:50:53 PM java.util.prefs.FileSystemPreferences$1 run
INFO: Created user preferences directory.
Oct 07, 2026 7:51:58 PM java.util.prefs.FileSystemPreferences$1 run
INFO: Created user preferences directory.
Stopping laravel-app laravel-nginx so only nestjs uses the CPUs
 Container benchmark-laravel-nginx-1  Stopping
 Container benchmark-laravel-nginx-1  Stopped
 Container benchmark-laravel-app-1  Stopping
 Container benchmark-laravel-app-1  Stopped
 Container benchmark-postgres-1  Running
 Container benchmark-postgres-1  Waiting
 Container benchmark-postgres-1  Healthy
 Container benchmark-nestjs-app-1  Starting
 Container benchmark-nestjs-app-1  Started
 Container benchmark-nestjs-nginx-1  Starting
 Container benchmark-nestjs-nginx-1  Started
 Container benchmark-nestjs-app-1  Waiting
 Container benchmark-nestjs-nginx-1  Waiting
 Container benchmark-postgres-1  Waiting
 Container benchmark-postgres-1  Healthy
 Container benchmark-nestjs-app-1  Healthy
 Container benchmark-nestjs-nginx-1  Healthy
[25/32] nestjs smoke/s3-h3-pilot-20261007 EP6 vu=1 rep=1 (about 20 min left)
 Container benchmark-nestjs-app-1  Restarting
 Container benchmark-nestjs-app-1  Started
 Container benchmark-nestjs-nginx-1  Restarting
 Container benchmark-nestjs-nginx-1  Started
 Container benchmark-postgres-1  Running
 Container benchmark-nestjs-app-1  Running
 Container benchmark-nestjs-nginx-1  Running
 Container benchmark-postgres-1  Waiting
 Container benchmark-postgres-1  Healthy
 Container benchmark-nestjs-app-1  Waiting
 Container benchmark-nestjs-nginx-1  Waiting
 Container benchmark-postgres-1  Waiting
 Container benchmark-postgres-1  Healthy
 Container benchmark-nestjs-app-1  Healthy
 Container benchmark-nestjs-nginx-1  Healthy
Oct 07, 2026 7:53:23 PM java.util.prefs.FileSystemPreferences$1 run
INFO: Created user preferences directory.
Oct 07, 2026 7:54:28 PM java.util.prefs.FileSystemPreferences$1 run
INFO: Created user preferences directory.
Stopping nestjs-app nestjs-nginx so only laravel uses the CPUs
 Container benchmark-nestjs-nginx-1  Stopping
 Container benchmark-nestjs-nginx-1  Stopped
 Container benchmark-nestjs-app-1  Stopping
 Container benchmark-nestjs-app-1  Stopped
 Container benchmark-postgres-1  Running
 Container benchmark-postgres-1  Waiting
 Container benchmark-postgres-1  Healthy
 Container benchmark-laravel-app-1  Starting
 Container benchmark-laravel-app-1  Started
 Container benchmark-laravel-nginx-1  Starting
 Container benchmark-laravel-nginx-1  Started
 Container benchmark-laravel-app-1  Waiting
 Container benchmark-laravel-nginx-1  Waiting
 Container benchmark-postgres-1  Waiting
 Container benchmark-postgres-1  Healthy
 Container benchmark-laravel-app-1  Healthy
 Container benchmark-laravel-nginx-1  Healthy
[26/32] laravel smoke/s3-h3-pilot-20261007 EP6 vu=1 rep=1 (about 17 min left)
 Container benchmark-laravel-app-1  Restarting
 Container benchmark-laravel-app-1  Started
 Container benchmark-laravel-nginx-1  Restarting
 Container benchmark-laravel-nginx-1  Started
 Container benchmark-postgres-1  Running
 Container benchmark-laravel-app-1  Running
 Container benchmark-laravel-nginx-1  Running
 Container benchmark-postgres-1  Waiting
 Container benchmark-postgres-1  Healthy
 Container benchmark-laravel-app-1  Waiting
 Container benchmark-laravel-nginx-1  Waiting
 Container benchmark-postgres-1  Waiting
 Container benchmark-postgres-1  Healthy
 Container benchmark-laravel-app-1  Healthy
 Container benchmark-laravel-nginx-1  Healthy
Oct 07, 2026 7:55:50 PM java.util.prefs.FileSystemPreferences$1 run
INFO: Created user preferences directory.
Oct 07, 2026 7:56:55 PM java.util.prefs.FileSystemPreferences$1 run
INFO: Created user preferences directory.
Stopping laravel-app laravel-nginx so only nestjs uses the CPUs
 Container benchmark-laravel-nginx-1  Stopping
 Container benchmark-laravel-nginx-1  Stopped
 Container benchmark-laravel-app-1  Stopping
 Container benchmark-laravel-app-1  Stopped
 Container benchmark-postgres-1  Running
 Container benchmark-postgres-1  Waiting
 Container benchmark-postgres-1  Healthy
 Container benchmark-nestjs-app-1  Starting
 Container benchmark-nestjs-app-1  Started
 Container benchmark-nestjs-nginx-1  Starting
 Container benchmark-nestjs-nginx-1  Started
 Container benchmark-postgres-1  Waiting
 Container benchmark-nestjs-app-1  Waiting
 Container benchmark-nestjs-nginx-1  Waiting
 Container benchmark-nestjs-app-1  Healthy
 Container benchmark-postgres-1  Healthy
 Container benchmark-nestjs-nginx-1  Healthy
[27/32] nestjs smoke/s3-h3-pilot-20261007 EP6 vu=2 rep=1 (about 15 min left)
 Container benchmark-nestjs-app-1  Restarting
 Container benchmark-nestjs-app-1  Started
 Container benchmark-nestjs-nginx-1  Restarting
 Container benchmark-nestjs-nginx-1  Started
 Container benchmark-postgres-1  Running
 Container benchmark-nestjs-app-1  Running
 Container benchmark-nestjs-nginx-1  Running
 Container benchmark-postgres-1  Waiting
 Container benchmark-postgres-1  Healthy
 Container benchmark-nestjs-nginx-1  Waiting
 Container benchmark-postgres-1  Waiting
 Container benchmark-nestjs-app-1  Waiting
 Container benchmark-nestjs-app-1  Healthy
 Container benchmark-postgres-1  Healthy
 Container benchmark-nestjs-nginx-1  Healthy
Oct 07, 2026 7:58:18 PM java.util.prefs.FileSystemPreferences$1 run
INFO: Created user preferences directory.
Oct 07, 2026 7:59:23 PM java.util.prefs.FileSystemPreferences$1 run
INFO: Created user preferences directory.
Stopping nestjs-app nestjs-nginx so only laravel uses the CPUs
 Container benchmark-nestjs-nginx-1  Stopping
 Container benchmark-nestjs-nginx-1  Stopped
 Container benchmark-nestjs-app-1  Stopping
 Container benchmark-nestjs-app-1  Stopped
 Container benchmark-postgres-1  Running
 Container benchmark-postgres-1  Waiting
 Container benchmark-postgres-1  Healthy
 Container benchmark-laravel-app-1  Starting
 Container benchmark-laravel-app-1  Started
 Container benchmark-laravel-nginx-1  Starting
 Container benchmark-laravel-nginx-1  Started
 Container benchmark-postgres-1  Waiting
 Container benchmark-laravel-app-1  Waiting
 Container benchmark-laravel-nginx-1  Waiting
 Container benchmark-laravel-app-1  Healthy
 Container benchmark-postgres-1  Healthy
 Container benchmark-laravel-nginx-1  Healthy
[28/32] laravel smoke/s3-h3-pilot-20261007 EP6 vu=2 rep=1 (about 12 min left)
 Container benchmark-laravel-app-1  Restarting
 Container benchmark-laravel-app-1  Started
 Container benchmark-laravel-nginx-1  Restarting
 Container benchmark-laravel-nginx-1  Started
 Container benchmark-postgres-1  Running
 Container benchmark-laravel-app-1  Running
 Container benchmark-laravel-nginx-1  Running
 Container benchmark-postgres-1  Waiting
 Container benchmark-postgres-1  Healthy
 Container benchmark-laravel-app-1  Waiting
 Container benchmark-laravel-nginx-1  Waiting
 Container benchmark-postgres-1  Waiting
 Container benchmark-postgres-1  Healthy
 Container benchmark-laravel-app-1  Healthy
 Container benchmark-laravel-nginx-1  Healthy
Oct 07, 2026 8:00:46 PM java.util.prefs.FileSystemPreferences$1 run
INFO: Created user preferences directory.
Oct 07, 2026 8:01:51 PM java.util.prefs.FileSystemPreferences$1 run
INFO: Created user preferences directory.
Stopping laravel-app laravel-nginx so only nestjs uses the CPUs
 Container benchmark-laravel-nginx-1  Stopping
 Container benchmark-laravel-nginx-1  Stopped
 Container benchmark-laravel-app-1  Stopping
 Container benchmark-laravel-app-1  Stopped
 Container benchmark-postgres-1  Running
 Container benchmark-postgres-1  Waiting
 Container benchmark-postgres-1  Healthy
 Container benchmark-nestjs-app-1  Starting
 Container benchmark-nestjs-app-1  Started
 Container benchmark-nestjs-nginx-1  Starting
 Container benchmark-nestjs-nginx-1  Started
 Container benchmark-postgres-1  Waiting
 Container benchmark-nestjs-app-1  Waiting
 Container benchmark-nestjs-nginx-1  Waiting
 Container benchmark-postgres-1  Healthy
 Container benchmark-nestjs-app-1  Healthy
 Container benchmark-nestjs-nginx-1  Healthy
[29/32] nestjs smoke/s3-h3-pilot-20261007 EP6 vu=4 rep=1 (about 10 min left)
 Container benchmark-nestjs-app-1  Restarting
 Container benchmark-nestjs-app-1  Started
 Container benchmark-nestjs-nginx-1  Restarting
 Container benchmark-nestjs-nginx-1  Started
 Container benchmark-postgres-1  Running
 Container benchmark-nestjs-app-1  Running
 Container benchmark-nestjs-nginx-1  Running
 Container benchmark-postgres-1  Waiting
 Container benchmark-postgres-1  Healthy
 Container benchmark-postgres-1  Waiting
 Container benchmark-nestjs-app-1  Waiting
 Container benchmark-nestjs-nginx-1  Waiting
 Container benchmark-postgres-1  Healthy
 Container benchmark-nestjs-app-1  Healthy
 Container benchmark-nestjs-nginx-1  Healthy
Oct 07, 2026 8:03:15 PM java.util.prefs.FileSystemPreferences$1 run
INFO: Created user preferences directory.
Oct 07, 2026 8:04:20 PM java.util.prefs.FileSystemPreferences$1 run
INFO: Created user preferences directory.
Stopping nestjs-app nestjs-nginx so only laravel uses the CPUs
 Container benchmark-nestjs-nginx-1  Stopping
 Container benchmark-nestjs-nginx-1  Stopped
 Container benchmark-nestjs-app-1  Stopping
 Container benchmark-nestjs-app-1  Stopped
 Container benchmark-postgres-1  Running
 Container benchmark-postgres-1  Waiting
 Container benchmark-postgres-1  Healthy
 Container benchmark-laravel-app-1  Starting
 Container benchmark-laravel-app-1  Started
 Container benchmark-laravel-nginx-1  Starting
 Container benchmark-laravel-nginx-1  Started
 Container benchmark-laravel-nginx-1  Waiting
 Container benchmark-postgres-1  Waiting
 Container benchmark-laravel-app-1  Waiting
 Container benchmark-postgres-1  Healthy
 Container benchmark-laravel-app-1  Healthy
 Container benchmark-laravel-nginx-1  Healthy
[30/32] laravel smoke/s3-h3-pilot-20261007 EP6 vu=4 rep=1 (about 7 min left)
 Container benchmark-laravel-app-1  Restarting
 Container benchmark-laravel-app-1  Started
 Container benchmark-laravel-nginx-1  Restarting
 Container benchmark-laravel-nginx-1  Started
 Container benchmark-postgres-1  Running
 Container benchmark-laravel-app-1  Running
 Container benchmark-laravel-nginx-1  Running
 Container benchmark-postgres-1  Waiting
 Container benchmark-postgres-1  Healthy
 Container benchmark-postgres-1  Waiting
 Container benchmark-laravel-app-1  Waiting
 Container benchmark-laravel-nginx-1  Waiting
 Container benchmark-postgres-1  Healthy
 Container benchmark-laravel-app-1  Healthy
 Container benchmark-laravel-nginx-1  Healthy
Oct 07, 2026 8:05:43 PM java.util.prefs.FileSystemPreferences$1 run
INFO: Created user preferences directory.
Oct 07, 2026 8:06:48 PM java.util.prefs.FileSystemPreferences$1 run
INFO: Created user preferences directory.
Stopping laravel-app laravel-nginx so only nestjs uses the CPUs
 Container benchmark-laravel-nginx-1  Stopping
 Container benchmark-laravel-nginx-1  Stopped
 Container benchmark-laravel-app-1  Stopping
 Container benchmark-laravel-app-1  Stopped
 Container benchmark-postgres-1  Running
 Container benchmark-postgres-1  Waiting
 Container benchmark-postgres-1  Healthy
 Container benchmark-nestjs-app-1  Starting
 Container benchmark-nestjs-app-1  Started
 Container benchmark-nestjs-nginx-1  Starting
 Container benchmark-nestjs-nginx-1  Started
 Container benchmark-postgres-1  Waiting
 Container benchmark-nestjs-app-1  Waiting
 Container benchmark-nestjs-nginx-1  Waiting
 Container benchmark-nestjs-app-1  Healthy
 Container benchmark-postgres-1  Healthy
 Container benchmark-nestjs-nginx-1  Healthy
[31/32] nestjs smoke/s3-h3-pilot-20261007 EP6 vu=10 rep=1 (about 5 min left)
 Container benchmark-nestjs-app-1  Restarting
 Container benchmark-nestjs-app-1  Started
 Container benchmark-nestjs-nginx-1  Restarting
 Container benchmark-nestjs-nginx-1  Started
 Container benchmark-postgres-1  Running
 Container benchmark-nestjs-app-1  Running
 Container benchmark-nestjs-nginx-1  Running
 Container benchmark-postgres-1  Waiting
 Container benchmark-postgres-1  Healthy
 Container benchmark-nestjs-app-1  Waiting
 Container benchmark-nestjs-nginx-1  Waiting
 Container benchmark-postgres-1  Waiting
 Container benchmark-postgres-1  Healthy
 Container benchmark-nestjs-app-1  Healthy
 Container benchmark-nestjs-nginx-1  Healthy
Oct 07, 2026 8:08:11 PM java.util.prefs.FileSystemPreferences$1 run
INFO: Created user preferences directory.
Oct 07, 2026 8:09:17 PM java.util.prefs.FileSystemPreferences$1 run
INFO: Created user preferences directory.
Stopping nestjs-app nestjs-nginx so only laravel uses the CPUs
 Container benchmark-nestjs-nginx-1  Stopping
 Container benchmark-nestjs-nginx-1  Stopped
 Container benchmark-nestjs-app-1  Stopping
 Container benchmark-nestjs-app-1  Stopped
 Container benchmark-postgres-1  Running
 Container benchmark-postgres-1  Waiting
 Container benchmark-postgres-1  Healthy
 Container benchmark-laravel-app-1  Starting
 Container benchmark-laravel-app-1  Started
 Container benchmark-laravel-nginx-1  Starting
 Container benchmark-laravel-nginx-1  Started
 Container benchmark-postgres-1  Waiting
 Container benchmark-laravel-app-1  Waiting
 Container benchmark-laravel-nginx-1  Waiting
 Container benchmark-laravel-app-1  Healthy
 Container benchmark-postgres-1  Healthy
 Container benchmark-laravel-nginx-1  Healthy
[32/32] laravel smoke/s3-h3-pilot-20261007 EP6 vu=10 rep=1 (about 2 min left)
 Container benchmark-laravel-app-1  Restarting
 Container benchmark-laravel-app-1  Started
 Container benchmark-laravel-nginx-1  Restarting
 Container benchmark-laravel-nginx-1  Started
 Container benchmark-postgres-1  Running
 Container benchmark-laravel-app-1  Running
 Container benchmark-laravel-nginx-1  Running
 Container benchmark-postgres-1  Waiting
 Container benchmark-postgres-1  Healthy
 Container benchmark-laravel-app-1  Waiting
 Container benchmark-laravel-nginx-1  Waiting
 Container benchmark-postgres-1  Waiting
 Container benchmark-postgres-1  Healthy
 Container benchmark-laravel-app-1  Healthy
 Container benchmark-laravel-nginx-1  Healthy
Oct 07, 2026 8:10:40 PM java.util.prefs.FileSystemPreferences$1 run
INFO: Created user preferences directory.
Oct 07, 2026 8:11:45 PM java.util.prefs.FileSystemPreferences$1 run
INFO: Created user preferences directory.
Done: results/smoke/s3-h3-pilot-20261007/
