2026-10-07 20:01:51,907 INFO o.a.j.u.JMeterUtils: Setting Locale to en_EN
2026-10-07 20:01:51,931 INFO o.a.j.JMeter: Loading user properties from: /opt/jmeter/bin/user.properties
2026-10-07 20:01:51,931 INFO o.a.j.JMeter: Loading system properties from: /opt/jmeter/bin/system.properties
2026-10-07 20:01:51,931 INFO o.a.j.JMeter: Loading additional properties from: /tests/run.properties
2026-10-07 20:01:51,932 INFO o.a.j.JMeter: Loading additional properties from: /tests/data/ranges.properties
2026-10-07 20:01:51,932 INFO o.a.j.JMeter: Setting JMeter property: host=laravel-nginx
2026-10-07 20:01:51,932 INFO o.a.j.JMeter: Setting JMeter property: port=80
2026-10-07 20:01:51,932 INFO o.a.j.JMeter: Setting JMeter property: rampup=10
2026-10-07 20:01:51,932 INFO o.a.j.JMeter: Setting JMeter property: endpoint=EP6
2026-10-07 20:01:51,932 INFO o.a.j.JMeter: Setting JMeter property: users=2
2026-10-07 20:01:51,932 INFO o.a.j.JMeter: Setting JMeter property: duration=60
2026-10-07 20:01:51,938 INFO o.a.j.JMeter: Copyright (c) 1998-2024 The Apache Software Foundation
2026-10-07 20:01:51,938 INFO o.a.j.JMeter: Version 5.6.3
2026-10-07 20:01:51,938 INFO o.a.j.JMeter: java.version=21.0.12.1
2026-10-07 20:01:51,938 INFO o.a.j.JMeter: java.vm.name=OpenJDK 64-Bit Server VM
2026-10-07 20:01:51,938 INFO o.a.j.JMeter: os.name=Linux
2026-10-07 20:01:51,938 INFO o.a.j.JMeter: os.arch=amd64
2026-10-07 20:01:51,938 INFO o.a.j.JMeter: os.version=6.6.87.2-microsoft-standard-WSL2
2026-10-07 20:01:51,938 INFO o.a.j.JMeter: file.encoding=UTF-8
2026-10-07 20:01:51,939 INFO o.a.j.JMeter: java.awt.headless=true
2026-10-07 20:01:51,939 INFO o.a.j.JMeter: Max memory     =4294967296
2026-10-07 20:01:51,939 INFO o.a.j.JMeter: Available Processors =12
2026-10-07 20:01:51,948 INFO o.a.j.JMeter: Default Locale=English (EN)
2026-10-07 20:01:51,948 INFO o.a.j.JMeter: JMeter  Locale=English (EN)
2026-10-07 20:01:51,948 INFO o.a.j.JMeter: JMeterHome=/opt/jmeter
2026-10-07 20:01:51,948 INFO o.a.j.JMeter: user.dir  =/tests
2026-10-07 20:01:51,948 INFO o.a.j.JMeter: PWD       =/tests
2026-10-07 20:01:51,949 INFO o.a.j.JMeter: IP: 172.19.0.5 Name: 87a97e120a68 FullName: 87a97e120a68
2026-10-07 20:01:51,961 INFO o.a.j.s.FileServer: Default base='/tests'
2026-10-07 20:01:51,963 INFO o.a.j.s.FileServer: Set new base='/tests'
2026-10-07 20:01:52,138 INFO o.a.j.s.SaveService: Testplan (JMX) version: 2.2. Testlog (JTL) version: 2.2
2026-10-07 20:01:52,163 INFO o.a.j.s.SaveService: Using SaveService properties version 5.0
2026-10-07 20:01:52,167 INFO o.a.j.s.SaveService: Using SaveService properties file encoding UTF-8
2026-10-07 20:01:52,172 INFO o.a.j.s.SaveService: Loading file: /tests/s3.jmx
2026-10-07 20:01:52,215 INFO o.a.j.p.h.s.HTTPSamplerBase: Parser for text/html is org.apache.jmeter.protocol.http.parser.LagartoBasedHtmlParser
2026-10-07 20:01:52,215 INFO o.a.j.p.h.s.HTTPSamplerBase: Parser for application/xhtml+xml is org.apache.jmeter.protocol.http.parser.LagartoBasedHtmlParser
2026-10-07 20:01:52,215 INFO o.a.j.p.h.s.HTTPSamplerBase: Parser for application/xml is org.apache.jmeter.protocol.http.parser.LagartoBasedHtmlParser
2026-10-07 20:01:52,215 INFO o.a.j.p.h.s.HTTPSamplerBase: Parser for text/xml is org.apache.jmeter.protocol.http.parser.LagartoBasedHtmlParser
2026-10-07 20:01:52,215 INFO o.a.j.p.h.s.HTTPSamplerBase: Parser for text/vnd.wap.wml is org.apache.jmeter.protocol.http.parser.RegexpHTMLParser
2026-10-07 20:01:52,215 INFO o.a.j.p.h.s.HTTPSamplerBase: Parser for text/css is org.apache.jmeter.protocol.http.parser.CssParser
2026-10-07 20:01:52,260 INFO o.a.j.JMeter: Creating summariser <summary>
2026-10-07 20:01:52,276 INFO o.a.j.e.StandardJMeterEngine: Running the test!
2026-10-07 20:01:52,277 INFO o.a.j.s.SampleEvent: List of sample_variables: []
2026-10-07 20:01:52,277 INFO o.a.j.s.SampleEvent: List of sample_variables: []
2026-10-07 20:01:52,281 INFO o.a.j.e.u.CompoundVariable: Note: Function class names must contain the string: '.functions.'
2026-10-07 20:01:52,281 INFO o.a.j.e.u.CompoundVariable: Note: Function class names must not contain the string: '.gui.'
2026-10-07 20:01:52,524 INFO o.a.j.JMeter: Running test (1791403312524)
2026-10-07 20:01:52,525 INFO o.a.j.e.StandardJMeterEngine: Starting setUp thread groups
2026-10-07 20:01:52,525 INFO o.a.j.e.StandardJMeterEngine: Starting setUp ThreadGroup: 1 : setUp - login 
2026-10-07 20:01:52,526 INFO o.a.j.e.StandardJMeterEngine: Starting 1 threads for group setUp - login.
2026-10-07 20:01:52,526 INFO o.a.j.e.StandardJMeterEngine: Test will stop abruptly on error
2026-10-07 20:01:52,526 INFO o.a.j.t.ThreadGroup: Starting thread group... number=1 threads=1 ramp-up=1 delayedStart=false
2026-10-07 20:01:52,529 INFO o.a.j.t.ThreadGroup: Started thread group number 1
2026-10-07 20:01:52,529 INFO o.a.j.e.StandardJMeterEngine: Waiting for all setup thread groups to exit
2026-10-07 20:01:52,530 INFO o.a.j.t.JMeterThread: Thread started: setUp - login 1-1
2026-10-07 20:01:52,541 INFO o.a.j.p.h.s.HTTPHCAbstractImpl: Local host = 87a97e120a68
2026-10-07 20:01:52,546 INFO o.a.j.p.h.s.HTTPHC4Impl: HTTP request retry count = 0
2026-10-07 20:01:52,547 INFO o.a.j.s.SampleResult: Note: Sample TimeStamps are START times
2026-10-07 20:01:52,547 INFO o.a.j.s.SampleResult: sampleresult.default.encoding is set to UTF-8
2026-10-07 20:01:52,547 INFO o.a.j.s.SampleResult: sampleresult.useNanoTime=true
2026-10-07 20:01:52,547 INFO o.a.j.s.SampleResult: sampleresult.nanoThreadSleep=5000
2026-10-07 20:01:53,205 INFO o.a.j.t.JMeterThread: Thread is done: setUp - login 1-1
2026-10-07 20:01:53,205 INFO o.a.j.t.JMeterThread: Thread finished: setUp - login 1-1
2026-10-07 20:01:53,206 INFO o.a.j.e.StandardJMeterEngine: All Setup Threads have ended
2026-10-07 20:01:53,229 INFO o.a.j.e.StandardJMeterEngine: Starting ThreadGroup: 1 : S3
2026-10-07 20:01:53,230 INFO o.a.j.e.StandardJMeterEngine: Starting 2 threads for group S3.
2026-10-07 20:01:53,230 INFO o.a.j.e.StandardJMeterEngine: Thread will continue on error
2026-10-07 20:01:53,230 INFO o.a.j.t.ThreadGroup: Starting thread group... number=1 threads=2 ramp-up=10 delayedStart=false
2026-10-07 20:01:53,233 INFO o.a.j.t.JMeterThread: Thread started: S3 1-1
2026-10-07 20:01:53,233 INFO o.a.j.t.ThreadGroup: Started thread group number 1
2026-10-07 20:01:53,233 INFO o.a.j.e.StandardJMeterEngine: All thread groups have been started
2026-10-07 20:01:58,233 INFO o.a.j.t.JMeterThread: Thread started: S3 1-2
2026-10-07 20:02:00,029 INFO o.a.j.r.Summariser: summary +     68 in 00:00:08 =    9.1/s Avg:   127 Min:   116 Max:   204 Err:     0 (0.00%) Active: 2 Started: 2 Finished: 0
2026-10-07 20:02:30,081 INFO o.a.j.r.Summariser: summary +    461 in 00:00:30 =   15.3/s Avg:   129 Min:   114 Max:   208 Err:     0 (0.00%) Active: 2 Started: 2 Finished: 0
2026-10-07 20:02:30,081 INFO o.a.j.r.Summariser: summary =    529 in 00:00:38 =   14.1/s Avg:   129 Min:   114 Max:   208 Err:     0 (0.00%)
2026-10-07 20:02:53,260 INFO o.a.j.t.JMeterThread: Stopping because end time detected by thread: S3 1-2
2026-10-07 20:02:53,261 INFO o.a.j.t.JMeterThread: Thread finished: S3 1-2
2026-10-07 20:02:53,263 INFO o.a.j.t.JMeterThread: Stopping because end time detected by thread: S3 1-1
2026-10-07 20:02:53,263 INFO o.a.j.t.JMeterThread: Thread finished: S3 1-1
2026-10-07 20:02:53,263 INFO o.a.j.e.StandardJMeterEngine: Notifying test listeners of end of test
2026-10-07 20:02:53,266 INFO o.a.j.r.Summariser: summary +    356 in 00:00:23 =   15.4/s Avg:   129 Min:   114 Max:   200 Err:     0 (0.00%) Active: 0 Started: 2 Finished: 2
2026-10-07 20:02:53,266 INFO o.a.j.r.Summariser: summary =    885 in 00:01:01 =   14.6/s Avg:   129 Min:   114 Max:   208 Err:     0 (0.00%)
