2026-10-05 19:46:03,149 INFO o.a.j.u.JMeterUtils: Setting Locale to en_EN
2026-10-05 19:46:03,169 INFO o.a.j.JMeter: Loading user properties from: /opt/jmeter/bin/user.properties
2026-10-05 19:46:03,169 INFO o.a.j.JMeter: Loading system properties from: /opt/jmeter/bin/system.properties
2026-10-05 19:46:03,169 INFO o.a.j.JMeter: Loading additional properties from: /tests/run.properties
2026-10-05 19:46:03,170 INFO o.a.j.JMeter: Loading additional properties from: /tests/data/ranges.properties
2026-10-05 19:46:03,170 INFO o.a.j.JMeter: Setting JMeter property: host=nestjs-nginx
2026-10-05 19:46:03,170 INFO o.a.j.JMeter: Setting JMeter property: port=80
2026-10-05 19:46:03,170 INFO o.a.j.JMeter: Setting JMeter property: rampup=1
2026-10-05 19:46:03,170 INFO o.a.j.JMeter: Setting JMeter property: endpoint=EP1
2026-10-05 19:46:03,170 INFO o.a.j.JMeter: Setting JMeter property: users=10
2026-10-05 19:46:03,170 INFO o.a.j.JMeter: Setting JMeter property: duration=60
2026-10-05 19:46:03,175 INFO o.a.j.JMeter: Copyright (c) 1998-2024 The Apache Software Foundation
2026-10-05 19:46:03,175 INFO o.a.j.JMeter: Version 5.6.3
2026-10-05 19:46:03,175 INFO o.a.j.JMeter: java.version=21.0.12.1
2026-10-05 19:46:03,175 INFO o.a.j.JMeter: java.vm.name=OpenJDK 64-Bit Server VM
2026-10-05 19:46:03,175 INFO o.a.j.JMeter: os.name=Linux
2026-10-05 19:46:03,175 INFO o.a.j.JMeter: os.arch=amd64
2026-10-05 19:46:03,175 INFO o.a.j.JMeter: os.version=6.6.87.2-microsoft-standard-WSL2
2026-10-05 19:46:03,175 INFO o.a.j.JMeter: file.encoding=UTF-8
2026-10-05 19:46:03,175 INFO o.a.j.JMeter: java.awt.headless=true
2026-10-05 19:46:03,176 INFO o.a.j.JMeter: Max memory     =4294967296
2026-10-05 19:46:03,176 INFO o.a.j.JMeter: Available Processors =12
2026-10-05 19:46:03,185 INFO o.a.j.JMeter: Default Locale=English (EN)
2026-10-05 19:46:03,185 INFO o.a.j.JMeter: JMeter  Locale=English (EN)
2026-10-05 19:46:03,186 INFO o.a.j.JMeter: JMeterHome=/opt/jmeter
2026-10-05 19:46:03,186 INFO o.a.j.JMeter: user.dir  =/tests
2026-10-05 19:46:03,186 INFO o.a.j.JMeter: PWD       =/tests
2026-10-05 19:46:03,186 INFO o.a.j.JMeter: IP: 172.19.0.5 Name: eb662bf260c8 FullName: eb662bf260c8
2026-10-05 19:46:03,195 INFO o.a.j.s.FileServer: Default base='/tests'
2026-10-05 19:46:03,196 INFO o.a.j.s.FileServer: Set new base='/tests'
2026-10-05 19:46:03,357 INFO o.a.j.s.SaveService: Testplan (JMX) version: 2.2. Testlog (JTL) version: 2.2
2026-10-05 19:46:03,379 INFO o.a.j.s.SaveService: Using SaveService properties version 5.0
2026-10-05 19:46:03,381 INFO o.a.j.s.SaveService: Using SaveService properties file encoding UTF-8
2026-10-05 19:46:03,385 INFO o.a.j.s.SaveService: Loading file: /tests/s1.jmx
2026-10-05 19:46:03,427 INFO o.a.j.p.h.s.HTTPSamplerBase: Parser for text/html is org.apache.jmeter.protocol.http.parser.LagartoBasedHtmlParser
2026-10-05 19:46:03,427 INFO o.a.j.p.h.s.HTTPSamplerBase: Parser for application/xhtml+xml is org.apache.jmeter.protocol.http.parser.LagartoBasedHtmlParser
2026-10-05 19:46:03,427 INFO o.a.j.p.h.s.HTTPSamplerBase: Parser for application/xml is org.apache.jmeter.protocol.http.parser.LagartoBasedHtmlParser
2026-10-05 19:46:03,427 INFO o.a.j.p.h.s.HTTPSamplerBase: Parser for text/xml is org.apache.jmeter.protocol.http.parser.LagartoBasedHtmlParser
2026-10-05 19:46:03,427 INFO o.a.j.p.h.s.HTTPSamplerBase: Parser for text/vnd.wap.wml is org.apache.jmeter.protocol.http.parser.RegexpHTMLParser
2026-10-05 19:46:03,427 INFO o.a.j.p.h.s.HTTPSamplerBase: Parser for text/css is org.apache.jmeter.protocol.http.parser.CssParser
2026-10-05 19:46:03,464 INFO o.a.j.JMeter: Creating summariser <summary>
2026-10-05 19:46:03,478 INFO o.a.j.e.StandardJMeterEngine: Running the test!
2026-10-05 19:46:03,479 INFO o.a.j.s.SampleEvent: List of sample_variables: []
2026-10-05 19:46:03,479 INFO o.a.j.s.SampleEvent: List of sample_variables: []
2026-10-05 19:46:03,482 INFO o.a.j.e.u.CompoundVariable: Note: Function class names must contain the string: '.functions.'
2026-10-05 19:46:03,483 INFO o.a.j.e.u.CompoundVariable: Note: Function class names must not contain the string: '.gui.'
2026-10-05 19:46:03,673 INFO o.a.j.JMeter: Running test (1791229563673)
2026-10-05 19:46:03,674 INFO o.a.j.e.StandardJMeterEngine: Starting setUp thread groups
2026-10-05 19:46:03,674 INFO o.a.j.e.StandardJMeterEngine: Starting setUp ThreadGroup: 1 : setUp - login 
2026-10-05 19:46:03,674 INFO o.a.j.e.StandardJMeterEngine: Starting 1 threads for group setUp - login.
2026-10-05 19:46:03,675 INFO o.a.j.e.StandardJMeterEngine: Test will stop abruptly on error
2026-10-05 19:46:03,675 INFO o.a.j.t.ThreadGroup: Starting thread group... number=1 threads=1 ramp-up=1 delayedStart=false
2026-10-05 19:46:03,677 INFO o.a.j.t.ThreadGroup: Started thread group number 1
2026-10-05 19:46:03,677 INFO o.a.j.e.StandardJMeterEngine: Waiting for all setup thread groups to exit
2026-10-05 19:46:03,678 INFO o.a.j.t.JMeterThread: Thread started: setUp - login 1-1
2026-10-05 19:46:03,688 INFO o.a.j.p.h.s.HTTPHCAbstractImpl: Local host = eb662bf260c8
2026-10-05 19:46:03,692 INFO o.a.j.p.h.s.HTTPHC4Impl: HTTP request retry count = 0
2026-10-05 19:46:03,693 INFO o.a.j.s.SampleResult: Note: Sample TimeStamps are START times
2026-10-05 19:46:03,693 INFO o.a.j.s.SampleResult: sampleresult.default.encoding is set to UTF-8
2026-10-05 19:46:03,693 INFO o.a.j.s.SampleResult: sampleresult.useNanoTime=true
2026-10-05 19:46:03,693 INFO o.a.j.s.SampleResult: sampleresult.nanoThreadSleep=5000
2026-10-05 19:46:04,372 INFO o.a.j.r.Summariser: summary +      1 in 00:00:01 =    1.4/s Avg:   260 Min:   260 Max:   260 Err:     0 (0.00%) Active: 1 Started: 1 Finished: 0
2026-10-05 19:46:04,372 INFO o.a.j.t.JMeterThread: Thread is done: setUp - login 1-1
2026-10-05 19:46:04,373 INFO o.a.j.t.JMeterThread: Thread finished: setUp - login 1-1
2026-10-05 19:46:04,373 INFO o.a.j.e.StandardJMeterEngine: All Setup Threads have ended
2026-10-05 19:46:04,394 INFO o.a.j.e.StandardJMeterEngine: Starting ThreadGroup: 1 : S1
2026-10-05 19:46:04,395 INFO o.a.j.e.StandardJMeterEngine: Starting 10 threads for group S1.
2026-10-05 19:46:04,395 INFO o.a.j.e.StandardJMeterEngine: Thread will continue on error
2026-10-05 19:46:04,395 INFO o.a.j.t.ThreadGroup: Starting thread group... number=1 threads=10 ramp-up=1 delayedStart=false
2026-10-05 19:46:04,397 INFO o.a.j.t.JMeterThread: Thread started: S1 1-1
2026-10-05 19:46:04,403 INFO o.a.j.t.ThreadGroup: Started thread group number 1
2026-10-05 19:46:04,403 INFO o.a.j.e.StandardJMeterEngine: All thread groups have been started
2026-10-05 19:46:04,497 INFO o.a.j.t.JMeterThread: Thread started: S1 1-2
2026-10-05 19:46:04,597 INFO o.a.j.t.JMeterThread: Thread started: S1 1-3
2026-10-05 19:46:04,697 INFO o.a.j.t.JMeterThread: Thread started: S1 1-4
2026-10-05 19:46:04,796 INFO o.a.j.t.JMeterThread: Thread started: S1 1-5
2026-10-05 19:46:04,896 INFO o.a.j.t.JMeterThread: Thread started: S1 1-6
2026-10-05 19:46:04,997 INFO o.a.j.t.JMeterThread: Thread started: S1 1-7
2026-10-05 19:46:05,096 INFO o.a.j.t.JMeterThread: Thread started: S1 1-8
2026-10-05 19:46:05,196 INFO o.a.j.t.JMeterThread: Thread started: S1 1-9
2026-10-05 19:46:05,296 INFO o.a.j.t.JMeterThread: Thread started: S1 1-10
2026-10-05 19:46:30,000 INFO o.a.j.r.Summariser: summary +  98447 in 00:00:26 = 3841.2/s Avg:     2 Min:     1 Max:    40 Err:     0 (0.00%) Active: 10 Started: 10 Finished: 0
2026-10-05 19:46:30,001 INFO o.a.j.r.Summariser: summary =  98448 in 00:00:26 = 3739.4/s Avg:     2 Min:     1 Max:   260 Err:     0 (0.00%)
2026-10-05 19:47:00,000 INFO o.a.j.r.Summariser: summary + 122786 in 00:00:30 = 4092.9/s Avg:     2 Min:     1 Max:    34 Err:     0 (0.00%) Active: 10 Started: 10 Finished: 0
2026-10-05 19:47:00,001 INFO o.a.j.r.Summariser: summary = 221234 in 00:00:56 = 3927.7/s Avg:     2 Min:     1 Max:   260 Err:     0 (0.00%)
2026-10-05 19:47:04,397 INFO o.a.j.t.JMeterThread: Stopping because end time detected by thread: S1 1-3
2026-10-05 19:47:04,397 INFO o.a.j.t.JMeterThread: Thread finished: S1 1-3
2026-10-05 19:47:04,397 INFO o.a.j.t.JMeterThread: Stopping because end time detected by thread: S1 1-2
2026-10-05 19:47:04,397 INFO o.a.j.t.JMeterThread: Thread finished: S1 1-2
2026-10-05 19:47:04,397 INFO o.a.j.t.JMeterThread: Stopping because end time detected by thread: S1 1-1
2026-10-05 19:47:04,398 INFO o.a.j.t.JMeterThread: Thread finished: S1 1-1
2026-10-05 19:47:04,399 INFO o.a.j.t.JMeterThread: Stopping because end time detected by thread: S1 1-5
2026-10-05 19:47:04,399 INFO o.a.j.t.JMeterThread: Thread finished: S1 1-5
2026-10-05 19:47:04,400 INFO o.a.j.t.JMeterThread: Stopping because end time detected by thread: S1 1-6
2026-10-05 19:47:04,400 INFO o.a.j.t.JMeterThread: Stopping because end time detected by thread: S1 1-7
2026-10-05 19:47:04,400 INFO o.a.j.t.JMeterThread: Thread finished: S1 1-7
2026-10-05 19:47:04,400 INFO o.a.j.t.JMeterThread: Thread finished: S1 1-6
2026-10-05 19:47:04,401 INFO o.a.j.t.JMeterThread: Stopping because end time detected by thread: S1 1-4
2026-10-05 19:47:04,401 INFO o.a.j.t.JMeterThread: Thread finished: S1 1-4
2026-10-05 19:47:04,401 INFO o.a.j.t.JMeterThread: Stopping because end time detected by thread: S1 1-8
2026-10-05 19:47:04,401 INFO o.a.j.t.JMeterThread: Thread finished: S1 1-8
2026-10-05 19:47:04,403 INFO o.a.j.t.JMeterThread: Stopping because end time detected by thread: S1 1-9
2026-10-05 19:47:04,403 INFO o.a.j.t.JMeterThread: Thread finished: S1 1-9
2026-10-05 19:47:04,403 INFO o.a.j.t.JMeterThread: Stopping because end time detected by thread: S1 1-10
2026-10-05 19:47:04,404 INFO o.a.j.t.JMeterThread: Thread finished: S1 1-10
2026-10-05 19:47:04,404 INFO o.a.j.e.StandardJMeterEngine: Notifying test listeners of end of test
2026-10-05 19:47:04,406 INFO o.a.j.r.Summariser: summary +  17868 in 00:00:04 = 4055.4/s Avg:     2 Min:     1 Max:    33 Err:     0 (0.00%) Active: 0 Started: 10 Finished: 10
2026-10-05 19:47:04,406 INFO o.a.j.r.Summariser: summary = 239102 in 00:01:01 = 3936.9/s Avg:     2 Min:     1 Max:   260 Err:     0 (0.00%)
