2026-10-07 19:03:49,631 INFO o.a.j.u.JMeterUtils: Setting Locale to en_EN
2026-10-07 19:03:49,652 INFO o.a.j.JMeter: Loading user properties from: /opt/jmeter/bin/user.properties
2026-10-07 19:03:49,652 INFO o.a.j.JMeter: Loading system properties from: /opt/jmeter/bin/system.properties
2026-10-07 19:03:49,652 INFO o.a.j.JMeter: Loading additional properties from: /tests/run.properties
2026-10-07 19:03:49,653 INFO o.a.j.JMeter: Loading additional properties from: /tests/data/ranges.properties
2026-10-07 19:03:49,653 INFO o.a.j.JMeter: Setting JMeter property: host=nestjs-nginx
2026-10-07 19:03:49,653 INFO o.a.j.JMeter: Setting JMeter property: port=80
2026-10-07 19:03:49,653 INFO o.a.j.JMeter: Setting JMeter property: rampup=10
2026-10-07 19:03:49,653 INFO o.a.j.JMeter: Setting JMeter property: endpoint=EP1
2026-10-07 19:03:49,653 INFO o.a.j.JMeter: Setting JMeter property: users=4
2026-10-07 19:03:49,653 INFO o.a.j.JMeter: Setting JMeter property: duration=60
2026-10-07 19:03:49,658 INFO o.a.j.JMeter: Copyright (c) 1998-2024 The Apache Software Foundation
2026-10-07 19:03:49,658 INFO o.a.j.JMeter: Version 5.6.3
2026-10-07 19:03:49,658 INFO o.a.j.JMeter: java.version=21.0.12.1
2026-10-07 19:03:49,658 INFO o.a.j.JMeter: java.vm.name=OpenJDK 64-Bit Server VM
2026-10-07 19:03:49,658 INFO o.a.j.JMeter: os.name=Linux
2026-10-07 19:03:49,658 INFO o.a.j.JMeter: os.arch=amd64
2026-10-07 19:03:49,658 INFO o.a.j.JMeter: os.version=6.6.87.2-microsoft-standard-WSL2
2026-10-07 19:03:49,658 INFO o.a.j.JMeter: file.encoding=UTF-8
2026-10-07 19:03:49,658 INFO o.a.j.JMeter: java.awt.headless=true
2026-10-07 19:03:49,658 INFO o.a.j.JMeter: Max memory     =4294967296
2026-10-07 19:03:49,659 INFO o.a.j.JMeter: Available Processors =12
2026-10-07 19:03:49,666 INFO o.a.j.JMeter: Default Locale=English (EN)
2026-10-07 19:03:49,666 INFO o.a.j.JMeter: JMeter  Locale=English (EN)
2026-10-07 19:03:49,666 INFO o.a.j.JMeter: JMeterHome=/opt/jmeter
2026-10-07 19:03:49,666 INFO o.a.j.JMeter: user.dir  =/tests
2026-10-07 19:03:49,666 INFO o.a.j.JMeter: PWD       =/tests
2026-10-07 19:03:49,667 INFO o.a.j.JMeter: IP: 172.19.0.5 Name: 36fbc70f8b55 FullName: 36fbc70f8b55
2026-10-07 19:03:49,675 INFO o.a.j.s.FileServer: Default base='/tests'
2026-10-07 19:03:49,677 INFO o.a.j.s.FileServer: Set new base='/tests'
2026-10-07 19:03:49,826 INFO o.a.j.s.SaveService: Testplan (JMX) version: 2.2. Testlog (JTL) version: 2.2
2026-10-07 19:03:49,849 INFO o.a.j.s.SaveService: Using SaveService properties version 5.0
2026-10-07 19:03:49,852 INFO o.a.j.s.SaveService: Using SaveService properties file encoding UTF-8
2026-10-07 19:03:49,855 INFO o.a.j.s.SaveService: Loading file: /tests/s3.jmx
2026-10-07 19:03:49,895 INFO o.a.j.p.h.s.HTTPSamplerBase: Parser for text/html is org.apache.jmeter.protocol.http.parser.LagartoBasedHtmlParser
2026-10-07 19:03:49,895 INFO o.a.j.p.h.s.HTTPSamplerBase: Parser for application/xhtml+xml is org.apache.jmeter.protocol.http.parser.LagartoBasedHtmlParser
2026-10-07 19:03:49,895 INFO o.a.j.p.h.s.HTTPSamplerBase: Parser for application/xml is org.apache.jmeter.protocol.http.parser.LagartoBasedHtmlParser
2026-10-07 19:03:49,895 INFO o.a.j.p.h.s.HTTPSamplerBase: Parser for text/xml is org.apache.jmeter.protocol.http.parser.LagartoBasedHtmlParser
2026-10-07 19:03:49,895 INFO o.a.j.p.h.s.HTTPSamplerBase: Parser for text/vnd.wap.wml is org.apache.jmeter.protocol.http.parser.RegexpHTMLParser
2026-10-07 19:03:49,895 INFO o.a.j.p.h.s.HTTPSamplerBase: Parser for text/css is org.apache.jmeter.protocol.http.parser.CssParser
2026-10-07 19:03:49,930 INFO o.a.j.JMeter: Creating summariser <summary>
2026-10-07 19:03:49,945 INFO o.a.j.e.StandardJMeterEngine: Running the test!
2026-10-07 19:03:49,946 INFO o.a.j.s.SampleEvent: List of sample_variables: []
2026-10-07 19:03:49,946 INFO o.a.j.s.SampleEvent: List of sample_variables: []
2026-10-07 19:03:49,950 INFO o.a.j.e.u.CompoundVariable: Note: Function class names must contain the string: '.functions.'
2026-10-07 19:03:49,950 INFO o.a.j.e.u.CompoundVariable: Note: Function class names must not contain the string: '.gui.'
2026-10-07 19:03:50,148 INFO o.a.j.JMeter: Running test (1791399830148)
2026-10-07 19:03:50,149 INFO o.a.j.e.StandardJMeterEngine: Starting setUp thread groups
2026-10-07 19:03:50,149 INFO o.a.j.e.StandardJMeterEngine: Starting setUp ThreadGroup: 1 : setUp - login 
2026-10-07 19:03:50,150 INFO o.a.j.e.StandardJMeterEngine: Starting 1 threads for group setUp - login.
2026-10-07 19:03:50,150 INFO o.a.j.e.StandardJMeterEngine: Test will stop abruptly on error
2026-10-07 19:03:50,150 INFO o.a.j.t.ThreadGroup: Starting thread group... number=1 threads=1 ramp-up=1 delayedStart=false
2026-10-07 19:03:50,153 INFO o.a.j.t.ThreadGroup: Started thread group number 1
2026-10-07 19:03:50,153 INFO o.a.j.e.StandardJMeterEngine: Waiting for all setup thread groups to exit
2026-10-07 19:03:50,154 INFO o.a.j.t.JMeterThread: Thread started: setUp - login 1-1
2026-10-07 19:03:50,166 INFO o.a.j.p.h.s.HTTPHCAbstractImpl: Local host = 36fbc70f8b55
2026-10-07 19:03:50,170 INFO o.a.j.p.h.s.HTTPHC4Impl: HTTP request retry count = 0
2026-10-07 19:03:50,171 INFO o.a.j.s.SampleResult: Note: Sample TimeStamps are START times
2026-10-07 19:03:50,171 INFO o.a.j.s.SampleResult: sampleresult.default.encoding is set to UTF-8
2026-10-07 19:03:50,171 INFO o.a.j.s.SampleResult: sampleresult.useNanoTime=true
2026-10-07 19:03:50,171 INFO o.a.j.s.SampleResult: sampleresult.nanoThreadSleep=5000
2026-10-07 19:03:50,928 INFO o.a.j.t.JMeterThread: Thread is done: setUp - login 1-1
2026-10-07 19:03:50,929 INFO o.a.j.t.JMeterThread: Thread finished: setUp - login 1-1
2026-10-07 19:03:50,929 INFO o.a.j.e.StandardJMeterEngine: All Setup Threads have ended
2026-10-07 19:03:50,951 INFO o.a.j.e.StandardJMeterEngine: Starting ThreadGroup: 1 : S3
2026-10-07 19:03:50,952 INFO o.a.j.e.StandardJMeterEngine: Starting 4 threads for group S3.
2026-10-07 19:03:50,952 INFO o.a.j.e.StandardJMeterEngine: Thread will continue on error
2026-10-07 19:03:50,952 INFO o.a.j.t.ThreadGroup: Starting thread group... number=1 threads=4 ramp-up=10 delayedStart=false
2026-10-07 19:03:50,955 INFO o.a.j.t.JMeterThread: Thread started: S3 1-1
2026-10-07 19:03:50,957 INFO o.a.j.t.ThreadGroup: Started thread group number 1
2026-10-07 19:03:50,957 INFO o.a.j.e.StandardJMeterEngine: All thread groups have been started
2026-10-07 19:03:53,454 INFO o.a.j.t.JMeterThread: Thread started: S3 1-2
2026-10-07 19:03:55,953 INFO o.a.j.t.JMeterThread: Thread started: S3 1-3
2026-10-07 19:03:58,453 INFO o.a.j.t.JMeterThread: Thread started: S3 1-4
2026-10-07 19:04:00,001 INFO o.a.j.r.Summariser: summary +  12765 in 00:00:10 = 1295.7/s Avg:     1 Min:     1 Max:   312 Err:     0 (0.00%) Active: 4 Started: 4 Finished: 0
2026-10-07 19:04:30,000 INFO o.a.j.r.Summariser: summary +  81616 in 00:00:30 = 2720.5/s Avg:     1 Min:     1 Max:    35 Err:     0 (0.00%) Active: 4 Started: 4 Finished: 0
2026-10-07 19:04:30,000 INFO o.a.j.r.Summariser: summary =  94381 in 00:00:40 = 2368.3/s Avg:     1 Min:     1 Max:   312 Err:     0 (0.00%)
2026-10-07 19:04:50,952 INFO o.a.j.t.JMeterThread: Stopping because end time detected by thread: S3 1-1
2026-10-07 19:04:50,953 INFO o.a.j.t.JMeterThread: Thread finished: S3 1-1
2026-10-07 19:04:50,954 INFO o.a.j.t.JMeterThread: Stopping because end time detected by thread: S3 1-2
2026-10-07 19:04:50,954 INFO o.a.j.t.JMeterThread: Thread finished: S3 1-2
2026-10-07 19:04:50,955 INFO o.a.j.t.JMeterThread: Stopping because end time detected by thread: S3 1-3
2026-10-07 19:04:50,955 INFO o.a.j.t.JMeterThread: Thread finished: S3 1-3
2026-10-07 19:04:50,956 INFO o.a.j.t.JMeterThread: Stopping because end time detected by thread: S3 1-4
2026-10-07 19:04:50,956 INFO o.a.j.t.JMeterThread: Thread finished: S3 1-4
2026-10-07 19:04:50,956 INFO o.a.j.e.StandardJMeterEngine: Notifying test listeners of end of test
2026-10-07 19:04:50,958 INFO o.a.j.r.Summariser: summary +  59939 in 00:00:21 = 2860.0/s Avg:     1 Min:     1 Max:    16 Err:     0 (0.00%) Active: 0 Started: 4 Finished: 4
2026-10-07 19:04:50,958 INFO o.a.j.r.Summariser: summary = 154320 in 00:01:01 = 2537.7/s Avg:     1 Min:     1 Max:   312 Err:     0 (0.00%)
