2026-10-01 19:47:19,928 INFO o.a.j.u.JMeterUtils: Setting Locale to en_EN
2026-10-01 19:47:19,953 INFO o.a.j.JMeter: Loading user properties from: /opt/jmeter/bin/user.properties
2026-10-01 19:47:19,953 INFO o.a.j.JMeter: Loading system properties from: /opt/jmeter/bin/system.properties
2026-10-01 19:47:19,953 INFO o.a.j.JMeter: Loading additional properties from: /tests/run.properties
2026-10-01 19:47:19,954 INFO o.a.j.JMeter: Loading additional properties from: /tests/data/ranges.properties
2026-10-01 19:47:19,954 INFO o.a.j.JMeter: Setting JMeter property: host=laravel-nginx
2026-10-01 19:47:19,954 INFO o.a.j.JMeter: Setting JMeter property: port=80
2026-10-01 19:47:19,954 INFO o.a.j.JMeter: Setting JMeter property: rampup=10
2026-10-01 19:47:19,954 INFO o.a.j.JMeter: Setting JMeter property: endpoint=EP2
2026-10-01 19:47:19,954 INFO o.a.j.JMeter: Setting JMeter property: users=10
2026-10-01 19:47:19,954 INFO o.a.j.JMeter: Setting JMeter property: duration=20
2026-10-01 19:47:19,960 INFO o.a.j.JMeter: Copyright (c) 1998-2024 The Apache Software Foundation
2026-10-01 19:47:19,960 INFO o.a.j.JMeter: Version 5.6.3
2026-10-01 19:47:19,961 INFO o.a.j.JMeter: java.version=21.0.12.1
2026-10-01 19:47:19,961 INFO o.a.j.JMeter: java.vm.name=OpenJDK 64-Bit Server VM
2026-10-01 19:47:19,961 INFO o.a.j.JMeter: os.name=Linux
2026-10-01 19:47:19,961 INFO o.a.j.JMeter: os.arch=amd64
2026-10-01 19:47:19,961 INFO o.a.j.JMeter: os.version=6.6.87.2-microsoft-standard-WSL2
2026-10-01 19:47:19,961 INFO o.a.j.JMeter: file.encoding=UTF-8
2026-10-01 19:47:19,961 INFO o.a.j.JMeter: java.awt.headless=true
2026-10-01 19:47:19,962 INFO o.a.j.JMeter: Max memory     =2147483648
2026-10-01 19:47:19,962 INFO o.a.j.JMeter: Available Processors =12
2026-10-01 19:47:19,971 INFO o.a.j.JMeter: Default Locale=English (EN)
2026-10-01 19:47:19,972 INFO o.a.j.JMeter: JMeter  Locale=English (EN)
2026-10-01 19:47:19,972 INFO o.a.j.JMeter: JMeterHome=/opt/jmeter
2026-10-01 19:47:19,972 INFO o.a.j.JMeter: user.dir  =/tests
2026-10-01 19:47:19,972 INFO o.a.j.JMeter: PWD       =/tests
2026-10-01 19:47:19,972 INFO o.a.j.JMeter: IP: 172.19.0.5 Name: 8642cc7bd9f4 FullName: 8642cc7bd9f4
2026-10-01 19:47:19,984 INFO o.a.j.s.FileServer: Default base='/tests'
2026-10-01 19:47:19,985 INFO o.a.j.s.FileServer: Set new base='/tests'
2026-10-01 19:47:20,155 INFO o.a.j.s.SaveService: Testplan (JMX) version: 2.2. Testlog (JTL) version: 2.2
2026-10-01 19:47:20,181 INFO o.a.j.s.SaveService: Using SaveService properties version 5.0
2026-10-01 19:47:20,184 INFO o.a.j.s.SaveService: Using SaveService properties file encoding UTF-8
2026-10-01 19:47:20,187 INFO o.a.j.s.SaveService: Loading file: /tests/s1.jmx
2026-10-01 19:47:20,232 INFO o.a.j.p.h.s.HTTPSamplerBase: Parser for text/html is org.apache.jmeter.protocol.http.parser.LagartoBasedHtmlParser
2026-10-01 19:47:20,232 INFO o.a.j.p.h.s.HTTPSamplerBase: Parser for application/xhtml+xml is org.apache.jmeter.protocol.http.parser.LagartoBasedHtmlParser
2026-10-01 19:47:20,232 INFO o.a.j.p.h.s.HTTPSamplerBase: Parser for application/xml is org.apache.jmeter.protocol.http.parser.LagartoBasedHtmlParser
2026-10-01 19:47:20,232 INFO o.a.j.p.h.s.HTTPSamplerBase: Parser for text/xml is org.apache.jmeter.protocol.http.parser.LagartoBasedHtmlParser
2026-10-01 19:47:20,232 INFO o.a.j.p.h.s.HTTPSamplerBase: Parser for text/vnd.wap.wml is org.apache.jmeter.protocol.http.parser.RegexpHTMLParser
2026-10-01 19:47:20,233 INFO o.a.j.p.h.s.HTTPSamplerBase: Parser for text/css is org.apache.jmeter.protocol.http.parser.CssParser
2026-10-01 19:47:20,276 INFO o.a.j.JMeter: Creating summariser <summary>
2026-10-01 19:47:20,291 INFO o.a.j.e.StandardJMeterEngine: Running the test!
2026-10-01 19:47:20,292 INFO o.a.j.s.SampleEvent: List of sample_variables: []
2026-10-01 19:47:20,292 INFO o.a.j.s.SampleEvent: List of sample_variables: []
2026-10-01 19:47:20,295 INFO o.a.j.e.u.CompoundVariable: Note: Function class names must contain the string: '.functions.'
2026-10-01 19:47:20,296 INFO o.a.j.e.u.CompoundVariable: Note: Function class names must not contain the string: '.gui.'
2026-10-01 19:47:20,505 INFO o.a.j.JMeter: Running test (1790884040505)
2026-10-01 19:47:20,507 INFO o.a.j.e.StandardJMeterEngine: Starting setUp thread groups
2026-10-01 19:47:20,507 INFO o.a.j.e.StandardJMeterEngine: Starting setUp ThreadGroup: 1 : setUp - login 
2026-10-01 19:47:20,507 INFO o.a.j.e.StandardJMeterEngine: Starting 1 threads for group setUp - login.
2026-10-01 19:47:20,507 INFO o.a.j.e.StandardJMeterEngine: Test will stop abruptly on error
2026-10-01 19:47:20,507 INFO o.a.j.t.ThreadGroup: Starting thread group... number=1 threads=1 ramp-up=1 delayedStart=false
2026-10-01 19:47:20,511 INFO o.a.j.t.ThreadGroup: Started thread group number 1
2026-10-01 19:47:20,511 INFO o.a.j.e.StandardJMeterEngine: Waiting for all setup thread groups to exit
2026-10-01 19:47:20,512 INFO o.a.j.t.JMeterThread: Thread started: setUp - login 1-1
2026-10-01 19:47:20,526 INFO o.a.j.p.h.s.HTTPHCAbstractImpl: Local host = 8642cc7bd9f4
2026-10-01 19:47:20,531 INFO o.a.j.p.h.s.HTTPHC4Impl: HTTP request retry count = 0
2026-10-01 19:47:20,532 INFO o.a.j.s.SampleResult: Note: Sample TimeStamps are START times
2026-10-01 19:47:20,532 INFO o.a.j.s.SampleResult: sampleresult.default.encoding is set to UTF-8
2026-10-01 19:47:20,532 INFO o.a.j.s.SampleResult: sampleresult.useNanoTime=true
2026-10-01 19:47:20,532 INFO o.a.j.s.SampleResult: sampleresult.nanoThreadSleep=5000
2026-10-01 19:47:21,279 INFO o.a.j.t.JMeterThread: Thread is done: setUp - login 1-1
2026-10-01 19:47:21,280 INFO o.a.j.t.JMeterThread: Thread finished: setUp - login 1-1
2026-10-01 19:47:21,281 INFO o.a.j.e.StandardJMeterEngine: All Setup Threads have ended
2026-10-01 19:47:21,302 INFO o.a.j.e.StandardJMeterEngine: Starting ThreadGroup: 1 : S1
2026-10-01 19:47:21,302 INFO o.a.j.e.StandardJMeterEngine: Starting 10 threads for group S1.
2026-10-01 19:47:21,302 INFO o.a.j.e.StandardJMeterEngine: Thread will continue on error
2026-10-01 19:47:21,303 INFO o.a.j.t.ThreadGroup: Starting thread group... number=1 threads=10 ramp-up=10 delayedStart=false
2026-10-01 19:47:21,305 INFO o.a.j.t.JMeterThread: Thread started: S1 1-1
2026-10-01 19:47:21,312 INFO o.a.j.t.ThreadGroup: Started thread group number 1
2026-10-01 19:47:21,313 INFO o.a.j.e.StandardJMeterEngine: All thread groups have been started
2026-10-01 19:47:22,305 INFO o.a.j.t.JMeterThread: Thread started: S1 1-2
2026-10-01 19:47:23,306 INFO o.a.j.t.JMeterThread: Thread started: S1 1-3
2026-10-01 19:47:24,304 INFO o.a.j.t.JMeterThread: Thread started: S1 1-4
2026-10-01 19:47:25,305 INFO o.a.j.t.JMeterThread: Thread started: S1 1-5
2026-10-01 19:47:26,304 INFO o.a.j.t.JMeterThread: Thread started: S1 1-6
2026-10-01 19:47:27,304 INFO o.a.j.t.JMeterThread: Thread started: S1 1-7
2026-10-01 19:47:28,305 INFO o.a.j.t.JMeterThread: Thread started: S1 1-8
2026-10-01 19:47:29,304 INFO o.a.j.t.JMeterThread: Thread started: S1 1-9
2026-10-01 19:47:30,014 INFO o.a.j.r.Summariser: summary +   1505 in 00:00:10 =  158.3/s Avg:    33 Min:    18 Max:   222 Err:     0 (0.00%) Active: 9 Started: 9 Finished: 0
2026-10-01 19:47:30,305 INFO o.a.j.t.JMeterThread: Thread started: S1 1-10
2026-10-01 19:47:41,310 INFO o.a.j.t.JMeterThread: Stopping because end time detected by thread: S1 1-8
2026-10-01 19:47:41,311 INFO o.a.j.t.JMeterThread: Thread finished: S1 1-8
2026-10-01 19:47:41,310 INFO o.a.j.t.JMeterThread: Stopping because end time detected by thread: S1 1-6
2026-10-01 19:47:41,311 INFO o.a.j.t.JMeterThread: Thread finished: S1 1-6
2026-10-01 19:47:41,312 INFO o.a.j.t.JMeterThread: Stopping because end time detected by thread: S1 1-1
2026-10-01 19:47:41,312 INFO o.a.j.t.JMeterThread: Thread finished: S1 1-1
2026-10-01 19:47:41,315 INFO o.a.j.t.JMeterThread: Stopping because end time detected by thread: S1 1-3
2026-10-01 19:47:41,315 INFO o.a.j.t.JMeterThread: Thread finished: S1 1-3
2026-10-01 19:47:41,332 INFO o.a.j.t.JMeterThread: Stopping because end time detected by thread: S1 1-5
2026-10-01 19:47:41,332 INFO o.a.j.t.JMeterThread: Thread finished: S1 1-5
2026-10-01 19:47:41,333 INFO o.a.j.t.JMeterThread: Stopping because end time detected by thread: S1 1-9
2026-10-01 19:47:41,333 INFO o.a.j.t.JMeterThread: Thread finished: S1 1-9
2026-10-01 19:47:41,335 INFO o.a.j.t.JMeterThread: Stopping because end time detected by thread: S1 1-4
2026-10-01 19:47:41,335 INFO o.a.j.t.JMeterThread: Thread finished: S1 1-4
2026-10-01 19:47:41,335 INFO o.a.j.t.JMeterThread: Stopping because end time detected by thread: S1 1-7
2026-10-01 19:47:41,336 INFO o.a.j.t.JMeterThread: Thread finished: S1 1-7
2026-10-01 19:47:41,352 INFO o.a.j.t.JMeterThread: Stopping because end time detected by thread: S1 1-10
2026-10-01 19:47:41,352 INFO o.a.j.t.JMeterThread: Thread finished: S1 1-10
2026-10-01 19:47:41,353 INFO o.a.j.t.JMeterThread: Stopping because end time detected by thread: S1 1-2
2026-10-01 19:47:41,353 INFO o.a.j.t.JMeterThread: Thread finished: S1 1-2
2026-10-01 19:47:41,353 INFO o.a.j.e.StandardJMeterEngine: Notifying test listeners of end of test
2026-10-01 19:47:41,357 INFO o.a.j.r.Summariser: summary +   2024 in 00:00:11 =  178.4/s Avg:    55 Min:    38 Max:   107 Err:     0 (0.00%) Active: 0 Started: 10 Finished: 10
2026-10-01 19:47:41,357 INFO o.a.j.r.Summariser: summary =   3529 in 00:00:21 =  169.2/s Avg:    46 Min:    18 Max:   222 Err:     0 (0.00%)
