2026-10-07 19:56:55,904 INFO o.a.j.u.JMeterUtils: Setting Locale to en_EN
2026-10-07 19:56:55,928 INFO o.a.j.JMeter: Loading user properties from: /opt/jmeter/bin/user.properties
2026-10-07 19:56:55,929 INFO o.a.j.JMeter: Loading system properties from: /opt/jmeter/bin/system.properties
2026-10-07 19:56:55,929 INFO o.a.j.JMeter: Loading additional properties from: /tests/run.properties
2026-10-07 19:56:55,929 INFO o.a.j.JMeter: Loading additional properties from: /tests/data/ranges.properties
2026-10-07 19:56:55,930 INFO o.a.j.JMeter: Setting JMeter property: host=laravel-nginx
2026-10-07 19:56:55,930 INFO o.a.j.JMeter: Setting JMeter property: port=80
2026-10-07 19:56:55,930 INFO o.a.j.JMeter: Setting JMeter property: rampup=10
2026-10-07 19:56:55,930 INFO o.a.j.JMeter: Setting JMeter property: endpoint=EP6
2026-10-07 19:56:55,930 INFO o.a.j.JMeter: Setting JMeter property: users=1
2026-10-07 19:56:55,930 INFO o.a.j.JMeter: Setting JMeter property: duration=60
2026-10-07 19:56:55,936 INFO o.a.j.JMeter: Copyright (c) 1998-2024 The Apache Software Foundation
2026-10-07 19:56:55,936 INFO o.a.j.JMeter: Version 5.6.3
2026-10-07 19:56:55,936 INFO o.a.j.JMeter: java.version=21.0.12.1
2026-10-07 19:56:55,936 INFO o.a.j.JMeter: java.vm.name=OpenJDK 64-Bit Server VM
2026-10-07 19:56:55,936 INFO o.a.j.JMeter: os.name=Linux
2026-10-07 19:56:55,936 INFO o.a.j.JMeter: os.arch=amd64
2026-10-07 19:56:55,936 INFO o.a.j.JMeter: os.version=6.6.87.2-microsoft-standard-WSL2
2026-10-07 19:56:55,936 INFO o.a.j.JMeter: file.encoding=UTF-8
2026-10-07 19:56:55,936 INFO o.a.j.JMeter: java.awt.headless=true
2026-10-07 19:56:55,936 INFO o.a.j.JMeter: Max memory     =4294967296
2026-10-07 19:56:55,937 INFO o.a.j.JMeter: Available Processors =12
2026-10-07 19:56:55,945 INFO o.a.j.JMeter: Default Locale=English (EN)
2026-10-07 19:56:55,945 INFO o.a.j.JMeter: JMeter  Locale=English (EN)
2026-10-07 19:56:55,946 INFO o.a.j.JMeter: JMeterHome=/opt/jmeter
2026-10-07 19:56:55,946 INFO o.a.j.JMeter: user.dir  =/tests
2026-10-07 19:56:55,946 INFO o.a.j.JMeter: PWD       =/tests
2026-10-07 19:56:55,946 INFO o.a.j.JMeter: IP: 172.19.0.5 Name: 4094645b6e59 FullName: 4094645b6e59
2026-10-07 19:56:55,957 INFO o.a.j.s.FileServer: Default base='/tests'
2026-10-07 19:56:55,958 INFO o.a.j.s.FileServer: Set new base='/tests'
2026-10-07 19:56:56,117 INFO o.a.j.s.SaveService: Testplan (JMX) version: 2.2. Testlog (JTL) version: 2.2
2026-10-07 19:56:56,142 INFO o.a.j.s.SaveService: Using SaveService properties version 5.0
2026-10-07 19:56:56,145 INFO o.a.j.s.SaveService: Using SaveService properties file encoding UTF-8
2026-10-07 19:56:56,149 INFO o.a.j.s.SaveService: Loading file: /tests/s3.jmx
2026-10-07 19:56:56,196 INFO o.a.j.p.h.s.HTTPSamplerBase: Parser for text/html is org.apache.jmeter.protocol.http.parser.LagartoBasedHtmlParser
2026-10-07 19:56:56,197 INFO o.a.j.p.h.s.HTTPSamplerBase: Parser for application/xhtml+xml is org.apache.jmeter.protocol.http.parser.LagartoBasedHtmlParser
2026-10-07 19:56:56,197 INFO o.a.j.p.h.s.HTTPSamplerBase: Parser for application/xml is org.apache.jmeter.protocol.http.parser.LagartoBasedHtmlParser
2026-10-07 19:56:56,197 INFO o.a.j.p.h.s.HTTPSamplerBase: Parser for text/xml is org.apache.jmeter.protocol.http.parser.LagartoBasedHtmlParser
2026-10-07 19:56:56,197 INFO o.a.j.p.h.s.HTTPSamplerBase: Parser for text/vnd.wap.wml is org.apache.jmeter.protocol.http.parser.RegexpHTMLParser
2026-10-07 19:56:56,197 INFO o.a.j.p.h.s.HTTPSamplerBase: Parser for text/css is org.apache.jmeter.protocol.http.parser.CssParser
2026-10-07 19:56:56,238 INFO o.a.j.JMeter: Creating summariser <summary>
2026-10-07 19:56:56,253 INFO o.a.j.e.StandardJMeterEngine: Running the test!
2026-10-07 19:56:56,254 INFO o.a.j.s.SampleEvent: List of sample_variables: []
2026-10-07 19:56:56,254 INFO o.a.j.s.SampleEvent: List of sample_variables: []
2026-10-07 19:56:56,258 INFO o.a.j.e.u.CompoundVariable: Note: Function class names must contain the string: '.functions.'
2026-10-07 19:56:56,258 INFO o.a.j.e.u.CompoundVariable: Note: Function class names must not contain the string: '.gui.'
2026-10-07 19:56:56,470 INFO o.a.j.JMeter: Running test (1791403016470)
2026-10-07 19:56:56,471 INFO o.a.j.e.StandardJMeterEngine: Starting setUp thread groups
2026-10-07 19:56:56,471 INFO o.a.j.e.StandardJMeterEngine: Starting setUp ThreadGroup: 1 : setUp - login 
2026-10-07 19:56:56,471 INFO o.a.j.e.StandardJMeterEngine: Starting 1 threads for group setUp - login.
2026-10-07 19:56:56,471 INFO o.a.j.e.StandardJMeterEngine: Test will stop abruptly on error
2026-10-07 19:56:56,471 INFO o.a.j.t.ThreadGroup: Starting thread group... number=1 threads=1 ramp-up=1 delayedStart=false
2026-10-07 19:56:56,474 INFO o.a.j.t.ThreadGroup: Started thread group number 1
2026-10-07 19:56:56,475 INFO o.a.j.e.StandardJMeterEngine: Waiting for all setup thread groups to exit
2026-10-07 19:56:56,476 INFO o.a.j.t.JMeterThread: Thread started: setUp - login 1-1
2026-10-07 19:56:56,487 INFO o.a.j.p.h.s.HTTPHCAbstractImpl: Local host = 4094645b6e59
2026-10-07 19:56:56,491 INFO o.a.j.p.h.s.HTTPHC4Impl: HTTP request retry count = 0
2026-10-07 19:56:56,492 INFO o.a.j.s.SampleResult: Note: Sample TimeStamps are START times
2026-10-07 19:56:56,492 INFO o.a.j.s.SampleResult: sampleresult.default.encoding is set to UTF-8
2026-10-07 19:56:56,493 INFO o.a.j.s.SampleResult: sampleresult.useNanoTime=true
2026-10-07 19:56:56,493 INFO o.a.j.s.SampleResult: sampleresult.nanoThreadSleep=5000
2026-10-07 19:56:57,171 INFO o.a.j.t.JMeterThread: Thread is done: setUp - login 1-1
2026-10-07 19:56:57,171 INFO o.a.j.t.JMeterThread: Thread finished: setUp - login 1-1
2026-10-07 19:56:57,172 INFO o.a.j.e.StandardJMeterEngine: All Setup Threads have ended
2026-10-07 19:56:57,195 INFO o.a.j.e.StandardJMeterEngine: Starting ThreadGroup: 1 : S3
2026-10-07 19:56:57,195 INFO o.a.j.e.StandardJMeterEngine: Starting 1 threads for group S3.
2026-10-07 19:56:57,195 INFO o.a.j.e.StandardJMeterEngine: Thread will continue on error
2026-10-07 19:56:57,195 INFO o.a.j.t.ThreadGroup: Starting thread group... number=1 threads=1 ramp-up=10 delayedStart=false
2026-10-07 19:56:57,197 INFO o.a.j.t.ThreadGroup: Started thread group number 1
2026-10-07 19:56:57,197 INFO o.a.j.e.StandardJMeterEngine: All thread groups have been started
2026-10-07 19:56:57,198 INFO o.a.j.t.JMeterThread: Thread started: S3 1-1
2026-10-07 19:57:00,011 INFO o.a.j.r.Summariser: summary +     24 in 00:00:04 =    6.8/s Avg:   124 Min:   115 Max:   200 Err:     0 (0.00%) Active: 1 Started: 1 Finished: 0
2026-10-07 19:57:30,046 INFO o.a.j.r.Summariser: summary +    243 in 00:00:30 =    8.1/s Avg:   122 Min:   114 Max:   190 Err:     0 (0.00%) Active: 1 Started: 1 Finished: 0
2026-10-07 19:57:30,046 INFO o.a.j.r.Summariser: summary =    267 in 00:00:34 =    8.0/s Avg:   122 Min:   114 Max:   200 Err:     0 (0.00%)
2026-10-07 19:57:57,218 INFO o.a.j.t.JMeterThread: Stopping because end time detected by thread: S3 1-1
2026-10-07 19:57:57,218 INFO o.a.j.t.JMeterThread: Thread finished: S3 1-1
2026-10-07 19:57:57,218 INFO o.a.j.e.StandardJMeterEngine: Notifying test listeners of end of test
2026-10-07 19:57:57,221 INFO o.a.j.r.Summariser: summary +    222 in 00:00:27 =    8.2/s Avg:   121 Min:   112 Max:   212 Err:     0 (0.00%) Active: 0 Started: 1 Finished: 1
2026-10-07 19:57:57,221 INFO o.a.j.r.Summariser: summary =    489 in 00:01:01 =    8.0/s Avg:   122 Min:   112 Max:   212 Err:     0 (0.00%)
