2026-10-01 20:41:00,021 INFO o.a.j.u.JMeterUtils: Setting Locale to en_EN
2026-10-01 20:41:00,043 INFO o.a.j.JMeter: Loading user properties from: /opt/jmeter/bin/user.properties
2026-10-01 20:41:00,043 INFO o.a.j.JMeter: Loading system properties from: /opt/jmeter/bin/system.properties
2026-10-01 20:41:00,044 INFO o.a.j.JMeter: Loading additional properties from: /tests/run.properties
2026-10-01 20:41:00,044 INFO o.a.j.JMeter: Loading additional properties from: /tests/data/ranges.properties
2026-10-01 20:41:00,044 INFO o.a.j.JMeter: Setting JMeter property: host=nestjs-nginx
2026-10-01 20:41:00,044 INFO o.a.j.JMeter: Setting JMeter property: port=80
2026-10-01 20:41:00,044 INFO o.a.j.JMeter: Setting JMeter property: rampup=10
2026-10-01 20:41:00,044 INFO o.a.j.JMeter: Setting JMeter property: endpoint=EP7
2026-10-01 20:41:00,044 INFO o.a.j.JMeter: Setting JMeter property: users=10
2026-10-01 20:41:00,045 INFO o.a.j.JMeter: Setting JMeter property: duration=20
2026-10-01 20:41:00,045 INFO o.a.j.JMeter: Setting JMeter property: ep9.start=2026-10-21
2026-10-01 20:41:00,045 INFO o.a.j.JMeter: Setting JMeter property: ep9.offset=100000000
2026-10-01 20:41:00,050 INFO o.a.j.JMeter: Copyright (c) 1998-2024 The Apache Software Foundation
2026-10-01 20:41:00,051 INFO o.a.j.JMeter: Version 5.6.3
2026-10-01 20:41:00,051 INFO o.a.j.JMeter: java.version=21.0.12.1
2026-10-01 20:41:00,051 INFO o.a.j.JMeter: java.vm.name=OpenJDK 64-Bit Server VM
2026-10-01 20:41:00,051 INFO o.a.j.JMeter: os.name=Linux
2026-10-01 20:41:00,051 INFO o.a.j.JMeter: os.arch=amd64
2026-10-01 20:41:00,051 INFO o.a.j.JMeter: os.version=6.6.87.2-microsoft-standard-WSL2
2026-10-01 20:41:00,051 INFO o.a.j.JMeter: file.encoding=UTF-8
2026-10-01 20:41:00,051 INFO o.a.j.JMeter: java.awt.headless=true
2026-10-01 20:41:00,051 INFO o.a.j.JMeter: Max memory     =4294967296
2026-10-01 20:41:00,052 INFO o.a.j.JMeter: Available Processors =12
2026-10-01 20:41:00,059 INFO o.a.j.JMeter: Default Locale=English (EN)
2026-10-01 20:41:00,059 INFO o.a.j.JMeter: JMeter  Locale=English (EN)
2026-10-01 20:41:00,059 INFO o.a.j.JMeter: JMeterHome=/opt/jmeter
2026-10-01 20:41:00,059 INFO o.a.j.JMeter: user.dir  =/tests
2026-10-01 20:41:00,059 INFO o.a.j.JMeter: PWD       =/tests
2026-10-01 20:41:00,059 INFO o.a.j.JMeter: IP: 172.19.0.5 Name: 77d275aa49d9 FullName: 77d275aa49d9
2026-10-01 20:41:00,069 INFO o.a.j.s.FileServer: Default base='/tests'
2026-10-01 20:41:00,070 INFO o.a.j.s.FileServer: Set new base='/tests'
2026-10-01 20:41:00,226 INFO o.a.j.s.SaveService: Testplan (JMX) version: 2.2. Testlog (JTL) version: 2.2
2026-10-01 20:41:00,249 INFO o.a.j.s.SaveService: Using SaveService properties version 5.0
2026-10-01 20:41:00,252 INFO o.a.j.s.SaveService: Using SaveService properties file encoding UTF-8
2026-10-01 20:41:00,255 INFO o.a.j.s.SaveService: Loading file: /tests/s2.jmx
2026-10-01 20:41:00,297 INFO o.a.j.p.h.s.HTTPSamplerBase: Parser for text/html is org.apache.jmeter.protocol.http.parser.LagartoBasedHtmlParser
2026-10-01 20:41:00,297 INFO o.a.j.p.h.s.HTTPSamplerBase: Parser for application/xhtml+xml is org.apache.jmeter.protocol.http.parser.LagartoBasedHtmlParser
2026-10-01 20:41:00,298 INFO o.a.j.p.h.s.HTTPSamplerBase: Parser for application/xml is org.apache.jmeter.protocol.http.parser.LagartoBasedHtmlParser
2026-10-01 20:41:00,298 INFO o.a.j.p.h.s.HTTPSamplerBase: Parser for text/xml is org.apache.jmeter.protocol.http.parser.LagartoBasedHtmlParser
2026-10-01 20:41:00,298 INFO o.a.j.p.h.s.HTTPSamplerBase: Parser for text/vnd.wap.wml is org.apache.jmeter.protocol.http.parser.RegexpHTMLParser
2026-10-01 20:41:00,298 INFO o.a.j.p.h.s.HTTPSamplerBase: Parser for text/css is org.apache.jmeter.protocol.http.parser.CssParser
2026-10-01 20:41:00,346 INFO o.a.j.JMeter: Creating summariser <summary>
2026-10-01 20:41:00,360 INFO o.a.j.e.StandardJMeterEngine: Running the test!
2026-10-01 20:41:00,361 INFO o.a.j.s.SampleEvent: List of sample_variables: []
2026-10-01 20:41:00,361 INFO o.a.j.s.SampleEvent: List of sample_variables: []
2026-10-01 20:41:00,364 INFO o.a.j.e.u.CompoundVariable: Note: Function class names must contain the string: '.functions.'
2026-10-01 20:41:00,364 INFO o.a.j.e.u.CompoundVariable: Note: Function class names must not contain the string: '.gui.'
2026-10-01 20:41:00,574 INFO o.a.j.JMeter: Running test (1790887260574)
2026-10-01 20:41:00,575 INFO o.a.j.e.StandardJMeterEngine: Starting setUp thread groups
2026-10-01 20:41:00,575 INFO o.a.j.e.StandardJMeterEngine: Starting setUp ThreadGroup: 1 : setUp - login 
2026-10-01 20:41:00,575 INFO o.a.j.e.StandardJMeterEngine: Starting 1 threads for group setUp - login.
2026-10-01 20:41:00,575 INFO o.a.j.e.StandardJMeterEngine: Test will stop abruptly on error
2026-10-01 20:41:00,575 INFO o.a.j.t.ThreadGroup: Starting thread group... number=1 threads=1 ramp-up=1 delayedStart=false
2026-10-01 20:41:00,578 INFO o.a.j.t.ThreadGroup: Started thread group number 1
2026-10-01 20:41:00,578 INFO o.a.j.e.StandardJMeterEngine: Waiting for all setup thread groups to exit
2026-10-01 20:41:00,580 INFO o.a.j.t.JMeterThread: Thread started: setUp - login 1-1
2026-10-01 20:41:00,591 INFO o.a.j.p.h.s.HTTPHCAbstractImpl: Local host = 77d275aa49d9
2026-10-01 20:41:00,596 INFO o.a.j.p.h.s.HTTPHC4Impl: HTTP request retry count = 0
2026-10-01 20:41:00,597 INFO o.a.j.s.SampleResult: Note: Sample TimeStamps are START times
2026-10-01 20:41:00,597 INFO o.a.j.s.SampleResult: sampleresult.default.encoding is set to UTF-8
2026-10-01 20:41:00,597 INFO o.a.j.s.SampleResult: sampleresult.useNanoTime=true
2026-10-01 20:41:00,597 INFO o.a.j.s.SampleResult: sampleresult.nanoThreadSleep=5000
2026-10-01 20:41:01,307 INFO o.a.j.r.Summariser: summary +      1 in 00:00:01 =    1.4/s Avg:   273 Min:   273 Max:   273 Err:     0 (0.00%) Active: 1 Started: 1 Finished: 0
2026-10-01 20:41:01,307 INFO o.a.j.t.JMeterThread: Thread is done: setUp - login 1-1
2026-10-01 20:41:01,308 INFO o.a.j.t.JMeterThread: Thread finished: setUp - login 1-1
2026-10-01 20:41:01,308 INFO o.a.j.e.StandardJMeterEngine: All Setup Threads have ended
2026-10-01 20:41:01,331 INFO o.a.j.e.StandardJMeterEngine: Starting ThreadGroup: 1 : S2
2026-10-01 20:41:01,332 INFO o.a.j.e.StandardJMeterEngine: Starting 10 threads for group S2.
2026-10-01 20:41:01,332 INFO o.a.j.e.StandardJMeterEngine: Thread will continue on error
2026-10-01 20:41:01,332 INFO o.a.j.t.ThreadGroup: Starting thread group... number=1 threads=10 ramp-up=10 delayedStart=false
2026-10-01 20:41:01,342 INFO o.a.j.t.ThreadGroup: Started thread group number 1
2026-10-01 20:41:01,342 INFO o.a.j.e.StandardJMeterEngine: All thread groups have been started
2026-10-01 20:41:01,342 INFO o.a.j.t.JMeterThread: Thread started: S2 1-1
2026-10-01 20:41:01,343 INFO o.a.j.s.FileServer: Stored: /tests/data/available_menu_items.csv
2026-10-01 20:41:02,342 INFO o.a.j.t.JMeterThread: Thread started: S2 1-2
2026-10-01 20:41:03,341 INFO o.a.j.t.JMeterThread: Thread started: S2 1-3
2026-10-01 20:41:04,340 INFO o.a.j.t.JMeterThread: Thread started: S2 1-4
2026-10-01 20:41:05,339 INFO o.a.j.t.JMeterThread: Thread started: S2 1-5
2026-10-01 20:41:06,337 INFO o.a.j.t.JMeterThread: Thread started: S2 1-6
2026-10-01 20:41:07,337 INFO o.a.j.t.JMeterThread: Thread started: S2 1-7
2026-10-01 20:41:08,336 INFO o.a.j.t.JMeterThread: Thread started: S2 1-8
2026-10-01 20:41:09,335 INFO o.a.j.t.JMeterThread: Thread started: S2 1-9
2026-10-01 20:41:10,334 INFO o.a.j.t.JMeterThread: Thread started: S2 1-10
2026-10-01 20:41:21,335 INFO o.a.j.t.JMeterThread: Stopping because end time detected by thread: S2 1-2
2026-10-01 20:41:21,336 INFO o.a.j.t.JMeterThread: Thread finished: S2 1-2
2026-10-01 20:41:21,338 INFO o.a.j.t.JMeterThread: Stopping because end time detected by thread: S2 1-3
2026-10-01 20:41:21,338 INFO o.a.j.t.JMeterThread: Thread finished: S2 1-3
2026-10-01 20:41:21,339 INFO o.a.j.t.JMeterThread: Stopping because end time detected by thread: S2 1-1
2026-10-01 20:41:21,339 INFO o.a.j.t.JMeterThread: Stopping because end time detected by thread: S2 1-5
2026-10-01 20:41:21,340 INFO o.a.j.t.JMeterThread: Thread finished: S2 1-1
2026-10-01 20:41:21,340 INFO o.a.j.t.JMeterThread: Thread finished: S2 1-5
2026-10-01 20:41:21,341 INFO o.a.j.t.JMeterThread: Stopping because end time detected by thread: S2 1-6
2026-10-01 20:41:21,341 INFO o.a.j.t.JMeterThread: Thread finished: S2 1-6
2026-10-01 20:41:21,343 INFO o.a.j.t.JMeterThread: Stopping because end time detected by thread: S2 1-4
2026-10-01 20:41:21,343 INFO o.a.j.t.JMeterThread: Thread finished: S2 1-4
2026-10-01 20:41:21,344 INFO o.a.j.t.JMeterThread: Stopping because end time detected by thread: S2 1-8
2026-10-01 20:41:21,344 INFO o.a.j.t.JMeterThread: Stopping because end time detected by thread: S2 1-10
2026-10-01 20:41:21,344 INFO o.a.j.t.JMeterThread: Thread finished: S2 1-8
2026-10-01 20:41:21,344 INFO o.a.j.t.JMeterThread: Thread finished: S2 1-10
2026-10-01 20:41:21,346 INFO o.a.j.t.JMeterThread: Stopping because end time detected by thread: S2 1-9
2026-10-01 20:41:21,346 INFO o.a.j.t.JMeterThread: Thread finished: S2 1-9
2026-10-01 20:41:21,347 INFO o.a.j.t.JMeterThread: Stopping because end time detected by thread: S2 1-7
2026-10-01 20:41:21,347 INFO o.a.j.t.JMeterThread: Thread finished: S2 1-7
2026-10-01 20:41:21,347 INFO o.a.j.e.StandardJMeterEngine: Notifying test listeners of end of test
2026-10-01 20:41:21,347 INFO o.a.j.s.FileServer: Close: /tests/data/available_menu_items.csv
2026-10-01 20:41:21,350 INFO o.a.j.r.Summariser: summary +  14461 in 00:00:20 =  721.5/s Avg:    10 Min:     4 Max:    33 Err:     0 (0.00%) Active: 0 Started: 10 Finished: 10
2026-10-01 20:41:21,350 INFO o.a.j.r.Summariser: summary =  14462 in 00:00:21 =  696.1/s Avg:    10 Min:     4 Max:   273 Err:     0 (0.00%)
