2026-10-01 20:40:45,172 INFO o.a.j.u.JMeterUtils: Setting Locale to en_EN
2026-10-01 20:40:45,194 INFO o.a.j.JMeter: Loading user properties from: /opt/jmeter/bin/user.properties
2026-10-01 20:40:45,194 INFO o.a.j.JMeter: Loading system properties from: /opt/jmeter/bin/system.properties
2026-10-01 20:40:45,194 INFO o.a.j.JMeter: Loading additional properties from: /tests/run.properties
2026-10-01 20:40:45,194 INFO o.a.j.JMeter: Loading additional properties from: /tests/data/ranges.properties
2026-10-01 20:40:45,194 INFO o.a.j.JMeter: Setting JMeter property: host=nestjs-nginx
2026-10-01 20:40:45,195 INFO o.a.j.JMeter: Setting JMeter property: port=80
2026-10-01 20:40:45,195 INFO o.a.j.JMeter: Setting JMeter property: rampup=10
2026-10-01 20:40:45,195 INFO o.a.j.JMeter: Setting JMeter property: endpoint=EP7
2026-10-01 20:40:45,195 INFO o.a.j.JMeter: Setting JMeter property: users=10
2026-10-01 20:40:45,195 INFO o.a.j.JMeter: Setting JMeter property: duration=10
2026-10-01 20:40:45,195 INFO o.a.j.JMeter: Setting JMeter property: ep9.start=2026-10-21
2026-10-01 20:40:45,195 INFO o.a.j.JMeter: Setting JMeter property: ep9.offset=0
2026-10-01 20:40:45,200 INFO o.a.j.JMeter: Copyright (c) 1998-2024 The Apache Software Foundation
2026-10-01 20:40:45,200 INFO o.a.j.JMeter: Version 5.6.3
2026-10-01 20:40:45,200 INFO o.a.j.JMeter: java.version=21.0.12.1
2026-10-01 20:40:45,200 INFO o.a.j.JMeter: java.vm.name=OpenJDK 64-Bit Server VM
2026-10-01 20:40:45,200 INFO o.a.j.JMeter: os.name=Linux
2026-10-01 20:40:45,200 INFO o.a.j.JMeter: os.arch=amd64
2026-10-01 20:40:45,200 INFO o.a.j.JMeter: os.version=6.6.87.2-microsoft-standard-WSL2
2026-10-01 20:40:45,200 INFO o.a.j.JMeter: file.encoding=UTF-8
2026-10-01 20:40:45,200 INFO o.a.j.JMeter: java.awt.headless=true
2026-10-01 20:40:45,201 INFO o.a.j.JMeter: Max memory     =4294967296
2026-10-01 20:40:45,201 INFO o.a.j.JMeter: Available Processors =12
2026-10-01 20:40:45,208 INFO o.a.j.JMeter: Default Locale=English (EN)
2026-10-01 20:40:45,208 INFO o.a.j.JMeter: JMeter  Locale=English (EN)
2026-10-01 20:40:45,208 INFO o.a.j.JMeter: JMeterHome=/opt/jmeter
2026-10-01 20:40:45,208 INFO o.a.j.JMeter: user.dir  =/tests
2026-10-01 20:40:45,209 INFO o.a.j.JMeter: PWD       =/tests
2026-10-01 20:40:45,209 INFO o.a.j.JMeter: IP: 172.19.0.5 Name: 6e2f73de32cf FullName: 6e2f73de32cf
2026-10-01 20:40:45,219 INFO o.a.j.s.FileServer: Default base='/tests'
2026-10-01 20:40:45,220 INFO o.a.j.s.FileServer: Set new base='/tests'
2026-10-01 20:40:45,383 INFO o.a.j.s.SaveService: Testplan (JMX) version: 2.2. Testlog (JTL) version: 2.2
2026-10-01 20:40:45,406 INFO o.a.j.s.SaveService: Using SaveService properties version 5.0
2026-10-01 20:40:45,409 INFO o.a.j.s.SaveService: Using SaveService properties file encoding UTF-8
2026-10-01 20:40:45,412 INFO o.a.j.s.SaveService: Loading file: /tests/s2.jmx
2026-10-01 20:40:45,456 INFO o.a.j.p.h.s.HTTPSamplerBase: Parser for text/html is org.apache.jmeter.protocol.http.parser.LagartoBasedHtmlParser
2026-10-01 20:40:45,456 INFO o.a.j.p.h.s.HTTPSamplerBase: Parser for application/xhtml+xml is org.apache.jmeter.protocol.http.parser.LagartoBasedHtmlParser
2026-10-01 20:40:45,456 INFO o.a.j.p.h.s.HTTPSamplerBase: Parser for application/xml is org.apache.jmeter.protocol.http.parser.LagartoBasedHtmlParser
2026-10-01 20:40:45,457 INFO o.a.j.p.h.s.HTTPSamplerBase: Parser for text/xml is org.apache.jmeter.protocol.http.parser.LagartoBasedHtmlParser
2026-10-01 20:40:45,457 INFO o.a.j.p.h.s.HTTPSamplerBase: Parser for text/vnd.wap.wml is org.apache.jmeter.protocol.http.parser.RegexpHTMLParser
2026-10-01 20:40:45,457 INFO o.a.j.p.h.s.HTTPSamplerBase: Parser for text/css is org.apache.jmeter.protocol.http.parser.CssParser
2026-10-01 20:40:45,500 INFO o.a.j.JMeter: Creating summariser <summary>
2026-10-01 20:40:45,510 INFO o.a.j.e.StandardJMeterEngine: Running the test!
2026-10-01 20:40:45,510 INFO o.a.j.s.SampleEvent: List of sample_variables: []
2026-10-01 20:40:45,511 INFO o.a.j.s.SampleEvent: List of sample_variables: []
2026-10-01 20:40:45,514 INFO o.a.j.e.u.CompoundVariable: Note: Function class names must contain the string: '.functions.'
2026-10-01 20:40:45,514 INFO o.a.j.e.u.CompoundVariable: Note: Function class names must not contain the string: '.gui.'
2026-10-01 20:40:45,716 INFO o.a.j.JMeter: Running test (1790887245716)
2026-10-01 20:40:45,717 INFO o.a.j.e.StandardJMeterEngine: Starting setUp thread groups
2026-10-01 20:40:45,718 INFO o.a.j.e.StandardJMeterEngine: Starting setUp ThreadGroup: 1 : setUp - login 
2026-10-01 20:40:45,718 INFO o.a.j.e.StandardJMeterEngine: Starting 1 threads for group setUp - login.
2026-10-01 20:40:45,718 INFO o.a.j.e.StandardJMeterEngine: Test will stop abruptly on error
2026-10-01 20:40:45,718 INFO o.a.j.t.ThreadGroup: Starting thread group... number=1 threads=1 ramp-up=1 delayedStart=false
2026-10-01 20:40:45,721 INFO o.a.j.t.ThreadGroup: Started thread group number 1
2026-10-01 20:40:45,721 INFO o.a.j.e.StandardJMeterEngine: Waiting for all setup thread groups to exit
2026-10-01 20:40:45,722 INFO o.a.j.t.JMeterThread: Thread started: setUp - login 1-1
2026-10-01 20:40:45,735 INFO o.a.j.p.h.s.HTTPHCAbstractImpl: Local host = 6e2f73de32cf
2026-10-01 20:40:45,739 INFO o.a.j.p.h.s.HTTPHC4Impl: HTTP request retry count = 0
2026-10-01 20:40:45,740 INFO o.a.j.s.SampleResult: Note: Sample TimeStamps are START times
2026-10-01 20:40:45,740 INFO o.a.j.s.SampleResult: sampleresult.default.encoding is set to UTF-8
2026-10-01 20:40:45,740 INFO o.a.j.s.SampleResult: sampleresult.useNanoTime=true
2026-10-01 20:40:45,741 INFO o.a.j.s.SampleResult: sampleresult.nanoThreadSleep=5000
2026-10-01 20:40:46,490 INFO o.a.j.t.JMeterThread: Thread is done: setUp - login 1-1
2026-10-01 20:40:46,490 INFO o.a.j.t.JMeterThread: Thread finished: setUp - login 1-1
2026-10-01 20:40:46,491 INFO o.a.j.e.StandardJMeterEngine: All Setup Threads have ended
2026-10-01 20:40:46,513 INFO o.a.j.e.StandardJMeterEngine: Starting ThreadGroup: 1 : S2
2026-10-01 20:40:46,514 INFO o.a.j.e.StandardJMeterEngine: Starting 10 threads for group S2.
2026-10-01 20:40:46,514 INFO o.a.j.e.StandardJMeterEngine: Thread will continue on error
2026-10-01 20:40:46,514 INFO o.a.j.t.ThreadGroup: Starting thread group... number=1 threads=10 ramp-up=10 delayedStart=false
2026-10-01 20:40:46,524 INFO o.a.j.t.ThreadGroup: Started thread group number 1
2026-10-01 20:40:46,525 INFO o.a.j.e.StandardJMeterEngine: All thread groups have been started
2026-10-01 20:40:46,525 INFO o.a.j.t.JMeterThread: Thread started: S2 1-1
2026-10-01 20:40:46,525 INFO o.a.j.s.FileServer: Stored: /tests/data/available_menu_items.csv
2026-10-01 20:40:47,524 INFO o.a.j.t.JMeterThread: Thread started: S2 1-2
2026-10-01 20:40:48,522 INFO o.a.j.t.JMeterThread: Thread started: S2 1-3
2026-10-01 20:40:49,521 INFO o.a.j.t.JMeterThread: Thread started: S2 1-4
2026-10-01 20:40:50,520 INFO o.a.j.t.JMeterThread: Thread started: S2 1-5
2026-10-01 20:40:51,520 INFO o.a.j.t.JMeterThread: Thread started: S2 1-6
2026-10-01 20:40:52,518 INFO o.a.j.t.JMeterThread: Thread started: S2 1-7
2026-10-01 20:40:53,519 INFO o.a.j.t.JMeterThread: Thread started: S2 1-8
2026-10-01 20:40:54,518 INFO o.a.j.t.JMeterThread: Thread started: S2 1-9
2026-10-01 20:40:55,516 INFO o.a.j.t.JMeterThread: Thread started: S2 1-10
2026-10-01 20:40:56,519 INFO o.a.j.t.JMeterThread: Stopping because end time detected by thread: S2 1-4
2026-10-01 20:40:56,520 INFO o.a.j.t.JMeterThread: Thread finished: S2 1-4
2026-10-01 20:40:56,521 INFO o.a.j.t.JMeterThread: Stopping because end time detected by thread: S2 1-2
2026-10-01 20:40:56,521 INFO o.a.j.t.JMeterThread: Thread finished: S2 1-2
2026-10-01 20:40:56,524 INFO o.a.j.t.JMeterThread: Stopping because end time detected by thread: S2 1-3
2026-10-01 20:40:56,524 INFO o.a.j.t.JMeterThread: Thread finished: S2 1-3
2026-10-01 20:40:56,525 INFO o.a.j.t.JMeterThread: Stopping because end time detected by thread: S2 1-1
2026-10-01 20:40:56,525 INFO o.a.j.t.JMeterThread: Stopping because end time detected by thread: S2 1-9
2026-10-01 20:40:56,525 INFO o.a.j.t.JMeterThread: Thread finished: S2 1-1
2026-10-01 20:40:56,525 INFO o.a.j.t.JMeterThread: Thread finished: S2 1-9
2026-10-01 20:40:56,526 INFO o.a.j.t.JMeterThread: Stopping because end time detected by thread: S2 1-6
2026-10-01 20:40:56,526 INFO o.a.j.t.JMeterThread: Thread finished: S2 1-6
2026-10-01 20:40:56,528 INFO o.a.j.t.JMeterThread: Stopping because end time detected by thread: S2 1-5
2026-10-01 20:40:56,529 INFO o.a.j.t.JMeterThread: Thread finished: S2 1-5
2026-10-01 20:40:56,530 INFO o.a.j.t.JMeterThread: Stopping because end time detected by thread: S2 1-7
2026-10-01 20:40:56,530 INFO o.a.j.t.JMeterThread: Thread finished: S2 1-7
2026-10-01 20:40:56,531 INFO o.a.j.t.JMeterThread: Stopping because end time detected by thread: S2 1-10
2026-10-01 20:40:56,531 INFO o.a.j.t.JMeterThread: Thread finished: S2 1-10
2026-10-01 20:40:56,532 INFO o.a.j.t.JMeterThread: Stopping because end time detected by thread: S2 1-8
2026-10-01 20:40:56,532 INFO o.a.j.t.JMeterThread: Thread finished: S2 1-8
2026-10-01 20:40:56,533 INFO o.a.j.e.StandardJMeterEngine: Notifying test listeners of end of test
2026-10-01 20:40:56,533 INFO o.a.j.s.FileServer: Close: /tests/data/available_menu_items.csv
2026-10-01 20:40:56,536 INFO o.a.j.r.Summariser: summary =   5836 in 00:00:11 =  539.4/s Avg:     9 Min:     4 Max:   298 Err:     0 (0.00%)
