2026-10-06 08:07:32,073 INFO o.a.j.u.JMeterUtils: Setting Locale to en_EN
2026-10-06 08:07:32,104 INFO o.a.j.JMeter: Loading user properties from: /opt/jmeter/bin/user.properties
2026-10-06 08:07:32,104 INFO o.a.j.JMeter: Loading system properties from: /opt/jmeter/bin/system.properties
2026-10-06 08:07:32,106 INFO o.a.j.JMeter: Loading additional properties from: /tests/run.properties
2026-10-06 08:07:32,106 INFO o.a.j.JMeter: Loading additional properties from: /tests/data/ranges.properties
2026-10-06 08:07:32,107 INFO o.a.j.JMeter: Setting JMeter property: host=nestjs-nginx
2026-10-06 08:07:32,107 INFO o.a.j.JMeter: Setting JMeter property: port=80
2026-10-06 08:07:32,107 INFO o.a.j.JMeter: Setting JMeter property: rampup=10
2026-10-06 08:07:32,107 INFO o.a.j.JMeter: Setting JMeter property: endpoint=EP3
2026-10-06 08:07:32,107 INFO o.a.j.JMeter: Setting JMeter property: users=200
2026-10-06 08:07:32,107 INFO o.a.j.JMeter: Setting JMeter property: duration=60
2026-10-06 08:07:32,114 INFO o.a.j.JMeter: Copyright (c) 1998-2024 The Apache Software Foundation
2026-10-06 08:07:32,114 INFO o.a.j.JMeter: Version 5.6.3
2026-10-06 08:07:32,114 INFO o.a.j.JMeter: java.version=21.0.12.1
2026-10-06 08:07:32,114 INFO o.a.j.JMeter: java.vm.name=OpenJDK 64-Bit Server VM
2026-10-06 08:07:32,114 INFO o.a.j.JMeter: os.name=Linux
2026-10-06 08:07:32,114 INFO o.a.j.JMeter: os.arch=amd64
2026-10-06 08:07:32,114 INFO o.a.j.JMeter: os.version=6.6.87.2-microsoft-standard-WSL2
2026-10-06 08:07:32,114 INFO o.a.j.JMeter: file.encoding=UTF-8
2026-10-06 08:07:32,114 INFO o.a.j.JMeter: java.awt.headless=true
2026-10-06 08:07:32,114 INFO o.a.j.JMeter: Max memory     =4294967296
2026-10-06 08:07:32,114 INFO o.a.j.JMeter: Available Processors =12
2026-10-06 08:07:32,126 INFO o.a.j.JMeter: Default Locale=English (EN)
2026-10-06 08:07:32,126 INFO o.a.j.JMeter: JMeter  Locale=English (EN)
2026-10-06 08:07:32,126 INFO o.a.j.JMeter: JMeterHome=/opt/jmeter
2026-10-06 08:07:32,127 INFO o.a.j.JMeter: user.dir  =/tests
2026-10-06 08:07:32,127 INFO o.a.j.JMeter: PWD       =/tests
2026-10-06 08:07:32,127 INFO o.a.j.JMeter: IP: 172.19.0.5 Name: 353df0ec0888 FullName: 353df0ec0888
2026-10-06 08:07:32,144 INFO o.a.j.s.FileServer: Default base='/tests'
2026-10-06 08:07:32,146 INFO o.a.j.s.FileServer: Set new base='/tests'
2026-10-06 08:07:32,340 INFO o.a.j.s.SaveService: Testplan (JMX) version: 2.2. Testlog (JTL) version: 2.2
2026-10-06 08:07:32,377 INFO o.a.j.s.SaveService: Using SaveService properties version 5.0
2026-10-06 08:07:32,381 INFO o.a.j.s.SaveService: Using SaveService properties file encoding UTF-8
2026-10-06 08:07:32,385 INFO o.a.j.s.SaveService: Loading file: /tests/s2.jmx
2026-10-06 08:07:32,445 INFO o.a.j.p.h.s.HTTPSamplerBase: Parser for text/html is org.apache.jmeter.protocol.http.parser.LagartoBasedHtmlParser
2026-10-06 08:07:32,445 INFO o.a.j.p.h.s.HTTPSamplerBase: Parser for application/xhtml+xml is org.apache.jmeter.protocol.http.parser.LagartoBasedHtmlParser
2026-10-06 08:07:32,445 INFO o.a.j.p.h.s.HTTPSamplerBase: Parser for application/xml is org.apache.jmeter.protocol.http.parser.LagartoBasedHtmlParser
2026-10-06 08:07:32,445 INFO o.a.j.p.h.s.HTTPSamplerBase: Parser for text/xml is org.apache.jmeter.protocol.http.parser.LagartoBasedHtmlParser
2026-10-06 08:07:32,445 INFO o.a.j.p.h.s.HTTPSamplerBase: Parser for text/vnd.wap.wml is org.apache.jmeter.protocol.http.parser.RegexpHTMLParser
2026-10-06 08:07:32,446 INFO o.a.j.p.h.s.HTTPSamplerBase: Parser for text/css is org.apache.jmeter.protocol.http.parser.CssParser
2026-10-06 08:07:32,532 INFO o.a.j.JMeter: Creating summariser <summary>
2026-10-06 08:07:32,554 INFO o.a.j.e.StandardJMeterEngine: Running the test!
2026-10-06 08:07:32,554 INFO o.a.j.s.SampleEvent: List of sample_variables: []
2026-10-06 08:07:32,555 INFO o.a.j.s.SampleEvent: List of sample_variables: []
2026-10-06 08:07:32,558 INFO o.a.j.e.u.CompoundVariable: Note: Function class names must contain the string: '.functions.'
2026-10-06 08:07:32,558 INFO o.a.j.e.u.CompoundVariable: Note: Function class names must not contain the string: '.gui.'
2026-10-06 08:07:32,835 INFO o.a.j.JMeter: Running test (1791274052835)
2026-10-06 08:07:32,836 INFO o.a.j.e.StandardJMeterEngine: Starting setUp thread groups
2026-10-06 08:07:32,836 INFO o.a.j.e.StandardJMeterEngine: Starting setUp ThreadGroup: 1 : setUp - login 
2026-10-06 08:07:32,837 INFO o.a.j.e.StandardJMeterEngine: Starting 1 threads for group setUp - login.
2026-10-06 08:07:32,837 INFO o.a.j.e.StandardJMeterEngine: Test will stop abruptly on error
2026-10-06 08:07:32,837 INFO o.a.j.t.ThreadGroup: Starting thread group... number=1 threads=1 ramp-up=1 delayedStart=false
2026-10-06 08:07:32,840 INFO o.a.j.t.ThreadGroup: Started thread group number 1
2026-10-06 08:07:32,840 INFO o.a.j.e.StandardJMeterEngine: Waiting for all setup thread groups to exit
2026-10-06 08:07:32,841 INFO o.a.j.t.JMeterThread: Thread started: setUp - login 1-1
2026-10-06 08:07:32,863 INFO o.a.j.p.h.s.HTTPHCAbstractImpl: Local host = 353df0ec0888
2026-10-06 08:07:32,869 INFO o.a.j.p.h.s.HTTPHC4Impl: HTTP request retry count = 0
2026-10-06 08:07:32,871 INFO o.a.j.s.SampleResult: Note: Sample TimeStamps are START times
2026-10-06 08:07:32,871 INFO o.a.j.s.SampleResult: sampleresult.default.encoding is set to UTF-8
2026-10-06 08:07:32,871 INFO o.a.j.s.SampleResult: sampleresult.useNanoTime=true
2026-10-06 08:07:32,871 INFO o.a.j.s.SampleResult: sampleresult.nanoThreadSleep=5000
2026-10-06 08:07:33,700 INFO o.a.j.r.Summariser: summary +      1 in 00:00:01 =    1.2/s Avg:   320 Min:   320 Max:   320 Err:     0 (0.00%) Active: 1 Started: 1 Finished: 0
2026-10-06 08:07:33,700 INFO o.a.j.t.JMeterThread: Thread is done: setUp - login 1-1
2026-10-06 08:07:33,701 INFO o.a.j.t.JMeterThread: Thread finished: setUp - login 1-1
2026-10-06 08:07:33,701 INFO o.a.j.e.StandardJMeterEngine: All Setup Threads have ended
2026-10-06 08:07:33,727 INFO o.a.j.e.StandardJMeterEngine: Starting ThreadGroup: 1 : S2
2026-10-06 08:07:33,727 INFO o.a.j.e.StandardJMeterEngine: Starting 200 threads for group S2.
2026-10-06 08:07:33,727 INFO o.a.j.e.StandardJMeterEngine: Thread will continue on error
2026-10-06 08:07:33,728 INFO o.a.j.t.ThreadGroup: Starting thread group... number=1 threads=200 ramp-up=10 delayedStart=false
2026-10-06 08:07:33,739 INFO o.a.j.t.JMeterThread: Thread started: S2 1-1
2026-10-06 08:07:33,739 INFO o.a.j.s.FileServer: Stored: /tests/data/available_menu_items.csv
2026-10-06 08:07:33,787 INFO o.a.j.t.JMeterThread: Thread started: S2 1-2
2026-10-06 08:07:33,837 INFO o.a.j.t.JMeterThread: Thread started: S2 1-3
2026-10-06 08:07:33,847 INFO o.a.j.t.ThreadGroup: Started thread group number 1
2026-10-06 08:07:33,854 INFO o.a.j.e.StandardJMeterEngine: All thread groups have been started
2026-10-06 08:07:33,886 INFO o.a.j.t.JMeterThread: Thread started: S2 1-4
2026-10-06 08:07:33,935 INFO o.a.j.t.JMeterThread: Thread started: S2 1-5
2026-10-06 08:07:33,983 INFO o.a.j.t.JMeterThread: Thread started: S2 1-6
2026-10-06 08:07:34,033 INFO o.a.j.t.JMeterThread: Thread started: S2 1-7
2026-10-06 08:07:34,082 INFO o.a.j.t.JMeterThread: Thread started: S2 1-8
2026-10-06 08:07:34,132 INFO o.a.j.t.JMeterThread: Thread started: S2 1-9
2026-10-06 08:07:34,182 INFO o.a.j.t.JMeterThread: Thread started: S2 1-10
2026-10-06 08:07:34,230 INFO o.a.j.t.JMeterThread: Thread started: S2 1-11
2026-10-06 08:07:34,280 INFO o.a.j.t.JMeterThread: Thread started: S2 1-12
2026-10-06 08:07:34,330 INFO o.a.j.t.JMeterThread: Thread started: S2 1-13
2026-10-06 08:07:34,380 INFO o.a.j.t.JMeterThread: Thread started: S2 1-14
2026-10-06 08:07:34,429 INFO o.a.j.t.JMeterThread: Thread started: S2 1-15
2026-10-06 08:07:34,480 INFO o.a.j.t.JMeterThread: Thread started: S2 1-16
2026-10-06 08:07:34,530 INFO o.a.j.t.JMeterThread: Thread started: S2 1-17
2026-10-06 08:07:34,580 INFO o.a.j.t.JMeterThread: Thread started: S2 1-18
2026-10-06 08:07:34,631 INFO o.a.j.t.JMeterThread: Thread started: S2 1-19
2026-10-06 08:07:34,680 INFO o.a.j.t.JMeterThread: Thread started: S2 1-20
2026-10-06 08:07:34,730 INFO o.a.j.t.JMeterThread: Thread started: S2 1-21
2026-10-06 08:07:34,780 INFO o.a.j.t.JMeterThread: Thread started: S2 1-22
2026-10-06 08:07:34,830 INFO o.a.j.t.JMeterThread: Thread started: S2 1-23
2026-10-06 08:07:34,880 INFO o.a.j.t.JMeterThread: Thread started: S2 1-24
2026-10-06 08:07:34,930 INFO o.a.j.t.JMeterThread: Thread started: S2 1-25
2026-10-06 08:07:34,979 INFO o.a.j.t.JMeterThread: Thread started: S2 1-26
2026-10-06 08:07:35,030 INFO o.a.j.t.JMeterThread: Thread started: S2 1-27
2026-10-06 08:07:35,078 INFO o.a.j.t.JMeterThread: Thread started: S2 1-28
2026-10-06 08:07:35,130 INFO o.a.j.t.JMeterThread: Thread started: S2 1-29
2026-10-06 08:07:35,182 INFO o.a.j.t.JMeterThread: Thread started: S2 1-30
2026-10-06 08:07:35,231 INFO o.a.j.t.JMeterThread: Thread started: S2 1-31
2026-10-06 08:07:35,279 INFO o.a.j.t.JMeterThread: Thread started: S2 1-32
2026-10-06 08:07:35,330 INFO o.a.j.t.JMeterThread: Thread started: S2 1-33
2026-10-06 08:07:35,379 INFO o.a.j.t.JMeterThread: Thread started: S2 1-34
2026-10-06 08:07:35,430 INFO o.a.j.t.JMeterThread: Thread started: S2 1-35
2026-10-06 08:07:35,479 INFO o.a.j.t.JMeterThread: Thread started: S2 1-36
2026-10-06 08:07:35,529 INFO o.a.j.t.JMeterThread: Thread started: S2 1-37
2026-10-06 08:07:35,580 INFO o.a.j.t.JMeterThread: Thread started: S2 1-38
2026-10-06 08:07:35,630 INFO o.a.j.t.JMeterThread: Thread started: S2 1-39
2026-10-06 08:07:35,679 INFO o.a.j.t.JMeterThread: Thread started: S2 1-40
2026-10-06 08:07:35,730 INFO o.a.j.t.JMeterThread: Thread started: S2 1-41
2026-10-06 08:07:35,780 INFO o.a.j.t.JMeterThread: Thread started: S2 1-42
2026-10-06 08:07:35,830 INFO o.a.j.t.JMeterThread: Thread started: S2 1-43
2026-10-06 08:07:35,880 INFO o.a.j.t.JMeterThread: Thread started: S2 1-44
2026-10-06 08:07:35,930 INFO o.a.j.t.JMeterThread: Thread started: S2 1-45
2026-10-06 08:07:35,980 INFO o.a.j.t.JMeterThread: Thread started: S2 1-46
2026-10-06 08:07:36,029 INFO o.a.j.t.JMeterThread: Thread started: S2 1-47
2026-10-06 08:07:36,080 INFO o.a.j.t.JMeterThread: Thread started: S2 1-48
2026-10-06 08:07:36,130 INFO o.a.j.t.JMeterThread: Thread started: S2 1-49
2026-10-06 08:07:36,179 INFO o.a.j.t.JMeterThread: Thread started: S2 1-50
2026-10-06 08:07:36,230 INFO o.a.j.t.JMeterThread: Thread started: S2 1-51
2026-10-06 08:07:36,281 INFO o.a.j.t.JMeterThread: Thread started: S2 1-52
2026-10-06 08:07:36,330 INFO o.a.j.t.JMeterThread: Thread started: S2 1-53
2026-10-06 08:07:36,382 INFO o.a.j.t.JMeterThread: Thread started: S2 1-54
2026-10-06 08:07:36,430 INFO o.a.j.t.JMeterThread: Thread started: S2 1-55
2026-10-06 08:07:36,478 INFO o.a.j.t.JMeterThread: Thread started: S2 1-56
2026-10-06 08:07:36,530 INFO o.a.j.t.JMeterThread: Thread started: S2 1-57
2026-10-06 08:07:36,581 INFO o.a.j.t.JMeterThread: Thread started: S2 1-58
2026-10-06 08:07:36,629 INFO o.a.j.t.JMeterThread: Thread started: S2 1-59
2026-10-06 08:07:36,679 INFO o.a.j.t.JMeterThread: Thread started: S2 1-60
2026-10-06 08:07:36,729 INFO o.a.j.t.JMeterThread: Thread started: S2 1-61
2026-10-06 08:07:36,779 INFO o.a.j.t.JMeterThread: Thread started: S2 1-62
2026-10-06 08:07:36,830 INFO o.a.j.t.JMeterThread: Thread started: S2 1-63
2026-10-06 08:07:36,882 INFO o.a.j.t.JMeterThread: Thread started: S2 1-64
2026-10-06 08:07:36,929 INFO o.a.j.t.JMeterThread: Thread started: S2 1-65
2026-10-06 08:07:36,982 INFO o.a.j.t.JMeterThread: Thread started: S2 1-66
2026-10-06 08:07:37,030 INFO o.a.j.t.JMeterThread: Thread started: S2 1-67
2026-10-06 08:07:37,080 INFO o.a.j.t.JMeterThread: Thread started: S2 1-68
2026-10-06 08:07:37,130 INFO o.a.j.t.JMeterThread: Thread started: S2 1-69
2026-10-06 08:07:37,179 INFO o.a.j.t.JMeterThread: Thread started: S2 1-70
2026-10-06 08:07:37,229 INFO o.a.j.t.JMeterThread: Thread started: S2 1-71
2026-10-06 08:07:37,279 INFO o.a.j.t.JMeterThread: Thread started: S2 1-72
2026-10-06 08:07:37,330 INFO o.a.j.t.JMeterThread: Thread started: S2 1-73
2026-10-06 08:07:37,379 INFO o.a.j.t.JMeterThread: Thread started: S2 1-74
2026-10-06 08:07:37,428 INFO o.a.j.t.JMeterThread: Thread started: S2 1-75
2026-10-06 08:07:37,482 INFO o.a.j.t.JMeterThread: Thread started: S2 1-76
2026-10-06 08:07:37,529 INFO o.a.j.t.JMeterThread: Thread started: S2 1-77
2026-10-06 08:07:37,579 INFO o.a.j.t.JMeterThread: Thread started: S2 1-78
2026-10-06 08:07:37,629 INFO o.a.j.t.JMeterThread: Thread started: S2 1-79
2026-10-06 08:07:37,682 INFO o.a.j.t.JMeterThread: Thread started: S2 1-80
2026-10-06 08:07:37,729 INFO o.a.j.t.JMeterThread: Thread started: S2 1-81
2026-10-06 08:07:37,779 INFO o.a.j.t.JMeterThread: Thread started: S2 1-82
2026-10-06 08:07:37,829 INFO o.a.j.t.JMeterThread: Thread started: S2 1-83
2026-10-06 08:07:37,878 INFO o.a.j.t.JMeterThread: Thread started: S2 1-84
2026-10-06 08:07:37,930 INFO o.a.j.t.JMeterThread: Thread started: S2 1-85
2026-10-06 08:07:37,979 INFO o.a.j.t.JMeterThread: Thread started: S2 1-86
2026-10-06 08:07:38,030 INFO o.a.j.t.JMeterThread: Thread started: S2 1-87
2026-10-06 08:07:38,081 INFO o.a.j.t.JMeterThread: Thread started: S2 1-88
2026-10-06 08:07:38,128 INFO o.a.j.t.JMeterThread: Thread started: S2 1-89
2026-10-06 08:07:38,180 INFO o.a.j.t.JMeterThread: Thread started: S2 1-90
2026-10-06 08:07:38,230 INFO o.a.j.t.JMeterThread: Thread started: S2 1-91
2026-10-06 08:07:38,280 INFO o.a.j.t.JMeterThread: Thread started: S2 1-92
2026-10-06 08:07:38,328 INFO o.a.j.t.JMeterThread: Thread started: S2 1-93
2026-10-06 08:07:38,379 INFO o.a.j.t.JMeterThread: Thread started: S2 1-94
2026-10-06 08:07:38,431 INFO o.a.j.t.JMeterThread: Thread started: S2 1-95
2026-10-06 08:07:38,481 INFO o.a.j.t.JMeterThread: Thread started: S2 1-96
2026-10-06 08:07:38,530 INFO o.a.j.t.JMeterThread: Thread started: S2 1-97
2026-10-06 08:07:38,581 INFO o.a.j.t.JMeterThread: Thread started: S2 1-98
2026-10-06 08:07:38,629 INFO o.a.j.t.JMeterThread: Thread started: S2 1-99
2026-10-06 08:07:38,679 INFO o.a.j.t.JMeterThread: Thread started: S2 1-100
2026-10-06 08:07:38,729 INFO o.a.j.t.JMeterThread: Thread started: S2 1-101
2026-10-06 08:07:38,778 INFO o.a.j.t.JMeterThread: Thread started: S2 1-102
2026-10-06 08:07:38,829 INFO o.a.j.t.JMeterThread: Thread started: S2 1-103
2026-10-06 08:07:38,879 INFO o.a.j.t.JMeterThread: Thread started: S2 1-104
2026-10-06 08:07:38,929 INFO o.a.j.t.JMeterThread: Thread started: S2 1-105
2026-10-06 08:07:38,982 INFO o.a.j.t.JMeterThread: Thread started: S2 1-106
2026-10-06 08:07:39,030 INFO o.a.j.t.JMeterThread: Thread started: S2 1-107
2026-10-06 08:07:39,083 INFO o.a.j.t.JMeterThread: Thread started: S2 1-108
2026-10-06 08:07:39,130 INFO o.a.j.t.JMeterThread: Thread started: S2 1-109
2026-10-06 08:07:39,179 INFO o.a.j.t.JMeterThread: Thread started: S2 1-110
2026-10-06 08:07:39,229 INFO o.a.j.t.JMeterThread: Thread started: S2 1-111
2026-10-06 08:07:39,280 INFO o.a.j.t.JMeterThread: Thread started: S2 1-112
2026-10-06 08:07:39,330 INFO o.a.j.t.JMeterThread: Thread started: S2 1-113
2026-10-06 08:07:39,382 INFO o.a.j.t.JMeterThread: Thread started: S2 1-114
2026-10-06 08:07:39,430 INFO o.a.j.t.JMeterThread: Thread started: S2 1-115
2026-10-06 08:07:39,482 INFO o.a.j.t.JMeterThread: Thread started: S2 1-116
2026-10-06 08:07:39,530 INFO o.a.j.t.JMeterThread: Thread started: S2 1-117
2026-10-06 08:07:39,579 INFO o.a.j.t.JMeterThread: Thread started: S2 1-118
2026-10-06 08:07:39,630 INFO o.a.j.t.JMeterThread: Thread started: S2 1-119
2026-10-06 08:07:39,682 INFO o.a.j.t.JMeterThread: Thread started: S2 1-120
2026-10-06 08:07:39,729 INFO o.a.j.t.JMeterThread: Thread started: S2 1-121
2026-10-06 08:07:39,779 INFO o.a.j.t.JMeterThread: Thread started: S2 1-122
2026-10-06 08:07:39,829 INFO o.a.j.t.JMeterThread: Thread started: S2 1-123
2026-10-06 08:07:39,879 INFO o.a.j.t.JMeterThread: Thread started: S2 1-124
2026-10-06 08:07:39,930 INFO o.a.j.t.JMeterThread: Thread started: S2 1-125
2026-10-06 08:07:39,980 INFO o.a.j.t.JMeterThread: Thread started: S2 1-126
2026-10-06 08:07:40,030 INFO o.a.j.t.JMeterThread: Thread started: S2 1-127
2026-10-06 08:07:40,079 INFO o.a.j.t.JMeterThread: Thread started: S2 1-128
2026-10-06 08:07:40,129 INFO o.a.j.t.JMeterThread: Thread started: S2 1-129
2026-10-06 08:07:40,179 INFO o.a.j.t.JMeterThread: Thread started: S2 1-130
2026-10-06 08:07:40,229 INFO o.a.j.t.JMeterThread: Thread started: S2 1-131
2026-10-06 08:07:40,279 INFO o.a.j.t.JMeterThread: Thread started: S2 1-132
2026-10-06 08:07:40,330 INFO o.a.j.t.JMeterThread: Thread started: S2 1-133
2026-10-06 08:07:40,379 INFO o.a.j.t.JMeterThread: Thread started: S2 1-134
2026-10-06 08:07:40,429 INFO o.a.j.t.JMeterThread: Thread started: S2 1-135
2026-10-06 08:07:40,479 INFO o.a.j.t.JMeterThread: Thread started: S2 1-136
2026-10-06 08:07:40,529 INFO o.a.j.t.JMeterThread: Thread started: S2 1-137
2026-10-06 08:07:40,581 INFO o.a.j.t.JMeterThread: Thread started: S2 1-138
2026-10-06 08:07:40,629 INFO o.a.j.t.JMeterThread: Thread started: S2 1-139
2026-10-06 08:07:40,679 INFO o.a.j.t.JMeterThread: Thread started: S2 1-140
2026-10-06 08:07:40,730 INFO o.a.j.t.JMeterThread: Thread started: S2 1-141
2026-10-06 08:07:40,779 INFO o.a.j.t.JMeterThread: Thread started: S2 1-142
2026-10-06 08:07:40,829 INFO o.a.j.t.JMeterThread: Thread started: S2 1-143
2026-10-06 08:07:40,879 INFO o.a.j.t.JMeterThread: Thread started: S2 1-144
2026-10-06 08:07:40,929 INFO o.a.j.t.JMeterThread: Thread started: S2 1-145
2026-10-06 08:07:40,982 INFO o.a.j.t.JMeterThread: Thread started: S2 1-146
2026-10-06 08:07:41,029 INFO o.a.j.t.JMeterThread: Thread started: S2 1-147
2026-10-06 08:07:41,082 INFO o.a.j.t.JMeterThread: Thread started: S2 1-148
2026-10-06 08:07:41,130 INFO o.a.j.t.JMeterThread: Thread started: S2 1-149
2026-10-06 08:07:41,182 INFO o.a.j.t.JMeterThread: Thread started: S2 1-150
2026-10-06 08:07:41,229 INFO o.a.j.t.JMeterThread: Thread started: S2 1-151
2026-10-06 08:07:41,280 INFO o.a.j.t.JMeterThread: Thread started: S2 1-152
2026-10-06 08:07:41,330 INFO o.a.j.t.JMeterThread: Thread started: S2 1-153
2026-10-06 08:07:41,379 INFO o.a.j.t.JMeterThread: Thread started: S2 1-154
2026-10-06 08:07:41,429 INFO o.a.j.t.JMeterThread: Thread started: S2 1-155
2026-10-06 08:07:41,479 INFO o.a.j.t.JMeterThread: Thread started: S2 1-156
2026-10-06 08:07:41,531 INFO o.a.j.t.JMeterThread: Thread started: S2 1-157
2026-10-06 08:07:41,579 INFO o.a.j.t.JMeterThread: Thread started: S2 1-158
2026-10-06 08:07:41,630 INFO o.a.j.t.JMeterThread: Thread started: S2 1-159
2026-10-06 08:07:41,679 INFO o.a.j.t.JMeterThread: Thread started: S2 1-160
2026-10-06 08:07:41,730 INFO o.a.j.t.JMeterThread: Thread started: S2 1-161
2026-10-06 08:07:41,779 INFO o.a.j.t.JMeterThread: Thread started: S2 1-162
2026-10-06 08:07:41,829 INFO o.a.j.t.JMeterThread: Thread started: S2 1-163
2026-10-06 08:07:41,880 INFO o.a.j.t.JMeterThread: Thread started: S2 1-164
2026-10-06 08:07:41,930 INFO o.a.j.t.JMeterThread: Thread started: S2 1-165
2026-10-06 08:07:41,979 INFO o.a.j.t.JMeterThread: Thread started: S2 1-166
2026-10-06 08:07:42,030 INFO o.a.j.t.JMeterThread: Thread started: S2 1-167
2026-10-06 08:07:42,081 INFO o.a.j.t.JMeterThread: Thread started: S2 1-168
2026-10-06 08:07:42,130 INFO o.a.j.t.JMeterThread: Thread started: S2 1-169
2026-10-06 08:07:42,191 INFO o.a.j.t.JMeterThread: Thread started: S2 1-170
2026-10-06 08:07:42,231 INFO o.a.j.t.JMeterThread: Thread started: S2 1-171
2026-10-06 08:07:42,280 INFO o.a.j.t.JMeterThread: Thread started: S2 1-172
2026-10-06 08:07:42,329 INFO o.a.j.t.JMeterThread: Thread started: S2 1-173
2026-10-06 08:07:42,380 INFO o.a.j.t.JMeterThread: Thread started: S2 1-174
2026-10-06 08:07:42,429 INFO o.a.j.t.JMeterThread: Thread started: S2 1-175
2026-10-06 08:07:42,479 INFO o.a.j.t.JMeterThread: Thread started: S2 1-176
2026-10-06 08:07:42,529 INFO o.a.j.t.JMeterThread: Thread started: S2 1-177
2026-10-06 08:07:42,579 INFO o.a.j.t.JMeterThread: Thread started: S2 1-178
2026-10-06 08:07:42,629 INFO o.a.j.t.JMeterThread: Thread started: S2 1-179
2026-10-06 08:07:42,682 INFO o.a.j.t.JMeterThread: Thread started: S2 1-180
2026-10-06 08:07:42,729 INFO o.a.j.t.JMeterThread: Thread started: S2 1-181
2026-10-06 08:07:42,780 INFO o.a.j.t.JMeterThread: Thread started: S2 1-182
2026-10-06 08:07:42,830 INFO o.a.j.t.JMeterThread: Thread started: S2 1-183
2026-10-06 08:07:42,879 INFO o.a.j.t.JMeterThread: Thread started: S2 1-184
2026-10-06 08:07:42,929 INFO o.a.j.t.JMeterThread: Thread started: S2 1-185
2026-10-06 08:07:42,980 INFO o.a.j.t.JMeterThread: Thread started: S2 1-186
2026-10-06 08:07:43,030 INFO o.a.j.t.JMeterThread: Thread started: S2 1-187
2026-10-06 08:07:43,081 INFO o.a.j.t.JMeterThread: Thread started: S2 1-188
2026-10-06 08:07:43,132 INFO o.a.j.t.JMeterThread: Thread started: S2 1-189
2026-10-06 08:07:43,182 INFO o.a.j.t.JMeterThread: Thread started: S2 1-190
2026-10-06 08:07:43,231 INFO o.a.j.t.JMeterThread: Thread started: S2 1-191
2026-10-06 08:07:43,286 INFO o.a.j.t.JMeterThread: Thread started: S2 1-192
2026-10-06 08:07:43,329 INFO o.a.j.t.JMeterThread: Thread started: S2 1-193
2026-10-06 08:07:43,379 INFO o.a.j.t.JMeterThread: Thread started: S2 1-194
2026-10-06 08:07:43,429 INFO o.a.j.t.JMeterThread: Thread started: S2 1-195
2026-10-06 08:07:43,479 INFO o.a.j.t.JMeterThread: Thread started: S2 1-196
2026-10-06 08:07:43,530 INFO o.a.j.t.JMeterThread: Thread started: S2 1-197
2026-10-06 08:07:43,583 INFO o.a.j.t.JMeterThread: Thread started: S2 1-198
2026-10-06 08:07:43,630 INFO o.a.j.t.JMeterThread: Thread started: S2 1-199
2026-10-06 08:07:43,686 INFO o.a.j.t.JMeterThread: Thread started: S2 1-200
2026-10-06 08:08:00,001 INFO o.a.j.r.Summariser: summary +   3692 in 00:00:26 =  140.4/s Avg:  1195 Min:    14 Max:  2364 Err:     0 (0.00%) Active: 200 Started: 200 Finished: 0
2026-10-06 08:08:00,001 INFO o.a.j.r.Summariser: summary =   3693 in 00:00:27 =  135.9/s Avg:  1194 Min:    14 Max:  2364 Err:     0 (0.00%)
2026-10-06 08:08:30,046 INFO o.a.j.r.Summariser: summary +   4420 in 00:00:30 =  147.1/s Avg:  1431 Min:   844 Max:  2757 Err:     0 (0.00%) Active: 200 Started: 200 Finished: 0
2026-10-06 08:08:30,047 INFO o.a.j.r.Summariser: summary =   8113 in 00:00:57 =  141.8/s Avg:  1323 Min:    14 Max:  2757 Err:     0 (0.00%)
2026-10-06 08:08:33,770 INFO o.a.j.t.JMeterThread: Stopping because end time detected by thread: S2 1-13
2026-10-06 08:08:33,770 INFO o.a.j.t.JMeterThread: Thread finished: S2 1-13
2026-10-06 08:08:33,838 INFO o.a.j.t.JMeterThread: Stopping because end time detected by thread: S2 1-169
2026-10-06 08:08:33,838 INFO o.a.j.t.JMeterThread: Thread finished: S2 1-169
2026-10-06 08:08:33,841 INFO o.a.j.t.JMeterThread: Stopping because end time detected by thread: S2 1-75
2026-10-06 08:08:33,841 INFO o.a.j.t.JMeterThread: Thread finished: S2 1-75
2026-10-06 08:08:33,842 INFO o.a.j.t.JMeterThread: Stopping because end time detected by thread: S2 1-6
2026-10-06 08:08:33,842 INFO o.a.j.t.JMeterThread: Thread finished: S2 1-6
2026-10-06 08:08:33,846 INFO o.a.j.t.JMeterThread: Stopping because end time detected by thread: S2 1-45
2026-10-06 08:08:33,847 INFO o.a.j.t.JMeterThread: Thread finished: S2 1-45
2026-10-06 08:08:33,846 INFO o.a.j.t.JMeterThread: Stopping because end time detected by thread: S2 1-102
2026-10-06 08:08:33,847 INFO o.a.j.t.JMeterThread: Thread finished: S2 1-102
2026-10-06 08:08:33,850 INFO o.a.j.t.JMeterThread: Stopping because end time detected by thread: S2 1-183
2026-10-06 08:08:33,850 INFO o.a.j.t.JMeterThread: Thread finished: S2 1-183
2026-10-06 08:08:33,851 INFO o.a.j.t.JMeterThread: Stopping because end time detected by thread: S2 1-22
2026-10-06 08:08:33,852 INFO o.a.j.t.JMeterThread: Thread finished: S2 1-22
2026-10-06 08:08:33,857 INFO o.a.j.t.JMeterThread: Stopping because end time detected by thread: S2 1-15
2026-10-06 08:08:33,857 INFO o.a.j.t.JMeterThread: Thread finished: S2 1-15
2026-10-06 08:08:33,860 INFO o.a.j.t.JMeterThread: Stopping because end time detected by thread: S2 1-91
2026-10-06 08:08:33,860 INFO o.a.j.t.JMeterThread: Thread finished: S2 1-91
2026-10-06 08:08:33,861 INFO o.a.j.t.JMeterThread: Stopping because end time detected by thread: S2 1-128
2026-10-06 08:08:33,861 INFO o.a.j.t.JMeterThread: Thread finished: S2 1-128
2026-10-06 08:08:33,862 INFO o.a.j.t.JMeterThread: Stopping because end time detected by thread: S2 1-37
2026-10-06 08:08:33,862 INFO o.a.j.t.JMeterThread: Thread finished: S2 1-37
2026-10-06 08:08:33,864 INFO o.a.j.t.JMeterThread: Stopping because end time detected by thread: S2 1-157
2026-10-06 08:08:33,864 INFO o.a.j.t.JMeterThread: Thread finished: S2 1-157
2026-10-06 08:08:33,865 INFO o.a.j.t.JMeterThread: Stopping because end time detected by thread: S2 1-95
2026-10-06 08:08:33,865 INFO o.a.j.t.JMeterThread: Thread finished: S2 1-95
2026-10-06 08:08:33,868 INFO o.a.j.t.JMeterThread: Stopping because end time detected by thread: S2 1-99
2026-10-06 08:08:33,868 INFO o.a.j.t.JMeterThread: Thread finished: S2 1-99
2026-10-06 08:08:33,878 INFO o.a.j.t.JMeterThread: Stopping because end time detected by thread: S2 1-50
2026-10-06 08:08:33,878 INFO o.a.j.t.JMeterThread: Thread finished: S2 1-50
2026-10-06 08:08:33,937 INFO o.a.j.t.JMeterThread: Stopping because end time detected by thread: S2 1-70
2026-10-06 08:08:33,937 INFO o.a.j.t.JMeterThread: Thread finished: S2 1-70
2026-10-06 08:08:33,938 INFO o.a.j.t.JMeterThread: Stopping because end time detected by thread: S2 1-184
2026-10-06 08:08:33,938 INFO o.a.j.t.JMeterThread: Thread finished: S2 1-184
2026-10-06 08:08:33,939 INFO o.a.j.t.JMeterThread: Stopping because end time detected by thread: S2 1-156
2026-10-06 08:08:33,940 INFO o.a.j.t.JMeterThread: Thread finished: S2 1-156
2026-10-06 08:08:33,943 INFO o.a.j.t.JMeterThread: Stopping because end time detected by thread: S2 1-1
2026-10-06 08:08:33,943 INFO o.a.j.t.JMeterThread: Thread finished: S2 1-1
2026-10-06 08:08:33,943 INFO o.a.j.t.JMeterThread: Stopping because end time detected by thread: S2 1-77
2026-10-06 08:08:33,943 INFO o.a.j.t.JMeterThread: Stopping because end time detected by thread: S2 1-186
2026-10-06 08:08:33,943 INFO o.a.j.t.JMeterThread: Thread finished: S2 1-186
2026-10-06 08:08:33,943 INFO o.a.j.t.JMeterThread: Thread finished: S2 1-77
2026-10-06 08:08:33,945 INFO o.a.j.t.JMeterThread: Stopping because end time detected by thread: S2 1-88
2026-10-06 08:08:33,945 INFO o.a.j.t.JMeterThread: Thread finished: S2 1-88
2026-10-06 08:08:33,949 INFO o.a.j.t.JMeterThread: Stopping because end time detected by thread: S2 1-52
2026-10-06 08:08:33,949 INFO o.a.j.t.JMeterThread: Thread finished: S2 1-52
2026-10-06 08:08:33,953 INFO o.a.j.t.JMeterThread: Stopping because end time detected by thread: S2 1-11
2026-10-06 08:08:33,953 INFO o.a.j.t.JMeterThread: Thread finished: S2 1-11
2026-10-06 08:08:33,955 INFO o.a.j.t.JMeterThread: Stopping because end time detected by thread: S2 1-65
2026-10-06 08:08:33,955 INFO o.a.j.t.JMeterThread: Thread finished: S2 1-65
2026-10-06 08:08:33,955 INFO o.a.j.t.JMeterThread: Stopping because end time detected by thread: S2 1-76
2026-10-06 08:08:33,955 INFO o.a.j.t.JMeterThread: Thread finished: S2 1-76
2026-10-06 08:08:33,957 INFO o.a.j.t.JMeterThread: Stopping because end time detected by thread: S2 1-191
2026-10-06 08:08:33,957 INFO o.a.j.t.JMeterThread: Thread finished: S2 1-191
2026-10-06 08:08:33,961 INFO o.a.j.t.JMeterThread: Stopping because end time detected by thread: S2 1-53
2026-10-06 08:08:33,961 INFO o.a.j.t.JMeterThread: Thread finished: S2 1-53
2026-10-06 08:08:33,962 INFO o.a.j.t.JMeterThread: Stopping because end time detected by thread: S2 1-60
2026-10-06 08:08:33,962 INFO o.a.j.t.JMeterThread: Thread finished: S2 1-60
2026-10-06 08:08:33,967 INFO o.a.j.t.JMeterThread: Stopping because end time detected by thread: S2 1-44
2026-10-06 08:08:33,967 INFO o.a.j.t.JMeterThread: Thread finished: S2 1-44
2026-10-06 08:08:33,970 INFO o.a.j.t.JMeterThread: Stopping because end time detected by thread: S2 1-2
2026-10-06 08:08:33,970 INFO o.a.j.t.JMeterThread: Stopping because end time detected by thread: S2 1-51
2026-10-06 08:08:33,970 INFO o.a.j.t.JMeterThread: Thread finished: S2 1-2
2026-10-06 08:08:33,971 INFO o.a.j.t.JMeterThread: Thread finished: S2 1-51
2026-10-06 08:08:34,041 INFO o.a.j.t.JMeterThread: Stopping because end time detected by thread: S2 1-151
2026-10-06 08:08:34,041 INFO o.a.j.t.JMeterThread: Thread finished: S2 1-151
2026-10-06 08:08:34,052 INFO o.a.j.t.JMeterThread: Stopping because end time detected by thread: S2 1-12
2026-10-06 08:08:34,052 INFO o.a.j.t.JMeterThread: Thread finished: S2 1-12
2026-10-06 08:08:34,055 INFO o.a.j.t.JMeterThread: Stopping because end time detected by thread: S2 1-150
2026-10-06 08:08:34,055 INFO o.a.j.t.JMeterThread: Thread finished: S2 1-150
2026-10-06 08:08:34,056 INFO o.a.j.t.JMeterThread: Stopping because end time detected by thread: S2 1-81
2026-10-06 08:08:34,056 INFO o.a.j.t.JMeterThread: Thread finished: S2 1-81
2026-10-06 08:08:34,060 INFO o.a.j.t.JMeterThread: Stopping because end time detected by thread: S2 1-123
2026-10-06 08:08:34,060 INFO o.a.j.t.JMeterThread: Thread finished: S2 1-123
2026-10-06 08:08:34,062 INFO o.a.j.t.JMeterThread: Stopping because end time detected by thread: S2 1-177
2026-10-06 08:08:34,062 INFO o.a.j.t.JMeterThread: Thread finished: S2 1-177
2026-10-06 08:08:34,064 INFO o.a.j.t.JMeterThread: Stopping because end time detected by thread: S2 1-86
2026-10-06 08:08:34,064 INFO o.a.j.t.JMeterThread: Thread finished: S2 1-86
2026-10-06 08:08:34,065 INFO o.a.j.t.JMeterThread: Stopping because end time detected by thread: S2 1-160
2026-10-06 08:08:34,065 INFO o.a.j.t.JMeterThread: Thread finished: S2 1-160
2026-10-06 08:08:34,068 INFO o.a.j.t.JMeterThread: Stopping because end time detected by thread: S2 1-162
2026-10-06 08:08:34,068 INFO o.a.j.t.JMeterThread: Thread finished: S2 1-162
2026-10-06 08:08:34,070 INFO o.a.j.t.JMeterThread: Stopping because end time detected by thread: S2 1-97
2026-10-06 08:08:34,070 INFO o.a.j.t.JMeterThread: Thread finished: S2 1-97
2026-10-06 08:08:34,071 INFO o.a.j.t.JMeterThread: Stopping because end time detected by thread: S2 1-54
2026-10-06 08:08:34,071 INFO o.a.j.t.JMeterThread: Thread finished: S2 1-54
2026-10-06 08:08:34,072 INFO o.a.j.t.JMeterThread: Stopping because end time detected by thread: S2 1-5
2026-10-06 08:08:34,072 INFO o.a.j.t.JMeterThread: Thread finished: S2 1-5
2026-10-06 08:08:34,074 INFO o.a.j.t.JMeterThread: Stopping because end time detected by thread: S2 1-139
2026-10-06 08:08:34,074 INFO o.a.j.t.JMeterThread: Thread finished: S2 1-139
2026-10-06 08:08:34,078 INFO o.a.j.t.JMeterThread: Stopping because end time detected by thread: S2 1-158
2026-10-06 08:08:34,078 INFO o.a.j.t.JMeterThread: Thread finished: S2 1-158
2026-10-06 08:08:34,138 INFO o.a.j.t.JMeterThread: Stopping because end time detected by thread: S2 1-198
2026-10-06 08:08:34,139 INFO o.a.j.t.JMeterThread: Thread finished: S2 1-198
2026-10-06 08:08:34,141 INFO o.a.j.t.JMeterThread: Stopping because end time detected by thread: S2 1-82
2026-10-06 08:08:34,141 INFO o.a.j.t.JMeterThread: Thread finished: S2 1-82
2026-10-06 08:08:34,144 INFO o.a.j.t.JMeterThread: Stopping because end time detected by thread: S2 1-182
2026-10-06 08:08:34,144 INFO o.a.j.t.JMeterThread: Thread finished: S2 1-182
2026-10-06 08:08:34,146 INFO o.a.j.t.JMeterThread: Stopping because end time detected by thread: S2 1-64
2026-10-06 08:08:34,146 INFO o.a.j.t.JMeterThread: Thread finished: S2 1-64
2026-10-06 08:08:34,149 INFO o.a.j.t.JMeterThread: Stopping because end time detected by thread: S2 1-71
2026-10-06 08:08:34,150 INFO o.a.j.t.JMeterThread: Thread finished: S2 1-71
2026-10-06 08:08:34,157 INFO o.a.j.t.JMeterThread: Stopping because end time detected by thread: S2 1-92
2026-10-06 08:08:34,157 INFO o.a.j.t.JMeterThread: Thread finished: S2 1-92
2026-10-06 08:08:34,158 INFO o.a.j.t.JMeterThread: Stopping because end time detected by thread: S2 1-33
2026-10-06 08:08:34,158 INFO o.a.j.t.JMeterThread: Thread finished: S2 1-33
2026-10-06 08:08:34,159 INFO o.a.j.t.JMeterThread: Stopping because end time detected by thread: S2 1-115
2026-10-06 08:08:34,159 INFO o.a.j.t.JMeterThread: Thread finished: S2 1-115
2026-10-06 08:08:34,163 INFO o.a.j.t.JMeterThread: Stopping because end time detected by thread: S2 1-69
2026-10-06 08:08:34,163 INFO o.a.j.t.JMeterThread: Thread finished: S2 1-69
2026-10-06 08:08:34,173 INFO o.a.j.t.JMeterThread: Stopping because end time detected by thread: S2 1-159
2026-10-06 08:08:34,173 INFO o.a.j.t.JMeterThread: Thread finished: S2 1-159
2026-10-06 08:08:34,173 INFO o.a.j.t.JMeterThread: Stopping because end time detected by thread: S2 1-127
2026-10-06 08:08:34,173 INFO o.a.j.t.JMeterThread: Thread finished: S2 1-127
2026-10-06 08:08:34,173 INFO o.a.j.t.JMeterThread: Stopping because end time detected by thread: S2 1-26
2026-10-06 08:08:34,173 INFO o.a.j.t.JMeterThread: Thread finished: S2 1-26
2026-10-06 08:08:34,173 INFO o.a.j.t.JMeterThread: Stopping because end time detected by thread: S2 1-57
2026-10-06 08:08:34,173 INFO o.a.j.t.JMeterThread: Thread finished: S2 1-57
2026-10-06 08:08:34,174 INFO o.a.j.t.JMeterThread: Stopping because end time detected by thread: S2 1-148
2026-10-06 08:08:34,174 INFO o.a.j.t.JMeterThread: Thread finished: S2 1-148
2026-10-06 08:08:34,236 INFO o.a.j.t.JMeterThread: Stopping because end time detected by thread: S2 1-190
2026-10-06 08:08:34,236 INFO o.a.j.t.JMeterThread: Thread finished: S2 1-190
2026-10-06 08:08:34,242 INFO o.a.j.t.JMeterThread: Stopping because end time detected by thread: S2 1-94
2026-10-06 08:08:34,242 INFO o.a.j.t.JMeterThread: Thread finished: S2 1-94
2026-10-06 08:08:34,245 INFO o.a.j.t.JMeterThread: Stopping because end time detected by thread: S2 1-19
2026-10-06 08:08:34,245 INFO o.a.j.t.JMeterThread: Thread finished: S2 1-19
2026-10-06 08:08:34,248 INFO o.a.j.t.JMeterThread: Stopping because end time detected by thread: S2 1-124
2026-10-06 08:08:34,248 INFO o.a.j.t.JMeterThread: Thread finished: S2 1-124
2026-10-06 08:08:34,259 INFO o.a.j.t.JMeterThread: Stopping because end time detected by thread: S2 1-9
2026-10-06 08:08:34,259 INFO o.a.j.t.JMeterThread: Thread finished: S2 1-9
2026-10-06 08:08:34,262 INFO o.a.j.t.JMeterThread: Stopping because end time detected by thread: S2 1-43
2026-10-06 08:08:34,262 INFO o.a.j.t.JMeterThread: Thread finished: S2 1-43
2026-10-06 08:08:34,271 INFO o.a.j.t.JMeterThread: Stopping because end time detected by thread: S2 1-141
2026-10-06 08:08:34,271 INFO o.a.j.t.JMeterThread: Thread finished: S2 1-141
2026-10-06 08:08:34,272 INFO o.a.j.t.JMeterThread: Stopping because end time detected by thread: S2 1-67
2026-10-06 08:08:34,272 INFO o.a.j.t.JMeterThread: Thread finished: S2 1-67
2026-10-06 08:08:34,337 INFO o.a.j.t.JMeterThread: Stopping because end time detected by thread: S2 1-31
2026-10-06 08:08:34,337 INFO o.a.j.t.JMeterThread: Thread finished: S2 1-31
2026-10-06 08:08:34,339 INFO o.a.j.t.JMeterThread: Stopping because end time detected by thread: S2 1-172
2026-10-06 08:08:34,339 INFO o.a.j.t.JMeterThread: Thread finished: S2 1-172
2026-10-06 08:08:34,340 INFO o.a.j.t.JMeterThread: Stopping because end time detected by thread: S2 1-72
2026-10-06 08:08:34,341 INFO o.a.j.t.JMeterThread: Thread finished: S2 1-72
2026-10-06 08:08:34,341 INFO o.a.j.t.JMeterThread: Stopping because end time detected by thread: S2 1-24
2026-10-06 08:08:34,341 INFO o.a.j.t.JMeterThread: Thread finished: S2 1-24
2026-10-06 08:08:34,345 INFO o.a.j.t.JMeterThread: Stopping because end time detected by thread: S2 1-3
2026-10-06 08:08:34,345 INFO o.a.j.t.JMeterThread: Stopping because end time detected by thread: S2 1-30
2026-10-06 08:08:34,345 INFO o.a.j.t.JMeterThread: Thread finished: S2 1-3
2026-10-06 08:08:34,345 INFO o.a.j.t.JMeterThread: Thread finished: S2 1-30
2026-10-06 08:08:34,346 INFO o.a.j.t.JMeterThread: Stopping because end time detected by thread: S2 1-23
2026-10-06 08:08:34,347 INFO o.a.j.t.JMeterThread: Thread finished: S2 1-23
2026-10-06 08:08:34,347 INFO o.a.j.t.JMeterThread: Stopping because end time detected by thread: S2 1-200
2026-10-06 08:08:34,347 INFO o.a.j.t.JMeterThread: Thread finished: S2 1-200
2026-10-06 08:08:34,354 INFO o.a.j.t.JMeterThread: Stopping because end time detected by thread: S2 1-118
2026-10-06 08:08:34,354 INFO o.a.j.t.JMeterThread: Thread finished: S2 1-118
2026-10-06 08:08:34,356 INFO o.a.j.t.JMeterThread: Stopping because end time detected by thread: S2 1-167
2026-10-06 08:08:34,356 INFO o.a.j.t.JMeterThread: Thread finished: S2 1-167
2026-10-06 08:08:34,361 INFO o.a.j.t.JMeterThread: Stopping because end time detected by thread: S2 1-66
2026-10-06 08:08:34,362 INFO o.a.j.t.JMeterThread: Thread finished: S2 1-66
2026-10-06 08:08:34,366 INFO o.a.j.t.JMeterThread: Stopping because end time detected by thread: S2 1-117
2026-10-06 08:08:34,366 INFO o.a.j.t.JMeterThread: Thread finished: S2 1-117
2026-10-06 08:08:34,368 INFO o.a.j.t.JMeterThread: Stopping because end time detected by thread: S2 1-168
2026-10-06 08:08:34,369 INFO o.a.j.t.JMeterThread: Thread finished: S2 1-168
2026-10-06 08:08:34,369 INFO o.a.j.t.JMeterThread: Stopping because end time detected by thread: S2 1-106
2026-10-06 08:08:34,369 INFO o.a.j.t.JMeterThread: Thread finished: S2 1-106
2026-10-06 08:08:34,370 INFO o.a.j.t.JMeterThread: Stopping because end time detected by thread: S2 1-101
2026-10-06 08:08:34,370 INFO o.a.j.t.JMeterThread: Thread finished: S2 1-101
2026-10-06 08:08:34,373 INFO o.a.j.t.JMeterThread: Stopping because end time detected by thread: S2 1-55
2026-10-06 08:08:34,373 INFO o.a.j.t.JMeterThread: Thread finished: S2 1-55
2026-10-06 08:08:34,374 INFO o.a.j.t.JMeterThread: Stopping because end time detected by thread: S2 1-105
2026-10-06 08:08:34,374 INFO o.a.j.t.JMeterThread: Thread finished: S2 1-105
2026-10-06 08:08:34,374 INFO o.a.j.t.JMeterThread: Stopping because end time detected by thread: S2 1-131
2026-10-06 08:08:34,374 INFO o.a.j.t.JMeterThread: Thread finished: S2 1-131
2026-10-06 08:08:34,376 INFO o.a.j.t.JMeterThread: Stopping because end time detected by thread: S2 1-137
2026-10-06 08:08:34,376 INFO o.a.j.t.JMeterThread: Thread finished: S2 1-137
2026-10-06 08:08:34,439 INFO o.a.j.t.JMeterThread: Stopping because end time detected by thread: S2 1-132
2026-10-06 08:08:34,440 INFO o.a.j.t.JMeterThread: Thread finished: S2 1-132
2026-10-06 08:08:34,440 INFO o.a.j.t.JMeterThread: Stopping because end time detected by thread: S2 1-114
2026-10-06 08:08:34,440 INFO o.a.j.t.JMeterThread: Thread finished: S2 1-114
2026-10-06 08:08:34,444 INFO o.a.j.t.JMeterThread: Stopping because end time detected by thread: S2 1-32
2026-10-06 08:08:34,444 INFO o.a.j.t.JMeterThread: Thread finished: S2 1-32
2026-10-06 08:08:34,448 INFO o.a.j.t.JMeterThread: Stopping because end time detected by thread: S2 1-179
2026-10-06 08:08:34,448 INFO o.a.j.t.JMeterThread: Thread finished: S2 1-179
2026-10-06 08:08:34,449 INFO o.a.j.t.JMeterThread: Stopping because end time detected by thread: S2 1-21
2026-10-06 08:08:34,449 INFO o.a.j.t.JMeterThread: Stopping because end time detected by thread: S2 1-176
2026-10-06 08:08:34,449 INFO o.a.j.t.JMeterThread: Thread finished: S2 1-21
2026-10-06 08:08:34,449 INFO o.a.j.t.JMeterThread: Thread finished: S2 1-176
2026-10-06 08:08:34,452 INFO o.a.j.t.JMeterThread: Stopping because end time detected by thread: S2 1-116
2026-10-06 08:08:34,452 INFO o.a.j.t.JMeterThread: Thread finished: S2 1-116
2026-10-06 08:08:34,453 INFO o.a.j.t.JMeterThread: Stopping because end time detected by thread: S2 1-121
2026-10-06 08:08:34,453 INFO o.a.j.t.JMeterThread: Thread finished: S2 1-121
2026-10-06 08:08:34,459 INFO o.a.j.t.JMeterThread: Stopping because end time detected by thread: S2 1-4
2026-10-06 08:08:34,459 INFO o.a.j.t.JMeterThread: Stopping because end time detected by thread: S2 1-133
2026-10-06 08:08:34,459 INFO o.a.j.t.JMeterThread: Thread finished: S2 1-4
2026-10-06 08:08:34,459 INFO o.a.j.t.JMeterThread: Stopping because end time detected by thread: S2 1-25
2026-10-06 08:08:34,459 INFO o.a.j.t.JMeterThread: Thread finished: S2 1-25
2026-10-06 08:08:34,459 INFO o.a.j.t.JMeterThread: Thread finished: S2 1-133
2026-10-06 08:08:34,462 INFO o.a.j.t.JMeterThread: Stopping because end time detected by thread: S2 1-107
2026-10-06 08:08:34,462 INFO o.a.j.t.JMeterThread: Thread finished: S2 1-107
2026-10-06 08:08:34,465 INFO o.a.j.t.JMeterThread: Stopping because end time detected by thread: S2 1-38
2026-10-06 08:08:34,465 INFO o.a.j.t.JMeterThread: Thread finished: S2 1-38
2026-10-06 08:08:34,465 INFO o.a.j.t.JMeterThread: Stopping because end time detected by thread: S2 1-194
2026-10-06 08:08:34,465 INFO o.a.j.t.JMeterThread: Thread finished: S2 1-194
2026-10-06 08:08:34,469 INFO o.a.j.t.JMeterThread: Stopping because end time detected by thread: S2 1-125
2026-10-06 08:08:34,469 INFO o.a.j.t.JMeterThread: Thread finished: S2 1-125
2026-10-06 08:08:34,472 INFO o.a.j.t.JMeterThread: Stopping because end time detected by thread: S2 1-63
2026-10-06 08:08:34,472 INFO o.a.j.t.JMeterThread: Thread finished: S2 1-63
2026-10-06 08:08:34,539 INFO o.a.j.t.JMeterThread: Stopping because end time detected by thread: S2 1-28
2026-10-06 08:08:34,539 INFO o.a.j.t.JMeterThread: Thread finished: S2 1-28
2026-10-06 08:08:34,541 INFO o.a.j.t.JMeterThread: Stopping because end time detected by thread: S2 1-14
2026-10-06 08:08:34,541 INFO o.a.j.t.JMeterThread: Thread finished: S2 1-14
2026-10-06 08:08:34,544 INFO o.a.j.t.JMeterThread: Stopping because end time detected by thread: S2 1-16
2026-10-06 08:08:34,544 INFO o.a.j.t.JMeterThread: Thread finished: S2 1-16
2026-10-06 08:08:34,547 INFO o.a.j.t.JMeterThread: Stopping because end time detected by thread: S2 1-49
2026-10-06 08:08:34,547 INFO o.a.j.t.JMeterThread: Thread finished: S2 1-49
2026-10-06 08:08:34,557 INFO o.a.j.t.JMeterThread: Stopping because end time detected by thread: S2 1-174
2026-10-06 08:08:34,557 INFO o.a.j.t.JMeterThread: Stopping because end time detected by thread: S2 1-79
2026-10-06 08:08:34,557 INFO o.a.j.t.JMeterThread: Thread finished: S2 1-79
2026-10-06 08:08:34,557 INFO o.a.j.t.JMeterThread: Thread finished: S2 1-174
2026-10-06 08:08:34,559 INFO o.a.j.t.JMeterThread: Stopping because end time detected by thread: S2 1-171
2026-10-06 08:08:34,559 INFO o.a.j.t.JMeterThread: Thread finished: S2 1-171
2026-10-06 08:08:34,561 INFO o.a.j.t.JMeterThread: Stopping because end time detected by thread: S2 1-178
2026-10-06 08:08:34,561 INFO o.a.j.t.JMeterThread: Thread finished: S2 1-178
2026-10-06 08:08:34,562 INFO o.a.j.t.JMeterThread: Stopping because end time detected by thread: S2 1-36
2026-10-06 08:08:34,562 INFO o.a.j.t.JMeterThread: Thread finished: S2 1-36
2026-10-06 08:08:34,563 INFO o.a.j.t.JMeterThread: Stopping because end time detected by thread: S2 1-136
2026-10-06 08:08:34,564 INFO o.a.j.t.JMeterThread: Thread finished: S2 1-136
2026-10-06 08:08:34,566 INFO o.a.j.t.JMeterThread: Stopping because end time detected by thread: S2 1-100
2026-10-06 08:08:34,566 INFO o.a.j.t.JMeterThread: Thread finished: S2 1-100
2026-10-06 08:08:34,568 INFO o.a.j.t.JMeterThread: Stopping because end time detected by thread: S2 1-188
2026-10-06 08:08:34,568 INFO o.a.j.t.JMeterThread: Thread finished: S2 1-188
2026-10-06 08:08:34,572 INFO o.a.j.t.JMeterThread: Stopping because end time detected by thread: S2 1-104
2026-10-06 08:08:34,572 INFO o.a.j.t.JMeterThread: Thread finished: S2 1-104
2026-10-06 08:08:34,572 INFO o.a.j.t.JMeterThread: Stopping because end time detected by thread: S2 1-147
2026-10-06 08:08:34,573 INFO o.a.j.t.JMeterThread: Thread finished: S2 1-147
2026-10-06 08:08:34,579 INFO o.a.j.t.JMeterThread: Stopping because end time detected by thread: S2 1-146
2026-10-06 08:08:34,579 INFO o.a.j.t.JMeterThread: Thread finished: S2 1-146
2026-10-06 08:08:34,643 INFO o.a.j.t.JMeterThread: Stopping because end time detected by thread: S2 1-149
2026-10-06 08:08:34,643 INFO o.a.j.t.JMeterThread: Thread finished: S2 1-149
2026-10-06 08:08:34,645 INFO o.a.j.t.JMeterThread: Stopping because end time detected by thread: S2 1-154
2026-10-06 08:08:34,645 INFO o.a.j.t.JMeterThread: Thread finished: S2 1-154
2026-10-06 08:08:34,650 INFO o.a.j.t.JMeterThread: Stopping because end time detected by thread: S2 1-166
2026-10-06 08:08:34,650 INFO o.a.j.t.JMeterThread: Stopping because end time detected by thread: S2 1-197
2026-10-06 08:08:34,650 INFO o.a.j.t.JMeterThread: Thread finished: S2 1-166
2026-10-06 08:08:34,650 INFO o.a.j.t.JMeterThread: Thread finished: S2 1-197
2026-10-06 08:08:34,650 INFO o.a.j.t.JMeterThread: Stopping because end time detected by thread: S2 1-110
2026-10-06 08:08:34,650 INFO o.a.j.t.JMeterThread: Thread finished: S2 1-110
2026-10-06 08:08:34,653 INFO o.a.j.t.JMeterThread: Stopping because end time detected by thread: S2 1-46
2026-10-06 08:08:34,653 INFO o.a.j.t.JMeterThread: Thread finished: S2 1-46
2026-10-06 08:08:34,656 INFO o.a.j.t.JMeterThread: Stopping because end time detected by thread: S2 1-119
2026-10-06 08:08:34,656 INFO o.a.j.t.JMeterThread: Thread finished: S2 1-119
2026-10-06 08:08:34,658 INFO o.a.j.t.JMeterThread: Stopping because end time detected by thread: S2 1-7
2026-10-06 08:08:34,658 INFO o.a.j.t.JMeterThread: Thread finished: S2 1-7
2026-10-06 08:08:34,660 INFO o.a.j.t.JMeterThread: Stopping because end time detected by thread: S2 1-122
2026-10-06 08:08:34,661 INFO o.a.j.t.JMeterThread: Thread finished: S2 1-122
2026-10-06 08:08:34,663 INFO o.a.j.t.JMeterThread: Stopping because end time detected by thread: S2 1-195
2026-10-06 08:08:34,663 INFO o.a.j.t.JMeterThread: Thread finished: S2 1-195
2026-10-06 08:08:34,665 INFO o.a.j.t.JMeterThread: Stopping because end time detected by thread: S2 1-103
2026-10-06 08:08:34,665 INFO o.a.j.t.JMeterThread: Thread finished: S2 1-103
2026-10-06 08:08:34,668 INFO o.a.j.t.JMeterThread: Stopping because end time detected by thread: S2 1-83
2026-10-06 08:08:34,668 INFO o.a.j.t.JMeterThread: Thread finished: S2 1-83
2026-10-06 08:08:34,674 INFO o.a.j.t.JMeterThread: Stopping because end time detected by thread: S2 1-93
2026-10-06 08:08:34,674 INFO o.a.j.t.JMeterThread: Thread finished: S2 1-93
2026-10-06 08:08:34,676 INFO o.a.j.t.JMeterThread: Stopping because end time detected by thread: S2 1-18
2026-10-06 08:08:34,676 INFO o.a.j.t.JMeterThread: Thread finished: S2 1-18
2026-10-06 08:08:34,745 INFO o.a.j.t.JMeterThread: Stopping because end time detected by thread: S2 1-170
2026-10-06 08:08:34,745 INFO o.a.j.t.JMeterThread: Stopping because end time detected by thread: S2 1-173
2026-10-06 08:08:34,746 INFO o.a.j.t.JMeterThread: Thread finished: S2 1-170
2026-10-06 08:08:34,746 INFO o.a.j.t.JMeterThread: Thread finished: S2 1-173
2026-10-06 08:08:34,746 INFO o.a.j.t.JMeterThread: Stopping because end time detected by thread: S2 1-109
2026-10-06 08:08:34,746 INFO o.a.j.t.JMeterThread: Thread finished: S2 1-109
2026-10-06 08:08:34,746 INFO o.a.j.t.JMeterThread: Stopping because end time detected by thread: S2 1-20
2026-10-06 08:08:34,746 INFO o.a.j.t.JMeterThread: Thread finished: S2 1-20
2026-10-06 08:08:34,748 INFO o.a.j.t.JMeterThread: Stopping because end time detected by thread: S2 1-126
2026-10-06 08:08:34,748 INFO o.a.j.t.JMeterThread: Thread finished: S2 1-126
2026-10-06 08:08:34,750 INFO o.a.j.t.JMeterThread: Stopping because end time detected by thread: S2 1-59
2026-10-06 08:08:34,750 INFO o.a.j.t.JMeterThread: Thread finished: S2 1-59
2026-10-06 08:08:34,752 INFO o.a.j.t.JMeterThread: Stopping because end time detected by thread: S2 1-192
2026-10-06 08:08:34,752 INFO o.a.j.t.JMeterThread: Stopping because end time detected by thread: S2 1-134
2026-10-06 08:08:34,752 INFO o.a.j.t.JMeterThread: Thread finished: S2 1-192
2026-10-06 08:08:34,752 INFO o.a.j.t.JMeterThread: Thread finished: S2 1-134
2026-10-06 08:08:34,754 INFO o.a.j.t.JMeterThread: Stopping because end time detected by thread: S2 1-85
2026-10-06 08:08:34,754 INFO o.a.j.t.JMeterThread: Thread finished: S2 1-85
2026-10-06 08:08:34,759 INFO o.a.j.t.JMeterThread: Stopping because end time detected by thread: S2 1-111
2026-10-06 08:08:34,760 INFO o.a.j.t.JMeterThread: Thread finished: S2 1-111
2026-10-06 08:08:34,760 INFO o.a.j.t.JMeterThread: Stopping because end time detected by thread: S2 1-152
2026-10-06 08:08:34,760 INFO o.a.j.t.JMeterThread: Thread finished: S2 1-152
2026-10-06 08:08:34,761 INFO o.a.j.t.JMeterThread: Stopping because end time detected by thread: S2 1-187
2026-10-06 08:08:34,761 INFO o.a.j.t.JMeterThread: Thread finished: S2 1-187
2026-10-06 08:08:34,765 INFO o.a.j.t.JMeterThread: Stopping because end time detected by thread: S2 1-143
2026-10-06 08:08:34,765 INFO o.a.j.t.JMeterThread: Thread finished: S2 1-143
2026-10-06 08:08:34,767 INFO o.a.j.t.JMeterThread: Stopping because end time detected by thread: S2 1-135
2026-10-06 08:08:34,767 INFO o.a.j.t.JMeterThread: Thread finished: S2 1-135
2026-10-06 08:08:34,769 INFO o.a.j.t.JMeterThread: Stopping because end time detected by thread: S2 1-58
2026-10-06 08:08:34,769 INFO o.a.j.t.JMeterThread: Thread finished: S2 1-58
2026-10-06 08:08:34,773 INFO o.a.j.t.JMeterThread: Stopping because end time detected by thread: S2 1-41
2026-10-06 08:08:34,773 INFO o.a.j.t.JMeterThread: Thread finished: S2 1-41
2026-10-06 08:08:34,775 INFO o.a.j.t.JMeterThread: Stopping because end time detected by thread: S2 1-113
2026-10-06 08:08:34,775 INFO o.a.j.t.JMeterThread: Thread finished: S2 1-113
2026-10-06 08:08:34,776 INFO o.a.j.t.JMeterThread: Stopping because end time detected by thread: S2 1-47
2026-10-06 08:08:34,776 INFO o.a.j.t.JMeterThread: Thread finished: S2 1-47
2026-10-06 08:08:34,779 INFO o.a.j.t.JMeterThread: Stopping because end time detected by thread: S2 1-196
2026-10-06 08:08:34,779 INFO o.a.j.t.JMeterThread: Thread finished: S2 1-196
2026-10-06 08:08:34,837 INFO o.a.j.t.JMeterThread: Stopping because end time detected by thread: S2 1-35
2026-10-06 08:08:34,837 INFO o.a.j.t.JMeterThread: Thread finished: S2 1-35
2026-10-06 08:08:34,839 INFO o.a.j.t.JMeterThread: Stopping because end time detected by thread: S2 1-61
2026-10-06 08:08:34,841 INFO o.a.j.t.JMeterThread: Stopping because end time detected by thread: S2 1-98
2026-10-06 08:08:34,841 INFO o.a.j.t.JMeterThread: Thread finished: S2 1-61
2026-10-06 08:08:34,841 INFO o.a.j.t.JMeterThread: Thread finished: S2 1-98
2026-10-06 08:08:34,841 INFO o.a.j.t.JMeterThread: Stopping because end time detected by thread: S2 1-42
2026-10-06 08:08:34,841 INFO o.a.j.t.JMeterThread: Thread finished: S2 1-42
2026-10-06 08:08:34,842 INFO o.a.j.t.JMeterThread: Stopping because end time detected by thread: S2 1-78
2026-10-06 08:08:34,842 INFO o.a.j.t.JMeterThread: Thread finished: S2 1-78
2026-10-06 08:08:34,843 INFO o.a.j.t.JMeterThread: Stopping because end time detected by thread: S2 1-89
2026-10-06 08:08:34,843 INFO o.a.j.t.JMeterThread: Thread finished: S2 1-89
2026-10-06 08:08:34,848 INFO o.a.j.t.JMeterThread: Stopping because end time detected by thread: S2 1-108
2026-10-06 08:08:34,848 INFO o.a.j.t.JMeterThread: Thread finished: S2 1-108
2026-10-06 08:08:34,850 INFO o.a.j.t.JMeterThread: Stopping because end time detected by thread: S2 1-129
2026-10-06 08:08:34,850 INFO o.a.j.t.JMeterThread: Thread finished: S2 1-129
2026-10-06 08:08:34,862 INFO o.a.j.t.JMeterThread: Stopping because end time detected by thread: S2 1-29
2026-10-06 08:08:34,862 INFO o.a.j.t.JMeterThread: Thread finished: S2 1-29
2026-10-06 08:08:34,869 INFO o.a.j.t.JMeterThread: Stopping because end time detected by thread: S2 1-17
2026-10-06 08:08:34,869 INFO o.a.j.t.JMeterThread: Thread finished: S2 1-17
2026-10-06 08:08:34,869 INFO o.a.j.t.JMeterThread: Stopping because end time detected by thread: S2 1-74
2026-10-06 08:08:34,869 INFO o.a.j.t.JMeterThread: Thread finished: S2 1-74
2026-10-06 08:08:34,870 INFO o.a.j.t.JMeterThread: Stopping because end time detected by thread: S2 1-8
2026-10-06 08:08:34,870 INFO o.a.j.t.JMeterThread: Thread finished: S2 1-8
2026-10-06 08:08:34,870 INFO o.a.j.t.JMeterThread: Stopping because end time detected by thread: S2 1-153
2026-10-06 08:08:34,870 INFO o.a.j.t.JMeterThread: Thread finished: S2 1-153
2026-10-06 08:08:34,872 INFO o.a.j.t.JMeterThread: Stopping because end time detected by thread: S2 1-34
2026-10-06 08:08:34,872 INFO o.a.j.t.JMeterThread: Thread finished: S2 1-34
2026-10-06 08:08:34,873 INFO o.a.j.t.JMeterThread: Stopping because end time detected by thread: S2 1-40
2026-10-06 08:08:34,873 INFO o.a.j.t.JMeterThread: Thread finished: S2 1-40
2026-10-06 08:08:34,876 INFO o.a.j.t.JMeterThread: Stopping because end time detected by thread: S2 1-62
2026-10-06 08:08:34,876 INFO o.a.j.t.JMeterThread: Thread finished: S2 1-62
2026-10-06 08:08:34,879 INFO o.a.j.t.JMeterThread: Stopping because end time detected by thread: S2 1-199
2026-10-06 08:08:34,879 INFO o.a.j.t.JMeterThread: Thread finished: S2 1-199
2026-10-06 08:08:34,880 INFO o.a.j.t.JMeterThread: Stopping because end time detected by thread: S2 1-164
2026-10-06 08:08:34,880 INFO o.a.j.t.JMeterThread: Thread finished: S2 1-164
2026-10-06 08:08:34,946 INFO o.a.j.t.JMeterThread: Stopping because end time detected by thread: S2 1-181
2026-10-06 08:08:34,946 INFO o.a.j.t.JMeterThread: Thread finished: S2 1-181
2026-10-06 08:08:34,947 INFO o.a.j.t.JMeterThread: Stopping because end time detected by thread: S2 1-10
2026-10-06 08:08:34,947 INFO o.a.j.t.JMeterThread: Thread finished: S2 1-10
2026-10-06 08:08:34,948 INFO o.a.j.t.JMeterThread: Stopping because end time detected by thread: S2 1-189
2026-10-06 08:08:34,948 INFO o.a.j.t.JMeterThread: Thread finished: S2 1-189
2026-10-06 08:08:34,949 INFO o.a.j.t.JMeterThread: Stopping because end time detected by thread: S2 1-27
2026-10-06 08:08:34,949 INFO o.a.j.t.JMeterThread: Thread finished: S2 1-27
2026-10-06 08:08:34,952 INFO o.a.j.t.JMeterThread: Stopping because end time detected by thread: S2 1-193
2026-10-06 08:08:34,952 INFO o.a.j.t.JMeterThread: Thread finished: S2 1-193
2026-10-06 08:08:34,949 INFO o.a.j.t.JMeterThread: Stopping because end time detected by thread: S2 1-73
2026-10-06 08:08:34,952 INFO o.a.j.t.JMeterThread: Thread finished: S2 1-73
2026-10-06 08:08:34,953 INFO o.a.j.t.JMeterThread: Stopping because end time detected by thread: S2 1-138
2026-10-06 08:08:34,954 INFO o.a.j.t.JMeterThread: Thread finished: S2 1-138
2026-10-06 08:08:34,954 INFO o.a.j.t.JMeterThread: Stopping because end time detected by thread: S2 1-142
2026-10-06 08:08:34,954 INFO o.a.j.t.JMeterThread: Thread finished: S2 1-142
2026-10-06 08:08:34,956 INFO o.a.j.t.JMeterThread: Stopping because end time detected by thread: S2 1-96
2026-10-06 08:08:34,956 INFO o.a.j.t.JMeterThread: Thread finished: S2 1-96
2026-10-06 08:08:34,957 INFO o.a.j.t.JMeterThread: Stopping because end time detected by thread: S2 1-161
2026-10-06 08:08:34,957 INFO o.a.j.t.JMeterThread: Thread finished: S2 1-161
2026-10-06 08:08:34,960 INFO o.a.j.t.JMeterThread: Stopping because end time detected by thread: S2 1-155
2026-10-06 08:08:34,960 INFO o.a.j.t.JMeterThread: Thread finished: S2 1-155
2026-10-06 08:08:34,961 INFO o.a.j.t.JMeterThread: Stopping because end time detected by thread: S2 1-144
2026-10-06 08:08:34,961 INFO o.a.j.t.JMeterThread: Thread finished: S2 1-144
2026-10-06 08:08:34,968 INFO o.a.j.t.JMeterThread: Stopping because end time detected by thread: S2 1-80
2026-10-06 08:08:34,969 INFO o.a.j.t.JMeterThread: Thread finished: S2 1-80
2026-10-06 08:08:34,969 INFO o.a.j.t.JMeterThread: Stopping because end time detected by thread: S2 1-140
2026-10-06 08:08:34,969 INFO o.a.j.t.JMeterThread: Thread finished: S2 1-140
2026-10-06 08:08:34,970 INFO o.a.j.t.JMeterThread: Stopping because end time detected by thread: S2 1-56
2026-10-06 08:08:34,970 INFO o.a.j.t.JMeterThread: Thread finished: S2 1-56
2026-10-06 08:08:34,972 INFO o.a.j.t.JMeterThread: Stopping because end time detected by thread: S2 1-145
2026-10-06 08:08:34,972 INFO o.a.j.t.JMeterThread: Thread finished: S2 1-145
2026-10-06 08:08:34,972 INFO o.a.j.t.JMeterThread: Stopping because end time detected by thread: S2 1-120
2026-10-06 08:08:34,972 INFO o.a.j.t.JMeterThread: Thread finished: S2 1-120
2026-10-06 08:08:34,973 INFO o.a.j.t.JMeterThread: Stopping because end time detected by thread: S2 1-112
2026-10-06 08:08:34,973 INFO o.a.j.t.JMeterThread: Thread finished: S2 1-112
2026-10-06 08:08:34,978 INFO o.a.j.t.JMeterThread: Stopping because end time detected by thread: S2 1-48
2026-10-06 08:08:34,978 INFO o.a.j.t.JMeterThread: Stopping because end time detected by thread: S2 1-175
2026-10-06 08:08:34,978 INFO o.a.j.t.JMeterThread: Thread finished: S2 1-48
2026-10-06 08:08:34,978 INFO o.a.j.t.JMeterThread: Thread finished: S2 1-175
2026-10-06 08:08:34,981 INFO o.a.j.t.JMeterThread: Stopping because end time detected by thread: S2 1-84
2026-10-06 08:08:34,982 INFO o.a.j.t.JMeterThread: Thread finished: S2 1-84
2026-10-06 08:08:34,982 INFO o.a.j.t.JMeterThread: Stopping because end time detected by thread: S2 1-185
2026-10-06 08:08:34,982 INFO o.a.j.t.JMeterThread: Thread finished: S2 1-185
2026-10-06 08:08:35,038 INFO o.a.j.t.JMeterThread: Stopping because end time detected by thread: S2 1-39
2026-10-06 08:08:35,038 INFO o.a.j.t.JMeterThread: Thread finished: S2 1-39
2026-10-06 08:08:35,038 INFO o.a.j.t.JMeterThread: Stopping because end time detected by thread: S2 1-163
2026-10-06 08:08:35,038 INFO o.a.j.t.JMeterThread: Thread finished: S2 1-163
2026-10-06 08:08:35,039 INFO o.a.j.t.JMeterThread: Stopping because end time detected by thread: S2 1-90
2026-10-06 08:08:35,039 INFO o.a.j.t.JMeterThread: Thread finished: S2 1-90
2026-10-06 08:08:35,042 INFO o.a.j.t.JMeterThread: Stopping because end time detected by thread: S2 1-180
2026-10-06 08:08:35,043 INFO o.a.j.t.JMeterThread: Thread finished: S2 1-180
2026-10-06 08:08:35,043 INFO o.a.j.t.JMeterThread: Stopping because end time detected by thread: S2 1-68
2026-10-06 08:08:35,044 INFO o.a.j.t.JMeterThread: Thread finished: S2 1-68
2026-10-06 08:08:35,045 INFO o.a.j.t.JMeterThread: Stopping because end time detected by thread: S2 1-165
2026-10-06 08:08:35,045 INFO o.a.j.t.JMeterThread: Thread finished: S2 1-165
2026-10-06 08:08:35,048 INFO o.a.j.t.JMeterThread: Stopping because end time detected by thread: S2 1-130
2026-10-06 08:08:35,049 INFO o.a.j.t.JMeterThread: Thread finished: S2 1-130
2026-10-06 08:08:35,051 INFO o.a.j.t.JMeterThread: Stopping because end time detected by thread: S2 1-87
2026-10-06 08:08:35,051 INFO o.a.j.t.JMeterThread: Thread finished: S2 1-87
2026-10-06 08:08:35,051 INFO o.a.j.e.StandardJMeterEngine: Notifying test listeners of end of test
2026-10-06 08:08:35,051 INFO o.a.j.s.FileServer: Close: /tests/data/available_menu_items.csv
2026-10-06 08:08:35,054 INFO o.a.j.r.Summariser: summary +    738 in 00:00:05 =  147.4/s Avg:  1402 Min:   832 Max:  2497 Err:     0 (0.00%) Active: 0 Started: 200 Finished: 200
2026-10-06 08:08:35,054 INFO o.a.j.r.Summariser: summary =   8851 in 00:01:02 =  142.3/s Avg:  1330 Min:    14 Max:  2757 Err:     0 (0.00%)
