2026-10-07 20:09:17,042 INFO o.a.j.u.JMeterUtils: Setting Locale to en_EN
2026-10-07 20:09:17,064 INFO o.a.j.JMeter: Loading user properties from: /opt/jmeter/bin/user.properties
2026-10-07 20:09:17,064 INFO o.a.j.JMeter: Loading system properties from: /opt/jmeter/bin/system.properties
2026-10-07 20:09:17,064 INFO o.a.j.JMeter: Loading additional properties from: /tests/run.properties
2026-10-07 20:09:17,065 INFO o.a.j.JMeter: Loading additional properties from: /tests/data/ranges.properties
2026-10-07 20:09:17,065 INFO o.a.j.JMeter: Setting JMeter property: host=nestjs-nginx
2026-10-07 20:09:17,065 INFO o.a.j.JMeter: Setting JMeter property: port=80
2026-10-07 20:09:17,065 INFO o.a.j.JMeter: Setting JMeter property: rampup=10
2026-10-07 20:09:17,065 INFO o.a.j.JMeter: Setting JMeter property: endpoint=EP6
2026-10-07 20:09:17,065 INFO o.a.j.JMeter: Setting JMeter property: users=10
2026-10-07 20:09:17,065 INFO o.a.j.JMeter: Setting JMeter property: duration=60
2026-10-07 20:09:17,070 INFO o.a.j.JMeter: Copyright (c) 1998-2024 The Apache Software Foundation
2026-10-07 20:09:17,070 INFO o.a.j.JMeter: Version 5.6.3
2026-10-07 20:09:17,070 INFO o.a.j.JMeter: java.version=21.0.12.1
2026-10-07 20:09:17,070 INFO o.a.j.JMeter: java.vm.name=OpenJDK 64-Bit Server VM
2026-10-07 20:09:17,070 INFO o.a.j.JMeter: os.name=Linux
2026-10-07 20:09:17,070 INFO o.a.j.JMeter: os.arch=amd64
2026-10-07 20:09:17,070 INFO o.a.j.JMeter: os.version=6.6.87.2-microsoft-standard-WSL2
2026-10-07 20:09:17,070 INFO o.a.j.JMeter: file.encoding=UTF-8
2026-10-07 20:09:17,070 INFO o.a.j.JMeter: java.awt.headless=true
2026-10-07 20:09:17,070 INFO o.a.j.JMeter: Max memory     =4294967296
2026-10-07 20:09:17,071 INFO o.a.j.JMeter: Available Processors =12
2026-10-07 20:09:17,081 INFO o.a.j.JMeter: Default Locale=English (EN)
2026-10-07 20:09:17,081 INFO o.a.j.JMeter: JMeter  Locale=English (EN)
2026-10-07 20:09:17,081 INFO o.a.j.JMeter: JMeterHome=/opt/jmeter
2026-10-07 20:09:17,081 INFO o.a.j.JMeter: user.dir  =/tests
2026-10-07 20:09:17,081 INFO o.a.j.JMeter: PWD       =/tests
2026-10-07 20:09:17,082 INFO o.a.j.JMeter: IP: 172.19.0.5 Name: 6fd2fdf740de FullName: 6fd2fdf740de
2026-10-07 20:09:17,092 INFO o.a.j.s.FileServer: Default base='/tests'
2026-10-07 20:09:17,093 INFO o.a.j.s.FileServer: Set new base='/tests'
2026-10-07 20:09:17,245 INFO o.a.j.s.SaveService: Testplan (JMX) version: 2.2. Testlog (JTL) version: 2.2
2026-10-07 20:09:17,269 INFO o.a.j.s.SaveService: Using SaveService properties version 5.0
2026-10-07 20:09:17,272 INFO o.a.j.s.SaveService: Using SaveService properties file encoding UTF-8
2026-10-07 20:09:17,275 INFO o.a.j.s.SaveService: Loading file: /tests/s3.jmx
2026-10-07 20:09:17,318 INFO o.a.j.p.h.s.HTTPSamplerBase: Parser for text/html is org.apache.jmeter.protocol.http.parser.LagartoBasedHtmlParser
2026-10-07 20:09:17,318 INFO o.a.j.p.h.s.HTTPSamplerBase: Parser for application/xhtml+xml is org.apache.jmeter.protocol.http.parser.LagartoBasedHtmlParser
2026-10-07 20:09:17,318 INFO o.a.j.p.h.s.HTTPSamplerBase: Parser for application/xml is org.apache.jmeter.protocol.http.parser.LagartoBasedHtmlParser
2026-10-07 20:09:17,318 INFO o.a.j.p.h.s.HTTPSamplerBase: Parser for text/xml is org.apache.jmeter.protocol.http.parser.LagartoBasedHtmlParser
2026-10-07 20:09:17,318 INFO o.a.j.p.h.s.HTTPSamplerBase: Parser for text/vnd.wap.wml is org.apache.jmeter.protocol.http.parser.RegexpHTMLParser
2026-10-07 20:09:17,318 INFO o.a.j.p.h.s.HTTPSamplerBase: Parser for text/css is org.apache.jmeter.protocol.http.parser.CssParser
2026-10-07 20:09:17,353 INFO o.a.j.JMeter: Creating summariser <summary>
2026-10-07 20:09:17,367 INFO o.a.j.e.StandardJMeterEngine: Running the test!
2026-10-07 20:09:17,367 INFO o.a.j.s.SampleEvent: List of sample_variables: []
2026-10-07 20:09:17,367 INFO o.a.j.s.SampleEvent: List of sample_variables: []
2026-10-07 20:09:17,371 INFO o.a.j.e.u.CompoundVariable: Note: Function class names must contain the string: '.functions.'
2026-10-07 20:09:17,371 INFO o.a.j.e.u.CompoundVariable: Note: Function class names must not contain the string: '.gui.'
2026-10-07 20:09:17,575 INFO o.a.j.JMeter: Running test (1791403757575)
2026-10-07 20:09:17,576 INFO o.a.j.e.StandardJMeterEngine: Starting setUp thread groups
2026-10-07 20:09:17,576 INFO o.a.j.e.StandardJMeterEngine: Starting setUp ThreadGroup: 1 : setUp - login 
2026-10-07 20:09:17,576 INFO o.a.j.e.StandardJMeterEngine: Starting 1 threads for group setUp - login.
2026-10-07 20:09:17,576 INFO o.a.j.e.StandardJMeterEngine: Test will stop abruptly on error
2026-10-07 20:09:17,576 INFO o.a.j.t.ThreadGroup: Starting thread group... number=1 threads=1 ramp-up=1 delayedStart=false
2026-10-07 20:09:17,579 INFO o.a.j.t.ThreadGroup: Started thread group number 1
2026-10-07 20:09:17,579 INFO o.a.j.e.StandardJMeterEngine: Waiting for all setup thread groups to exit
2026-10-07 20:09:17,580 INFO o.a.j.t.JMeterThread: Thread started: setUp - login 1-1
2026-10-07 20:09:17,591 INFO o.a.j.p.h.s.HTTPHCAbstractImpl: Local host = 6fd2fdf740de
2026-10-07 20:09:17,596 INFO o.a.j.p.h.s.HTTPHC4Impl: HTTP request retry count = 0
2026-10-07 20:09:17,597 INFO o.a.j.s.SampleResult: Note: Sample TimeStamps are START times
2026-10-07 20:09:17,597 INFO o.a.j.s.SampleResult: sampleresult.default.encoding is set to UTF-8
2026-10-07 20:09:17,597 INFO o.a.j.s.SampleResult: sampleresult.useNanoTime=true
2026-10-07 20:09:17,597 INFO o.a.j.s.SampleResult: sampleresult.nanoThreadSleep=5000
2026-10-07 20:09:18,288 INFO o.a.j.t.JMeterThread: Thread is done: setUp - login 1-1
2026-10-07 20:09:18,288 INFO o.a.j.t.JMeterThread: Thread finished: setUp - login 1-1
2026-10-07 20:09:18,289 INFO o.a.j.e.StandardJMeterEngine: All Setup Threads have ended
2026-10-07 20:09:18,309 INFO o.a.j.e.StandardJMeterEngine: Starting ThreadGroup: 1 : S3
2026-10-07 20:09:18,310 INFO o.a.j.e.StandardJMeterEngine: Starting 10 threads for group S3.
2026-10-07 20:09:18,310 INFO o.a.j.e.StandardJMeterEngine: Thread will continue on error
2026-10-07 20:09:18,310 INFO o.a.j.t.ThreadGroup: Starting thread group... number=1 threads=10 ramp-up=10 delayedStart=false
2026-10-07 20:09:18,312 INFO o.a.j.t.JMeterThread: Thread started: S3 1-1
2026-10-07 20:09:18,319 INFO o.a.j.t.ThreadGroup: Started thread group number 1
2026-10-07 20:09:18,319 INFO o.a.j.e.StandardJMeterEngine: All thread groups have been started
2026-10-07 20:09:19,446 INFO o.a.j.t.JMeterThread: Thread started: S3 1-2
2026-10-07 20:09:20,312 INFO o.a.j.t.JMeterThread: Thread started: S3 1-3
2026-10-07 20:09:21,312 INFO o.a.j.t.JMeterThread: Thread started: S3 1-4
2026-10-07 20:09:22,312 INFO o.a.j.t.JMeterThread: Thread started: S3 1-5
2026-10-07 20:09:23,311 INFO o.a.j.t.JMeterThread: Thread started: S3 1-6
2026-10-07 20:09:24,311 INFO o.a.j.t.JMeterThread: Thread started: S3 1-7
2026-10-07 20:09:25,311 INFO o.a.j.t.JMeterThread: Thread started: S3 1-8
2026-10-07 20:09:26,312 INFO o.a.j.t.JMeterThread: Thread started: S3 1-9
2026-10-07 20:09:27,312 INFO o.a.j.t.JMeterThread: Thread started: S3 1-10
2026-10-07 20:09:30,040 INFO o.a.j.r.Summariser: summary +    220 in 00:00:12 =   17.7/s Avg:   314 Min:   122 Max:   599 Err:     0 (0.00%) Active: 10 Started: 10 Finished: 0
2026-10-07 20:10:00,047 INFO o.a.j.r.Summariser: summary +    603 in 00:00:30 =   20.1/s Avg:   496 Min:   417 Max:   669 Err:     0 (0.00%) Active: 10 Started: 10 Finished: 0
2026-10-07 20:10:00,047 INFO o.a.j.r.Summariser: summary =    823 in 00:00:42 =   19.4/s Avg:   447 Min:   122 Max:   669 Err:     0 (0.00%)
2026-10-07 20:10:18,340 INFO o.a.j.t.JMeterThread: Stopping because end time detected by thread: S3 1-10
2026-10-07 20:10:18,340 INFO o.a.j.t.JMeterThread: Thread finished: S3 1-10
2026-10-07 20:10:18,353 INFO o.a.j.t.JMeterThread: Stopping because end time detected by thread: S3 1-1
2026-10-07 20:10:18,354 INFO o.a.j.t.JMeterThread: Thread finished: S3 1-1
2026-10-07 20:10:18,354 INFO o.a.j.t.JMeterThread: Stopping because end time detected by thread: S3 1-6
2026-10-07 20:10:18,354 INFO o.a.j.t.JMeterThread: Thread finished: S3 1-6
2026-10-07 20:10:18,361 INFO o.a.j.t.JMeterThread: Stopping because end time detected by thread: S3 1-3
2026-10-07 20:10:18,361 INFO o.a.j.t.JMeterThread: Thread finished: S3 1-3
2026-10-07 20:10:18,434 INFO o.a.j.t.JMeterThread: Stopping because end time detected by thread: S3 1-7
2026-10-07 20:10:18,435 INFO o.a.j.t.JMeterThread: Thread finished: S3 1-7
2026-10-07 20:10:18,445 INFO o.a.j.t.JMeterThread: Stopping because end time detected by thread: S3 1-8
2026-10-07 20:10:18,446 INFO o.a.j.t.JMeterThread: Thread finished: S3 1-8
2026-10-07 20:10:18,473 INFO o.a.j.t.JMeterThread: Stopping because end time detected by thread: S3 1-5
2026-10-07 20:10:18,473 INFO o.a.j.t.JMeterThread: Thread finished: S3 1-5
2026-10-07 20:10:18,482 INFO o.a.j.t.JMeterThread: Stopping because end time detected by thread: S3 1-2
2026-10-07 20:10:18,482 INFO o.a.j.t.JMeterThread: Thread finished: S3 1-2
2026-10-07 20:10:18,517 INFO o.a.j.t.JMeterThread: Stopping because end time detected by thread: S3 1-4
2026-10-07 20:10:18,517 INFO o.a.j.t.JMeterThread: Thread finished: S3 1-4
2026-10-07 20:10:18,519 INFO o.a.j.t.JMeterThread: Stopping because end time detected by thread: S3 1-9
2026-10-07 20:10:18,519 INFO o.a.j.t.JMeterThread: Thread finished: S3 1-9
2026-10-07 20:10:18,519 INFO o.a.j.e.StandardJMeterEngine: Notifying test listeners of end of test
2026-10-07 20:10:18,522 INFO o.a.j.r.Summariser: summary +    382 in 00:00:18 =   20.7/s Avg:   486 Min:   279 Max:   595 Err:     0 (0.00%) Active: 0 Started: 10 Finished: 10
2026-10-07 20:10:18,522 INFO o.a.j.r.Summariser: summary =   1205 in 00:01:01 =   19.8/s Avg:   460 Min:   122 Max:   669 Err:     0 (0.00%)
