2026-10-07 20:08:11,910 INFO o.a.j.u.JMeterUtils: Setting Locale to en_EN
2026-10-07 20:08:11,930 INFO o.a.j.JMeter: Loading user properties from: /opt/jmeter/bin/user.properties
2026-10-07 20:08:11,931 INFO o.a.j.JMeter: Loading system properties from: /opt/jmeter/bin/system.properties
2026-10-07 20:08:11,931 INFO o.a.j.JMeter: Loading additional properties from: /tests/run.properties
2026-10-07 20:08:11,931 INFO o.a.j.JMeter: Loading additional properties from: /tests/data/ranges.properties
2026-10-07 20:08:11,931 INFO o.a.j.JMeter: Setting JMeter property: host=nestjs-nginx
2026-10-07 20:08:11,931 INFO o.a.j.JMeter: Setting JMeter property: port=80
2026-10-07 20:08:11,931 INFO o.a.j.JMeter: Setting JMeter property: rampup=10
2026-10-07 20:08:11,931 INFO o.a.j.JMeter: Setting JMeter property: endpoint=EP6
2026-10-07 20:08:11,931 INFO o.a.j.JMeter: Setting JMeter property: users=10
2026-10-07 20:08:11,932 INFO o.a.j.JMeter: Setting JMeter property: duration=60
2026-10-07 20:08:11,937 INFO o.a.j.JMeter: Copyright (c) 1998-2024 The Apache Software Foundation
2026-10-07 20:08:11,937 INFO o.a.j.JMeter: Version 5.6.3
2026-10-07 20:08:11,937 INFO o.a.j.JMeter: java.version=21.0.12.1
2026-10-07 20:08:11,937 INFO o.a.j.JMeter: java.vm.name=OpenJDK 64-Bit Server VM
2026-10-07 20:08:11,937 INFO o.a.j.JMeter: os.name=Linux
2026-10-07 20:08:11,937 INFO o.a.j.JMeter: os.arch=amd64
2026-10-07 20:08:11,937 INFO o.a.j.JMeter: os.version=6.6.87.2-microsoft-standard-WSL2
2026-10-07 20:08:11,937 INFO o.a.j.JMeter: file.encoding=UTF-8
2026-10-07 20:08:11,937 INFO o.a.j.JMeter: java.awt.headless=true
2026-10-07 20:08:11,937 INFO o.a.j.JMeter: Max memory     =4294967296
2026-10-07 20:08:11,937 INFO o.a.j.JMeter: Available Processors =12
2026-10-07 20:08:11,944 INFO o.a.j.JMeter: Default Locale=English (EN)
2026-10-07 20:08:11,945 INFO o.a.j.JMeter: JMeter  Locale=English (EN)
2026-10-07 20:08:11,945 INFO o.a.j.JMeter: JMeterHome=/opt/jmeter
2026-10-07 20:08:11,945 INFO o.a.j.JMeter: user.dir  =/tests
2026-10-07 20:08:11,945 INFO o.a.j.JMeter: PWD       =/tests
2026-10-07 20:08:11,946 INFO o.a.j.JMeter: IP: 172.19.0.5 Name: b0bbdf24d6bb FullName: b0bbdf24d6bb
2026-10-07 20:08:11,956 INFO o.a.j.s.FileServer: Default base='/tests'
2026-10-07 20:08:11,957 INFO o.a.j.s.FileServer: Set new base='/tests'
2026-10-07 20:08:12,111 INFO o.a.j.s.SaveService: Testplan (JMX) version: 2.2. Testlog (JTL) version: 2.2
2026-10-07 20:08:12,135 INFO o.a.j.s.SaveService: Using SaveService properties version 5.0
2026-10-07 20:08:12,138 INFO o.a.j.s.SaveService: Using SaveService properties file encoding UTF-8
2026-10-07 20:08:12,141 INFO o.a.j.s.SaveService: Loading file: /tests/s3.jmx
2026-10-07 20:08:12,182 INFO o.a.j.p.h.s.HTTPSamplerBase: Parser for text/html is org.apache.jmeter.protocol.http.parser.LagartoBasedHtmlParser
2026-10-07 20:08:12,182 INFO o.a.j.p.h.s.HTTPSamplerBase: Parser for application/xhtml+xml is org.apache.jmeter.protocol.http.parser.LagartoBasedHtmlParser
2026-10-07 20:08:12,183 INFO o.a.j.p.h.s.HTTPSamplerBase: Parser for application/xml is org.apache.jmeter.protocol.http.parser.LagartoBasedHtmlParser
2026-10-07 20:08:12,183 INFO o.a.j.p.h.s.HTTPSamplerBase: Parser for text/xml is org.apache.jmeter.protocol.http.parser.LagartoBasedHtmlParser
2026-10-07 20:08:12,183 INFO o.a.j.p.h.s.HTTPSamplerBase: Parser for text/vnd.wap.wml is org.apache.jmeter.protocol.http.parser.RegexpHTMLParser
2026-10-07 20:08:12,183 INFO o.a.j.p.h.s.HTTPSamplerBase: Parser for text/css is org.apache.jmeter.protocol.http.parser.CssParser
2026-10-07 20:08:12,219 INFO o.a.j.JMeter: Creating summariser <summary>
2026-10-07 20:08:12,231 INFO o.a.j.e.StandardJMeterEngine: Running the test!
2026-10-07 20:08:12,232 INFO o.a.j.s.SampleEvent: List of sample_variables: []
2026-10-07 20:08:12,232 INFO o.a.j.s.SampleEvent: List of sample_variables: []
2026-10-07 20:08:12,236 INFO o.a.j.e.u.CompoundVariable: Note: Function class names must contain the string: '.functions.'
2026-10-07 20:08:12,236 INFO o.a.j.e.u.CompoundVariable: Note: Function class names must not contain the string: '.gui.'
2026-10-07 20:08:12,443 INFO o.a.j.JMeter: Running test (1791403692443)
2026-10-07 20:08:12,444 INFO o.a.j.e.StandardJMeterEngine: Starting setUp thread groups
2026-10-07 20:08:12,444 INFO o.a.j.e.StandardJMeterEngine: Starting setUp ThreadGroup: 1 : setUp - login 
2026-10-07 20:08:12,445 INFO o.a.j.e.StandardJMeterEngine: Starting 1 threads for group setUp - login.
2026-10-07 20:08:12,445 INFO o.a.j.e.StandardJMeterEngine: Test will stop abruptly on error
2026-10-07 20:08:12,445 INFO o.a.j.t.ThreadGroup: Starting thread group... number=1 threads=1 ramp-up=1 delayedStart=false
2026-10-07 20:08:12,447 INFO o.a.j.t.ThreadGroup: Started thread group number 1
2026-10-07 20:08:12,447 INFO o.a.j.e.StandardJMeterEngine: Waiting for all setup thread groups to exit
2026-10-07 20:08:12,448 INFO o.a.j.t.JMeterThread: Thread started: setUp - login 1-1
2026-10-07 20:08:12,459 INFO o.a.j.p.h.s.HTTPHCAbstractImpl: Local host = b0bbdf24d6bb
2026-10-07 20:08:12,463 INFO o.a.j.p.h.s.HTTPHC4Impl: HTTP request retry count = 0
2026-10-07 20:08:12,464 INFO o.a.j.s.SampleResult: Note: Sample TimeStamps are START times
2026-10-07 20:08:12,464 INFO o.a.j.s.SampleResult: sampleresult.default.encoding is set to UTF-8
2026-10-07 20:08:12,464 INFO o.a.j.s.SampleResult: sampleresult.useNanoTime=true
2026-10-07 20:08:12,464 INFO o.a.j.s.SampleResult: sampleresult.nanoThreadSleep=5000
2026-10-07 20:08:13,213 INFO o.a.j.t.JMeterThread: Thread is done: setUp - login 1-1
2026-10-07 20:08:13,213 INFO o.a.j.t.JMeterThread: Thread finished: setUp - login 1-1
2026-10-07 20:08:13,214 INFO o.a.j.e.StandardJMeterEngine: All Setup Threads have ended
2026-10-07 20:08:13,237 INFO o.a.j.e.StandardJMeterEngine: Starting ThreadGroup: 1 : S3
2026-10-07 20:08:13,237 INFO o.a.j.e.StandardJMeterEngine: Starting 10 threads for group S3.
2026-10-07 20:08:13,237 INFO o.a.j.e.StandardJMeterEngine: Thread will continue on error
2026-10-07 20:08:13,238 INFO o.a.j.t.ThreadGroup: Starting thread group... number=1 threads=10 ramp-up=10 delayedStart=false
2026-10-07 20:08:13,240 INFO o.a.j.t.JMeterThread: Thread started: S3 1-1
2026-10-07 20:08:13,247 INFO o.a.j.t.ThreadGroup: Started thread group number 1
2026-10-07 20:08:13,247 INFO o.a.j.e.StandardJMeterEngine: All thread groups have been started
2026-10-07 20:08:14,241 INFO o.a.j.t.JMeterThread: Thread started: S3 1-2
2026-10-07 20:08:15,239 INFO o.a.j.t.JMeterThread: Thread started: S3 1-3
2026-10-07 20:08:16,239 INFO o.a.j.t.JMeterThread: Thread started: S3 1-4
2026-10-07 20:08:17,240 INFO o.a.j.t.JMeterThread: Thread started: S3 1-5
2026-10-07 20:08:18,239 INFO o.a.j.t.JMeterThread: Thread started: S3 1-6
2026-10-07 20:08:19,374 INFO o.a.j.t.JMeterThread: Thread started: S3 1-7
2026-10-07 20:08:20,241 INFO o.a.j.t.JMeterThread: Thread started: S3 1-8
2026-10-07 20:08:21,239 INFO o.a.j.t.JMeterThread: Thread started: S3 1-9
2026-10-07 20:08:22,239 INFO o.a.j.t.JMeterThread: Thread started: S3 1-10
2026-10-07 20:08:30,144 INFO o.a.j.r.Summariser: summary +    334 in 00:00:18 =   18.9/s Avg:   359 Min:   113 Max:   609 Err:     0 (0.00%) Active: 10 Started: 10 Finished: 0
2026-10-07 20:09:00,093 INFO o.a.j.r.Summariser: summary +    606 in 00:00:30 =   20.2/s Avg:   493 Min:   408 Max:   593 Err:     0 (0.00%) Active: 10 Started: 10 Finished: 0
2026-10-07 20:09:00,093 INFO o.a.j.r.Summariser: summary =    940 in 00:00:48 =   19.7/s Avg:   446 Min:   113 Max:   609 Err:     0 (0.00%)
2026-10-07 20:09:13,300 INFO o.a.j.t.JMeterThread: Stopping because end time detected by thread: S3 1-3
2026-10-07 20:09:13,300 INFO o.a.j.t.JMeterThread: Thread finished: S3 1-3
2026-10-07 20:09:13,302 INFO o.a.j.t.JMeterThread: Stopping because end time detected by thread: S3 1-6
2026-10-07 20:09:13,302 INFO o.a.j.t.JMeterThread: Thread finished: S3 1-6
2026-10-07 20:09:13,402 INFO o.a.j.t.JMeterThread: Stopping because end time detected by thread: S3 1-4
2026-10-07 20:09:13,402 INFO o.a.j.t.JMeterThread: Thread finished: S3 1-4
2026-10-07 20:09:13,407 INFO o.a.j.t.JMeterThread: Stopping because end time detected by thread: S3 1-5
2026-10-07 20:09:13,407 INFO o.a.j.t.JMeterThread: Thread finished: S3 1-5
2026-10-07 20:09:13,467 INFO o.a.j.t.JMeterThread: Stopping because end time detected by thread: S3 1-2
2026-10-07 20:09:13,467 INFO o.a.j.t.JMeterThread: Thread finished: S3 1-2
2026-10-07 20:09:13,469 INFO o.a.j.t.JMeterThread: Stopping because end time detected by thread: S3 1-1
2026-10-07 20:09:13,470 INFO o.a.j.t.JMeterThread: Thread finished: S3 1-1
2026-10-07 20:09:13,489 INFO o.a.j.t.JMeterThread: Stopping because end time detected by thread: S3 1-7
2026-10-07 20:09:13,489 INFO o.a.j.t.JMeterThread: Thread finished: S3 1-7
2026-10-07 20:09:13,493 INFO o.a.j.t.JMeterThread: Stopping because end time detected by thread: S3 1-8
2026-10-07 20:09:13,493 INFO o.a.j.t.JMeterThread: Thread finished: S3 1-8
2026-10-07 20:09:13,507 INFO o.a.j.t.JMeterThread: Stopping because end time detected by thread: S3 1-9
2026-10-07 20:09:13,507 INFO o.a.j.t.JMeterThread: Thread finished: S3 1-9
2026-10-07 20:09:13,510 INFO o.a.j.t.JMeterThread: Stopping because end time detected by thread: S3 1-10
2026-10-07 20:09:13,510 INFO o.a.j.t.JMeterThread: Thread finished: S3 1-10
2026-10-07 20:09:13,511 INFO o.a.j.e.StandardJMeterEngine: Notifying test listeners of end of test
2026-10-07 20:09:13,513 INFO o.a.j.r.Summariser: summary +    277 in 00:00:13 =   20.6/s Avg:   488 Min:   312 Max:   599 Err:     0 (0.00%) Active: 0 Started: 10 Finished: 10
2026-10-07 20:09:13,513 INFO o.a.j.r.Summariser: summary =   1217 in 00:01:01 =   19.9/s Avg:   455 Min:   113 Max:   609 Err:     0 (0.00%)
