2026-10-01 19:48:51,200 INFO o.a.j.u.JMeterUtils: Setting Locale to en_EN
2026-10-01 19:48:51,224 INFO o.a.j.JMeter: Loading user properties from: /opt/jmeter/bin/user.properties
2026-10-01 19:48:51,224 INFO o.a.j.JMeter: Loading system properties from: /opt/jmeter/bin/system.properties
2026-10-01 19:48:51,225 INFO o.a.j.JMeter: Loading additional properties from: /tests/run.properties
2026-10-01 19:48:51,225 INFO o.a.j.JMeter: Loading additional properties from: /tests/data/ranges.properties
2026-10-01 19:48:51,225 INFO o.a.j.JMeter: Setting JMeter property: host=laravel-nginx
2026-10-01 19:48:51,225 INFO o.a.j.JMeter: Setting JMeter property: port=80
2026-10-01 19:48:51,225 INFO o.a.j.JMeter: Setting JMeter property: rampup=10
2026-10-01 19:48:51,226 INFO o.a.j.JMeter: Setting JMeter property: endpoint=MIXED
2026-10-01 19:48:51,226 INFO o.a.j.JMeter: Setting JMeter property: users=10
2026-10-01 19:48:51,226 INFO o.a.j.JMeter: Setting JMeter property: duration=20
2026-10-01 19:48:51,232 INFO o.a.j.JMeter: Copyright (c) 1998-2024 The Apache Software Foundation
2026-10-01 19:48:51,233 INFO o.a.j.JMeter: Version 5.6.3
2026-10-01 19:48:51,233 INFO o.a.j.JMeter: java.version=21.0.12.1
2026-10-01 19:48:51,233 INFO o.a.j.JMeter: java.vm.name=OpenJDK 64-Bit Server VM
2026-10-01 19:48:51,233 INFO o.a.j.JMeter: os.name=Linux
2026-10-01 19:48:51,233 INFO o.a.j.JMeter: os.arch=amd64
2026-10-01 19:48:51,233 INFO o.a.j.JMeter: os.version=6.6.87.2-microsoft-standard-WSL2
2026-10-01 19:48:51,233 INFO o.a.j.JMeter: file.encoding=UTF-8
2026-10-01 19:48:51,233 INFO o.a.j.JMeter: java.awt.headless=true
2026-10-01 19:48:51,233 INFO o.a.j.JMeter: Max memory     =2147483648
2026-10-01 19:48:51,233 INFO o.a.j.JMeter: Available Processors =12
2026-10-01 19:48:51,242 INFO o.a.j.JMeter: Default Locale=English (EN)
2026-10-01 19:48:51,242 INFO o.a.j.JMeter: JMeter  Locale=English (EN)
2026-10-01 19:48:51,242 INFO o.a.j.JMeter: JMeterHome=/opt/jmeter
2026-10-01 19:48:51,242 INFO o.a.j.JMeter: user.dir  =/tests
2026-10-01 19:48:51,242 INFO o.a.j.JMeter: PWD       =/tests
2026-10-01 19:48:51,243 INFO o.a.j.JMeter: IP: 172.19.0.5 Name: 6963c267f152 FullName: 6963c267f152
2026-10-01 19:48:51,255 INFO o.a.j.s.FileServer: Default base='/tests'
2026-10-01 19:48:51,257 INFO o.a.j.s.FileServer: Set new base='/tests'
2026-10-01 19:48:51,421 INFO o.a.j.s.SaveService: Testplan (JMX) version: 2.2. Testlog (JTL) version: 2.2
2026-10-01 19:48:51,446 INFO o.a.j.s.SaveService: Using SaveService properties version 5.0
2026-10-01 19:48:51,449 INFO o.a.j.s.SaveService: Using SaveService properties file encoding UTF-8
2026-10-01 19:48:51,452 INFO o.a.j.s.SaveService: Loading file: /tests/s1.jmx
2026-10-01 19:48:51,503 INFO o.a.j.p.h.s.HTTPSamplerBase: Parser for text/html is org.apache.jmeter.protocol.http.parser.LagartoBasedHtmlParser
2026-10-01 19:48:51,503 INFO o.a.j.p.h.s.HTTPSamplerBase: Parser for application/xhtml+xml is org.apache.jmeter.protocol.http.parser.LagartoBasedHtmlParser
2026-10-01 19:48:51,503 INFO o.a.j.p.h.s.HTTPSamplerBase: Parser for application/xml is org.apache.jmeter.protocol.http.parser.LagartoBasedHtmlParser
2026-10-01 19:48:51,503 INFO o.a.j.p.h.s.HTTPSamplerBase: Parser for text/xml is org.apache.jmeter.protocol.http.parser.LagartoBasedHtmlParser
2026-10-01 19:48:51,503 INFO o.a.j.p.h.s.HTTPSamplerBase: Parser for text/vnd.wap.wml is org.apache.jmeter.protocol.http.parser.RegexpHTMLParser
2026-10-01 19:48:51,504 INFO o.a.j.p.h.s.HTTPSamplerBase: Parser for text/css is org.apache.jmeter.protocol.http.parser.CssParser
2026-10-01 19:48:51,541 INFO o.a.j.JMeter: Creating summariser <summary>
2026-10-01 19:48:51,557 INFO o.a.j.e.StandardJMeterEngine: Running the test!
2026-10-01 19:48:51,558 INFO o.a.j.s.SampleEvent: List of sample_variables: []
2026-10-01 19:48:51,558 INFO o.a.j.s.SampleEvent: List of sample_variables: []
2026-10-01 19:48:51,561 INFO o.a.j.e.u.CompoundVariable: Note: Function class names must contain the string: '.functions.'
2026-10-01 19:48:51,561 INFO o.a.j.e.u.CompoundVariable: Note: Function class names must not contain the string: '.gui.'
2026-10-01 19:48:51,775 INFO o.a.j.JMeter: Running test (1790884131774)
2026-10-01 19:48:51,776 INFO o.a.j.e.StandardJMeterEngine: Starting setUp thread groups
2026-10-01 19:48:51,776 INFO o.a.j.e.StandardJMeterEngine: Starting setUp ThreadGroup: 1 : setUp - login 
2026-10-01 19:48:51,776 INFO o.a.j.e.StandardJMeterEngine: Starting 1 threads for group setUp - login.
2026-10-01 19:48:51,776 INFO o.a.j.e.StandardJMeterEngine: Test will stop abruptly on error
2026-10-01 19:48:51,777 INFO o.a.j.t.ThreadGroup: Starting thread group... number=1 threads=1 ramp-up=1 delayedStart=false
2026-10-01 19:48:51,779 INFO o.a.j.t.ThreadGroup: Started thread group number 1
2026-10-01 19:48:51,779 INFO o.a.j.e.StandardJMeterEngine: Waiting for all setup thread groups to exit
2026-10-01 19:48:51,781 INFO o.a.j.t.JMeterThread: Thread started: setUp - login 1-1
2026-10-01 19:48:51,792 INFO o.a.j.p.h.s.HTTPHCAbstractImpl: Local host = 6963c267f152
2026-10-01 19:48:51,797 INFO o.a.j.p.h.s.HTTPHC4Impl: HTTP request retry count = 0
2026-10-01 19:48:51,799 INFO o.a.j.s.SampleResult: Note: Sample TimeStamps are START times
2026-10-01 19:48:51,799 INFO o.a.j.s.SampleResult: sampleresult.default.encoding is set to UTF-8
2026-10-01 19:48:51,799 INFO o.a.j.s.SampleResult: sampleresult.useNanoTime=true
2026-10-01 19:48:51,799 INFO o.a.j.s.SampleResult: sampleresult.nanoThreadSleep=5000
2026-10-01 19:48:52,576 INFO o.a.j.t.JMeterThread: Thread is done: setUp - login 1-1
2026-10-01 19:48:52,577 INFO o.a.j.t.JMeterThread: Thread finished: setUp - login 1-1
2026-10-01 19:48:52,577 INFO o.a.j.e.StandardJMeterEngine: All Setup Threads have ended
2026-10-01 19:48:52,599 INFO o.a.j.e.StandardJMeterEngine: Starting ThreadGroup: 1 : S1
2026-10-01 19:48:52,600 INFO o.a.j.e.StandardJMeterEngine: Starting 10 threads for group S1.
2026-10-01 19:48:52,600 INFO o.a.j.e.StandardJMeterEngine: Thread will continue on error
2026-10-01 19:48:52,600 INFO o.a.j.t.ThreadGroup: Starting thread group... number=1 threads=10 ramp-up=10 delayedStart=false
2026-10-01 19:48:52,603 INFO o.a.j.t.JMeterThread: Thread started: S1 1-1
2026-10-01 19:48:52,613 INFO o.a.j.t.ThreadGroup: Started thread group number 1
2026-10-01 19:48:52,613 INFO o.a.j.e.StandardJMeterEngine: All thread groups have been started
2026-10-01 19:48:53,604 INFO o.a.j.t.JMeterThread: Thread started: S1 1-2
2026-10-01 19:48:54,603 INFO o.a.j.t.JMeterThread: Thread started: S1 1-3
2026-10-01 19:48:55,604 INFO o.a.j.t.JMeterThread: Thread started: S1 1-4
2026-10-01 19:48:56,604 INFO o.a.j.t.JMeterThread: Thread started: S1 1-5
2026-10-01 19:48:57,603 INFO o.a.j.t.JMeterThread: Thread started: S1 1-6
2026-10-01 19:48:58,602 INFO o.a.j.t.JMeterThread: Thread started: S1 1-7
2026-10-01 19:48:59,603 INFO o.a.j.t.JMeterThread: Thread started: S1 1-8
2026-10-01 19:49:00,019 INFO o.a.j.r.Summariser: summary +   1332 in 00:00:08 =  161.6/s Avg:    26 Min:    15 Max:   230 Err:     0 (0.00%) Active: 8 Started: 8 Finished: 0
2026-10-01 19:49:00,604 INFO o.a.j.t.JMeterThread: Thread started: S1 1-9
2026-10-01 19:49:01,602 INFO o.a.j.t.JMeterThread: Thread started: S1 1-10
2026-10-01 19:49:12,616 INFO o.a.j.t.JMeterThread: Stopping because end time detected by thread: S1 1-5
2026-10-01 19:49:12,617 INFO o.a.j.t.JMeterThread: Thread finished: S1 1-5
2026-10-01 19:49:12,617 INFO o.a.j.t.JMeterThread: Stopping because end time detected by thread: S1 1-7
2026-10-01 19:49:12,617 INFO o.a.j.t.JMeterThread: Thread finished: S1 1-7
2026-10-01 19:49:12,617 INFO o.a.j.t.JMeterThread: Stopping because end time detected by thread: S1 1-1
2026-10-01 19:49:12,618 INFO o.a.j.t.JMeterThread: Thread finished: S1 1-1
2026-10-01 19:49:12,618 INFO o.a.j.t.JMeterThread: Stopping because end time detected by thread: S1 1-8
2026-10-01 19:49:12,619 INFO o.a.j.t.JMeterThread: Thread finished: S1 1-8
2026-10-01 19:49:12,635 INFO o.a.j.t.JMeterThread: Stopping because end time detected by thread: S1 1-4
2026-10-01 19:49:12,635 INFO o.a.j.t.JMeterThread: Thread finished: S1 1-4
2026-10-01 19:49:12,636 INFO o.a.j.t.JMeterThread: Stopping because end time detected by thread: S1 1-3
2026-10-01 19:49:12,636 INFO o.a.j.t.JMeterThread: Thread finished: S1 1-3
2026-10-01 19:49:12,637 INFO o.a.j.t.JMeterThread: Stopping because end time detected by thread: S1 1-10
2026-10-01 19:49:12,637 INFO o.a.j.t.JMeterThread: Thread finished: S1 1-10
2026-10-01 19:49:12,638 INFO o.a.j.t.JMeterThread: Stopping because end time detected by thread: S1 1-9
2026-10-01 19:49:12,638 INFO o.a.j.t.JMeterThread: Thread finished: S1 1-9
2026-10-01 19:49:12,654 INFO o.a.j.t.JMeterThread: Stopping because end time detected by thread: S1 1-6
2026-10-01 19:49:12,654 INFO o.a.j.t.JMeterThread: Stopping because end time detected by thread: S1 1-2
2026-10-01 19:49:12,654 INFO o.a.j.t.JMeterThread: Thread finished: S1 1-6
2026-10-01 19:49:12,654 INFO o.a.j.t.JMeterThread: Thread finished: S1 1-2
2026-10-01 19:49:12,655 INFO o.a.j.e.StandardJMeterEngine: Notifying test listeners of end of test
2026-10-01 19:49:12,658 INFO o.a.j.r.Summariser: summary +   2508 in 00:00:13 =  198.4/s Avg:    49 Min:    33 Max:    88 Err:     0 (0.00%) Active: 0 Started: 10 Finished: 10
2026-10-01 19:49:12,659 INFO o.a.j.r.Summariser: summary =   3840 in 00:00:21 =  183.9/s Avg:    41 Min:    15 Max:   230 Err:     0 (0.00%)
