2026-10-01 19:48:35,742 INFO o.a.j.u.JMeterUtils: Setting Locale to en_EN
2026-10-01 19:48:35,770 INFO o.a.j.JMeter: Loading user properties from: /opt/jmeter/bin/user.properties
2026-10-01 19:48:35,771 INFO o.a.j.JMeter: Loading system properties from: /opt/jmeter/bin/system.properties
2026-10-01 19:48:35,771 INFO o.a.j.JMeter: Loading additional properties from: /tests/run.properties
2026-10-01 19:48:35,771 INFO o.a.j.JMeter: Loading additional properties from: /tests/data/ranges.properties
2026-10-01 19:48:35,771 INFO o.a.j.JMeter: Setting JMeter property: host=laravel-nginx
2026-10-01 19:48:35,771 INFO o.a.j.JMeter: Setting JMeter property: port=80
2026-10-01 19:48:35,771 INFO o.a.j.JMeter: Setting JMeter property: rampup=10
2026-10-01 19:48:35,772 INFO o.a.j.JMeter: Setting JMeter property: endpoint=MIXED
2026-10-01 19:48:35,772 INFO o.a.j.JMeter: Setting JMeter property: users=10
2026-10-01 19:48:35,772 INFO o.a.j.JMeter: Setting JMeter property: duration=10
2026-10-01 19:48:35,778 INFO o.a.j.JMeter: Copyright (c) 1998-2024 The Apache Software Foundation
2026-10-01 19:48:35,778 INFO o.a.j.JMeter: Version 5.6.3
2026-10-01 19:48:35,778 INFO o.a.j.JMeter: java.version=21.0.12.1
2026-10-01 19:48:35,778 INFO o.a.j.JMeter: java.vm.name=OpenJDK 64-Bit Server VM
2026-10-01 19:48:35,778 INFO o.a.j.JMeter: os.name=Linux
2026-10-01 19:48:35,778 INFO o.a.j.JMeter: os.arch=amd64
2026-10-01 19:48:35,778 INFO o.a.j.JMeter: os.version=6.6.87.2-microsoft-standard-WSL2
2026-10-01 19:48:35,778 INFO o.a.j.JMeter: file.encoding=UTF-8
2026-10-01 19:48:35,778 INFO o.a.j.JMeter: java.awt.headless=true
2026-10-01 19:48:35,779 INFO o.a.j.JMeter: Max memory     =2147483648
2026-10-01 19:48:35,779 INFO o.a.j.JMeter: Available Processors =12
2026-10-01 19:48:35,786 INFO o.a.j.JMeter: Default Locale=English (EN)
2026-10-01 19:48:35,786 INFO o.a.j.JMeter: JMeter  Locale=English (EN)
2026-10-01 19:48:35,786 INFO o.a.j.JMeter: JMeterHome=/opt/jmeter
2026-10-01 19:48:35,787 INFO o.a.j.JMeter: user.dir  =/tests
2026-10-01 19:48:35,787 INFO o.a.j.JMeter: PWD       =/tests
2026-10-01 19:48:35,787 INFO o.a.j.JMeter: IP: 172.19.0.5 Name: e4aec906682e FullName: e4aec906682e
2026-10-01 19:48:35,798 INFO o.a.j.s.FileServer: Default base='/tests'
2026-10-01 19:48:35,800 INFO o.a.j.s.FileServer: Set new base='/tests'
2026-10-01 19:48:35,972 INFO o.a.j.s.SaveService: Testplan (JMX) version: 2.2. Testlog (JTL) version: 2.2
2026-10-01 19:48:35,996 INFO o.a.j.s.SaveService: Using SaveService properties version 5.0
2026-10-01 19:48:35,999 INFO o.a.j.s.SaveService: Using SaveService properties file encoding UTF-8
2026-10-01 19:48:36,002 INFO o.a.j.s.SaveService: Loading file: /tests/s1.jmx
2026-10-01 19:48:36,049 INFO o.a.j.p.h.s.HTTPSamplerBase: Parser for text/html is org.apache.jmeter.protocol.http.parser.LagartoBasedHtmlParser
2026-10-01 19:48:36,049 INFO o.a.j.p.h.s.HTTPSamplerBase: Parser for application/xhtml+xml is org.apache.jmeter.protocol.http.parser.LagartoBasedHtmlParser
2026-10-01 19:48:36,049 INFO o.a.j.p.h.s.HTTPSamplerBase: Parser for application/xml is org.apache.jmeter.protocol.http.parser.LagartoBasedHtmlParser
2026-10-01 19:48:36,049 INFO o.a.j.p.h.s.HTTPSamplerBase: Parser for text/xml is org.apache.jmeter.protocol.http.parser.LagartoBasedHtmlParser
2026-10-01 19:48:36,049 INFO o.a.j.p.h.s.HTTPSamplerBase: Parser for text/vnd.wap.wml is org.apache.jmeter.protocol.http.parser.RegexpHTMLParser
2026-10-01 19:48:36,049 INFO o.a.j.p.h.s.HTTPSamplerBase: Parser for text/css is org.apache.jmeter.protocol.http.parser.CssParser
2026-10-01 19:48:36,087 INFO o.a.j.JMeter: Creating summariser <summary>
2026-10-01 19:48:36,099 INFO o.a.j.e.StandardJMeterEngine: Running the test!
2026-10-01 19:48:36,099 INFO o.a.j.s.SampleEvent: List of sample_variables: []
2026-10-01 19:48:36,099 INFO o.a.j.s.SampleEvent: List of sample_variables: []
2026-10-01 19:48:36,103 INFO o.a.j.e.u.CompoundVariable: Note: Function class names must contain the string: '.functions.'
2026-10-01 19:48:36,103 INFO o.a.j.e.u.CompoundVariable: Note: Function class names must not contain the string: '.gui.'
2026-10-01 19:48:36,314 INFO o.a.j.JMeter: Running test (1790884116314)
2026-10-01 19:48:36,316 INFO o.a.j.e.StandardJMeterEngine: Starting setUp thread groups
2026-10-01 19:48:36,317 INFO o.a.j.e.StandardJMeterEngine: Starting setUp ThreadGroup: 1 : setUp - login 
2026-10-01 19:48:36,317 INFO o.a.j.e.StandardJMeterEngine: Starting 1 threads for group setUp - login.
2026-10-01 19:48:36,317 INFO o.a.j.e.StandardJMeterEngine: Test will stop abruptly on error
2026-10-01 19:48:36,317 INFO o.a.j.t.ThreadGroup: Starting thread group... number=1 threads=1 ramp-up=1 delayedStart=false
2026-10-01 19:48:36,321 INFO o.a.j.t.ThreadGroup: Started thread group number 1
2026-10-01 19:48:36,321 INFO o.a.j.e.StandardJMeterEngine: Waiting for all setup thread groups to exit
2026-10-01 19:48:36,322 INFO o.a.j.t.JMeterThread: Thread started: setUp - login 1-1
2026-10-01 19:48:36,337 INFO o.a.j.p.h.s.HTTPHCAbstractImpl: Local host = e4aec906682e
2026-10-01 19:48:36,342 INFO o.a.j.p.h.s.HTTPHC4Impl: HTTP request retry count = 0
2026-10-01 19:48:36,343 INFO o.a.j.s.SampleResult: Note: Sample TimeStamps are START times
2026-10-01 19:48:36,343 INFO o.a.j.s.SampleResult: sampleresult.default.encoding is set to UTF-8
2026-10-01 19:48:36,343 INFO o.a.j.s.SampleResult: sampleresult.useNanoTime=true
2026-10-01 19:48:36,344 INFO o.a.j.s.SampleResult: sampleresult.nanoThreadSleep=5000
2026-10-01 19:48:37,182 INFO o.a.j.t.JMeterThread: Thread is done: setUp - login 1-1
2026-10-01 19:48:37,182 INFO o.a.j.t.JMeterThread: Thread finished: setUp - login 1-1
2026-10-01 19:48:37,183 INFO o.a.j.e.StandardJMeterEngine: All Setup Threads have ended
2026-10-01 19:48:37,204 INFO o.a.j.e.StandardJMeterEngine: Starting ThreadGroup: 1 : S1
2026-10-01 19:48:37,205 INFO o.a.j.e.StandardJMeterEngine: Starting 10 threads for group S1.
2026-10-01 19:48:37,205 INFO o.a.j.e.StandardJMeterEngine: Thread will continue on error
2026-10-01 19:48:37,205 INFO o.a.j.t.ThreadGroup: Starting thread group... number=1 threads=10 ramp-up=10 delayedStart=false
2026-10-01 19:48:37,208 INFO o.a.j.t.JMeterThread: Thread started: S1 1-1
2026-10-01 19:48:37,215 INFO o.a.j.t.ThreadGroup: Started thread group number 1
2026-10-01 19:48:37,215 INFO o.a.j.e.StandardJMeterEngine: All thread groups have been started
2026-10-01 19:48:38,208 INFO o.a.j.t.JMeterThread: Thread started: S1 1-2
2026-10-01 19:48:39,206 INFO o.a.j.t.JMeterThread: Thread started: S1 1-3
2026-10-01 19:48:40,206 INFO o.a.j.t.JMeterThread: Thread started: S1 1-4
2026-10-01 19:48:41,206 INFO o.a.j.t.JMeterThread: Thread started: S1 1-5
2026-10-01 19:48:42,206 INFO o.a.j.t.JMeterThread: Thread started: S1 1-6
2026-10-01 19:48:43,207 INFO o.a.j.t.JMeterThread: Thread started: S1 1-7
2026-10-01 19:48:44,206 INFO o.a.j.t.JMeterThread: Thread started: S1 1-8
2026-10-01 19:48:45,206 INFO o.a.j.t.JMeterThread: Thread started: S1 1-9
2026-10-01 19:48:46,206 INFO o.a.j.t.JMeterThread: Thread started: S1 1-10
2026-10-01 19:48:47,209 INFO o.a.j.t.JMeterThread: Stopping because end time detected by thread: S1 1-2
2026-10-01 19:48:47,209 INFO o.a.j.t.JMeterThread: Thread finished: S1 1-2
2026-10-01 19:48:47,211 INFO o.a.j.t.JMeterThread: Stopping because end time detected by thread: S1 1-1
2026-10-01 19:48:47,211 INFO o.a.j.t.JMeterThread: Thread finished: S1 1-1
2026-10-01 19:48:47,227 INFO o.a.j.t.JMeterThread: Stopping because end time detected by thread: S1 1-9
2026-10-01 19:48:47,227 INFO o.a.j.t.JMeterThread: Thread finished: S1 1-9
2026-10-01 19:48:47,230 INFO o.a.j.t.JMeterThread: Stopping because end time detected by thread: S1 1-5
2026-10-01 19:48:47,230 INFO o.a.j.t.JMeterThread: Thread finished: S1 1-5
2026-10-01 19:48:47,231 INFO o.a.j.t.JMeterThread: Stopping because end time detected by thread: S1 1-8
2026-10-01 19:48:47,231 INFO o.a.j.t.JMeterThread: Thread finished: S1 1-8
2026-10-01 19:48:47,235 INFO o.a.j.t.JMeterThread: Stopping because end time detected by thread: S1 1-6
2026-10-01 19:48:47,235 INFO o.a.j.t.JMeterThread: Thread finished: S1 1-6
2026-10-01 19:48:47,248 INFO o.a.j.t.JMeterThread: Stopping because end time detected by thread: S1 1-4
2026-10-01 19:48:47,249 INFO o.a.j.t.JMeterThread: Thread finished: S1 1-4
2026-10-01 19:48:47,250 INFO o.a.j.t.JMeterThread: Stopping because end time detected by thread: S1 1-10
2026-10-01 19:48:47,251 INFO o.a.j.t.JMeterThread: Thread finished: S1 1-10
2026-10-01 19:48:47,252 INFO o.a.j.t.JMeterThread: Stopping because end time detected by thread: S1 1-3
2026-10-01 19:48:47,252 INFO o.a.j.t.JMeterThread: Stopping because end time detected by thread: S1 1-7
2026-10-01 19:48:47,252 INFO o.a.j.t.JMeterThread: Thread finished: S1 1-3
2026-10-01 19:48:47,252 INFO o.a.j.t.JMeterThread: Thread finished: S1 1-7
2026-10-01 19:48:47,252 INFO o.a.j.e.StandardJMeterEngine: Notifying test listeners of end of test
2026-10-01 19:48:47,256 INFO o.a.j.r.Summariser: summary =   1506 in 00:00:11 =  137.6/s Avg:    36 Min:    14 Max:   309 Err:     0 (0.00%)
