2026-10-01 20:56:15,764 INFO o.a.j.u.JMeterUtils: Setting Locale to en_EN
2026-10-01 20:56:15,786 INFO o.a.j.JMeter: Loading user properties from: /opt/jmeter/bin/user.properties
2026-10-01 20:56:15,786 INFO o.a.j.JMeter: Loading system properties from: /opt/jmeter/bin/system.properties
2026-10-01 20:56:15,786 INFO o.a.j.JMeter: Loading additional properties from: /tests/run.properties
2026-10-01 20:56:15,787 INFO o.a.j.JMeter: Loading additional properties from: /tests/data/ranges.properties
2026-10-01 20:56:15,787 INFO o.a.j.JMeter: Setting JMeter property: host=laravel-nginx
2026-10-01 20:56:15,787 INFO o.a.j.JMeter: Setting JMeter property: port=80
2026-10-01 20:56:15,787 INFO o.a.j.JMeter: Setting JMeter property: rampup=10
2026-10-01 20:56:15,787 INFO o.a.j.JMeter: Setting JMeter property: endpoint=EP5
2026-10-01 20:56:15,787 INFO o.a.j.JMeter: Setting JMeter property: users=10
2026-10-01 20:56:15,787 INFO o.a.j.JMeter: Setting JMeter property: duration=20
2026-10-01 20:56:15,793 INFO o.a.j.JMeter: Copyright (c) 1998-2024 The Apache Software Foundation
2026-10-01 20:56:15,793 INFO o.a.j.JMeter: Version 5.6.3
2026-10-01 20:56:15,793 INFO o.a.j.JMeter: java.version=21.0.12.1
2026-10-01 20:56:15,793 INFO o.a.j.JMeter: java.vm.name=OpenJDK 64-Bit Server VM
2026-10-01 20:56:15,793 INFO o.a.j.JMeter: os.name=Linux
2026-10-01 20:56:15,793 INFO o.a.j.JMeter: os.arch=amd64
2026-10-01 20:56:15,794 INFO o.a.j.JMeter: os.version=6.6.87.2-microsoft-standard-WSL2
2026-10-01 20:56:15,794 INFO o.a.j.JMeter: file.encoding=UTF-8
2026-10-01 20:56:15,794 INFO o.a.j.JMeter: java.awt.headless=true
2026-10-01 20:56:15,794 INFO o.a.j.JMeter: Max memory     =4294967296
2026-10-01 20:56:15,794 INFO o.a.j.JMeter: Available Processors =12
2026-10-01 20:56:15,804 INFO o.a.j.JMeter: Default Locale=English (EN)
2026-10-01 20:56:15,805 INFO o.a.j.JMeter: JMeter  Locale=English (EN)
2026-10-01 20:56:15,805 INFO o.a.j.JMeter: JMeterHome=/opt/jmeter
2026-10-01 20:56:15,805 INFO o.a.j.JMeter: user.dir  =/tests
2026-10-01 20:56:15,805 INFO o.a.j.JMeter: PWD       =/tests
2026-10-01 20:56:15,805 INFO o.a.j.JMeter: IP: 172.19.0.5 Name: 93c260b00197 FullName: 93c260b00197
2026-10-01 20:56:15,816 INFO o.a.j.s.FileServer: Default base='/tests'
2026-10-01 20:56:15,818 INFO o.a.j.s.FileServer: Set new base='/tests'
2026-10-01 20:56:15,977 INFO o.a.j.s.SaveService: Testplan (JMX) version: 2.2. Testlog (JTL) version: 2.2
2026-10-01 20:56:16,000 INFO o.a.j.s.SaveService: Using SaveService properties version 5.0
2026-10-01 20:56:16,002 INFO o.a.j.s.SaveService: Using SaveService properties file encoding UTF-8
2026-10-01 20:56:16,006 INFO o.a.j.s.SaveService: Loading file: /tests/s3.jmx
2026-10-01 20:56:16,051 INFO o.a.j.p.h.s.HTTPSamplerBase: Parser for text/html is org.apache.jmeter.protocol.http.parser.LagartoBasedHtmlParser
2026-10-01 20:56:16,051 INFO o.a.j.p.h.s.HTTPSamplerBase: Parser for application/xhtml+xml is org.apache.jmeter.protocol.http.parser.LagartoBasedHtmlParser
2026-10-01 20:56:16,051 INFO o.a.j.p.h.s.HTTPSamplerBase: Parser for application/xml is org.apache.jmeter.protocol.http.parser.LagartoBasedHtmlParser
2026-10-01 20:56:16,051 INFO o.a.j.p.h.s.HTTPSamplerBase: Parser for text/xml is org.apache.jmeter.protocol.http.parser.LagartoBasedHtmlParser
2026-10-01 20:56:16,051 INFO o.a.j.p.h.s.HTTPSamplerBase: Parser for text/vnd.wap.wml is org.apache.jmeter.protocol.http.parser.RegexpHTMLParser
2026-10-01 20:56:16,051 INFO o.a.j.p.h.s.HTTPSamplerBase: Parser for text/css is org.apache.jmeter.protocol.http.parser.CssParser
2026-10-01 20:56:16,091 INFO o.a.j.JMeter: Creating summariser <summary>
2026-10-01 20:56:16,106 INFO o.a.j.e.StandardJMeterEngine: Running the test!
2026-10-01 20:56:16,107 INFO o.a.j.s.SampleEvent: List of sample_variables: []
2026-10-01 20:56:16,107 INFO o.a.j.s.SampleEvent: List of sample_variables: []
2026-10-01 20:56:16,110 INFO o.a.j.e.u.CompoundVariable: Note: Function class names must contain the string: '.functions.'
2026-10-01 20:56:16,110 INFO o.a.j.e.u.CompoundVariable: Note: Function class names must not contain the string: '.gui.'
2026-10-01 20:56:16,327 INFO o.a.j.JMeter: Running test (1790888176327)
2026-10-01 20:56:16,328 INFO o.a.j.e.StandardJMeterEngine: Starting setUp thread groups
2026-10-01 20:56:16,328 INFO o.a.j.e.StandardJMeterEngine: Starting setUp ThreadGroup: 1 : setUp - login 
2026-10-01 20:56:16,329 INFO o.a.j.e.StandardJMeterEngine: Starting 1 threads for group setUp - login.
2026-10-01 20:56:16,329 INFO o.a.j.e.StandardJMeterEngine: Test will stop abruptly on error
2026-10-01 20:56:16,329 INFO o.a.j.t.ThreadGroup: Starting thread group... number=1 threads=1 ramp-up=1 delayedStart=false
2026-10-01 20:56:16,332 INFO o.a.j.t.ThreadGroup: Started thread group number 1
2026-10-01 20:56:16,332 INFO o.a.j.e.StandardJMeterEngine: Waiting for all setup thread groups to exit
2026-10-01 20:56:16,333 INFO o.a.j.t.JMeterThread: Thread started: setUp - login 1-1
2026-10-01 20:56:16,344 INFO o.a.j.p.h.s.HTTPHCAbstractImpl: Local host = 93c260b00197
2026-10-01 20:56:16,349 INFO o.a.j.p.h.s.HTTPHC4Impl: HTTP request retry count = 0
2026-10-01 20:56:16,350 INFO o.a.j.s.SampleResult: Note: Sample TimeStamps are START times
2026-10-01 20:56:16,350 INFO o.a.j.s.SampleResult: sampleresult.default.encoding is set to UTF-8
2026-10-01 20:56:16,350 INFO o.a.j.s.SampleResult: sampleresult.useNanoTime=true
2026-10-01 20:56:16,350 INFO o.a.j.s.SampleResult: sampleresult.nanoThreadSleep=5000
2026-10-01 20:56:17,074 INFO o.a.j.t.JMeterThread: Thread is done: setUp - login 1-1
2026-10-01 20:56:17,074 INFO o.a.j.t.JMeterThread: Thread finished: setUp - login 1-1
2026-10-01 20:56:17,075 INFO o.a.j.e.StandardJMeterEngine: All Setup Threads have ended
2026-10-01 20:56:17,098 INFO o.a.j.e.StandardJMeterEngine: Starting ThreadGroup: 1 : S3
2026-10-01 20:56:17,099 INFO o.a.j.e.StandardJMeterEngine: Starting 10 threads for group S3.
2026-10-01 20:56:17,099 INFO o.a.j.e.StandardJMeterEngine: Thread will continue on error
2026-10-01 20:56:17,099 INFO o.a.j.t.ThreadGroup: Starting thread group... number=1 threads=10 ramp-up=10 delayedStart=false
2026-10-01 20:56:17,101 INFO o.a.j.t.JMeterThread: Thread started: S3 1-1
2026-10-01 20:56:17,109 INFO o.a.j.t.ThreadGroup: Started thread group number 1
2026-10-01 20:56:17,109 INFO o.a.j.e.StandardJMeterEngine: All thread groups have been started
2026-10-01 20:56:18,102 INFO o.a.j.t.JMeterThread: Thread started: S3 1-2
2026-10-01 20:56:19,100 INFO o.a.j.t.JMeterThread: Thread started: S3 1-3
2026-10-01 20:56:20,101 INFO o.a.j.t.JMeterThread: Thread started: S3 1-4
2026-10-01 20:56:21,101 INFO o.a.j.t.JMeterThread: Thread started: S3 1-5
2026-10-01 20:56:22,101 INFO o.a.j.t.JMeterThread: Thread started: S3 1-6
2026-10-01 20:56:23,100 INFO o.a.j.t.JMeterThread: Thread started: S3 1-7
2026-10-01 20:56:24,101 INFO o.a.j.t.JMeterThread: Thread started: S3 1-8
2026-10-01 20:56:25,100 INFO o.a.j.t.JMeterThread: Thread started: S3 1-9
2026-10-01 20:56:26,100 INFO o.a.j.t.JMeterThread: Thread started: S3 1-10
2026-10-01 20:56:30,001 INFO o.a.j.r.Summariser: summary +   5963 in 00:00:14 =  436.1/s Avg:    13 Min:     6 Max:   210 Err:     0 (0.00%) Active: 10 Started: 10 Finished: 0
2026-10-01 20:56:37,100 INFO o.a.j.t.JMeterThread: Stopping because end time detected by thread: S3 1-2
2026-10-01 20:56:37,100 INFO o.a.j.t.JMeterThread: Thread finished: S3 1-2
2026-10-01 20:56:37,107 INFO o.a.j.t.JMeterThread: Stopping because end time detected by thread: S3 1-6
2026-10-01 20:56:37,107 INFO o.a.j.t.JMeterThread: Stopping because end time detected by thread: S3 1-5
2026-10-01 20:56:37,107 INFO o.a.j.t.JMeterThread: Stopping because end time detected by thread: S3 1-3
2026-10-01 20:56:37,107 INFO o.a.j.t.JMeterThread: Thread finished: S3 1-6
2026-10-01 20:56:37,107 INFO o.a.j.t.JMeterThread: Thread finished: S3 1-5
2026-10-01 20:56:37,107 INFO o.a.j.t.JMeterThread: Stopping because end time detected by thread: S3 1-4
2026-10-01 20:56:37,107 INFO o.a.j.t.JMeterThread: Thread finished: S3 1-3
2026-10-01 20:56:37,107 INFO o.a.j.t.JMeterThread: Thread finished: S3 1-4
2026-10-01 20:56:37,114 INFO o.a.j.t.JMeterThread: Stopping because end time detected by thread: S3 1-8
2026-10-01 20:56:37,114 INFO o.a.j.t.JMeterThread: Stopping because end time detected by thread: S3 1-9
2026-10-01 20:56:37,114 INFO o.a.j.t.JMeterThread: Stopping because end time detected by thread: S3 1-1
2026-10-01 20:56:37,114 INFO o.a.j.t.JMeterThread: Stopping because end time detected by thread: S3 1-7
2026-10-01 20:56:37,114 INFO o.a.j.t.JMeterThread: Thread finished: S3 1-8
2026-10-01 20:56:37,114 INFO o.a.j.t.JMeterThread: Thread finished: S3 1-9
2026-10-01 20:56:37,114 INFO o.a.j.t.JMeterThread: Thread finished: S3 1-1
2026-10-01 20:56:37,114 INFO o.a.j.t.JMeterThread: Thread finished: S3 1-7
2026-10-01 20:56:37,122 INFO o.a.j.t.JMeterThread: Stopping because end time detected by thread: S3 1-10
2026-10-01 20:56:37,122 INFO o.a.j.t.JMeterThread: Thread finished: S3 1-10
2026-10-01 20:56:37,122 INFO o.a.j.e.StandardJMeterEngine: Notifying test listeners of end of test
2026-10-01 20:56:37,125 INFO o.a.j.r.Summariser: summary +   4365 in 00:00:07 =  612.6/s Avg:    18 Min:    12 Max:    38 Err:     0 (0.00%) Active: 0 Started: 10 Finished: 10
2026-10-01 20:56:37,126 INFO o.a.j.r.Summariser: summary =  10328 in 00:00:21 =  496.6/s Avg:    15 Min:     6 Max:   210 Err:     0 (0.00%)
