2026-10-01 20:56:00,717 INFO o.a.j.u.JMeterUtils: Setting Locale to en_EN
2026-10-01 20:56:00,738 INFO o.a.j.JMeter: Loading user properties from: /opt/jmeter/bin/user.properties
2026-10-01 20:56:00,739 INFO o.a.j.JMeter: Loading system properties from: /opt/jmeter/bin/system.properties
2026-10-01 20:56:00,739 INFO o.a.j.JMeter: Loading additional properties from: /tests/run.properties
2026-10-01 20:56:00,739 INFO o.a.j.JMeter: Loading additional properties from: /tests/data/ranges.properties
2026-10-01 20:56:00,739 INFO o.a.j.JMeter: Setting JMeter property: host=laravel-nginx
2026-10-01 20:56:00,739 INFO o.a.j.JMeter: Setting JMeter property: port=80
2026-10-01 20:56:00,740 INFO o.a.j.JMeter: Setting JMeter property: rampup=10
2026-10-01 20:56:00,740 INFO o.a.j.JMeter: Setting JMeter property: endpoint=EP5
2026-10-01 20:56:00,740 INFO o.a.j.JMeter: Setting JMeter property: users=10
2026-10-01 20:56:00,740 INFO o.a.j.JMeter: Setting JMeter property: duration=10
2026-10-01 20:56:00,745 INFO o.a.j.JMeter: Copyright (c) 1998-2024 The Apache Software Foundation
2026-10-01 20:56:00,745 INFO o.a.j.JMeter: Version 5.6.3
2026-10-01 20:56:00,745 INFO o.a.j.JMeter: java.version=21.0.12.1
2026-10-01 20:56:00,745 INFO o.a.j.JMeter: java.vm.name=OpenJDK 64-Bit Server VM
2026-10-01 20:56:00,745 INFO o.a.j.JMeter: os.name=Linux
2026-10-01 20:56:00,745 INFO o.a.j.JMeter: os.arch=amd64
2026-10-01 20:56:00,745 INFO o.a.j.JMeter: os.version=6.6.87.2-microsoft-standard-WSL2
2026-10-01 20:56:00,745 INFO o.a.j.JMeter: file.encoding=UTF-8
2026-10-01 20:56:00,745 INFO o.a.j.JMeter: java.awt.headless=true
2026-10-01 20:56:00,745 INFO o.a.j.JMeter: Max memory     =4294967296
2026-10-01 20:56:00,746 INFO o.a.j.JMeter: Available Processors =12
2026-10-01 20:56:00,753 INFO o.a.j.JMeter: Default Locale=English (EN)
2026-10-01 20:56:00,753 INFO o.a.j.JMeter: JMeter  Locale=English (EN)
2026-10-01 20:56:00,753 INFO o.a.j.JMeter: JMeterHome=/opt/jmeter
2026-10-01 20:56:00,753 INFO o.a.j.JMeter: user.dir  =/tests
2026-10-01 20:56:00,753 INFO o.a.j.JMeter: PWD       =/tests
2026-10-01 20:56:00,753 INFO o.a.j.JMeter: IP: 172.19.0.5 Name: 2c5fabe500f0 FullName: 2c5fabe500f0
2026-10-01 20:56:00,765 INFO o.a.j.s.FileServer: Default base='/tests'
2026-10-01 20:56:00,766 INFO o.a.j.s.FileServer: Set new base='/tests'
2026-10-01 20:56:00,921 INFO o.a.j.s.SaveService: Testplan (JMX) version: 2.2. Testlog (JTL) version: 2.2
2026-10-01 20:56:00,944 INFO o.a.j.s.SaveService: Using SaveService properties version 5.0
2026-10-01 20:56:00,947 INFO o.a.j.s.SaveService: Using SaveService properties file encoding UTF-8
2026-10-01 20:56:00,950 INFO o.a.j.s.SaveService: Loading file: /tests/s3.jmx
2026-10-01 20:56:00,996 INFO o.a.j.p.h.s.HTTPSamplerBase: Parser for text/html is org.apache.jmeter.protocol.http.parser.LagartoBasedHtmlParser
2026-10-01 20:56:00,996 INFO o.a.j.p.h.s.HTTPSamplerBase: Parser for application/xhtml+xml is org.apache.jmeter.protocol.http.parser.LagartoBasedHtmlParser
2026-10-01 20:56:00,996 INFO o.a.j.p.h.s.HTTPSamplerBase: Parser for application/xml is org.apache.jmeter.protocol.http.parser.LagartoBasedHtmlParser
2026-10-01 20:56:00,996 INFO o.a.j.p.h.s.HTTPSamplerBase: Parser for text/xml is org.apache.jmeter.protocol.http.parser.LagartoBasedHtmlParser
2026-10-01 20:56:00,996 INFO o.a.j.p.h.s.HTTPSamplerBase: Parser for text/vnd.wap.wml is org.apache.jmeter.protocol.http.parser.RegexpHTMLParser
2026-10-01 20:56:00,996 INFO o.a.j.p.h.s.HTTPSamplerBase: Parser for text/css is org.apache.jmeter.protocol.http.parser.CssParser
2026-10-01 20:56:01,035 INFO o.a.j.JMeter: Creating summariser <summary>
2026-10-01 20:56:01,045 INFO o.a.j.e.StandardJMeterEngine: Running the test!
2026-10-01 20:56:01,046 INFO o.a.j.s.SampleEvent: List of sample_variables: []
2026-10-01 20:56:01,046 INFO o.a.j.s.SampleEvent: List of sample_variables: []
2026-10-01 20:56:01,050 INFO o.a.j.e.u.CompoundVariable: Note: Function class names must contain the string: '.functions.'
2026-10-01 20:56:01,050 INFO o.a.j.e.u.CompoundVariable: Note: Function class names must not contain the string: '.gui.'
2026-10-01 20:56:01,284 INFO o.a.j.JMeter: Running test (1790888161284)
2026-10-01 20:56:01,286 INFO o.a.j.e.StandardJMeterEngine: Starting setUp thread groups
2026-10-01 20:56:01,286 INFO o.a.j.e.StandardJMeterEngine: Starting setUp ThreadGroup: 1 : setUp - login 
2026-10-01 20:56:01,287 INFO o.a.j.e.StandardJMeterEngine: Starting 1 threads for group setUp - login.
2026-10-01 20:56:01,287 INFO o.a.j.e.StandardJMeterEngine: Test will stop abruptly on error
2026-10-01 20:56:01,287 INFO o.a.j.t.ThreadGroup: Starting thread group... number=1 threads=1 ramp-up=1 delayedStart=false
2026-10-01 20:56:01,291 INFO o.a.j.t.ThreadGroup: Started thread group number 1
2026-10-01 20:56:01,291 INFO o.a.j.e.StandardJMeterEngine: Waiting for all setup thread groups to exit
2026-10-01 20:56:01,293 INFO o.a.j.t.JMeterThread: Thread started: setUp - login 1-1
2026-10-01 20:56:01,306 INFO o.a.j.p.h.s.HTTPHCAbstractImpl: Local host = 2c5fabe500f0
2026-10-01 20:56:01,311 INFO o.a.j.p.h.s.HTTPHC4Impl: HTTP request retry count = 0
2026-10-01 20:56:01,312 INFO o.a.j.s.SampleResult: Note: Sample TimeStamps are START times
2026-10-01 20:56:01,312 INFO o.a.j.s.SampleResult: sampleresult.default.encoding is set to UTF-8
2026-10-01 20:56:01,312 INFO o.a.j.s.SampleResult: sampleresult.useNanoTime=true
2026-10-01 20:56:01,313 INFO o.a.j.s.SampleResult: sampleresult.nanoThreadSleep=5000
2026-10-01 20:56:02,071 INFO o.a.j.r.Summariser: summary +      1 in 00:00:01 =    1.3/s Avg:   293 Min:   293 Max:   293 Err:     0 (0.00%) Active: 1 Started: 1 Finished: 0
2026-10-01 20:56:02,072 INFO o.a.j.t.JMeterThread: Thread is done: setUp - login 1-1
2026-10-01 20:56:02,072 INFO o.a.j.t.JMeterThread: Thread finished: setUp - login 1-1
2026-10-01 20:56:02,073 INFO o.a.j.e.StandardJMeterEngine: All Setup Threads have ended
2026-10-01 20:56:02,096 INFO o.a.j.e.StandardJMeterEngine: Starting ThreadGroup: 1 : S3
2026-10-01 20:56:02,096 INFO o.a.j.e.StandardJMeterEngine: Starting 10 threads for group S3.
2026-10-01 20:56:02,096 INFO o.a.j.e.StandardJMeterEngine: Thread will continue on error
2026-10-01 20:56:02,096 INFO o.a.j.t.ThreadGroup: Starting thread group... number=1 threads=10 ramp-up=10 delayedStart=false
2026-10-01 20:56:02,098 INFO o.a.j.t.JMeterThread: Thread started: S3 1-1
2026-10-01 20:56:02,106 INFO o.a.j.t.ThreadGroup: Started thread group number 1
2026-10-01 20:56:02,106 INFO o.a.j.e.StandardJMeterEngine: All thread groups have been started
2026-10-01 20:56:03,098 INFO o.a.j.t.JMeterThread: Thread started: S3 1-2
2026-10-01 20:56:04,098 INFO o.a.j.t.JMeterThread: Thread started: S3 1-3
2026-10-01 20:56:05,099 INFO o.a.j.t.JMeterThread: Thread started: S3 1-4
2026-10-01 20:56:06,097 INFO o.a.j.t.JMeterThread: Thread started: S3 1-5
2026-10-01 20:56:07,097 INFO o.a.j.t.JMeterThread: Thread started: S3 1-6
2026-10-01 20:56:08,097 INFO o.a.j.t.JMeterThread: Thread started: S3 1-7
2026-10-01 20:56:09,098 INFO o.a.j.t.JMeterThread: Thread started: S3 1-8
2026-10-01 20:56:10,097 INFO o.a.j.t.JMeterThread: Thread started: S3 1-9
2026-10-01 20:56:11,098 INFO o.a.j.t.JMeterThread: Thread started: S3 1-10
2026-10-01 20:56:12,106 INFO o.a.j.t.JMeterThread: Stopping because end time detected by thread: S3 1-7
2026-10-01 20:56:12,106 INFO o.a.j.t.JMeterThread: Stopping because end time detected by thread: S3 1-6
2026-10-01 20:56:12,106 INFO o.a.j.t.JMeterThread: Stopping because end time detected by thread: S3 1-1
2026-10-01 20:56:12,106 INFO o.a.j.t.JMeterThread: Stopping because end time detected by thread: S3 1-3
2026-10-01 20:56:12,106 INFO o.a.j.t.JMeterThread: Thread finished: S3 1-7
2026-10-01 20:56:12,106 INFO o.a.j.t.JMeterThread: Thread finished: S3 1-6
2026-10-01 20:56:12,107 INFO o.a.j.t.JMeterThread: Thread finished: S3 1-3
2026-10-01 20:56:12,107 INFO o.a.j.t.JMeterThread: Thread finished: S3 1-1
2026-10-01 20:56:12,114 INFO o.a.j.t.JMeterThread: Stopping because end time detected by thread: S3 1-2
2026-10-01 20:56:12,114 INFO o.a.j.t.JMeterThread: Stopping because end time detected by thread: S3 1-10
2026-10-01 20:56:12,114 INFO o.a.j.t.JMeterThread: Stopping because end time detected by thread: S3 1-4
2026-10-01 20:56:12,114 INFO o.a.j.t.JMeterThread: Stopping because end time detected by thread: S3 1-9
2026-10-01 20:56:12,114 INFO o.a.j.t.JMeterThread: Thread finished: S3 1-2
2026-10-01 20:56:12,114 INFO o.a.j.t.JMeterThread: Thread finished: S3 1-9
2026-10-01 20:56:12,115 INFO o.a.j.t.JMeterThread: Thread finished: S3 1-4
2026-10-01 20:56:12,115 INFO o.a.j.t.JMeterThread: Thread finished: S3 1-10
2026-10-01 20:56:12,122 INFO o.a.j.t.JMeterThread: Stopping because end time detected by thread: S3 1-5
2026-10-01 20:56:12,122 INFO o.a.j.t.JMeterThread: Stopping because end time detected by thread: S3 1-8
2026-10-01 20:56:12,122 INFO o.a.j.t.JMeterThread: Thread finished: S3 1-5
2026-10-01 20:56:12,122 INFO o.a.j.t.JMeterThread: Thread finished: S3 1-8
2026-10-01 20:56:12,122 INFO o.a.j.e.StandardJMeterEngine: Notifying test listeners of end of test
2026-10-01 20:56:12,125 INFO o.a.j.r.Summariser: summary +   4767 in 00:00:10 =  474.1/s Avg:    11 Min:     6 Max:    49 Err:     0 (0.00%) Active: 0 Started: 10 Finished: 10
2026-10-01 20:56:12,126 INFO o.a.j.r.Summariser: summary =   4768 in 00:00:11 =  439.8/s Avg:    11 Min:     6 Max:   293 Err:     0 (0.00%)
