2026-10-01 20:03:02,754 INFO o.a.j.u.JMeterUtils: Setting Locale to en_EN
2026-10-01 20:03:02,777 INFO o.a.j.JMeter: Loading user properties from: /opt/jmeter/bin/user.properties
2026-10-01 20:03:02,777 INFO o.a.j.JMeter: Loading system properties from: /opt/jmeter/bin/system.properties
2026-10-01 20:03:02,777 INFO o.a.j.JMeter: Loading additional properties from: /tests/run.properties
2026-10-01 20:03:02,778 INFO o.a.j.JMeter: Loading additional properties from: /tests/data/ranges.properties
2026-10-01 20:03:02,778 INFO o.a.j.JMeter: Setting JMeter property: host=laravel-nginx
2026-10-01 20:03:02,778 INFO o.a.j.JMeter: Setting JMeter property: port=80
2026-10-01 20:03:02,778 INFO o.a.j.JMeter: Setting JMeter property: rampup=10
2026-10-01 20:03:02,778 INFO o.a.j.JMeter: Setting JMeter property: endpoint=EP2
2026-10-01 20:03:02,778 INFO o.a.j.JMeter: Setting JMeter property: users=10
2026-10-01 20:03:02,778 INFO o.a.j.JMeter: Setting JMeter property: duration=10
2026-10-01 20:03:02,783 INFO o.a.j.JMeter: Copyright (c) 1998-2024 The Apache Software Foundation
2026-10-01 20:03:02,784 INFO o.a.j.JMeter: Version 5.6.3
2026-10-01 20:03:02,784 INFO o.a.j.JMeter: java.version=21.0.12.1
2026-10-01 20:03:02,784 INFO o.a.j.JMeter: java.vm.name=OpenJDK 64-Bit Server VM
2026-10-01 20:03:02,784 INFO o.a.j.JMeter: os.name=Linux
2026-10-01 20:03:02,784 INFO o.a.j.JMeter: os.arch=amd64
2026-10-01 20:03:02,784 INFO o.a.j.JMeter: os.version=6.6.87.2-microsoft-standard-WSL2
2026-10-01 20:03:02,784 INFO o.a.j.JMeter: file.encoding=UTF-8
2026-10-01 20:03:02,784 INFO o.a.j.JMeter: java.awt.headless=true
2026-10-01 20:03:02,785 INFO o.a.j.JMeter: Max memory     =2147483648
2026-10-01 20:03:02,785 INFO o.a.j.JMeter: Available Processors =12
2026-10-01 20:03:02,792 INFO o.a.j.JMeter: Default Locale=English (EN)
2026-10-01 20:03:02,793 INFO o.a.j.JMeter: JMeter  Locale=English (EN)
2026-10-01 20:03:02,793 INFO o.a.j.JMeter: JMeterHome=/opt/jmeter
2026-10-01 20:03:02,793 INFO o.a.j.JMeter: user.dir  =/tests
2026-10-01 20:03:02,793 INFO o.a.j.JMeter: PWD       =/tests
2026-10-01 20:03:02,794 INFO o.a.j.JMeter: IP: 172.19.0.5 Name: a70e6205a239 FullName: a70e6205a239
2026-10-01 20:03:02,804 INFO o.a.j.s.FileServer: Default base='/tests'
2026-10-01 20:03:02,806 INFO o.a.j.s.FileServer: Set new base='/tests'
2026-10-01 20:03:02,969 INFO o.a.j.s.SaveService: Testplan (JMX) version: 2.2. Testlog (JTL) version: 2.2
2026-10-01 20:03:02,993 INFO o.a.j.s.SaveService: Using SaveService properties version 5.0
2026-10-01 20:03:02,995 INFO o.a.j.s.SaveService: Using SaveService properties file encoding UTF-8
2026-10-01 20:03:02,998 INFO o.a.j.s.SaveService: Loading file: /tests/s1.jmx
2026-10-01 20:03:03,043 INFO o.a.j.p.h.s.HTTPSamplerBase: Parser for text/html is org.apache.jmeter.protocol.http.parser.LagartoBasedHtmlParser
2026-10-01 20:03:03,043 INFO o.a.j.p.h.s.HTTPSamplerBase: Parser for application/xhtml+xml is org.apache.jmeter.protocol.http.parser.LagartoBasedHtmlParser
2026-10-01 20:03:03,044 INFO o.a.j.p.h.s.HTTPSamplerBase: Parser for application/xml is org.apache.jmeter.protocol.http.parser.LagartoBasedHtmlParser
2026-10-01 20:03:03,044 INFO o.a.j.p.h.s.HTTPSamplerBase: Parser for text/xml is org.apache.jmeter.protocol.http.parser.LagartoBasedHtmlParser
2026-10-01 20:03:03,044 INFO o.a.j.p.h.s.HTTPSamplerBase: Parser for text/vnd.wap.wml is org.apache.jmeter.protocol.http.parser.RegexpHTMLParser
2026-10-01 20:03:03,044 INFO o.a.j.p.h.s.HTTPSamplerBase: Parser for text/css is org.apache.jmeter.protocol.http.parser.CssParser
2026-10-01 20:03:03,081 INFO o.a.j.JMeter: Creating summariser <summary>
2026-10-01 20:03:03,092 INFO o.a.j.e.StandardJMeterEngine: Running the test!
2026-10-01 20:03:03,093 INFO o.a.j.s.SampleEvent: List of sample_variables: []
2026-10-01 20:03:03,093 INFO o.a.j.s.SampleEvent: List of sample_variables: []
2026-10-01 20:03:03,097 INFO o.a.j.e.u.CompoundVariable: Note: Function class names must contain the string: '.functions.'
2026-10-01 20:03:03,097 INFO o.a.j.e.u.CompoundVariable: Note: Function class names must not contain the string: '.gui.'
2026-10-01 20:03:03,299 INFO o.a.j.JMeter: Running test (1790884983299)
2026-10-01 20:03:03,300 INFO o.a.j.e.StandardJMeterEngine: Starting setUp thread groups
2026-10-01 20:03:03,300 INFO o.a.j.e.StandardJMeterEngine: Starting setUp ThreadGroup: 1 : setUp - login 
2026-10-01 20:03:03,301 INFO o.a.j.e.StandardJMeterEngine: Starting 1 threads for group setUp - login.
2026-10-01 20:03:03,301 INFO o.a.j.e.StandardJMeterEngine: Test will stop abruptly on error
2026-10-01 20:03:03,301 INFO o.a.j.t.ThreadGroup: Starting thread group... number=1 threads=1 ramp-up=1 delayedStart=false
2026-10-01 20:03:03,304 INFO o.a.j.t.ThreadGroup: Started thread group number 1
2026-10-01 20:03:03,304 INFO o.a.j.e.StandardJMeterEngine: Waiting for all setup thread groups to exit
2026-10-01 20:03:03,306 INFO o.a.j.t.JMeterThread: Thread started: setUp - login 1-1
2026-10-01 20:03:03,318 INFO o.a.j.p.h.s.HTTPHCAbstractImpl: Local host = a70e6205a239
2026-10-01 20:03:03,322 INFO o.a.j.p.h.s.HTTPHC4Impl: HTTP request retry count = 0
2026-10-01 20:03:03,324 INFO o.a.j.s.SampleResult: Note: Sample TimeStamps are START times
2026-10-01 20:03:03,324 INFO o.a.j.s.SampleResult: sampleresult.default.encoding is set to UTF-8
2026-10-01 20:03:03,324 INFO o.a.j.s.SampleResult: sampleresult.useNanoTime=true
2026-10-01 20:03:03,324 INFO o.a.j.s.SampleResult: sampleresult.nanoThreadSleep=5000
2026-10-01 20:03:04,215 INFO o.a.j.r.Summariser: summary +      1 in 00:00:01 =    1.1/s Avg:   324 Min:   324 Max:   324 Err:     0 (0.00%) Active: 1 Started: 1 Finished: 0
2026-10-01 20:03:04,216 INFO o.a.j.t.JMeterThread: Thread is done: setUp - login 1-1
2026-10-01 20:03:04,216 INFO o.a.j.t.JMeterThread: Thread finished: setUp - login 1-1
2026-10-01 20:03:04,217 INFO o.a.j.e.StandardJMeterEngine: All Setup Threads have ended
2026-10-01 20:03:04,236 INFO o.a.j.e.StandardJMeterEngine: Starting ThreadGroup: 1 : S1
2026-10-01 20:03:04,237 INFO o.a.j.e.StandardJMeterEngine: Starting 10 threads for group S1.
2026-10-01 20:03:04,237 INFO o.a.j.e.StandardJMeterEngine: Thread will continue on error
2026-10-01 20:03:04,237 INFO o.a.j.t.ThreadGroup: Starting thread group... number=1 threads=10 ramp-up=10 delayedStart=false
2026-10-01 20:03:04,239 INFO o.a.j.t.JMeterThread: Thread started: S1 1-1
2026-10-01 20:03:04,246 INFO o.a.j.t.ThreadGroup: Started thread group number 1
2026-10-01 20:03:04,246 INFO o.a.j.e.StandardJMeterEngine: All thread groups have been started
2026-10-01 20:03:05,239 INFO o.a.j.t.JMeterThread: Thread started: S1 1-2
2026-10-01 20:03:06,239 INFO o.a.j.t.JMeterThread: Thread started: S1 1-3
2026-10-01 20:03:07,239 INFO o.a.j.t.JMeterThread: Thread started: S1 1-4
2026-10-01 20:03:08,239 INFO o.a.j.t.JMeterThread: Thread started: S1 1-5
2026-10-01 20:03:09,239 INFO o.a.j.t.JMeterThread: Thread started: S1 1-6
2026-10-01 20:03:10,238 INFO o.a.j.t.JMeterThread: Thread started: S1 1-7
2026-10-01 20:03:11,239 INFO o.a.j.t.JMeterThread: Thread started: S1 1-8
2026-10-01 20:03:12,239 INFO o.a.j.t.JMeterThread: Thread started: S1 1-9
2026-10-01 20:03:13,238 INFO o.a.j.t.JMeterThread: Thread started: S1 1-10
2026-10-01 20:03:14,245 INFO o.a.j.t.JMeterThread: Stopping because end time detected by thread: S1 1-4
2026-10-01 20:03:14,245 INFO o.a.j.t.JMeterThread: Thread finished: S1 1-4
2026-10-01 20:03:14,245 INFO o.a.j.t.JMeterThread: Stopping because end time detected by thread: S1 1-7
2026-10-01 20:03:14,245 INFO o.a.j.t.JMeterThread: Thread finished: S1 1-7
2026-10-01 20:03:14,248 INFO o.a.j.t.JMeterThread: Stopping because end time detected by thread: S1 1-5
2026-10-01 20:03:14,248 INFO o.a.j.t.JMeterThread: Thread finished: S1 1-5
2026-10-01 20:03:14,256 INFO o.a.j.t.JMeterThread: Stopping because end time detected by thread: S1 1-1
2026-10-01 20:03:14,257 INFO o.a.j.t.JMeterThread: Thread finished: S1 1-1
2026-10-01 20:03:14,257 INFO o.a.j.t.JMeterThread: Stopping because end time detected by thread: S1 1-6
2026-10-01 20:03:14,257 INFO o.a.j.t.JMeterThread: Thread finished: S1 1-6
2026-10-01 20:03:14,257 INFO o.a.j.t.JMeterThread: Stopping because end time detected by thread: S1 1-9
2026-10-01 20:03:14,257 INFO o.a.j.t.JMeterThread: Thread finished: S1 1-9
2026-10-01 20:03:14,259 INFO o.a.j.t.JMeterThread: Stopping because end time detected by thread: S1 1-8
2026-10-01 20:03:14,259 INFO o.a.j.t.JMeterThread: Thread finished: S1 1-8
2026-10-01 20:03:14,266 INFO o.a.j.t.JMeterThread: Stopping because end time detected by thread: S1 1-3
2026-10-01 20:03:14,266 INFO o.a.j.t.JMeterThread: Stopping because end time detected by thread: S1 1-2
2026-10-01 20:03:14,267 INFO o.a.j.t.JMeterThread: Thread finished: S1 1-3
2026-10-01 20:03:14,267 INFO o.a.j.t.JMeterThread: Thread finished: S1 1-2
2026-10-01 20:03:14,268 INFO o.a.j.t.JMeterThread: Stopping because end time detected by thread: S1 1-10
2026-10-01 20:03:14,268 INFO o.a.j.t.JMeterThread: Thread finished: S1 1-10
2026-10-01 20:03:14,269 INFO o.a.j.e.StandardJMeterEngine: Notifying test listeners of end of test
2026-10-01 20:03:14,272 INFO o.a.j.r.Summariser: summary +   2962 in 00:00:10 =  294.5/s Avg:    18 Min:     8 Max:    68 Err:     0 (0.00%) Active: 0 Started: 10 Finished: 10
2026-10-01 20:03:14,272 INFO o.a.j.r.Summariser: summary =   2963 in 00:00:11 =  270.0/s Avg:    18 Min:     8 Max:   324 Err:     0 (0.00%)
