2026-10-02 21:56:52,978 INFO o.a.j.u.JMeterUtils: Setting Locale to en_EN
2026-10-02 21:56:52,995 INFO o.a.j.JMeter: Loading user properties from: /opt/jmeter/bin/user.properties
2026-10-02 21:56:52,995 INFO o.a.j.JMeter: Loading system properties from: /opt/jmeter/bin/system.properties
2026-10-02 21:56:52,995 INFO o.a.j.JMeter: Loading additional properties from: /tests/run.properties
2026-10-02 21:56:52,995 INFO o.a.j.JMeter: Loading additional properties from: /tests/data/ranges.properties
2026-10-02 21:56:52,995 INFO o.a.j.JMeter: Setting JMeter property: host=laravel-nginx
2026-10-02 21:56:52,995 INFO o.a.j.JMeter: Setting JMeter property: port=80
2026-10-02 21:56:52,996 INFO o.a.j.JMeter: Setting JMeter property: rampup=1
2026-10-02 21:56:52,996 INFO o.a.j.JMeter: Setting JMeter property: endpoint=EP1
2026-10-02 21:56:52,996 INFO o.a.j.JMeter: Setting JMeter property: users=2
2026-10-02 21:56:52,996 INFO o.a.j.JMeter: Setting JMeter property: duration=60
2026-10-02 21:56:53,000 INFO o.a.j.JMeter: Copyright (c) 1998-2024 The Apache Software Foundation
2026-10-02 21:56:53,000 INFO o.a.j.JMeter: Version 5.6.3
2026-10-02 21:56:53,000 INFO o.a.j.JMeter: java.version=21.0.12.1
2026-10-02 21:56:53,000 INFO o.a.j.JMeter: java.vm.name=OpenJDK 64-Bit Server VM
2026-10-02 21:56:53,000 INFO o.a.j.JMeter: os.name=Linux
2026-10-02 21:56:53,000 INFO o.a.j.JMeter: os.arch=amd64
2026-10-02 21:56:53,000 INFO o.a.j.JMeter: os.version=6.6.87.2-microsoft-standard-WSL2
2026-10-02 21:56:53,000 INFO o.a.j.JMeter: file.encoding=UTF-8
2026-10-02 21:56:53,000 INFO o.a.j.JMeter: java.awt.headless=true
2026-10-02 21:56:53,000 INFO o.a.j.JMeter: Max memory     =4294967296
2026-10-02 21:56:53,000 INFO o.a.j.JMeter: Available Processors =12
2026-10-02 21:56:53,007 INFO o.a.j.JMeter: Default Locale=English (EN)
2026-10-02 21:56:53,007 INFO o.a.j.JMeter: JMeter  Locale=English (EN)
2026-10-02 21:56:53,007 INFO o.a.j.JMeter: JMeterHome=/opt/jmeter
2026-10-02 21:56:53,007 INFO o.a.j.JMeter: user.dir  =/tests
2026-10-02 21:56:53,007 INFO o.a.j.JMeter: PWD       =/tests
2026-10-02 21:56:53,008 INFO o.a.j.JMeter: IP: 172.19.0.5 Name: a1684cb8b43d FullName: a1684cb8b43d
2026-10-02 21:56:53,018 INFO o.a.j.s.FileServer: Default base='/tests'
2026-10-02 21:56:53,019 INFO o.a.j.s.FileServer: Set new base='/tests'
2026-10-02 21:56:53,166 INFO o.a.j.s.SaveService: Testplan (JMX) version: 2.2. Testlog (JTL) version: 2.2
2026-10-02 21:56:53,186 INFO o.a.j.s.SaveService: Using SaveService properties version 5.0
2026-10-02 21:56:53,189 INFO o.a.j.s.SaveService: Using SaveService properties file encoding UTF-8
2026-10-02 21:56:53,192 INFO o.a.j.s.SaveService: Loading file: /tests/s3.jmx
2026-10-02 21:56:53,228 INFO o.a.j.p.h.s.HTTPSamplerBase: Parser for text/html is org.apache.jmeter.protocol.http.parser.LagartoBasedHtmlParser
2026-10-02 21:56:53,229 INFO o.a.j.p.h.s.HTTPSamplerBase: Parser for application/xhtml+xml is org.apache.jmeter.protocol.http.parser.LagartoBasedHtmlParser
2026-10-02 21:56:53,229 INFO o.a.j.p.h.s.HTTPSamplerBase: Parser for application/xml is org.apache.jmeter.protocol.http.parser.LagartoBasedHtmlParser
2026-10-02 21:56:53,229 INFO o.a.j.p.h.s.HTTPSamplerBase: Parser for text/xml is org.apache.jmeter.protocol.http.parser.LagartoBasedHtmlParser
2026-10-02 21:56:53,229 INFO o.a.j.p.h.s.HTTPSamplerBase: Parser for text/vnd.wap.wml is org.apache.jmeter.protocol.http.parser.RegexpHTMLParser
2026-10-02 21:56:53,229 INFO o.a.j.p.h.s.HTTPSamplerBase: Parser for text/css is org.apache.jmeter.protocol.http.parser.CssParser
2026-10-02 21:56:53,263 INFO o.a.j.JMeter: Creating summariser <summary>
2026-10-02 21:56:53,271 INFO o.a.j.e.StandardJMeterEngine: Running the test!
2026-10-02 21:56:53,272 INFO o.a.j.s.SampleEvent: List of sample_variables: []
2026-10-02 21:56:53,272 INFO o.a.j.s.SampleEvent: List of sample_variables: []
2026-10-02 21:56:53,275 INFO o.a.j.e.u.CompoundVariable: Note: Function class names must contain the string: '.functions.'
2026-10-02 21:56:53,275 INFO o.a.j.e.u.CompoundVariable: Note: Function class names must not contain the string: '.gui.'
2026-10-02 21:56:53,475 INFO o.a.j.JMeter: Running test (1790978213475)
2026-10-02 21:56:53,477 INFO o.a.j.e.StandardJMeterEngine: Starting setUp thread groups
2026-10-02 21:56:53,477 INFO o.a.j.e.StandardJMeterEngine: Starting setUp ThreadGroup: 1 : setUp - login 
2026-10-02 21:56:53,477 INFO o.a.j.e.StandardJMeterEngine: Starting 1 threads for group setUp - login.
2026-10-02 21:56:53,477 INFO o.a.j.e.StandardJMeterEngine: Test will stop abruptly on error
2026-10-02 21:56:53,477 INFO o.a.j.t.ThreadGroup: Starting thread group... number=1 threads=1 ramp-up=1 delayedStart=false
2026-10-02 21:56:53,480 INFO o.a.j.t.ThreadGroup: Started thread group number 1
2026-10-02 21:56:53,480 INFO o.a.j.e.StandardJMeterEngine: Waiting for all setup thread groups to exit
2026-10-02 21:56:53,481 INFO o.a.j.t.JMeterThread: Thread started: setUp - login 1-1
2026-10-02 21:56:53,491 INFO o.a.j.p.h.s.HTTPHCAbstractImpl: Local host = a1684cb8b43d
2026-10-02 21:56:53,494 INFO o.a.j.p.h.s.HTTPHC4Impl: HTTP request retry count = 0
2026-10-02 21:56:53,495 INFO o.a.j.s.SampleResult: Note: Sample TimeStamps are START times
2026-10-02 21:56:53,495 INFO o.a.j.s.SampleResult: sampleresult.default.encoding is set to UTF-8
2026-10-02 21:56:53,495 INFO o.a.j.s.SampleResult: sampleresult.useNanoTime=true
2026-10-02 21:56:53,495 INFO o.a.j.s.SampleResult: sampleresult.nanoThreadSleep=5000
2026-10-02 21:56:54,196 INFO o.a.j.t.JMeterThread: Thread is done: setUp - login 1-1
2026-10-02 21:56:54,196 INFO o.a.j.t.JMeterThread: Thread finished: setUp - login 1-1
2026-10-02 21:56:54,197 INFO o.a.j.e.StandardJMeterEngine: All Setup Threads have ended
2026-10-02 21:56:54,220 INFO o.a.j.e.StandardJMeterEngine: Starting ThreadGroup: 1 : S3
2026-10-02 21:56:54,220 INFO o.a.j.e.StandardJMeterEngine: Starting 2 threads for group S3.
2026-10-02 21:56:54,221 INFO o.a.j.e.StandardJMeterEngine: Thread will continue on error
2026-10-02 21:56:54,221 INFO o.a.j.t.ThreadGroup: Starting thread group... number=1 threads=2 ramp-up=1 delayedStart=false
2026-10-02 21:56:54,224 INFO o.a.j.t.JMeterThread: Thread started: S3 1-1
2026-10-02 21:56:54,224 INFO o.a.j.t.ThreadGroup: Started thread group number 1
2026-10-02 21:56:54,224 INFO o.a.j.e.StandardJMeterEngine: All thread groups have been started
2026-10-02 21:56:54,724 INFO o.a.j.t.JMeterThread: Thread started: S3 1-2
2026-10-02 21:57:00,005 INFO o.a.j.r.Summariser: summary +   1696 in 00:00:07 =  259.8/s Avg:     6 Min:     5 Max:   287 Err:     0 (0.00%) Active: 2 Started: 2 Finished: 0
2026-10-02 21:57:30,000 INFO o.a.j.r.Summariser: summary +   9624 in 00:00:30 =  320.8/s Avg:     5 Min:     5 Max:    13 Err:     0 (0.00%) Active: 2 Started: 2 Finished: 0
2026-10-02 21:57:30,000 INFO o.a.j.r.Summariser: summary =  11320 in 00:00:37 =  309.9/s Avg:     6 Min:     5 Max:   287 Err:     0 (0.00%)
2026-10-02 21:57:54,225 INFO o.a.j.t.JMeterThread: Stopping because end time detected by thread: S3 1-1
2026-10-02 21:57:54,225 INFO o.a.j.t.JMeterThread: Stopping because end time detected by thread: S3 1-2
2026-10-02 21:57:54,226 INFO o.a.j.t.JMeterThread: Thread finished: S3 1-2
2026-10-02 21:57:54,226 INFO o.a.j.t.JMeterThread: Thread finished: S3 1-1
2026-10-02 21:57:54,226 INFO o.a.j.e.StandardJMeterEngine: Notifying test listeners of end of test
2026-10-02 21:57:54,229 INFO o.a.j.r.Summariser: summary +   7522 in 00:00:24 =  310.5/s Avg:     6 Min:     5 Max:    16 Err:     0 (0.00%) Active: 0 Started: 2 Finished: 2
2026-10-02 21:57:54,229 INFO o.a.j.r.Summariser: summary =  18842 in 00:01:01 =  310.1/s Avg:     6 Min:     5 Max:   287 Err:     0 (0.00%)
