2026-10-02 22:36:37,555 INFO o.a.j.u.JMeterUtils: Setting Locale to en_EN
2026-10-02 22:36:37,578 INFO o.a.j.JMeter: Loading user properties from: /opt/jmeter/bin/user.properties
2026-10-02 22:36:37,579 INFO o.a.j.JMeter: Loading system properties from: /opt/jmeter/bin/system.properties
2026-10-02 22:36:37,579 INFO o.a.j.JMeter: Loading additional properties from: /tests/run.properties
2026-10-02 22:36:37,579 INFO o.a.j.JMeter: Loading additional properties from: /tests/data/ranges.properties
2026-10-02 22:36:37,579 INFO o.a.j.JMeter: Setting JMeter property: host=laravel-nginx
2026-10-02 22:36:37,579 INFO o.a.j.JMeter: Setting JMeter property: port=80
2026-10-02 22:36:37,580 INFO o.a.j.JMeter: Setting JMeter property: rampup=1
2026-10-02 22:36:37,580 INFO o.a.j.JMeter: Setting JMeter property: endpoint=EP5
2026-10-02 22:36:37,580 INFO o.a.j.JMeter: Setting JMeter property: users=2
2026-10-02 22:36:37,580 INFO o.a.j.JMeter: Setting JMeter property: duration=60
2026-10-02 22:36:37,585 INFO o.a.j.JMeter: Copyright (c) 1998-2024 The Apache Software Foundation
2026-10-02 22:36:37,585 INFO o.a.j.JMeter: Version 5.6.3
2026-10-02 22:36:37,586 INFO o.a.j.JMeter: java.version=21.0.12.1
2026-10-02 22:36:37,586 INFO o.a.j.JMeter: java.vm.name=OpenJDK 64-Bit Server VM
2026-10-02 22:36:37,586 INFO o.a.j.JMeter: os.name=Linux
2026-10-02 22:36:37,586 INFO o.a.j.JMeter: os.arch=amd64
2026-10-02 22:36:37,586 INFO o.a.j.JMeter: os.version=6.6.87.2-microsoft-standard-WSL2
2026-10-02 22:36:37,586 INFO o.a.j.JMeter: file.encoding=UTF-8
2026-10-02 22:36:37,586 INFO o.a.j.JMeter: java.awt.headless=true
2026-10-02 22:36:37,586 INFO o.a.j.JMeter: Max memory     =4294967296
2026-10-02 22:36:37,586 INFO o.a.j.JMeter: Available Processors =12
2026-10-02 22:36:37,596 INFO o.a.j.JMeter: Default Locale=English (EN)
2026-10-02 22:36:37,596 INFO o.a.j.JMeter: JMeter  Locale=English (EN)
2026-10-02 22:36:37,596 INFO o.a.j.JMeter: JMeterHome=/opt/jmeter
2026-10-02 22:36:37,596 INFO o.a.j.JMeter: user.dir  =/tests
2026-10-02 22:36:37,596 INFO o.a.j.JMeter: PWD       =/tests
2026-10-02 22:36:37,597 INFO o.a.j.JMeter: IP: 172.19.0.5 Name: 1864604503eb FullName: 1864604503eb
2026-10-02 22:36:37,606 INFO o.a.j.s.FileServer: Default base='/tests'
2026-10-02 22:36:37,607 INFO o.a.j.s.FileServer: Set new base='/tests'
2026-10-02 22:36:37,752 INFO o.a.j.s.SaveService: Testplan (JMX) version: 2.2. Testlog (JTL) version: 2.2
2026-10-02 22:36:37,774 INFO o.a.j.s.SaveService: Using SaveService properties version 5.0
2026-10-02 22:36:37,776 INFO o.a.j.s.SaveService: Using SaveService properties file encoding UTF-8
2026-10-02 22:36:37,779 INFO o.a.j.s.SaveService: Loading file: /tests/s3.jmx
2026-10-02 22:36:37,821 INFO o.a.j.p.h.s.HTTPSamplerBase: Parser for text/html is org.apache.jmeter.protocol.http.parser.LagartoBasedHtmlParser
2026-10-02 22:36:37,821 INFO o.a.j.p.h.s.HTTPSamplerBase: Parser for application/xhtml+xml is org.apache.jmeter.protocol.http.parser.LagartoBasedHtmlParser
2026-10-02 22:36:37,821 INFO o.a.j.p.h.s.HTTPSamplerBase: Parser for application/xml is org.apache.jmeter.protocol.http.parser.LagartoBasedHtmlParser
2026-10-02 22:36:37,821 INFO o.a.j.p.h.s.HTTPSamplerBase: Parser for text/xml is org.apache.jmeter.protocol.http.parser.LagartoBasedHtmlParser
2026-10-02 22:36:37,821 INFO o.a.j.p.h.s.HTTPSamplerBase: Parser for text/vnd.wap.wml is org.apache.jmeter.protocol.http.parser.RegexpHTMLParser
2026-10-02 22:36:37,821 INFO o.a.j.p.h.s.HTTPSamplerBase: Parser for text/css is org.apache.jmeter.protocol.http.parser.CssParser
2026-10-02 22:36:37,859 INFO o.a.j.JMeter: Creating summariser <summary>
2026-10-02 22:36:37,868 INFO o.a.j.e.StandardJMeterEngine: Running the test!
2026-10-02 22:36:37,869 INFO o.a.j.s.SampleEvent: List of sample_variables: []
2026-10-02 22:36:37,869 INFO o.a.j.s.SampleEvent: List of sample_variables: []
2026-10-02 22:36:37,872 INFO o.a.j.e.u.CompoundVariable: Note: Function class names must contain the string: '.functions.'
2026-10-02 22:36:37,873 INFO o.a.j.e.u.CompoundVariable: Note: Function class names must not contain the string: '.gui.'
2026-10-02 22:36:38,070 INFO o.a.j.JMeter: Running test (1790980598070)
2026-10-02 22:36:38,072 INFO o.a.j.e.StandardJMeterEngine: Starting setUp thread groups
2026-10-02 22:36:38,072 INFO o.a.j.e.StandardJMeterEngine: Starting setUp ThreadGroup: 1 : setUp - login 
2026-10-02 22:36:38,072 INFO o.a.j.e.StandardJMeterEngine: Starting 1 threads for group setUp - login.
2026-10-02 22:36:38,072 INFO o.a.j.e.StandardJMeterEngine: Test will stop abruptly on error
2026-10-02 22:36:38,072 INFO o.a.j.t.ThreadGroup: Starting thread group... number=1 threads=1 ramp-up=1 delayedStart=false
2026-10-02 22:36:38,076 INFO o.a.j.t.ThreadGroup: Started thread group number 1
2026-10-02 22:36:38,076 INFO o.a.j.e.StandardJMeterEngine: Waiting for all setup thread groups to exit
2026-10-02 22:36:38,077 INFO o.a.j.t.JMeterThread: Thread started: setUp - login 1-1
2026-10-02 22:36:38,088 INFO o.a.j.p.h.s.HTTPHCAbstractImpl: Local host = 1864604503eb
2026-10-02 22:36:38,092 INFO o.a.j.p.h.s.HTTPHC4Impl: HTTP request retry count = 0
2026-10-02 22:36:38,093 INFO o.a.j.s.SampleResult: Note: Sample TimeStamps are START times
2026-10-02 22:36:38,093 INFO o.a.j.s.SampleResult: sampleresult.default.encoding is set to UTF-8
2026-10-02 22:36:38,093 INFO o.a.j.s.SampleResult: sampleresult.useNanoTime=true
2026-10-02 22:36:38,093 INFO o.a.j.s.SampleResult: sampleresult.nanoThreadSleep=5000
2026-10-02 22:36:38,838 INFO o.a.j.t.JMeterThread: Thread is done: setUp - login 1-1
2026-10-02 22:36:38,839 INFO o.a.j.t.JMeterThread: Thread finished: setUp - login 1-1
2026-10-02 22:36:38,840 INFO o.a.j.e.StandardJMeterEngine: All Setup Threads have ended
2026-10-02 22:36:38,861 INFO o.a.j.e.StandardJMeterEngine: Starting ThreadGroup: 1 : S3
2026-10-02 22:36:38,861 INFO o.a.j.e.StandardJMeterEngine: Starting 2 threads for group S3.
2026-10-02 22:36:38,861 INFO o.a.j.e.StandardJMeterEngine: Thread will continue on error
2026-10-02 22:36:38,861 INFO o.a.j.t.ThreadGroup: Starting thread group... number=1 threads=2 ramp-up=1 delayedStart=false
2026-10-02 22:36:38,864 INFO o.a.j.t.ThreadGroup: Started thread group number 1
2026-10-02 22:36:38,864 INFO o.a.j.t.JMeterThread: Thread started: S3 1-1
2026-10-02 22:36:38,864 INFO o.a.j.e.StandardJMeterEngine: All thread groups have been started
2026-10-02 22:36:39,363 INFO o.a.j.t.JMeterThread: Thread started: S3 1-2
2026-10-02 22:37:00,007 INFO o.a.j.r.Summariser: summary +   5513 in 00:00:22 =  251.3/s Avg:     7 Min:     6 Max:   282 Err:     0 (0.00%) Active: 2 Started: 2 Finished: 0
2026-10-02 22:37:30,008 INFO o.a.j.r.Summariser: summary +   7253 in 00:00:30 =  241.8/s Avg:     7 Min:     5 Max:    34 Err:     0 (0.00%) Active: 2 Started: 2 Finished: 0
2026-10-02 22:37:30,008 INFO o.a.j.r.Summariser: summary =  12766 in 00:00:52 =  245.8/s Avg:     7 Min:     5 Max:   282 Err:     0 (0.00%)
2026-10-02 22:37:38,866 INFO o.a.j.t.JMeterThread: Stopping because end time detected by thread: S3 1-2
2026-10-02 22:37:38,866 INFO o.a.j.t.JMeterThread: Stopping because end time detected by thread: S3 1-1
2026-10-02 22:37:38,866 INFO o.a.j.t.JMeterThread: Thread finished: S3 1-1
2026-10-02 22:37:38,866 INFO o.a.j.t.JMeterThread: Thread finished: S3 1-2
2026-10-02 22:37:38,867 INFO o.a.j.e.StandardJMeterEngine: Notifying test listeners of end of test
2026-10-02 22:37:38,869 INFO o.a.j.r.Summariser: summary +   2050 in 00:00:09 =  231.3/s Avg:     7 Min:     6 Max:    14 Err:     0 (0.00%) Active: 0 Started: 2 Finished: 2
2026-10-02 22:37:38,870 INFO o.a.j.r.Summariser: summary =  14816 in 00:01:01 =  243.7/s Avg:     7 Min:     5 Max:   282 Err:     0 (0.00%)
