2026-10-01 20:57:04,154 INFO o.a.j.u.JMeterUtils: Setting Locale to en_EN
2026-10-01 20:57:04,178 INFO o.a.j.JMeter: Loading user properties from: /opt/jmeter/bin/user.properties
2026-10-01 20:57:04,179 INFO o.a.j.JMeter: Loading system properties from: /opt/jmeter/bin/system.properties
2026-10-01 20:57:04,179 INFO o.a.j.JMeter: Loading additional properties from: /tests/run.properties
2026-10-01 20:57:04,179 INFO o.a.j.JMeter: Loading additional properties from: /tests/data/ranges.properties
2026-10-01 20:57:04,180 INFO o.a.j.JMeter: Setting JMeter property: host=laravel-nginx
2026-10-01 20:57:04,180 INFO o.a.j.JMeter: Setting JMeter property: port=80
2026-10-01 20:57:04,180 INFO o.a.j.JMeter: Setting JMeter property: rampup=10
2026-10-01 20:57:04,180 INFO o.a.j.JMeter: Setting JMeter property: endpoint=EP6
2026-10-01 20:57:04,180 INFO o.a.j.JMeter: Setting JMeter property: users=10
2026-10-01 20:57:04,180 INFO o.a.j.JMeter: Setting JMeter property: duration=20
2026-10-01 20:57:04,186 INFO o.a.j.JMeter: Copyright (c) 1998-2024 The Apache Software Foundation
2026-10-01 20:57:04,186 INFO o.a.j.JMeter: Version 5.6.3
2026-10-01 20:57:04,186 INFO o.a.j.JMeter: java.version=21.0.12.1
2026-10-01 20:57:04,186 INFO o.a.j.JMeter: java.vm.name=OpenJDK 64-Bit Server VM
2026-10-01 20:57:04,186 INFO o.a.j.JMeter: os.name=Linux
2026-10-01 20:57:04,186 INFO o.a.j.JMeter: os.arch=amd64
2026-10-01 20:57:04,186 INFO o.a.j.JMeter: os.version=6.6.87.2-microsoft-standard-WSL2
2026-10-01 20:57:04,186 INFO o.a.j.JMeter: file.encoding=UTF-8
2026-10-01 20:57:04,186 INFO o.a.j.JMeter: java.awt.headless=true
2026-10-01 20:57:04,187 INFO o.a.j.JMeter: Max memory     =4294967296
2026-10-01 20:57:04,187 INFO o.a.j.JMeter: Available Processors =12
2026-10-01 20:57:04,195 INFO o.a.j.JMeter: Default Locale=English (EN)
2026-10-01 20:57:04,195 INFO o.a.j.JMeter: JMeter  Locale=English (EN)
2026-10-01 20:57:04,195 INFO o.a.j.JMeter: JMeterHome=/opt/jmeter
2026-10-01 20:57:04,196 INFO o.a.j.JMeter: user.dir  =/tests
2026-10-01 20:57:04,196 INFO o.a.j.JMeter: PWD       =/tests
2026-10-01 20:57:04,196 INFO o.a.j.JMeter: IP: 172.19.0.5 Name: 61b307c38d5d FullName: 61b307c38d5d
2026-10-01 20:57:04,207 INFO o.a.j.s.FileServer: Default base='/tests'
2026-10-01 20:57:04,208 INFO o.a.j.s.FileServer: Set new base='/tests'
2026-10-01 20:57:04,384 INFO o.a.j.s.SaveService: Testplan (JMX) version: 2.2. Testlog (JTL) version: 2.2
2026-10-01 20:57:04,409 INFO o.a.j.s.SaveService: Using SaveService properties version 5.0
2026-10-01 20:57:04,411 INFO o.a.j.s.SaveService: Using SaveService properties file encoding UTF-8
2026-10-01 20:57:04,416 INFO o.a.j.s.SaveService: Loading file: /tests/s3.jmx
2026-10-01 20:57:04,465 INFO o.a.j.p.h.s.HTTPSamplerBase: Parser for text/html is org.apache.jmeter.protocol.http.parser.LagartoBasedHtmlParser
2026-10-01 20:57:04,466 INFO o.a.j.p.h.s.HTTPSamplerBase: Parser for application/xhtml+xml is org.apache.jmeter.protocol.http.parser.LagartoBasedHtmlParser
2026-10-01 20:57:04,466 INFO o.a.j.p.h.s.HTTPSamplerBase: Parser for application/xml is org.apache.jmeter.protocol.http.parser.LagartoBasedHtmlParser
2026-10-01 20:57:04,466 INFO o.a.j.p.h.s.HTTPSamplerBase: Parser for text/xml is org.apache.jmeter.protocol.http.parser.LagartoBasedHtmlParser
2026-10-01 20:57:04,466 INFO o.a.j.p.h.s.HTTPSamplerBase: Parser for text/vnd.wap.wml is org.apache.jmeter.protocol.http.parser.RegexpHTMLParser
2026-10-01 20:57:04,466 INFO o.a.j.p.h.s.HTTPSamplerBase: Parser for text/css is org.apache.jmeter.protocol.http.parser.CssParser
2026-10-01 20:57:04,510 INFO o.a.j.JMeter: Creating summariser <summary>
2026-10-01 20:57:04,526 INFO o.a.j.e.StandardJMeterEngine: Running the test!
2026-10-01 20:57:04,527 INFO o.a.j.s.SampleEvent: List of sample_variables: []
2026-10-01 20:57:04,527 INFO o.a.j.s.SampleEvent: List of sample_variables: []
2026-10-01 20:57:04,531 INFO o.a.j.e.u.CompoundVariable: Note: Function class names must contain the string: '.functions.'
2026-10-01 20:57:04,531 INFO o.a.j.e.u.CompoundVariable: Note: Function class names must not contain the string: '.gui.'
2026-10-01 20:57:04,757 INFO o.a.j.JMeter: Running test (1790888224757)
2026-10-01 20:57:04,759 INFO o.a.j.e.StandardJMeterEngine: Starting setUp thread groups
2026-10-01 20:57:04,759 INFO o.a.j.e.StandardJMeterEngine: Starting setUp ThreadGroup: 1 : setUp - login 
2026-10-01 20:57:04,759 INFO o.a.j.e.StandardJMeterEngine: Starting 1 threads for group setUp - login.
2026-10-01 20:57:04,759 INFO o.a.j.e.StandardJMeterEngine: Test will stop abruptly on error
2026-10-01 20:57:04,759 INFO o.a.j.t.ThreadGroup: Starting thread group... number=1 threads=1 ramp-up=1 delayedStart=false
2026-10-01 20:57:04,762 INFO o.a.j.t.ThreadGroup: Started thread group number 1
2026-10-01 20:57:04,762 INFO o.a.j.e.StandardJMeterEngine: Waiting for all setup thread groups to exit
2026-10-01 20:57:04,764 INFO o.a.j.t.JMeterThread: Thread started: setUp - login 1-1
2026-10-01 20:57:04,776 INFO o.a.j.p.h.s.HTTPHCAbstractImpl: Local host = 61b307c38d5d
2026-10-01 20:57:04,780 INFO o.a.j.p.h.s.HTTPHC4Impl: HTTP request retry count = 0
2026-10-01 20:57:04,782 INFO o.a.j.s.SampleResult: Note: Sample TimeStamps are START times
2026-10-01 20:57:04,782 INFO o.a.j.s.SampleResult: sampleresult.default.encoding is set to UTF-8
2026-10-01 20:57:04,782 INFO o.a.j.s.SampleResult: sampleresult.useNanoTime=true
2026-10-01 20:57:04,782 INFO o.a.j.s.SampleResult: sampleresult.nanoThreadSleep=5000
2026-10-01 20:57:05,506 INFO o.a.j.r.Summariser: summary +      1 in 00:00:01 =    1.3/s Avg:   224 Min:   224 Max:   224 Err:     0 (0.00%) Active: 1 Started: 1 Finished: 0
2026-10-01 20:57:05,507 INFO o.a.j.t.JMeterThread: Thread is done: setUp - login 1-1
2026-10-01 20:57:05,507 INFO o.a.j.t.JMeterThread: Thread finished: setUp - login 1-1
2026-10-01 20:57:05,508 INFO o.a.j.e.StandardJMeterEngine: All Setup Threads have ended
2026-10-01 20:57:05,533 INFO o.a.j.e.StandardJMeterEngine: Starting ThreadGroup: 1 : S3
2026-10-01 20:57:05,533 INFO o.a.j.e.StandardJMeterEngine: Starting 10 threads for group S3.
2026-10-01 20:57:05,534 INFO o.a.j.e.StandardJMeterEngine: Thread will continue on error
2026-10-01 20:57:05,534 INFO o.a.j.t.ThreadGroup: Starting thread group... number=1 threads=10 ramp-up=10 delayedStart=false
2026-10-01 20:57:05,536 INFO o.a.j.t.JMeterThread: Thread started: S3 1-1
2026-10-01 20:57:05,542 INFO o.a.j.t.ThreadGroup: Started thread group number 1
2026-10-01 20:57:05,542 INFO o.a.j.e.StandardJMeterEngine: All thread groups have been started
2026-10-01 20:57:06,536 INFO o.a.j.t.JMeterThread: Thread started: S3 1-2
2026-10-01 20:57:07,535 INFO o.a.j.t.JMeterThread: Thread started: S3 1-3
2026-10-01 20:57:08,535 INFO o.a.j.t.JMeterThread: Thread started: S3 1-4
2026-10-01 20:57:09,538 INFO o.a.j.t.JMeterThread: Thread started: S3 1-5
2026-10-01 20:57:10,538 INFO o.a.j.t.JMeterThread: Thread started: S3 1-6
2026-10-01 20:57:11,535 INFO o.a.j.t.JMeterThread: Thread started: S3 1-7
2026-10-01 20:57:12,535 INFO o.a.j.t.JMeterThread: Thread started: S3 1-8
2026-10-01 20:57:13,537 INFO o.a.j.t.JMeterThread: Thread started: S3 1-9
2026-10-01 20:57:14,537 INFO o.a.j.t.JMeterThread: Thread started: S3 1-10
2026-10-01 20:57:25,567 INFO o.a.j.t.JMeterThread: Stopping because end time detected by thread: S3 1-8
2026-10-01 20:57:25,567 INFO o.a.j.t.JMeterThread: Thread finished: S3 1-8
2026-10-01 20:57:25,569 INFO o.a.j.t.JMeterThread: Stopping because end time detected by thread: S3 1-9
2026-10-01 20:57:25,569 INFO o.a.j.t.JMeterThread: Thread finished: S3 1-9
2026-10-01 20:57:25,577 INFO o.a.j.t.JMeterThread: Stopping because end time detected by thread: S3 1-7
2026-10-01 20:57:25,577 INFO o.a.j.t.JMeterThread: Thread finished: S3 1-7
2026-10-01 20:57:25,635 INFO o.a.j.t.JMeterThread: Stopping because end time detected by thread: S3 1-4
2026-10-01 20:57:25,636 INFO o.a.j.t.JMeterThread: Thread finished: S3 1-4
2026-10-01 20:57:25,728 INFO o.a.j.t.JMeterThread: Stopping because end time detected by thread: S3 1-3
2026-10-01 20:57:25,728 INFO o.a.j.t.JMeterThread: Thread finished: S3 1-3
2026-10-01 20:57:25,739 INFO o.a.j.t.JMeterThread: Stopping because end time detected by thread: S3 1-2
2026-10-01 20:57:25,739 INFO o.a.j.t.JMeterThread: Thread finished: S3 1-2
2026-10-01 20:57:25,745 INFO o.a.j.t.JMeterThread: Stopping because end time detected by thread: S3 1-10
2026-10-01 20:57:25,745 INFO o.a.j.t.JMeterThread: Thread finished: S3 1-10
2026-10-01 20:57:25,813 INFO o.a.j.t.JMeterThread: Stopping because end time detected by thread: S3 1-6
2026-10-01 20:57:25,814 INFO o.a.j.t.JMeterThread: Thread finished: S3 1-6
2026-10-01 20:57:25,893 INFO o.a.j.t.JMeterThread: Stopping because end time detected by thread: S3 1-1
2026-10-01 20:57:25,893 INFO o.a.j.t.JMeterThread: Thread finished: S3 1-1
2026-10-01 20:57:25,914 INFO o.a.j.t.JMeterThread: Stopping because end time detected by thread: S3 1-5
2026-10-01 20:57:25,914 INFO o.a.j.t.JMeterThread: Thread finished: S3 1-5
2026-10-01 20:57:25,915 INFO o.a.j.e.StandardJMeterEngine: Notifying test listeners of end of test
2026-10-01 20:57:25,918 INFO o.a.j.r.Summariser: summary +    458 in 00:00:20 =   22.4/s Avg:   341 Min:   128 Max:   542 Err:     0 (0.00%) Active: 0 Started: 10 Finished: 10
2026-10-01 20:57:25,918 INFO o.a.j.r.Summariser: summary =    459 in 00:00:21 =   21.7/s Avg:   341 Min:   128 Max:   542 Err:     0 (0.00%)
