2026-10-01 20:56:49,350 INFO o.a.j.u.JMeterUtils: Setting Locale to en_EN
2026-10-01 20:56:49,374 INFO o.a.j.JMeter: Loading user properties from: /opt/jmeter/bin/user.properties
2026-10-01 20:56:49,375 INFO o.a.j.JMeter: Loading system properties from: /opt/jmeter/bin/system.properties
2026-10-01 20:56:49,375 INFO o.a.j.JMeter: Loading additional properties from: /tests/run.properties
2026-10-01 20:56:49,375 INFO o.a.j.JMeter: Loading additional properties from: /tests/data/ranges.properties
2026-10-01 20:56:49,375 INFO o.a.j.JMeter: Setting JMeter property: host=laravel-nginx
2026-10-01 20:56:49,375 INFO o.a.j.JMeter: Setting JMeter property: port=80
2026-10-01 20:56:49,375 INFO o.a.j.JMeter: Setting JMeter property: rampup=10
2026-10-01 20:56:49,376 INFO o.a.j.JMeter: Setting JMeter property: endpoint=EP6
2026-10-01 20:56:49,376 INFO o.a.j.JMeter: Setting JMeter property: users=10
2026-10-01 20:56:49,376 INFO o.a.j.JMeter: Setting JMeter property: duration=10
2026-10-01 20:56:49,381 INFO o.a.j.JMeter: Copyright (c) 1998-2024 The Apache Software Foundation
2026-10-01 20:56:49,381 INFO o.a.j.JMeter: Version 5.6.3
2026-10-01 20:56:49,382 INFO o.a.j.JMeter: java.version=21.0.12.1
2026-10-01 20:56:49,382 INFO o.a.j.JMeter: java.vm.name=OpenJDK 64-Bit Server VM
2026-10-01 20:56:49,382 INFO o.a.j.JMeter: os.name=Linux
2026-10-01 20:56:49,382 INFO o.a.j.JMeter: os.arch=amd64
2026-10-01 20:56:49,382 INFO o.a.j.JMeter: os.version=6.6.87.2-microsoft-standard-WSL2
2026-10-01 20:56:49,382 INFO o.a.j.JMeter: file.encoding=UTF-8
2026-10-01 20:56:49,382 INFO o.a.j.JMeter: java.awt.headless=true
2026-10-01 20:56:49,382 INFO o.a.j.JMeter: Max memory     =4294967296
2026-10-01 20:56:49,383 INFO o.a.j.JMeter: Available Processors =12
2026-10-01 20:56:49,400 INFO o.a.j.JMeter: Default Locale=English (EN)
2026-10-01 20:56:49,400 INFO o.a.j.JMeter: JMeter  Locale=English (EN)
2026-10-01 20:56:49,401 INFO o.a.j.JMeter: JMeterHome=/opt/jmeter
2026-10-01 20:56:49,401 INFO o.a.j.JMeter: user.dir  =/tests
2026-10-01 20:56:49,402 INFO o.a.j.JMeter: PWD       =/tests
2026-10-01 20:56:49,403 INFO o.a.j.JMeter: IP: 172.19.0.5 Name: 74e8d7e027b7 FullName: 74e8d7e027b7
2026-10-01 20:56:49,431 INFO o.a.j.s.FileServer: Default base='/tests'
2026-10-01 20:56:49,433 INFO o.a.j.s.FileServer: Set new base='/tests'
2026-10-01 20:56:49,611 INFO o.a.j.s.SaveService: Testplan (JMX) version: 2.2. Testlog (JTL) version: 2.2
2026-10-01 20:56:49,634 INFO o.a.j.s.SaveService: Using SaveService properties version 5.0
2026-10-01 20:56:49,636 INFO o.a.j.s.SaveService: Using SaveService properties file encoding UTF-8
2026-10-01 20:56:49,640 INFO o.a.j.s.SaveService: Loading file: /tests/s3.jmx
2026-10-01 20:56:49,698 INFO o.a.j.p.h.s.HTTPSamplerBase: Parser for text/html is org.apache.jmeter.protocol.http.parser.LagartoBasedHtmlParser
2026-10-01 20:56:49,698 INFO o.a.j.p.h.s.HTTPSamplerBase: Parser for application/xhtml+xml is org.apache.jmeter.protocol.http.parser.LagartoBasedHtmlParser
2026-10-01 20:56:49,698 INFO o.a.j.p.h.s.HTTPSamplerBase: Parser for application/xml is org.apache.jmeter.protocol.http.parser.LagartoBasedHtmlParser
2026-10-01 20:56:49,698 INFO o.a.j.p.h.s.HTTPSamplerBase: Parser for text/xml is org.apache.jmeter.protocol.http.parser.LagartoBasedHtmlParser
2026-10-01 20:56:49,698 INFO o.a.j.p.h.s.HTTPSamplerBase: Parser for text/vnd.wap.wml is org.apache.jmeter.protocol.http.parser.RegexpHTMLParser
2026-10-01 20:56:49,698 INFO o.a.j.p.h.s.HTTPSamplerBase: Parser for text/css is org.apache.jmeter.protocol.http.parser.CssParser
2026-10-01 20:56:49,746 INFO o.a.j.JMeter: Creating summariser <summary>
2026-10-01 20:56:49,758 INFO o.a.j.e.StandardJMeterEngine: Running the test!
2026-10-01 20:56:49,759 INFO o.a.j.s.SampleEvent: List of sample_variables: []
2026-10-01 20:56:49,759 INFO o.a.j.s.SampleEvent: List of sample_variables: []
2026-10-01 20:56:49,763 INFO o.a.j.e.u.CompoundVariable: Note: Function class names must contain the string: '.functions.'
2026-10-01 20:56:49,763 INFO o.a.j.e.u.CompoundVariable: Note: Function class names must not contain the string: '.gui.'
2026-10-01 20:56:50,046 INFO o.a.j.JMeter: Running test (1790888210046)
2026-10-01 20:56:50,048 INFO o.a.j.e.StandardJMeterEngine: Starting setUp thread groups
2026-10-01 20:56:50,048 INFO o.a.j.e.StandardJMeterEngine: Starting setUp ThreadGroup: 1 : setUp - login 
2026-10-01 20:56:50,049 INFO o.a.j.e.StandardJMeterEngine: Starting 1 threads for group setUp - login.
2026-10-01 20:56:50,049 INFO o.a.j.e.StandardJMeterEngine: Test will stop abruptly on error
2026-10-01 20:56:50,049 INFO o.a.j.t.ThreadGroup: Starting thread group... number=1 threads=1 ramp-up=1 delayedStart=false
2026-10-01 20:56:50,052 INFO o.a.j.t.ThreadGroup: Started thread group number 1
2026-10-01 20:56:50,052 INFO o.a.j.e.StandardJMeterEngine: Waiting for all setup thread groups to exit
2026-10-01 20:56:50,054 INFO o.a.j.t.JMeterThread: Thread started: setUp - login 1-1
2026-10-01 20:56:50,067 INFO o.a.j.p.h.s.HTTPHCAbstractImpl: Local host = 74e8d7e027b7
2026-10-01 20:56:50,071 INFO o.a.j.p.h.s.HTTPHC4Impl: HTTP request retry count = 0
2026-10-01 20:56:50,073 INFO o.a.j.s.SampleResult: Note: Sample TimeStamps are START times
2026-10-01 20:56:50,073 INFO o.a.j.s.SampleResult: sampleresult.default.encoding is set to UTF-8
2026-10-01 20:56:50,073 INFO o.a.j.s.SampleResult: sampleresult.useNanoTime=true
2026-10-01 20:56:50,073 INFO o.a.j.s.SampleResult: sampleresult.nanoThreadSleep=5000
2026-10-01 20:56:50,909 INFO o.a.j.t.JMeterThread: Thread is done: setUp - login 1-1
2026-10-01 20:56:50,909 INFO o.a.j.t.JMeterThread: Thread finished: setUp - login 1-1
2026-10-01 20:56:50,910 INFO o.a.j.e.StandardJMeterEngine: All Setup Threads have ended
2026-10-01 20:56:50,935 INFO o.a.j.e.StandardJMeterEngine: Starting ThreadGroup: 1 : S3
2026-10-01 20:56:50,936 INFO o.a.j.e.StandardJMeterEngine: Starting 10 threads for group S3.
2026-10-01 20:56:50,936 INFO o.a.j.e.StandardJMeterEngine: Thread will continue on error
2026-10-01 20:56:50,936 INFO o.a.j.t.ThreadGroup: Starting thread group... number=1 threads=10 ramp-up=10 delayedStart=false
2026-10-01 20:56:50,939 INFO o.a.j.t.JMeterThread: Thread started: S3 1-1
2026-10-01 20:56:50,946 INFO o.a.j.t.ThreadGroup: Started thread group number 1
2026-10-01 20:56:50,946 INFO o.a.j.e.StandardJMeterEngine: All thread groups have been started
2026-10-01 20:56:51,939 INFO o.a.j.t.JMeterThread: Thread started: S3 1-2
2026-10-01 20:56:52,937 INFO o.a.j.t.JMeterThread: Thread started: S3 1-3
2026-10-01 20:56:53,938 INFO o.a.j.t.JMeterThread: Thread started: S3 1-4
2026-10-01 20:56:54,938 INFO o.a.j.t.JMeterThread: Thread started: S3 1-5
2026-10-01 20:56:55,938 INFO o.a.j.t.JMeterThread: Thread started: S3 1-6
2026-10-01 20:56:56,938 INFO o.a.j.t.JMeterThread: Thread started: S3 1-7
2026-10-01 20:56:57,937 INFO o.a.j.t.JMeterThread: Thread started: S3 1-8
2026-10-01 20:56:58,938 INFO o.a.j.t.JMeterThread: Thread started: S3 1-9
2026-10-01 20:56:59,938 INFO o.a.j.t.JMeterThread: Thread started: S3 1-10
2026-10-01 20:57:00,081 INFO o.a.j.r.Summariser: summary +    181 in 00:00:10 =   18.0/s Avg:   248 Min:   136 Max:   489 Err:     0 (0.00%) Active: 10 Started: 10 Finished: 0
2026-10-01 20:57:00,941 INFO o.a.j.t.JMeterThread: Stopping because end time detected by thread: S3 1-3
2026-10-01 20:57:00,942 INFO o.a.j.t.JMeterThread: Thread finished: S3 1-3
2026-10-01 20:57:00,957 INFO o.a.j.t.JMeterThread: Stopping because end time detected by thread: S3 1-4
2026-10-01 20:57:00,958 INFO o.a.j.t.JMeterThread: Thread finished: S3 1-4
2026-10-01 20:57:01,006 INFO o.a.j.t.JMeterThread: Stopping because end time detected by thread: S3 1-5
2026-10-01 20:57:01,006 INFO o.a.j.t.JMeterThread: Thread finished: S3 1-5
2026-10-01 20:57:01,025 INFO o.a.j.t.JMeterThread: Stopping because end time detected by thread: S3 1-2
2026-10-01 20:57:01,025 INFO o.a.j.t.JMeterThread: Thread finished: S3 1-2
2026-10-01 20:57:01,116 INFO o.a.j.t.JMeterThread: Stopping because end time detected by thread: S3 1-7
2026-10-01 20:57:01,116 INFO o.a.j.t.JMeterThread: Thread finished: S3 1-7
2026-10-01 20:57:01,130 INFO o.a.j.t.JMeterThread: Stopping because end time detected by thread: S3 1-8
2026-10-01 20:57:01,130 INFO o.a.j.t.JMeterThread: Thread finished: S3 1-8
2026-10-01 20:57:01,161 INFO o.a.j.t.JMeterThread: Stopping because end time detected by thread: S3 1-6
2026-10-01 20:57:01,162 INFO o.a.j.t.JMeterThread: Thread finished: S3 1-6
2026-10-01 20:57:01,196 INFO o.a.j.t.JMeterThread: Stopping because end time detected by thread: S3 1-10
2026-10-01 20:57:01,196 INFO o.a.j.t.JMeterThread: Thread finished: S3 1-10
2026-10-01 20:57:01,280 INFO o.a.j.t.JMeterThread: Stopping because end time detected by thread: S3 1-1
2026-10-01 20:57:01,280 INFO o.a.j.t.JMeterThread: Thread finished: S3 1-1
2026-10-01 20:57:01,287 INFO o.a.j.t.JMeterThread: Stopping because end time detected by thread: S3 1-9
2026-10-01 20:57:01,288 INFO o.a.j.t.JMeterThread: Thread finished: S3 1-9
2026-10-01 20:57:01,288 INFO o.a.j.e.StandardJMeterEngine: Notifying test listeners of end of test
2026-10-01 20:57:01,291 INFO o.a.j.r.Summariser: summary +     29 in 00:00:01 =   23.9/s Avg:   414 Min:   328 Max:   456 Err:     0 (0.00%) Active: 0 Started: 10 Finished: 10
2026-10-01 20:57:01,292 INFO o.a.j.r.Summariser: summary =    210 in 00:00:11 =   18.7/s Avg:   271 Min:   136 Max:   489 Err:     0 (0.00%)
