2026-10-02 18:14:58,898 INFO o.a.j.u.JMeterUtils: Setting Locale to en_EN
2026-10-02 18:14:58,918 INFO o.a.j.JMeter: Loading user properties from: /opt/jmeter/bin/user.properties
2026-10-02 18:14:58,919 INFO o.a.j.JMeter: Loading system properties from: /opt/jmeter/bin/system.properties
2026-10-02 18:14:58,919 INFO o.a.j.JMeter: Loading additional properties from: /tests/run.properties
2026-10-02 18:14:58,919 INFO o.a.j.JMeter: Loading additional properties from: /tests/data/ranges.properties
2026-10-02 18:14:58,919 INFO o.a.j.JMeter: Setting JMeter property: host=laravel-nginx
2026-10-02 18:14:58,920 INFO o.a.j.JMeter: Setting JMeter property: port=80
2026-10-02 18:14:58,920 INFO o.a.j.JMeter: Setting JMeter property: rampup=1
2026-10-02 18:14:58,920 INFO o.a.j.JMeter: Setting JMeter property: endpoint=EP1
2026-10-02 18:14:58,920 INFO o.a.j.JMeter: Setting JMeter property: users=2
2026-10-02 18:14:58,920 INFO o.a.j.JMeter: Setting JMeter property: duration=60
2026-10-02 18:14:58,926 INFO o.a.j.JMeter: Copyright (c) 1998-2024 The Apache Software Foundation
2026-10-02 18:14:58,926 INFO o.a.j.JMeter: Version 5.6.3
2026-10-02 18:14:58,926 INFO o.a.j.JMeter: java.version=21.0.12.1
2026-10-02 18:14:58,926 INFO o.a.j.JMeter: java.vm.name=OpenJDK 64-Bit Server VM
2026-10-02 18:14:58,926 INFO o.a.j.JMeter: os.name=Linux
2026-10-02 18:14:58,926 INFO o.a.j.JMeter: os.arch=amd64
2026-10-02 18:14:58,926 INFO o.a.j.JMeter: os.version=6.6.87.2-microsoft-standard-WSL2
2026-10-02 18:14:58,926 INFO o.a.j.JMeter: file.encoding=UTF-8
2026-10-02 18:14:58,926 INFO o.a.j.JMeter: java.awt.headless=true
2026-10-02 18:14:58,927 INFO o.a.j.JMeter: Max memory     =4294967296
2026-10-02 18:14:58,927 INFO o.a.j.JMeter: Available Processors =12
2026-10-02 18:14:58,933 INFO o.a.j.JMeter: Default Locale=English (EN)
2026-10-02 18:14:58,934 INFO o.a.j.JMeter: JMeter  Locale=English (EN)
2026-10-02 18:14:58,934 INFO o.a.j.JMeter: JMeterHome=/opt/jmeter
2026-10-02 18:14:58,934 INFO o.a.j.JMeter: user.dir  =/tests
2026-10-02 18:14:58,934 INFO o.a.j.JMeter: PWD       =/tests
2026-10-02 18:14:58,934 INFO o.a.j.JMeter: IP: 172.19.0.5 Name: 456171d6c503 FullName: 456171d6c503
2026-10-02 18:14:58,944 INFO o.a.j.s.FileServer: Default base='/tests'
2026-10-02 18:14:58,946 INFO o.a.j.s.FileServer: Set new base='/tests'
2026-10-02 18:14:59,092 INFO o.a.j.s.SaveService: Testplan (JMX) version: 2.2. Testlog (JTL) version: 2.2
2026-10-02 18:14:59,114 INFO o.a.j.s.SaveService: Using SaveService properties version 5.0
2026-10-02 18:14:59,116 INFO o.a.j.s.SaveService: Using SaveService properties file encoding UTF-8
2026-10-02 18:14:59,119 INFO o.a.j.s.SaveService: Loading file: /tests/s1.jmx
2026-10-02 18:14:59,160 INFO o.a.j.p.h.s.HTTPSamplerBase: Parser for text/html is org.apache.jmeter.protocol.http.parser.LagartoBasedHtmlParser
2026-10-02 18:14:59,160 INFO o.a.j.p.h.s.HTTPSamplerBase: Parser for application/xhtml+xml is org.apache.jmeter.protocol.http.parser.LagartoBasedHtmlParser
2026-10-02 18:14:59,160 INFO o.a.j.p.h.s.HTTPSamplerBase: Parser for application/xml is org.apache.jmeter.protocol.http.parser.LagartoBasedHtmlParser
2026-10-02 18:14:59,160 INFO o.a.j.p.h.s.HTTPSamplerBase: Parser for text/xml is org.apache.jmeter.protocol.http.parser.LagartoBasedHtmlParser
2026-10-02 18:14:59,160 INFO o.a.j.p.h.s.HTTPSamplerBase: Parser for text/vnd.wap.wml is org.apache.jmeter.protocol.http.parser.RegexpHTMLParser
2026-10-02 18:14:59,161 INFO o.a.j.p.h.s.HTTPSamplerBase: Parser for text/css is org.apache.jmeter.protocol.http.parser.CssParser
2026-10-02 18:14:59,196 INFO o.a.j.JMeter: Creating summariser <summary>
2026-10-02 18:14:59,206 INFO o.a.j.e.StandardJMeterEngine: Running the test!
2026-10-02 18:14:59,206 INFO o.a.j.s.SampleEvent: List of sample_variables: []
2026-10-02 18:14:59,207 INFO o.a.j.s.SampleEvent: List of sample_variables: []
2026-10-02 18:14:59,210 INFO o.a.j.e.u.CompoundVariable: Note: Function class names must contain the string: '.functions.'
2026-10-02 18:14:59,210 INFO o.a.j.e.u.CompoundVariable: Note: Function class names must not contain the string: '.gui.'
2026-10-02 18:14:59,407 INFO o.a.j.JMeter: Running test (1790964899407)
2026-10-02 18:14:59,408 INFO o.a.j.e.StandardJMeterEngine: Starting setUp thread groups
2026-10-02 18:14:59,408 INFO o.a.j.e.StandardJMeterEngine: Starting setUp ThreadGroup: 1 : setUp - login 
2026-10-02 18:14:59,409 INFO o.a.j.e.StandardJMeterEngine: Starting 1 threads for group setUp - login.
2026-10-02 18:14:59,409 INFO o.a.j.e.StandardJMeterEngine: Test will stop abruptly on error
2026-10-02 18:14:59,409 INFO o.a.j.t.ThreadGroup: Starting thread group... number=1 threads=1 ramp-up=1 delayedStart=false
2026-10-02 18:14:59,412 INFO o.a.j.t.ThreadGroup: Started thread group number 1
2026-10-02 18:14:59,412 INFO o.a.j.e.StandardJMeterEngine: Waiting for all setup thread groups to exit
2026-10-02 18:14:59,413 INFO o.a.j.t.JMeterThread: Thread started: setUp - login 1-1
2026-10-02 18:14:59,424 INFO o.a.j.p.h.s.HTTPHCAbstractImpl: Local host = 456171d6c503
2026-10-02 18:14:59,428 INFO o.a.j.p.h.s.HTTPHC4Impl: HTTP request retry count = 0
2026-10-02 18:14:59,429 INFO o.a.j.s.SampleResult: Note: Sample TimeStamps are START times
2026-10-02 18:14:59,429 INFO o.a.j.s.SampleResult: sampleresult.default.encoding is set to UTF-8
2026-10-02 18:14:59,429 INFO o.a.j.s.SampleResult: sampleresult.useNanoTime=true
2026-10-02 18:14:59,430 INFO o.a.j.s.SampleResult: sampleresult.nanoThreadSleep=5000
2026-10-02 18:15:00,168 INFO o.a.j.r.Summariser: summary +      1 in 00:00:01 =    1.3/s Avg:   290 Min:   290 Max:   290 Err:     0 (0.00%) Active: 1 Started: 1 Finished: 0
2026-10-02 18:15:00,169 INFO o.a.j.t.JMeterThread: Thread is done: setUp - login 1-1
2026-10-02 18:15:00,169 INFO o.a.j.t.JMeterThread: Thread finished: setUp - login 1-1
2026-10-02 18:15:00,170 INFO o.a.j.e.StandardJMeterEngine: All Setup Threads have ended
2026-10-02 18:15:00,192 INFO o.a.j.e.StandardJMeterEngine: Starting ThreadGroup: 1 : S1
2026-10-02 18:15:00,192 INFO o.a.j.e.StandardJMeterEngine: Starting 2 threads for group S1.
2026-10-02 18:15:00,192 INFO o.a.j.e.StandardJMeterEngine: Thread will continue on error
2026-10-02 18:15:00,192 INFO o.a.j.t.ThreadGroup: Starting thread group... number=1 threads=2 ramp-up=1 delayedStart=false
2026-10-02 18:15:00,195 INFO o.a.j.t.JMeterThread: Thread started: S1 1-1
2026-10-02 18:15:00,195 INFO o.a.j.t.ThreadGroup: Started thread group number 1
2026-10-02 18:15:00,195 INFO o.a.j.e.StandardJMeterEngine: All thread groups have been started
2026-10-02 18:15:00,695 INFO o.a.j.t.JMeterThread: Thread started: S1 1-2
2026-10-02 18:15:30,006 INFO o.a.j.r.Summariser: summary +   8155 in 00:00:30 =  273.3/s Avg:     7 Min:     5 Max:    46 Err:     0 (0.00%) Active: 2 Started: 2 Finished: 0
2026-10-02 18:15:30,007 INFO o.a.j.r.Summariser: summary =   8156 in 00:00:31 =  266.5/s Avg:     7 Min:     5 Max:   290 Err:     0 (0.00%)
2026-10-02 18:16:00,005 INFO o.a.j.r.Summariser: summary +   7681 in 00:00:30 =  256.0/s Avg:     7 Min:     6 Max:    26 Err:     0 (0.00%) Active: 2 Started: 2 Finished: 0
2026-10-02 18:16:00,006 INFO o.a.j.r.Summariser: summary =  15837 in 00:01:01 =  261.3/s Avg:     7 Min:     5 Max:   290 Err:     0 (0.00%)
2026-10-02 18:16:00,197 INFO o.a.j.t.JMeterThread: Stopping because end time detected by thread: S1 1-2
2026-10-02 18:16:00,197 INFO o.a.j.t.JMeterThread: Stopping because end time detected by thread: S1 1-1
2026-10-02 18:16:00,197 INFO o.a.j.t.JMeterThread: Thread finished: S1 1-1
2026-10-02 18:16:00,198 INFO o.a.j.t.JMeterThread: Thread finished: S1 1-2
2026-10-02 18:16:00,198 INFO o.a.j.e.StandardJMeterEngine: Notifying test listeners of end of test
2026-10-02 18:16:00,200 INFO o.a.j.r.Summariser: summary +     49 in 00:00:00 =  251.3/s Avg:     7 Min:     7 Max:     9 Err:     0 (0.00%) Active: 0 Started: 2 Finished: 2
2026-10-02 18:16:00,200 INFO o.a.j.r.Summariser: summary =  15886 in 00:01:01 =  261.3/s Avg:     7 Min:     5 Max:   290 Err:     0 (0.00%)
