2026-10-01 20:03:51,201 INFO o.a.j.u.JMeterUtils: Setting Locale to en_EN
2026-10-01 20:03:51,223 INFO o.a.j.JMeter: Loading user properties from: /opt/jmeter/bin/user.properties
2026-10-01 20:03:51,223 INFO o.a.j.JMeter: Loading system properties from: /opt/jmeter/bin/system.properties
2026-10-01 20:03:51,223 INFO o.a.j.JMeter: Loading additional properties from: /tests/run.properties
2026-10-01 20:03:51,224 INFO o.a.j.JMeter: Loading additional properties from: /tests/data/ranges.properties
2026-10-01 20:03:51,224 INFO o.a.j.JMeter: Setting JMeter property: host=laravel-nginx
2026-10-01 20:03:51,224 INFO o.a.j.JMeter: Setting JMeter property: port=80
2026-10-01 20:03:51,224 INFO o.a.j.JMeter: Setting JMeter property: rampup=10
2026-10-01 20:03:51,224 INFO o.a.j.JMeter: Setting JMeter property: endpoint=EP8
2026-10-01 20:03:51,224 INFO o.a.j.JMeter: Setting JMeter property: users=10
2026-10-01 20:03:51,224 INFO o.a.j.JMeter: Setting JMeter property: duration=10
2026-10-01 20:03:51,228 INFO o.a.j.JMeter: Copyright (c) 1998-2024 The Apache Software Foundation
2026-10-01 20:03:51,229 INFO o.a.j.JMeter: Version 5.6.3
2026-10-01 20:03:51,229 INFO o.a.j.JMeter: java.version=21.0.12.1
2026-10-01 20:03:51,229 INFO o.a.j.JMeter: java.vm.name=OpenJDK 64-Bit Server VM
2026-10-01 20:03:51,229 INFO o.a.j.JMeter: os.name=Linux
2026-10-01 20:03:51,229 INFO o.a.j.JMeter: os.arch=amd64
2026-10-01 20:03:51,229 INFO o.a.j.JMeter: os.version=6.6.87.2-microsoft-standard-WSL2
2026-10-01 20:03:51,229 INFO o.a.j.JMeter: file.encoding=UTF-8
2026-10-01 20:03:51,229 INFO o.a.j.JMeter: java.awt.headless=true
2026-10-01 20:03:51,229 INFO o.a.j.JMeter: Max memory     =2147483648
2026-10-01 20:03:51,229 INFO o.a.j.JMeter: Available Processors =12
2026-10-01 20:03:51,236 INFO o.a.j.JMeter: Default Locale=English (EN)
2026-10-01 20:03:51,237 INFO o.a.j.JMeter: JMeter  Locale=English (EN)
2026-10-01 20:03:51,237 INFO o.a.j.JMeter: JMeterHome=/opt/jmeter
2026-10-01 20:03:51,237 INFO o.a.j.JMeter: user.dir  =/tests
2026-10-01 20:03:51,237 INFO o.a.j.JMeter: PWD       =/tests
2026-10-01 20:03:51,237 INFO o.a.j.JMeter: IP: 172.19.0.5 Name: 032c39790247 FullName: 032c39790247
2026-10-01 20:03:51,247 INFO o.a.j.s.FileServer: Default base='/tests'
2026-10-01 20:03:51,248 INFO o.a.j.s.FileServer: Set new base='/tests'
2026-10-01 20:03:51,396 INFO o.a.j.s.SaveService: Testplan (JMX) version: 2.2. Testlog (JTL) version: 2.2
2026-10-01 20:03:51,417 INFO o.a.j.s.SaveService: Using SaveService properties version 5.0
2026-10-01 20:03:51,420 INFO o.a.j.s.SaveService: Using SaveService properties file encoding UTF-8
2026-10-01 20:03:51,422 INFO o.a.j.s.SaveService: Loading file: /tests/s1.jmx
2026-10-01 20:03:51,463 INFO o.a.j.p.h.s.HTTPSamplerBase: Parser for text/html is org.apache.jmeter.protocol.http.parser.LagartoBasedHtmlParser
2026-10-01 20:03:51,463 INFO o.a.j.p.h.s.HTTPSamplerBase: Parser for application/xhtml+xml is org.apache.jmeter.protocol.http.parser.LagartoBasedHtmlParser
2026-10-01 20:03:51,463 INFO o.a.j.p.h.s.HTTPSamplerBase: Parser for application/xml is org.apache.jmeter.protocol.http.parser.LagartoBasedHtmlParser
2026-10-01 20:03:51,463 INFO o.a.j.p.h.s.HTTPSamplerBase: Parser for text/xml is org.apache.jmeter.protocol.http.parser.LagartoBasedHtmlParser
2026-10-01 20:03:51,463 INFO o.a.j.p.h.s.HTTPSamplerBase: Parser for text/vnd.wap.wml is org.apache.jmeter.protocol.http.parser.RegexpHTMLParser
2026-10-01 20:03:51,463 INFO o.a.j.p.h.s.HTTPSamplerBase: Parser for text/css is org.apache.jmeter.protocol.http.parser.CssParser
2026-10-01 20:03:51,497 INFO o.a.j.JMeter: Creating summariser <summary>
2026-10-01 20:03:51,507 INFO o.a.j.e.StandardJMeterEngine: Running the test!
2026-10-01 20:03:51,507 INFO o.a.j.s.SampleEvent: List of sample_variables: []
2026-10-01 20:03:51,507 INFO o.a.j.s.SampleEvent: List of sample_variables: []
2026-10-01 20:03:51,511 INFO o.a.j.e.u.CompoundVariable: Note: Function class names must contain the string: '.functions.'
2026-10-01 20:03:51,511 INFO o.a.j.e.u.CompoundVariable: Note: Function class names must not contain the string: '.gui.'
2026-10-01 20:03:51,700 INFO o.a.j.JMeter: Running test (1790885031700)
2026-10-01 20:03:51,702 INFO o.a.j.e.StandardJMeterEngine: Starting setUp thread groups
2026-10-01 20:03:51,702 INFO o.a.j.e.StandardJMeterEngine: Starting setUp ThreadGroup: 1 : setUp - login 
2026-10-01 20:03:51,702 INFO o.a.j.e.StandardJMeterEngine: Starting 1 threads for group setUp - login.
2026-10-01 20:03:51,702 INFO o.a.j.e.StandardJMeterEngine: Test will stop abruptly on error
2026-10-01 20:03:51,702 INFO o.a.j.t.ThreadGroup: Starting thread group... number=1 threads=1 ramp-up=1 delayedStart=false
2026-10-01 20:03:51,705 INFO o.a.j.t.ThreadGroup: Started thread group number 1
2026-10-01 20:03:51,705 INFO o.a.j.e.StandardJMeterEngine: Waiting for all setup thread groups to exit
2026-10-01 20:03:51,706 INFO o.a.j.t.JMeterThread: Thread started: setUp - login 1-1
2026-10-01 20:03:51,717 INFO o.a.j.p.h.s.HTTPHCAbstractImpl: Local host = 032c39790247
2026-10-01 20:03:51,722 INFO o.a.j.p.h.s.HTTPHC4Impl: HTTP request retry count = 0
2026-10-01 20:03:51,723 INFO o.a.j.s.SampleResult: Note: Sample TimeStamps are START times
2026-10-01 20:03:51,723 INFO o.a.j.s.SampleResult: sampleresult.default.encoding is set to UTF-8
2026-10-01 20:03:51,723 INFO o.a.j.s.SampleResult: sampleresult.useNanoTime=true
2026-10-01 20:03:51,723 INFO o.a.j.s.SampleResult: sampleresult.nanoThreadSleep=5000
2026-10-01 20:03:52,521 INFO o.a.j.t.JMeterThread: Thread is done: setUp - login 1-1
2026-10-01 20:03:52,521 INFO o.a.j.t.JMeterThread: Thread finished: setUp - login 1-1
2026-10-01 20:03:52,522 INFO o.a.j.e.StandardJMeterEngine: All Setup Threads have ended
2026-10-01 20:03:52,543 INFO o.a.j.e.StandardJMeterEngine: Starting ThreadGroup: 1 : S1
2026-10-01 20:03:52,544 INFO o.a.j.e.StandardJMeterEngine: Starting 10 threads for group S1.
2026-10-01 20:03:52,544 INFO o.a.j.e.StandardJMeterEngine: Thread will continue on error
2026-10-01 20:03:52,544 INFO o.a.j.t.ThreadGroup: Starting thread group... number=1 threads=10 ramp-up=10 delayedStart=false
2026-10-01 20:03:52,546 INFO o.a.j.t.JMeterThread: Thread started: S1 1-1
2026-10-01 20:03:52,554 INFO o.a.j.t.ThreadGroup: Started thread group number 1
2026-10-01 20:03:52,554 INFO o.a.j.e.StandardJMeterEngine: All thread groups have been started
2026-10-01 20:03:53,548 INFO o.a.j.t.JMeterThread: Thread started: S1 1-2
2026-10-01 20:03:54,546 INFO o.a.j.t.JMeterThread: Thread started: S1 1-3
2026-10-01 20:03:55,545 INFO o.a.j.t.JMeterThread: Thread started: S1 1-4
2026-10-01 20:03:56,546 INFO o.a.j.t.JMeterThread: Thread started: S1 1-5
2026-10-01 20:03:57,545 INFO o.a.j.t.JMeterThread: Thread started: S1 1-6
2026-10-01 20:03:58,545 INFO o.a.j.t.JMeterThread: Thread started: S1 1-7
2026-10-01 20:03:59,547 INFO o.a.j.t.JMeterThread: Thread started: S1 1-8
2026-10-01 20:04:00,003 INFO o.a.j.r.Summariser: summary +   2474 in 00:00:08 =  298.0/s Avg:    12 Min:     5 Max:   302 Err:     0 (0.00%) Active: 8 Started: 8 Finished: 0
2026-10-01 20:04:00,546 INFO o.a.j.t.JMeterThread: Thread started: S1 1-9
2026-10-01 20:04:01,545 INFO o.a.j.t.JMeterThread: Thread started: S1 1-10
2026-10-01 20:04:02,550 INFO o.a.j.t.JMeterThread: Stopping because end time detected by thread: S1 1-5
2026-10-01 20:04:02,551 INFO o.a.j.t.JMeterThread: Thread finished: S1 1-5
2026-10-01 20:04:02,552 INFO o.a.j.t.JMeterThread: Stopping because end time detected by thread: S1 1-3
2026-10-01 20:04:02,552 INFO o.a.j.t.JMeterThread: Thread finished: S1 1-3
2026-10-01 20:04:02,553 INFO o.a.j.t.JMeterThread: Stopping because end time detected by thread: S1 1-7
2026-10-01 20:04:02,553 INFO o.a.j.t.JMeterThread: Thread finished: S1 1-7
2026-10-01 20:04:02,556 INFO o.a.j.t.JMeterThread: Stopping because end time detected by thread: S1 1-4
2026-10-01 20:04:02,557 INFO o.a.j.t.JMeterThread: Thread finished: S1 1-4
2026-10-01 20:04:02,558 INFO o.a.j.t.JMeterThread: Stopping because end time detected by thread: S1 1-9
2026-10-01 20:04:02,558 INFO o.a.j.t.JMeterThread: Thread finished: S1 1-9
2026-10-01 20:04:02,559 INFO o.a.j.t.JMeterThread: Stopping because end time detected by thread: S1 1-10
2026-10-01 20:04:02,559 INFO o.a.j.t.JMeterThread: Thread finished: S1 1-10
2026-10-01 20:04:02,562 INFO o.a.j.t.JMeterThread: Stopping because end time detected by thread: S1 1-1
2026-10-01 20:04:02,562 INFO o.a.j.t.JMeterThread: Thread finished: S1 1-1
2026-10-01 20:04:02,564 INFO o.a.j.t.JMeterThread: Stopping because end time detected by thread: S1 1-2
2026-10-01 20:04:02,564 INFO o.a.j.t.JMeterThread: Thread finished: S1 1-2
2026-10-01 20:04:02,566 INFO o.a.j.t.JMeterThread: Stopping because end time detected by thread: S1 1-8
2026-10-01 20:04:02,566 INFO o.a.j.t.JMeterThread: Thread finished: S1 1-8
2026-10-01 20:04:02,567 INFO o.a.j.t.JMeterThread: Stopping because end time detected by thread: S1 1-6
2026-10-01 20:04:02,567 INFO o.a.j.t.JMeterThread: Thread finished: S1 1-6
2026-10-01 20:04:02,567 INFO o.a.j.e.StandardJMeterEngine: Notifying test listeners of end of test
2026-10-01 20:04:02,570 INFO o.a.j.r.Summariser: summary +   1290 in 00:00:03 =  502.1/s Avg:    18 Min:    11 Max:    33 Err:     0 (0.00%) Active: 0 Started: 10 Finished: 10
2026-10-01 20:04:02,570 INFO o.a.j.r.Summariser: summary =   3764 in 00:00:11 =  346.3/s Avg:    14 Min:     5 Max:   302 Err:     0 (0.00%)
