2026-10-07 20:06:48,702 INFO o.a.j.u.JMeterUtils: Setting Locale to en_EN
2026-10-07 20:06:48,724 INFO o.a.j.JMeter: Loading user properties from: /opt/jmeter/bin/user.properties
2026-10-07 20:06:48,724 INFO o.a.j.JMeter: Loading system properties from: /opt/jmeter/bin/system.properties
2026-10-07 20:06:48,725 INFO o.a.j.JMeter: Loading additional properties from: /tests/run.properties
2026-10-07 20:06:48,725 INFO o.a.j.JMeter: Loading additional properties from: /tests/data/ranges.properties
2026-10-07 20:06:48,725 INFO o.a.j.JMeter: Setting JMeter property: host=laravel-nginx
2026-10-07 20:06:48,725 INFO o.a.j.JMeter: Setting JMeter property: port=80
2026-10-07 20:06:48,725 INFO o.a.j.JMeter: Setting JMeter property: rampup=10
2026-10-07 20:06:48,726 INFO o.a.j.JMeter: Setting JMeter property: endpoint=EP6
2026-10-07 20:06:48,726 INFO o.a.j.JMeter: Setting JMeter property: users=4
2026-10-07 20:06:48,726 INFO o.a.j.JMeter: Setting JMeter property: duration=60
2026-10-07 20:06:48,732 INFO o.a.j.JMeter: Copyright (c) 1998-2024 The Apache Software Foundation
2026-10-07 20:06:48,732 INFO o.a.j.JMeter: Version 5.6.3
2026-10-07 20:06:48,732 INFO o.a.j.JMeter: java.version=21.0.12.1
2026-10-07 20:06:48,732 INFO o.a.j.JMeter: java.vm.name=OpenJDK 64-Bit Server VM
2026-10-07 20:06:48,733 INFO o.a.j.JMeter: os.name=Linux
2026-10-07 20:06:48,733 INFO o.a.j.JMeter: os.arch=amd64
2026-10-07 20:06:48,733 INFO o.a.j.JMeter: os.version=6.6.87.2-microsoft-standard-WSL2
2026-10-07 20:06:48,733 INFO o.a.j.JMeter: file.encoding=UTF-8
2026-10-07 20:06:48,733 INFO o.a.j.JMeter: java.awt.headless=true
2026-10-07 20:06:48,733 INFO o.a.j.JMeter: Max memory     =4294967296
2026-10-07 20:06:48,733 INFO o.a.j.JMeter: Available Processors =12
2026-10-07 20:06:48,741 INFO o.a.j.JMeter: Default Locale=English (EN)
2026-10-07 20:06:48,741 INFO o.a.j.JMeter: JMeter  Locale=English (EN)
2026-10-07 20:06:48,741 INFO o.a.j.JMeter: JMeterHome=/opt/jmeter
2026-10-07 20:06:48,741 INFO o.a.j.JMeter: user.dir  =/tests
2026-10-07 20:06:48,742 INFO o.a.j.JMeter: PWD       =/tests
2026-10-07 20:06:48,742 INFO o.a.j.JMeter: IP: 172.19.0.5 Name: ca59a41afc85 FullName: ca59a41afc85
2026-10-07 20:06:48,754 INFO o.a.j.s.FileServer: Default base='/tests'
2026-10-07 20:06:48,756 INFO o.a.j.s.FileServer: Set new base='/tests'
2026-10-07 20:06:48,926 INFO o.a.j.s.SaveService: Testplan (JMX) version: 2.2. Testlog (JTL) version: 2.2
2026-10-07 20:06:48,947 INFO o.a.j.s.SaveService: Using SaveService properties version 5.0
2026-10-07 20:06:48,949 INFO o.a.j.s.SaveService: Using SaveService properties file encoding UTF-8
2026-10-07 20:06:48,952 INFO o.a.j.s.SaveService: Loading file: /tests/s3.jmx
2026-10-07 20:06:48,999 INFO o.a.j.p.h.s.HTTPSamplerBase: Parser for text/html is org.apache.jmeter.protocol.http.parser.LagartoBasedHtmlParser
2026-10-07 20:06:48,999 INFO o.a.j.p.h.s.HTTPSamplerBase: Parser for application/xhtml+xml is org.apache.jmeter.protocol.http.parser.LagartoBasedHtmlParser
2026-10-07 20:06:49,000 INFO o.a.j.p.h.s.HTTPSamplerBase: Parser for application/xml is org.apache.jmeter.protocol.http.parser.LagartoBasedHtmlParser
2026-10-07 20:06:49,000 INFO o.a.j.p.h.s.HTTPSamplerBase: Parser for text/xml is org.apache.jmeter.protocol.http.parser.LagartoBasedHtmlParser
2026-10-07 20:06:49,000 INFO o.a.j.p.h.s.HTTPSamplerBase: Parser for text/vnd.wap.wml is org.apache.jmeter.protocol.http.parser.RegexpHTMLParser
2026-10-07 20:06:49,000 INFO o.a.j.p.h.s.HTTPSamplerBase: Parser for text/css is org.apache.jmeter.protocol.http.parser.CssParser
2026-10-07 20:06:49,041 INFO o.a.j.JMeter: Creating summariser <summary>
2026-10-07 20:06:49,057 INFO o.a.j.e.StandardJMeterEngine: Running the test!
2026-10-07 20:06:49,058 INFO o.a.j.s.SampleEvent: List of sample_variables: []
2026-10-07 20:06:49,058 INFO o.a.j.s.SampleEvent: List of sample_variables: []
2026-10-07 20:06:49,062 INFO o.a.j.e.u.CompoundVariable: Note: Function class names must contain the string: '.functions.'
2026-10-07 20:06:49,062 INFO o.a.j.e.u.CompoundVariable: Note: Function class names must not contain the string: '.gui.'
2026-10-07 20:06:49,280 INFO o.a.j.JMeter: Running test (1791403609280)
2026-10-07 20:06:49,282 INFO o.a.j.e.StandardJMeterEngine: Starting setUp thread groups
2026-10-07 20:06:49,282 INFO o.a.j.e.StandardJMeterEngine: Starting setUp ThreadGroup: 1 : setUp - login 
2026-10-07 20:06:49,282 INFO o.a.j.e.StandardJMeterEngine: Starting 1 threads for group setUp - login.
2026-10-07 20:06:49,282 INFO o.a.j.e.StandardJMeterEngine: Test will stop abruptly on error
2026-10-07 20:06:49,282 INFO o.a.j.t.ThreadGroup: Starting thread group... number=1 threads=1 ramp-up=1 delayedStart=false
2026-10-07 20:06:49,285 INFO o.a.j.t.ThreadGroup: Started thread group number 1
2026-10-07 20:06:49,285 INFO o.a.j.e.StandardJMeterEngine: Waiting for all setup thread groups to exit
2026-10-07 20:06:49,286 INFO o.a.j.t.JMeterThread: Thread started: setUp - login 1-1
2026-10-07 20:06:49,297 INFO o.a.j.p.h.s.HTTPHCAbstractImpl: Local host = ca59a41afc85
2026-10-07 20:06:49,302 INFO o.a.j.p.h.s.HTTPHC4Impl: HTTP request retry count = 0
2026-10-07 20:06:49,303 INFO o.a.j.s.SampleResult: Note: Sample TimeStamps are START times
2026-10-07 20:06:49,303 INFO o.a.j.s.SampleResult: sampleresult.default.encoding is set to UTF-8
2026-10-07 20:06:49,303 INFO o.a.j.s.SampleResult: sampleresult.useNanoTime=true
2026-10-07 20:06:49,303 INFO o.a.j.s.SampleResult: sampleresult.nanoThreadSleep=5000
2026-10-07 20:06:49,988 INFO o.a.j.t.JMeterThread: Thread is done: setUp - login 1-1
2026-10-07 20:06:49,988 INFO o.a.j.t.JMeterThread: Thread finished: setUp - login 1-1
2026-10-07 20:06:49,989 INFO o.a.j.e.StandardJMeterEngine: All Setup Threads have ended
2026-10-07 20:06:50,013 INFO o.a.j.e.StandardJMeterEngine: Starting ThreadGroup: 1 : S3
2026-10-07 20:06:50,014 INFO o.a.j.e.StandardJMeterEngine: Starting 4 threads for group S3.
2026-10-07 20:06:50,014 INFO o.a.j.e.StandardJMeterEngine: Thread will continue on error
2026-10-07 20:06:50,014 INFO o.a.j.t.ThreadGroup: Starting thread group... number=1 threads=4 ramp-up=10 delayedStart=false
2026-10-07 20:06:50,017 INFO o.a.j.t.JMeterThread: Thread started: S3 1-1
2026-10-07 20:06:50,019 INFO o.a.j.t.ThreadGroup: Started thread group number 1
2026-10-07 20:06:50,019 INFO o.a.j.e.StandardJMeterEngine: All thread groups have been started
2026-10-07 20:06:52,517 INFO o.a.j.t.JMeterThread: Thread started: S3 1-2
2026-10-07 20:06:55,016 INFO o.a.j.t.JMeterThread: Thread started: S3 1-3
2026-10-07 20:06:57,515 INFO o.a.j.t.JMeterThread: Thread started: S3 1-4
2026-10-07 20:07:00,021 INFO o.a.j.r.Summariser: summary +    171 in 00:00:11 =   15.9/s Avg:   145 Min:   118 Max:   217 Err:     0 (0.00%) Active: 4 Started: 4 Finished: 0
2026-10-07 20:07:30,007 INFO o.a.j.r.Summariser: summary +    798 in 00:00:30 =   26.6/s Avg:   149 Min:   121 Max:   218 Err:     0 (0.00%) Active: 4 Started: 4 Finished: 0
2026-10-07 20:07:30,008 INFO o.a.j.r.Summariser: summary =    969 in 00:00:41 =   23.8/s Avg:   148 Min:   118 Max:   218 Err:     0 (0.00%)
2026-10-07 20:07:50,047 INFO o.a.j.t.JMeterThread: Stopping because end time detected by thread: S3 1-3
2026-10-07 20:07:50,048 INFO o.a.j.t.JMeterThread: Thread finished: S3 1-3
2026-10-07 20:07:50,077 INFO o.a.j.t.JMeterThread: Stopping because end time detected by thread: S3 1-2
2026-10-07 20:07:50,077 INFO o.a.j.t.JMeterThread: Thread finished: S3 1-2
2026-10-07 20:07:50,109 INFO o.a.j.t.JMeterThread: Stopping because end time detected by thread: S3 1-1
2026-10-07 20:07:50,109 INFO o.a.j.t.JMeterThread: Thread finished: S3 1-1
2026-10-07 20:07:50,123 INFO o.a.j.t.JMeterThread: Stopping because end time detected by thread: S3 1-4
2026-10-07 20:07:50,123 INFO o.a.j.t.JMeterThread: Thread finished: S3 1-4
2026-10-07 20:07:50,123 INFO o.a.j.e.StandardJMeterEngine: Notifying test listeners of end of test
2026-10-07 20:07:50,126 INFO o.a.j.r.Summariser: summary +    541 in 00:00:20 =   26.9/s Avg:   147 Min:   119 Max:   238 Err:     0 (0.00%) Active: 0 Started: 4 Finished: 4
2026-10-07 20:07:50,126 INFO o.a.j.r.Summariser: summary =   1510 in 00:01:01 =   24.8/s Avg:   148 Min:   118 Max:   238 Err:     0 (0.00%)
