2026-10-07 20:05:43,399 INFO o.a.j.u.JMeterUtils: Setting Locale to en_EN
2026-10-07 20:05:43,422 INFO o.a.j.JMeter: Loading user properties from: /opt/jmeter/bin/user.properties
2026-10-07 20:05:43,422 INFO o.a.j.JMeter: Loading system properties from: /opt/jmeter/bin/system.properties
2026-10-07 20:05:43,422 INFO o.a.j.JMeter: Loading additional properties from: /tests/run.properties
2026-10-07 20:05:43,422 INFO o.a.j.JMeter: Loading additional properties from: /tests/data/ranges.properties
2026-10-07 20:05:43,423 INFO o.a.j.JMeter: Setting JMeter property: host=laravel-nginx
2026-10-07 20:05:43,423 INFO o.a.j.JMeter: Setting JMeter property: port=80
2026-10-07 20:05:43,423 INFO o.a.j.JMeter: Setting JMeter property: rampup=10
2026-10-07 20:05:43,423 INFO o.a.j.JMeter: Setting JMeter property: endpoint=EP6
2026-10-07 20:05:43,423 INFO o.a.j.JMeter: Setting JMeter property: users=4
2026-10-07 20:05:43,423 INFO o.a.j.JMeter: Setting JMeter property: duration=60
2026-10-07 20:05:43,428 INFO o.a.j.JMeter: Copyright (c) 1998-2024 The Apache Software Foundation
2026-10-07 20:05:43,428 INFO o.a.j.JMeter: Version 5.6.3
2026-10-07 20:05:43,428 INFO o.a.j.JMeter: java.version=21.0.12.1
2026-10-07 20:05:43,428 INFO o.a.j.JMeter: java.vm.name=OpenJDK 64-Bit Server VM
2026-10-07 20:05:43,428 INFO o.a.j.JMeter: os.name=Linux
2026-10-07 20:05:43,428 INFO o.a.j.JMeter: os.arch=amd64
2026-10-07 20:05:43,428 INFO o.a.j.JMeter: os.version=6.6.87.2-microsoft-standard-WSL2
2026-10-07 20:05:43,428 INFO o.a.j.JMeter: file.encoding=UTF-8
2026-10-07 20:05:43,429 INFO o.a.j.JMeter: java.awt.headless=true
2026-10-07 20:05:43,429 INFO o.a.j.JMeter: Max memory     =4294967296
2026-10-07 20:05:43,429 INFO o.a.j.JMeter: Available Processors =12
2026-10-07 20:05:43,436 INFO o.a.j.JMeter: Default Locale=English (EN)
2026-10-07 20:05:43,437 INFO o.a.j.JMeter: JMeter  Locale=English (EN)
2026-10-07 20:05:43,437 INFO o.a.j.JMeter: JMeterHome=/opt/jmeter
2026-10-07 20:05:43,437 INFO o.a.j.JMeter: user.dir  =/tests
2026-10-07 20:05:43,437 INFO o.a.j.JMeter: PWD       =/tests
2026-10-07 20:05:43,437 INFO o.a.j.JMeter: IP: 172.19.0.5 Name: d87cf6e96eed FullName: d87cf6e96eed
2026-10-07 20:05:43,448 INFO o.a.j.s.FileServer: Default base='/tests'
2026-10-07 20:05:43,450 INFO o.a.j.s.FileServer: Set new base='/tests'
2026-10-07 20:05:43,619 INFO o.a.j.s.SaveService: Testplan (JMX) version: 2.2. Testlog (JTL) version: 2.2
2026-10-07 20:05:43,643 INFO o.a.j.s.SaveService: Using SaveService properties version 5.0
2026-10-07 20:05:43,646 INFO o.a.j.s.SaveService: Using SaveService properties file encoding UTF-8
2026-10-07 20:05:43,650 INFO o.a.j.s.SaveService: Loading file: /tests/s3.jmx
2026-10-07 20:05:43,703 INFO o.a.j.p.h.s.HTTPSamplerBase: Parser for text/html is org.apache.jmeter.protocol.http.parser.LagartoBasedHtmlParser
2026-10-07 20:05:43,703 INFO o.a.j.p.h.s.HTTPSamplerBase: Parser for application/xhtml+xml is org.apache.jmeter.protocol.http.parser.LagartoBasedHtmlParser
2026-10-07 20:05:43,703 INFO o.a.j.p.h.s.HTTPSamplerBase: Parser for application/xml is org.apache.jmeter.protocol.http.parser.LagartoBasedHtmlParser
2026-10-07 20:05:43,704 INFO o.a.j.p.h.s.HTTPSamplerBase: Parser for text/xml is org.apache.jmeter.protocol.http.parser.LagartoBasedHtmlParser
2026-10-07 20:05:43,704 INFO o.a.j.p.h.s.HTTPSamplerBase: Parser for text/vnd.wap.wml is org.apache.jmeter.protocol.http.parser.RegexpHTMLParser
2026-10-07 20:05:43,704 INFO o.a.j.p.h.s.HTTPSamplerBase: Parser for text/css is org.apache.jmeter.protocol.http.parser.CssParser
2026-10-07 20:05:43,750 INFO o.a.j.JMeter: Creating summariser <summary>
2026-10-07 20:05:43,767 INFO o.a.j.e.StandardJMeterEngine: Running the test!
2026-10-07 20:05:43,768 INFO o.a.j.s.SampleEvent: List of sample_variables: []
2026-10-07 20:05:43,768 INFO o.a.j.s.SampleEvent: List of sample_variables: []
2026-10-07 20:05:43,772 INFO o.a.j.e.u.CompoundVariable: Note: Function class names must contain the string: '.functions.'
2026-10-07 20:05:43,772 INFO o.a.j.e.u.CompoundVariable: Note: Function class names must not contain the string: '.gui.'
2026-10-07 20:05:44,001 INFO o.a.j.JMeter: Running test (1791403544001)
2026-10-07 20:05:44,002 INFO o.a.j.e.StandardJMeterEngine: Starting setUp thread groups
2026-10-07 20:05:44,002 INFO o.a.j.e.StandardJMeterEngine: Starting setUp ThreadGroup: 1 : setUp - login 
2026-10-07 20:05:44,002 INFO o.a.j.e.StandardJMeterEngine: Starting 1 threads for group setUp - login.
2026-10-07 20:05:44,002 INFO o.a.j.e.StandardJMeterEngine: Test will stop abruptly on error
2026-10-07 20:05:44,002 INFO o.a.j.t.ThreadGroup: Starting thread group... number=1 threads=1 ramp-up=1 delayedStart=false
2026-10-07 20:05:44,005 INFO o.a.j.t.ThreadGroup: Started thread group number 1
2026-10-07 20:05:44,005 INFO o.a.j.e.StandardJMeterEngine: Waiting for all setup thread groups to exit
2026-10-07 20:05:44,007 INFO o.a.j.t.JMeterThread: Thread started: setUp - login 1-1
2026-10-07 20:05:44,019 INFO o.a.j.p.h.s.HTTPHCAbstractImpl: Local host = d87cf6e96eed
2026-10-07 20:05:44,024 INFO o.a.j.p.h.s.HTTPHC4Impl: HTTP request retry count = 0
2026-10-07 20:05:44,025 INFO o.a.j.s.SampleResult: Note: Sample TimeStamps are START times
2026-10-07 20:05:44,025 INFO o.a.j.s.SampleResult: sampleresult.default.encoding is set to UTF-8
2026-10-07 20:05:44,025 INFO o.a.j.s.SampleResult: sampleresult.useNanoTime=true
2026-10-07 20:05:44,026 INFO o.a.j.s.SampleResult: sampleresult.nanoThreadSleep=5000
2026-10-07 20:05:44,761 INFO o.a.j.t.JMeterThread: Thread is done: setUp - login 1-1
2026-10-07 20:05:44,761 INFO o.a.j.t.JMeterThread: Thread finished: setUp - login 1-1
2026-10-07 20:05:44,762 INFO o.a.j.e.StandardJMeterEngine: All Setup Threads have ended
2026-10-07 20:05:44,784 INFO o.a.j.e.StandardJMeterEngine: Starting ThreadGroup: 1 : S3
2026-10-07 20:05:44,785 INFO o.a.j.e.StandardJMeterEngine: Starting 4 threads for group S3.
2026-10-07 20:05:44,785 INFO o.a.j.e.StandardJMeterEngine: Thread will continue on error
2026-10-07 20:05:44,785 INFO o.a.j.t.ThreadGroup: Starting thread group... number=1 threads=4 ramp-up=10 delayedStart=false
2026-10-07 20:05:44,788 INFO o.a.j.t.JMeterThread: Thread started: S3 1-1
2026-10-07 20:05:44,790 INFO o.a.j.t.ThreadGroup: Started thread group number 1
2026-10-07 20:05:44,790 INFO o.a.j.e.StandardJMeterEngine: All thread groups have been started
2026-10-07 20:05:47,287 INFO o.a.j.t.JMeterThread: Thread started: S3 1-2
2026-10-07 20:05:49,787 INFO o.a.j.t.JMeterThread: Thread started: S3 1-3
2026-10-07 20:05:52,287 INFO o.a.j.t.JMeterThread: Thread started: S3 1-4
2026-10-07 20:06:00,013 INFO o.a.j.r.Summariser: summary +    313 in 00:00:16 =   19.5/s Avg:   145 Min:   116 Max:   293 Err:     0 (0.00%) Active: 4 Started: 4 Finished: 0
2026-10-07 20:06:30,026 INFO o.a.j.r.Summariser: summary +    804 in 00:00:30 =   26.8/s Avg:   148 Min:   121 Max:   236 Err:     0 (0.00%) Active: 4 Started: 4 Finished: 0
2026-10-07 20:06:30,027 INFO o.a.j.r.Summariser: summary =   1117 in 00:00:46 =   24.3/s Avg:   147 Min:   116 Max:   293 Err:     0 (0.00%)
2026-10-07 20:06:44,885 INFO o.a.j.t.JMeterThread: Stopping because end time detected by thread: S3 1-3
2026-10-07 20:06:44,885 INFO o.a.j.t.JMeterThread: Thread finished: S3 1-3
2026-10-07 20:06:44,927 INFO o.a.j.t.JMeterThread: Stopping because end time detected by thread: S3 1-2
2026-10-07 20:06:44,927 INFO o.a.j.t.JMeterThread: Thread finished: S3 1-2
2026-10-07 20:06:44,928 INFO o.a.j.t.JMeterThread: Stopping because end time detected by thread: S3 1-4
2026-10-07 20:06:44,928 INFO o.a.j.t.JMeterThread: Thread finished: S3 1-4
2026-10-07 20:06:44,952 INFO o.a.j.t.JMeterThread: Stopping because end time detected by thread: S3 1-1
2026-10-07 20:06:44,952 INFO o.a.j.t.JMeterThread: Thread finished: S3 1-1
2026-10-07 20:06:44,953 INFO o.a.j.e.StandardJMeterEngine: Notifying test listeners of end of test
2026-10-07 20:06:44,955 INFO o.a.j.r.Summariser: summary +    409 in 00:00:15 =   27.4/s Avg:   146 Min:   122 Max:   222 Err:     0 (0.00%) Active: 0 Started: 4 Finished: 4
2026-10-07 20:06:44,955 INFO o.a.j.r.Summariser: summary =   1526 in 00:01:01 =   25.0/s Avg:   147 Min:   116 Max:   293 Err:     0 (0.00%)
