2026-10-02 22:27:45,794 INFO o.a.j.u.JMeterUtils: Setting Locale to en_EN
2026-10-02 22:27:45,814 INFO o.a.j.JMeter: Loading user properties from: /opt/jmeter/bin/user.properties
2026-10-02 22:27:45,814 INFO o.a.j.JMeter: Loading system properties from: /opt/jmeter/bin/system.properties
2026-10-02 22:27:45,814 INFO o.a.j.JMeter: Loading additional properties from: /tests/run.properties
2026-10-02 22:27:45,814 INFO o.a.j.JMeter: Loading additional properties from: /tests/data/ranges.properties
2026-10-02 22:27:45,815 INFO o.a.j.JMeter: Setting JMeter property: host=laravel-nginx
2026-10-02 22:27:45,815 INFO o.a.j.JMeter: Setting JMeter property: port=80
2026-10-02 22:27:45,815 INFO o.a.j.JMeter: Setting JMeter property: rampup=1
2026-10-02 22:27:45,815 INFO o.a.j.JMeter: Setting JMeter property: endpoint=EP4
2026-10-02 22:27:45,815 INFO o.a.j.JMeter: Setting JMeter property: users=10
2026-10-02 22:27:45,815 INFO o.a.j.JMeter: Setting JMeter property: duration=60
2026-10-02 22:27:45,821 INFO o.a.j.JMeter: Copyright (c) 1998-2024 The Apache Software Foundation
2026-10-02 22:27:45,821 INFO o.a.j.JMeter: Version 5.6.3
2026-10-02 22:27:45,821 INFO o.a.j.JMeter: java.version=21.0.12.1
2026-10-02 22:27:45,821 INFO o.a.j.JMeter: java.vm.name=OpenJDK 64-Bit Server VM
2026-10-02 22:27:45,821 INFO o.a.j.JMeter: os.name=Linux
2026-10-02 22:27:45,821 INFO o.a.j.JMeter: os.arch=amd64
2026-10-02 22:27:45,821 INFO o.a.j.JMeter: os.version=6.6.87.2-microsoft-standard-WSL2
2026-10-02 22:27:45,821 INFO o.a.j.JMeter: file.encoding=UTF-8
2026-10-02 22:27:45,821 INFO o.a.j.JMeter: java.awt.headless=true
2026-10-02 22:27:45,822 INFO o.a.j.JMeter: Max memory     =4294967296
2026-10-02 22:27:45,822 INFO o.a.j.JMeter: Available Processors =12
2026-10-02 22:27:45,831 INFO o.a.j.JMeter: Default Locale=English (EN)
2026-10-02 22:27:45,832 INFO o.a.j.JMeter: JMeter  Locale=English (EN)
2026-10-02 22:27:45,832 INFO o.a.j.JMeter: JMeterHome=/opt/jmeter
2026-10-02 22:27:45,832 INFO o.a.j.JMeter: user.dir  =/tests
2026-10-02 22:27:45,832 INFO o.a.j.JMeter: PWD       =/tests
2026-10-02 22:27:45,832 INFO o.a.j.JMeter: IP: 172.19.0.5 Name: aed059bfdcc5 FullName: aed059bfdcc5
2026-10-02 22:27:45,842 INFO o.a.j.s.FileServer: Default base='/tests'
2026-10-02 22:27:45,844 INFO o.a.j.s.FileServer: Set new base='/tests'
2026-10-02 22:27:46,010 INFO o.a.j.s.SaveService: Testplan (JMX) version: 2.2. Testlog (JTL) version: 2.2
2026-10-02 22:27:46,042 INFO o.a.j.s.SaveService: Using SaveService properties version 5.0
2026-10-02 22:27:46,046 INFO o.a.j.s.SaveService: Using SaveService properties file encoding UTF-8
2026-10-02 22:27:46,050 INFO o.a.j.s.SaveService: Loading file: /tests/s3.jmx
2026-10-02 22:27:46,109 INFO o.a.j.p.h.s.HTTPSamplerBase: Parser for text/html is org.apache.jmeter.protocol.http.parser.LagartoBasedHtmlParser
2026-10-02 22:27:46,109 INFO o.a.j.p.h.s.HTTPSamplerBase: Parser for application/xhtml+xml is org.apache.jmeter.protocol.http.parser.LagartoBasedHtmlParser
2026-10-02 22:27:46,109 INFO o.a.j.p.h.s.HTTPSamplerBase: Parser for application/xml is org.apache.jmeter.protocol.http.parser.LagartoBasedHtmlParser
2026-10-02 22:27:46,109 INFO o.a.j.p.h.s.HTTPSamplerBase: Parser for text/xml is org.apache.jmeter.protocol.http.parser.LagartoBasedHtmlParser
2026-10-02 22:27:46,109 INFO o.a.j.p.h.s.HTTPSamplerBase: Parser for text/vnd.wap.wml is org.apache.jmeter.protocol.http.parser.RegexpHTMLParser
2026-10-02 22:27:46,110 INFO o.a.j.p.h.s.HTTPSamplerBase: Parser for text/css is org.apache.jmeter.protocol.http.parser.CssParser
2026-10-02 22:27:46,156 INFO o.a.j.JMeter: Creating summariser <summary>
2026-10-02 22:27:46,171 INFO o.a.j.e.StandardJMeterEngine: Running the test!
2026-10-02 22:27:46,172 INFO o.a.j.s.SampleEvent: List of sample_variables: []
2026-10-02 22:27:46,172 INFO o.a.j.s.SampleEvent: List of sample_variables: []
2026-10-02 22:27:46,177 INFO o.a.j.e.u.CompoundVariable: Note: Function class names must contain the string: '.functions.'
2026-10-02 22:27:46,177 INFO o.a.j.e.u.CompoundVariable: Note: Function class names must not contain the string: '.gui.'
2026-10-02 22:27:46,396 INFO o.a.j.JMeter: Running test (1790980066395)
2026-10-02 22:27:46,397 INFO o.a.j.e.StandardJMeterEngine: Starting setUp thread groups
2026-10-02 22:27:46,397 INFO o.a.j.e.StandardJMeterEngine: Starting setUp ThreadGroup: 1 : setUp - login 
2026-10-02 22:27:46,397 INFO o.a.j.e.StandardJMeterEngine: Starting 1 threads for group setUp - login.
2026-10-02 22:27:46,397 INFO o.a.j.e.StandardJMeterEngine: Test will stop abruptly on error
2026-10-02 22:27:46,397 INFO o.a.j.t.ThreadGroup: Starting thread group... number=1 threads=1 ramp-up=1 delayedStart=false
2026-10-02 22:27:46,400 INFO o.a.j.t.ThreadGroup: Started thread group number 1
2026-10-02 22:27:46,400 INFO o.a.j.e.StandardJMeterEngine: Waiting for all setup thread groups to exit
2026-10-02 22:27:46,401 INFO o.a.j.t.JMeterThread: Thread started: setUp - login 1-1
2026-10-02 22:27:46,413 INFO o.a.j.p.h.s.HTTPHCAbstractImpl: Local host = aed059bfdcc5
2026-10-02 22:27:46,418 INFO o.a.j.p.h.s.HTTPHC4Impl: HTTP request retry count = 0
2026-10-02 22:27:46,420 INFO o.a.j.s.SampleResult: Note: Sample TimeStamps are START times
2026-10-02 22:27:46,420 INFO o.a.j.s.SampleResult: sampleresult.default.encoding is set to UTF-8
2026-10-02 22:27:46,420 INFO o.a.j.s.SampleResult: sampleresult.useNanoTime=true
2026-10-02 22:27:46,420 INFO o.a.j.s.SampleResult: sampleresult.nanoThreadSleep=5000
2026-10-02 22:27:47,112 INFO o.a.j.t.JMeterThread: Thread is done: setUp - login 1-1
2026-10-02 22:27:47,112 INFO o.a.j.t.JMeterThread: Thread finished: setUp - login 1-1
2026-10-02 22:27:47,113 INFO o.a.j.e.StandardJMeterEngine: All Setup Threads have ended
2026-10-02 22:27:47,137 INFO o.a.j.e.StandardJMeterEngine: Starting ThreadGroup: 1 : S3
2026-10-02 22:27:47,139 INFO o.a.j.e.StandardJMeterEngine: Starting 10 threads for group S3.
2026-10-02 22:27:47,139 INFO o.a.j.e.StandardJMeterEngine: Thread will continue on error
2026-10-02 22:27:47,139 INFO o.a.j.t.ThreadGroup: Starting thread group... number=1 threads=10 ramp-up=1 delayedStart=false
2026-10-02 22:27:47,142 INFO o.a.j.t.JMeterThread: Thread started: S3 1-1
2026-10-02 22:27:47,149 INFO o.a.j.t.ThreadGroup: Started thread group number 1
2026-10-02 22:27:47,149 INFO o.a.j.e.StandardJMeterEngine: All thread groups have been started
2026-10-02 22:27:47,242 INFO o.a.j.t.JMeterThread: Thread started: S3 1-2
2026-10-02 22:27:47,340 INFO o.a.j.t.JMeterThread: Thread started: S3 1-3
2026-10-02 22:27:47,441 INFO o.a.j.t.JMeterThread: Thread started: S3 1-4
2026-10-02 22:27:47,540 INFO o.a.j.t.JMeterThread: Thread started: S3 1-5
2026-10-02 22:27:47,641 INFO o.a.j.t.JMeterThread: Thread started: S3 1-6
2026-10-02 22:27:47,741 INFO o.a.j.t.JMeterThread: Thread started: S3 1-7
2026-10-02 22:27:47,840 INFO o.a.j.t.JMeterThread: Thread started: S3 1-8
2026-10-02 22:27:47,940 INFO o.a.j.t.JMeterThread: Thread started: S3 1-9
2026-10-02 22:27:48,041 INFO o.a.j.t.JMeterThread: Thread started: S3 1-10
2026-10-02 22:28:00,008 INFO o.a.j.r.Summariser: summary +   4575 in 00:00:14 =  336.1/s Avg:    26 Min:    10 Max:   204 Err:     0 (0.00%) Active: 10 Started: 10 Finished: 0
2026-10-02 22:28:30,010 INFO o.a.j.r.Summariser: summary +  10376 in 00:00:30 =  345.8/s Avg:    27 Min:    19 Max:    97 Err:     0 (0.00%) Active: 10 Started: 10 Finished: 0
2026-10-02 22:28:30,010 INFO o.a.j.r.Summariser: summary =  14951 in 00:00:44 =  342.8/s Avg:    27 Min:    10 Max:   204 Err:     0 (0.00%)
2026-10-02 22:28:47,148 INFO o.a.j.t.JMeterThread: Stopping because end time detected by thread: S3 1-3
2026-10-02 22:28:47,148 INFO o.a.j.t.JMeterThread: Stopping because end time detected by thread: S3 1-1
2026-10-02 22:28:47,148 INFO o.a.j.t.JMeterThread: Stopping because end time detected by thread: S3 1-8
2026-10-02 22:28:47,148 INFO o.a.j.t.JMeterThread: Thread finished: S3 1-3
2026-10-02 22:28:47,148 INFO o.a.j.t.JMeterThread: Thread finished: S3 1-1
2026-10-02 22:28:47,148 INFO o.a.j.t.JMeterThread: Thread finished: S3 1-8
2026-10-02 22:28:47,149 INFO o.a.j.t.JMeterThread: Stopping because end time detected by thread: S3 1-10
2026-10-02 22:28:47,149 INFO o.a.j.t.JMeterThread: Thread finished: S3 1-10
2026-10-02 22:28:47,159 INFO o.a.j.t.JMeterThread: Stopping because end time detected by thread: S3 1-5
2026-10-02 22:28:47,159 INFO o.a.j.t.JMeterThread: Stopping because end time detected by thread: S3 1-9
2026-10-02 22:28:47,159 INFO o.a.j.t.JMeterThread: Stopping because end time detected by thread: S3 1-4
2026-10-02 22:28:47,159 INFO o.a.j.t.JMeterThread: Thread finished: S3 1-5
2026-10-02 22:28:47,159 INFO o.a.j.t.JMeterThread: Thread finished: S3 1-9
2026-10-02 22:28:47,160 INFO o.a.j.t.JMeterThread: Stopping because end time detected by thread: S3 1-6
2026-10-02 22:28:47,160 INFO o.a.j.t.JMeterThread: Thread finished: S3 1-4
2026-10-02 22:28:47,160 INFO o.a.j.t.JMeterThread: Thread finished: S3 1-6
2026-10-02 22:28:47,169 INFO o.a.j.t.JMeterThread: Stopping because end time detected by thread: S3 1-2
2026-10-02 22:28:47,169 INFO o.a.j.t.JMeterThread: Stopping because end time detected by thread: S3 1-7
2026-10-02 22:28:47,169 INFO o.a.j.t.JMeterThread: Thread finished: S3 1-2
2026-10-02 22:28:47,169 INFO o.a.j.t.JMeterThread: Thread finished: S3 1-7
2026-10-02 22:28:47,170 INFO o.a.j.e.StandardJMeterEngine: Notifying test listeners of end of test
2026-10-02 22:28:47,172 INFO o.a.j.r.Summariser: summary +   5716 in 00:00:17 =  333.0/s Avg:    27 Min:    18 Max:    66 Err:     0 (0.00%) Active: 0 Started: 10 Finished: 10
2026-10-02 22:28:47,172 INFO o.a.j.r.Summariser: summary =  20667 in 00:01:01 =  340.0/s Avg:    27 Min:    10 Max:   204 Err:     0 (0.00%)
