2026-10-02 22:26:40,586 INFO o.a.j.u.JMeterUtils: Setting Locale to en_EN
2026-10-02 22:26:40,611 INFO o.a.j.JMeter: Loading user properties from: /opt/jmeter/bin/user.properties
2026-10-02 22:26:40,611 INFO o.a.j.JMeter: Loading system properties from: /opt/jmeter/bin/system.properties
2026-10-02 22:26:40,612 INFO o.a.j.JMeter: Loading additional properties from: /tests/run.properties
2026-10-02 22:26:40,612 INFO o.a.j.JMeter: Loading additional properties from: /tests/data/ranges.properties
2026-10-02 22:26:40,612 INFO o.a.j.JMeter: Setting JMeter property: host=laravel-nginx
2026-10-02 22:26:40,612 INFO o.a.j.JMeter: Setting JMeter property: port=80
2026-10-02 22:26:40,612 INFO o.a.j.JMeter: Setting JMeter property: rampup=1
2026-10-02 22:26:40,612 INFO o.a.j.JMeter: Setting JMeter property: endpoint=EP4
2026-10-02 22:26:40,612 INFO o.a.j.JMeter: Setting JMeter property: users=10
2026-10-02 22:26:40,613 INFO o.a.j.JMeter: Setting JMeter property: duration=60
2026-10-02 22:26:40,619 INFO o.a.j.JMeter: Copyright (c) 1998-2024 The Apache Software Foundation
2026-10-02 22:26:40,619 INFO o.a.j.JMeter: Version 5.6.3
2026-10-02 22:26:40,619 INFO o.a.j.JMeter: java.version=21.0.12.1
2026-10-02 22:26:40,619 INFO o.a.j.JMeter: java.vm.name=OpenJDK 64-Bit Server VM
2026-10-02 22:26:40,619 INFO o.a.j.JMeter: os.name=Linux
2026-10-02 22:26:40,619 INFO o.a.j.JMeter: os.arch=amd64
2026-10-02 22:26:40,619 INFO o.a.j.JMeter: os.version=6.6.87.2-microsoft-standard-WSL2
2026-10-02 22:26:40,619 INFO o.a.j.JMeter: file.encoding=UTF-8
2026-10-02 22:26:40,620 INFO o.a.j.JMeter: java.awt.headless=true
2026-10-02 22:26:40,620 INFO o.a.j.JMeter: Max memory     =4294967296
2026-10-02 22:26:40,620 INFO o.a.j.JMeter: Available Processors =12
2026-10-02 22:26:40,629 INFO o.a.j.JMeter: Default Locale=English (EN)
2026-10-02 22:26:40,630 INFO o.a.j.JMeter: JMeter  Locale=English (EN)
2026-10-02 22:26:40,630 INFO o.a.j.JMeter: JMeterHome=/opt/jmeter
2026-10-02 22:26:40,630 INFO o.a.j.JMeter: user.dir  =/tests
2026-10-02 22:26:40,630 INFO o.a.j.JMeter: PWD       =/tests
2026-10-02 22:26:40,630 INFO o.a.j.JMeter: IP: 172.19.0.5 Name: 0331e725622c FullName: 0331e725622c
2026-10-02 22:26:40,640 INFO o.a.j.s.FileServer: Default base='/tests'
2026-10-02 22:26:40,642 INFO o.a.j.s.FileServer: Set new base='/tests'
2026-10-02 22:26:40,808 INFO o.a.j.s.SaveService: Testplan (JMX) version: 2.2. Testlog (JTL) version: 2.2
2026-10-02 22:26:40,831 INFO o.a.j.s.SaveService: Using SaveService properties version 5.0
2026-10-02 22:26:40,833 INFO o.a.j.s.SaveService: Using SaveService properties file encoding UTF-8
2026-10-02 22:26:40,837 INFO o.a.j.s.SaveService: Loading file: /tests/s3.jmx
2026-10-02 22:26:40,886 INFO o.a.j.p.h.s.HTTPSamplerBase: Parser for text/html is org.apache.jmeter.protocol.http.parser.LagartoBasedHtmlParser
2026-10-02 22:26:40,887 INFO o.a.j.p.h.s.HTTPSamplerBase: Parser for application/xhtml+xml is org.apache.jmeter.protocol.http.parser.LagartoBasedHtmlParser
2026-10-02 22:26:40,887 INFO o.a.j.p.h.s.HTTPSamplerBase: Parser for application/xml is org.apache.jmeter.protocol.http.parser.LagartoBasedHtmlParser
2026-10-02 22:26:40,887 INFO o.a.j.p.h.s.HTTPSamplerBase: Parser for text/xml is org.apache.jmeter.protocol.http.parser.LagartoBasedHtmlParser
2026-10-02 22:26:40,887 INFO o.a.j.p.h.s.HTTPSamplerBase: Parser for text/vnd.wap.wml is org.apache.jmeter.protocol.http.parser.RegexpHTMLParser
2026-10-02 22:26:40,887 INFO o.a.j.p.h.s.HTTPSamplerBase: Parser for text/css is org.apache.jmeter.protocol.http.parser.CssParser
2026-10-02 22:26:40,933 INFO o.a.j.JMeter: Creating summariser <summary>
2026-10-02 22:26:40,942 INFO o.a.j.e.StandardJMeterEngine: Running the test!
2026-10-02 22:26:40,943 INFO o.a.j.s.SampleEvent: List of sample_variables: []
2026-10-02 22:26:40,943 INFO o.a.j.s.SampleEvent: List of sample_variables: []
2026-10-02 22:26:40,947 INFO o.a.j.e.u.CompoundVariable: Note: Function class names must contain the string: '.functions.'
2026-10-02 22:26:40,947 INFO o.a.j.e.u.CompoundVariable: Note: Function class names must not contain the string: '.gui.'
2026-10-02 22:26:41,165 INFO o.a.j.JMeter: Running test (1790980001165)
2026-10-02 22:26:41,167 INFO o.a.j.e.StandardJMeterEngine: Starting setUp thread groups
2026-10-02 22:26:41,167 INFO o.a.j.e.StandardJMeterEngine: Starting setUp ThreadGroup: 1 : setUp - login 
2026-10-02 22:26:41,167 INFO o.a.j.e.StandardJMeterEngine: Starting 1 threads for group setUp - login.
2026-10-02 22:26:41,167 INFO o.a.j.e.StandardJMeterEngine: Test will stop abruptly on error
2026-10-02 22:26:41,168 INFO o.a.j.t.ThreadGroup: Starting thread group... number=1 threads=1 ramp-up=1 delayedStart=false
2026-10-02 22:26:41,171 INFO o.a.j.t.ThreadGroup: Started thread group number 1
2026-10-02 22:26:41,172 INFO o.a.j.e.StandardJMeterEngine: Waiting for all setup thread groups to exit
2026-10-02 22:26:41,173 INFO o.a.j.t.JMeterThread: Thread started: setUp - login 1-1
2026-10-02 22:26:41,186 INFO o.a.j.p.h.s.HTTPHCAbstractImpl: Local host = 0331e725622c
2026-10-02 22:26:41,192 INFO o.a.j.p.h.s.HTTPHC4Impl: HTTP request retry count = 0
2026-10-02 22:26:41,193 INFO o.a.j.s.SampleResult: Note: Sample TimeStamps are START times
2026-10-02 22:26:41,193 INFO o.a.j.s.SampleResult: sampleresult.default.encoding is set to UTF-8
2026-10-02 22:26:41,193 INFO o.a.j.s.SampleResult: sampleresult.useNanoTime=true
2026-10-02 22:26:41,193 INFO o.a.j.s.SampleResult: sampleresult.nanoThreadSleep=5000
2026-10-02 22:26:42,001 INFO o.a.j.t.JMeterThread: Thread is done: setUp - login 1-1
2026-10-02 22:26:42,002 INFO o.a.j.t.JMeterThread: Thread finished: setUp - login 1-1
2026-10-02 22:26:42,003 INFO o.a.j.e.StandardJMeterEngine: All Setup Threads have ended
2026-10-02 22:26:42,027 INFO o.a.j.e.StandardJMeterEngine: Starting ThreadGroup: 1 : S3
2026-10-02 22:26:42,028 INFO o.a.j.e.StandardJMeterEngine: Starting 10 threads for group S3.
2026-10-02 22:26:42,028 INFO o.a.j.e.StandardJMeterEngine: Thread will continue on error
2026-10-02 22:26:42,028 INFO o.a.j.t.ThreadGroup: Starting thread group... number=1 threads=10 ramp-up=1 delayedStart=false
2026-10-02 22:26:42,031 INFO o.a.j.t.JMeterThread: Thread started: S3 1-1
2026-10-02 22:26:42,040 INFO o.a.j.t.ThreadGroup: Started thread group number 1
2026-10-02 22:26:42,040 INFO o.a.j.e.StandardJMeterEngine: All thread groups have been started
2026-10-02 22:26:42,131 INFO o.a.j.t.JMeterThread: Thread started: S3 1-2
2026-10-02 22:26:42,230 INFO o.a.j.t.JMeterThread: Thread started: S3 1-3
2026-10-02 22:26:42,329 INFO o.a.j.t.JMeterThread: Thread started: S3 1-4
2026-10-02 22:26:42,429 INFO o.a.j.t.JMeterThread: Thread started: S3 1-5
2026-10-02 22:26:42,530 INFO o.a.j.t.JMeterThread: Thread started: S3 1-6
2026-10-02 22:26:42,630 INFO o.a.j.t.JMeterThread: Thread started: S3 1-7
2026-10-02 22:26:42,730 INFO o.a.j.t.JMeterThread: Thread started: S3 1-8
2026-10-02 22:26:42,829 INFO o.a.j.t.JMeterThread: Thread started: S3 1-9
2026-10-02 22:26:42,929 INFO o.a.j.t.JMeterThread: Thread started: S3 1-10
2026-10-02 22:27:00,006 INFO o.a.j.r.Summariser: summary +   6387 in 00:00:19 =  339.0/s Avg:    27 Min:    11 Max:   295 Err:     0 (0.00%) Active: 10 Started: 10 Finished: 0
2026-10-02 22:27:30,007 INFO o.a.j.r.Summariser: summary +  10477 in 00:00:30 =  349.2/s Avg:    27 Min:    19 Max:    82 Err:     0 (0.00%) Active: 10 Started: 10 Finished: 0
2026-10-02 22:27:30,008 INFO o.a.j.r.Summariser: summary =  16864 in 00:00:49 =  345.3/s Avg:    27 Min:    11 Max:   295 Err:     0 (0.00%)
2026-10-02 22:27:42,032 INFO o.a.j.t.JMeterThread: Stopping because end time detected by thread: S3 1-3
2026-10-02 22:27:42,033 INFO o.a.j.t.JMeterThread: Thread finished: S3 1-3
2026-10-02 22:27:42,034 INFO o.a.j.t.JMeterThread: Stopping because end time detected by thread: S3 1-1
2026-10-02 22:27:42,034 INFO o.a.j.t.JMeterThread: Thread finished: S3 1-1
2026-10-02 22:27:42,039 INFO o.a.j.t.JMeterThread: Stopping because end time detected by thread: S3 1-2
2026-10-02 22:27:42,040 INFO o.a.j.t.JMeterThread: Thread finished: S3 1-2
2026-10-02 22:27:42,045 INFO o.a.j.t.JMeterThread: Stopping because end time detected by thread: S3 1-4
2026-10-02 22:27:42,045 INFO o.a.j.t.JMeterThread: Thread finished: S3 1-4
2026-10-02 22:27:42,046 INFO o.a.j.t.JMeterThread: Stopping because end time detected by thread: S3 1-5
2026-10-02 22:27:42,046 INFO o.a.j.t.JMeterThread: Thread finished: S3 1-5
2026-10-02 22:27:42,046 INFO o.a.j.t.JMeterThread: Stopping because end time detected by thread: S3 1-8
2026-10-02 22:27:42,046 INFO o.a.j.t.JMeterThread: Thread finished: S3 1-8
2026-10-02 22:27:42,056 INFO o.a.j.t.JMeterThread: Stopping because end time detected by thread: S3 1-9
2026-10-02 22:27:42,056 INFO o.a.j.t.JMeterThread: Thread finished: S3 1-9
2026-10-02 22:27:42,059 INFO o.a.j.t.JMeterThread: Stopping because end time detected by thread: S3 1-6
2026-10-02 22:27:42,059 INFO o.a.j.t.JMeterThread: Thread finished: S3 1-6
2026-10-02 22:27:42,060 INFO o.a.j.t.JMeterThread: Stopping because end time detected by thread: S3 1-10
2026-10-02 22:27:42,060 INFO o.a.j.t.JMeterThread: Thread finished: S3 1-10
2026-10-02 22:27:42,063 INFO o.a.j.t.JMeterThread: Stopping because end time detected by thread: S3 1-7
2026-10-02 22:27:42,063 INFO o.a.j.t.JMeterThread: Thread finished: S3 1-7
2026-10-02 22:27:42,064 INFO o.a.j.e.StandardJMeterEngine: Notifying test listeners of end of test
2026-10-02 22:27:42,067 INFO o.a.j.r.Summariser: summary +   3988 in 00:00:12 =  330.7/s Avg:    27 Min:    19 Max:    64 Err:     0 (0.00%) Active: 0 Started: 10 Finished: 10
2026-10-02 22:27:42,067 INFO o.a.j.r.Summariser: summary =  20852 in 00:01:01 =  342.4/s Avg:    27 Min:    11 Max:   295 Err:     0 (0.00%)
