2026-10-02 22:47:39,374 INFO o.a.j.u.JMeterUtils: Setting Locale to en_EN
2026-10-02 22:47:39,394 INFO o.a.j.JMeter: Loading user properties from: /opt/jmeter/bin/user.properties
2026-10-02 22:47:39,395 INFO o.a.j.JMeter: Loading system properties from: /opt/jmeter/bin/system.properties
2026-10-02 22:47:39,395 INFO o.a.j.JMeter: Loading additional properties from: /tests/run.properties
2026-10-02 22:47:39,395 INFO o.a.j.JMeter: Loading additional properties from: /tests/data/ranges.properties
2026-10-02 22:47:39,395 INFO o.a.j.JMeter: Setting JMeter property: host=laravel-nginx
2026-10-02 22:47:39,395 INFO o.a.j.JMeter: Setting JMeter property: port=80
2026-10-02 22:47:39,395 INFO o.a.j.JMeter: Setting JMeter property: rampup=1
2026-10-02 22:47:39,395 INFO o.a.j.JMeter: Setting JMeter property: endpoint=EP5
2026-10-02 22:47:39,396 INFO o.a.j.JMeter: Setting JMeter property: users=10
2026-10-02 22:47:39,396 INFO o.a.j.JMeter: Setting JMeter property: duration=60
2026-10-02 22:47:39,400 INFO o.a.j.JMeter: Copyright (c) 1998-2024 The Apache Software Foundation
2026-10-02 22:47:39,400 INFO o.a.j.JMeter: Version 5.6.3
2026-10-02 22:47:39,400 INFO o.a.j.JMeter: java.version=21.0.12.1
2026-10-02 22:47:39,400 INFO o.a.j.JMeter: java.vm.name=OpenJDK 64-Bit Server VM
2026-10-02 22:47:39,401 INFO o.a.j.JMeter: os.name=Linux
2026-10-02 22:47:39,401 INFO o.a.j.JMeter: os.arch=amd64
2026-10-02 22:47:39,401 INFO o.a.j.JMeter: os.version=6.6.87.2-microsoft-standard-WSL2
2026-10-02 22:47:39,401 INFO o.a.j.JMeter: file.encoding=UTF-8
2026-10-02 22:47:39,401 INFO o.a.j.JMeter: java.awt.headless=true
2026-10-02 22:47:39,401 INFO o.a.j.JMeter: Max memory     =4294967296
2026-10-02 22:47:39,401 INFO o.a.j.JMeter: Available Processors =12
2026-10-02 22:47:39,409 INFO o.a.j.JMeter: Default Locale=English (EN)
2026-10-02 22:47:39,409 INFO o.a.j.JMeter: JMeter  Locale=English (EN)
2026-10-02 22:47:39,409 INFO o.a.j.JMeter: JMeterHome=/opt/jmeter
2026-10-02 22:47:39,410 INFO o.a.j.JMeter: user.dir  =/tests
2026-10-02 22:47:39,410 INFO o.a.j.JMeter: PWD       =/tests
2026-10-02 22:47:39,410 INFO o.a.j.JMeter: IP: 172.19.0.5 Name: 38d5687355bb FullName: 38d5687355bb
2026-10-02 22:47:39,422 INFO o.a.j.s.FileServer: Default base='/tests'
2026-10-02 22:47:39,423 INFO o.a.j.s.FileServer: Set new base='/tests'
2026-10-02 22:47:39,583 INFO o.a.j.s.SaveService: Testplan (JMX) version: 2.2. Testlog (JTL) version: 2.2
2026-10-02 22:47:39,607 INFO o.a.j.s.SaveService: Using SaveService properties version 5.0
2026-10-02 22:47:39,609 INFO o.a.j.s.SaveService: Using SaveService properties file encoding UTF-8
2026-10-02 22:47:39,612 INFO o.a.j.s.SaveService: Loading file: /tests/s3.jmx
2026-10-02 22:47:39,654 INFO o.a.j.p.h.s.HTTPSamplerBase: Parser for text/html is org.apache.jmeter.protocol.http.parser.LagartoBasedHtmlParser
2026-10-02 22:47:39,655 INFO o.a.j.p.h.s.HTTPSamplerBase: Parser for application/xhtml+xml is org.apache.jmeter.protocol.http.parser.LagartoBasedHtmlParser
2026-10-02 22:47:39,655 INFO o.a.j.p.h.s.HTTPSamplerBase: Parser for application/xml is org.apache.jmeter.protocol.http.parser.LagartoBasedHtmlParser
2026-10-02 22:47:39,655 INFO o.a.j.p.h.s.HTTPSamplerBase: Parser for text/xml is org.apache.jmeter.protocol.http.parser.LagartoBasedHtmlParser
2026-10-02 22:47:39,655 INFO o.a.j.p.h.s.HTTPSamplerBase: Parser for text/vnd.wap.wml is org.apache.jmeter.protocol.http.parser.RegexpHTMLParser
2026-10-02 22:47:39,655 INFO o.a.j.p.h.s.HTTPSamplerBase: Parser for text/css is org.apache.jmeter.protocol.http.parser.CssParser
2026-10-02 22:47:39,696 INFO o.a.j.JMeter: Creating summariser <summary>
2026-10-02 22:47:39,713 INFO o.a.j.e.StandardJMeterEngine: Running the test!
2026-10-02 22:47:39,714 INFO o.a.j.s.SampleEvent: List of sample_variables: []
2026-10-02 22:47:39,714 INFO o.a.j.s.SampleEvent: List of sample_variables: []
2026-10-02 22:47:39,719 INFO o.a.j.e.u.CompoundVariable: Note: Function class names must contain the string: '.functions.'
2026-10-02 22:47:39,719 INFO o.a.j.e.u.CompoundVariable: Note: Function class names must not contain the string: '.gui.'
2026-10-02 22:47:39,983 INFO o.a.j.JMeter: Running test (1790981259983)
2026-10-02 22:47:39,984 INFO o.a.j.e.StandardJMeterEngine: Starting setUp thread groups
2026-10-02 22:47:39,984 INFO o.a.j.e.StandardJMeterEngine: Starting setUp ThreadGroup: 1 : setUp - login 
2026-10-02 22:47:39,984 INFO o.a.j.e.StandardJMeterEngine: Starting 1 threads for group setUp - login.
2026-10-02 22:47:39,984 INFO o.a.j.e.StandardJMeterEngine: Test will stop abruptly on error
2026-10-02 22:47:39,984 INFO o.a.j.t.ThreadGroup: Starting thread group... number=1 threads=1 ramp-up=1 delayedStart=false
2026-10-02 22:47:39,988 INFO o.a.j.t.ThreadGroup: Started thread group number 1
2026-10-02 22:47:39,988 INFO o.a.j.e.StandardJMeterEngine: Waiting for all setup thread groups to exit
2026-10-02 22:47:39,989 INFO o.a.j.t.JMeterThread: Thread started: setUp - login 1-1
2026-10-02 22:47:40,001 INFO o.a.j.p.h.s.HTTPHCAbstractImpl: Local host = 38d5687355bb
2026-10-02 22:47:40,005 INFO o.a.j.p.h.s.HTTPHC4Impl: HTTP request retry count = 0
2026-10-02 22:47:40,006 INFO o.a.j.s.SampleResult: Note: Sample TimeStamps are START times
2026-10-02 22:47:40,006 INFO o.a.j.s.SampleResult: sampleresult.default.encoding is set to UTF-8
2026-10-02 22:47:40,006 INFO o.a.j.s.SampleResult: sampleresult.useNanoTime=true
2026-10-02 22:47:40,007 INFO o.a.j.s.SampleResult: sampleresult.nanoThreadSleep=5000
2026-10-02 22:47:40,682 INFO o.a.j.t.JMeterThread: Thread is done: setUp - login 1-1
2026-10-02 22:47:40,682 INFO o.a.j.t.JMeterThread: Thread finished: setUp - login 1-1
2026-10-02 22:47:40,683 INFO o.a.j.e.StandardJMeterEngine: All Setup Threads have ended
2026-10-02 22:47:40,706 INFO o.a.j.e.StandardJMeterEngine: Starting ThreadGroup: 1 : S3
2026-10-02 22:47:40,706 INFO o.a.j.e.StandardJMeterEngine: Starting 10 threads for group S3.
2026-10-02 22:47:40,706 INFO o.a.j.e.StandardJMeterEngine: Thread will continue on error
2026-10-02 22:47:40,706 INFO o.a.j.t.ThreadGroup: Starting thread group... number=1 threads=10 ramp-up=1 delayedStart=false
2026-10-02 22:47:40,709 INFO o.a.j.t.JMeterThread: Thread started: S3 1-1
2026-10-02 22:47:40,715 INFO o.a.j.t.ThreadGroup: Started thread group number 1
2026-10-02 22:47:40,715 INFO o.a.j.e.StandardJMeterEngine: All thread groups have been started
2026-10-02 22:47:40,808 INFO o.a.j.t.JMeterThread: Thread started: S3 1-2
2026-10-02 22:47:40,907 INFO o.a.j.t.JMeterThread: Thread started: S3 1-3
2026-10-02 22:47:41,008 INFO o.a.j.t.JMeterThread: Thread started: S3 1-4
2026-10-02 22:47:41,107 INFO o.a.j.t.JMeterThread: Thread started: S3 1-5
2026-10-02 22:47:41,207 INFO o.a.j.t.JMeterThread: Thread started: S3 1-6
2026-10-02 22:47:41,308 INFO o.a.j.t.JMeterThread: Thread started: S3 1-7
2026-10-02 22:47:41,408 INFO o.a.j.t.JMeterThread: Thread started: S3 1-8
2026-10-02 22:47:41,507 INFO o.a.j.t.JMeterThread: Thread started: S3 1-9
2026-10-02 22:47:41,607 INFO o.a.j.t.JMeterThread: Thread started: S3 1-10
2026-10-02 22:48:00,003 INFO o.a.j.r.Summariser: summary +   8969 in 00:00:20 =  448.0/s Avg:    19 Min:     6 Max:   204 Err:     0 (0.00%) Active: 10 Started: 10 Finished: 0
2026-10-02 22:48:30,000 INFO o.a.j.r.Summariser: summary +  14887 in 00:00:30 =  496.3/s Avg:    19 Min:    13 Max:    58 Err:     0 (0.00%) Active: 10 Started: 10 Finished: 0
2026-10-02 22:48:30,001 INFO o.a.j.r.Summariser: summary =  23856 in 00:00:50 =  477.0/s Avg:    19 Min:     6 Max:   204 Err:     0 (0.00%)
2026-10-02 22:48:40,711 INFO o.a.j.t.JMeterThread: Stopping because end time detected by thread: S3 1-1
2026-10-02 22:48:40,711 INFO o.a.j.t.JMeterThread: Thread finished: S3 1-1
2026-10-02 22:48:40,718 INFO o.a.j.t.JMeterThread: Stopping because end time detected by thread: S3 1-4
2026-10-02 22:48:40,718 INFO o.a.j.t.JMeterThread: Stopping because end time detected by thread: S3 1-2
2026-10-02 22:48:40,719 INFO o.a.j.t.JMeterThread: Stopping because end time detected by thread: S3 1-5
2026-10-02 22:48:40,719 INFO o.a.j.t.JMeterThread: Thread finished: S3 1-4
2026-10-02 22:48:40,719 INFO o.a.j.t.JMeterThread: Thread finished: S3 1-2
2026-10-02 22:48:40,719 INFO o.a.j.t.JMeterThread: Thread finished: S3 1-5
2026-10-02 22:48:40,719 INFO o.a.j.t.JMeterThread: Stopping because end time detected by thread: S3 1-3
2026-10-02 22:48:40,719 INFO o.a.j.t.JMeterThread: Thread finished: S3 1-3
2026-10-02 22:48:40,726 INFO o.a.j.t.JMeterThread: Stopping because end time detected by thread: S3 1-6
2026-10-02 22:48:40,726 INFO o.a.j.t.JMeterThread: Stopping because end time detected by thread: S3 1-7
2026-10-02 22:48:40,726 INFO o.a.j.t.JMeterThread: Thread finished: S3 1-6
2026-10-02 22:48:40,726 INFO o.a.j.t.JMeterThread: Stopping because end time detected by thread: S3 1-10
2026-10-02 22:48:40,726 INFO o.a.j.t.JMeterThread: Thread finished: S3 1-7
2026-10-02 22:48:40,726 INFO o.a.j.t.JMeterThread: Thread finished: S3 1-10
2026-10-02 22:48:40,727 INFO o.a.j.t.JMeterThread: Stopping because end time detected by thread: S3 1-8
2026-10-02 22:48:40,727 INFO o.a.j.t.JMeterThread: Thread finished: S3 1-8
2026-10-02 22:48:40,733 INFO o.a.j.t.JMeterThread: Stopping because end time detected by thread: S3 1-9
2026-10-02 22:48:40,733 INFO o.a.j.t.JMeterThread: Thread finished: S3 1-9
2026-10-02 22:48:40,734 INFO o.a.j.e.StandardJMeterEngine: Notifying test listeners of end of test
2026-10-02 22:48:40,736 INFO o.a.j.r.Summariser: summary +   5720 in 00:00:11 =  532.8/s Avg:    18 Min:    13 Max:    41 Err:     0 (0.00%) Active: 0 Started: 10 Finished: 10
2026-10-02 22:48:40,736 INFO o.a.j.r.Summariser: summary =  29576 in 00:01:01 =  486.8/s Avg:    19 Min:     6 Max:   204 Err:     0 (0.00%)
