2026-10-02 22:46:34,311 INFO o.a.j.u.JMeterUtils: Setting Locale to en_EN
2026-10-02 22:46:34,334 INFO o.a.j.JMeter: Loading user properties from: /opt/jmeter/bin/user.properties
2026-10-02 22:46:34,335 INFO o.a.j.JMeter: Loading system properties from: /opt/jmeter/bin/system.properties
2026-10-02 22:46:34,335 INFO o.a.j.JMeter: Loading additional properties from: /tests/run.properties
2026-10-02 22:46:34,335 INFO o.a.j.JMeter: Loading additional properties from: /tests/data/ranges.properties
2026-10-02 22:46:34,335 INFO o.a.j.JMeter: Setting JMeter property: host=laravel-nginx
2026-10-02 22:46:34,336 INFO o.a.j.JMeter: Setting JMeter property: port=80
2026-10-02 22:46:34,336 INFO o.a.j.JMeter: Setting JMeter property: rampup=1
2026-10-02 22:46:34,336 INFO o.a.j.JMeter: Setting JMeter property: endpoint=EP5
2026-10-02 22:46:34,336 INFO o.a.j.JMeter: Setting JMeter property: users=10
2026-10-02 22:46:34,336 INFO o.a.j.JMeter: Setting JMeter property: duration=60
2026-10-02 22:46:34,341 INFO o.a.j.JMeter: Copyright (c) 1998-2024 The Apache Software Foundation
2026-10-02 22:46:34,341 INFO o.a.j.JMeter: Version 5.6.3
2026-10-02 22:46:34,341 INFO o.a.j.JMeter: java.version=21.0.12.1
2026-10-02 22:46:34,341 INFO o.a.j.JMeter: java.vm.name=OpenJDK 64-Bit Server VM
2026-10-02 22:46:34,341 INFO o.a.j.JMeter: os.name=Linux
2026-10-02 22:46:34,341 INFO o.a.j.JMeter: os.arch=amd64
2026-10-02 22:46:34,341 INFO o.a.j.JMeter: os.version=6.6.87.2-microsoft-standard-WSL2
2026-10-02 22:46:34,342 INFO o.a.j.JMeter: file.encoding=UTF-8
2026-10-02 22:46:34,342 INFO o.a.j.JMeter: java.awt.headless=true
2026-10-02 22:46:34,342 INFO o.a.j.JMeter: Max memory     =4294967296
2026-10-02 22:46:34,342 INFO o.a.j.JMeter: Available Processors =12
2026-10-02 22:46:34,349 INFO o.a.j.JMeter: Default Locale=English (EN)
2026-10-02 22:46:34,349 INFO o.a.j.JMeter: JMeter  Locale=English (EN)
2026-10-02 22:46:34,349 INFO o.a.j.JMeter: JMeterHome=/opt/jmeter
2026-10-02 22:46:34,349 INFO o.a.j.JMeter: user.dir  =/tests
2026-10-02 22:46:34,349 INFO o.a.j.JMeter: PWD       =/tests
2026-10-02 22:46:34,350 INFO o.a.j.JMeter: IP: 172.19.0.5 Name: 3cfa2b600f71 FullName: 3cfa2b600f71
2026-10-02 22:46:34,359 INFO o.a.j.s.FileServer: Default base='/tests'
2026-10-02 22:46:34,361 INFO o.a.j.s.FileServer: Set new base='/tests'
2026-10-02 22:46:34,517 INFO o.a.j.s.SaveService: Testplan (JMX) version: 2.2. Testlog (JTL) version: 2.2
2026-10-02 22:46:34,539 INFO o.a.j.s.SaveService: Using SaveService properties version 5.0
2026-10-02 22:46:34,542 INFO o.a.j.s.SaveService: Using SaveService properties file encoding UTF-8
2026-10-02 22:46:34,545 INFO o.a.j.s.SaveService: Loading file: /tests/s3.jmx
2026-10-02 22:46:34,591 INFO o.a.j.p.h.s.HTTPSamplerBase: Parser for text/html is org.apache.jmeter.protocol.http.parser.LagartoBasedHtmlParser
2026-10-02 22:46:34,591 INFO o.a.j.p.h.s.HTTPSamplerBase: Parser for application/xhtml+xml is org.apache.jmeter.protocol.http.parser.LagartoBasedHtmlParser
2026-10-02 22:46:34,591 INFO o.a.j.p.h.s.HTTPSamplerBase: Parser for application/xml is org.apache.jmeter.protocol.http.parser.LagartoBasedHtmlParser
2026-10-02 22:46:34,591 INFO o.a.j.p.h.s.HTTPSamplerBase: Parser for text/xml is org.apache.jmeter.protocol.http.parser.LagartoBasedHtmlParser
2026-10-02 22:46:34,591 INFO o.a.j.p.h.s.HTTPSamplerBase: Parser for text/vnd.wap.wml is org.apache.jmeter.protocol.http.parser.RegexpHTMLParser
2026-10-02 22:46:34,591 INFO o.a.j.p.h.s.HTTPSamplerBase: Parser for text/css is org.apache.jmeter.protocol.http.parser.CssParser
2026-10-02 22:46:34,631 INFO o.a.j.JMeter: Creating summariser <summary>
2026-10-02 22:46:34,641 INFO o.a.j.e.StandardJMeterEngine: Running the test!
2026-10-02 22:46:34,641 INFO o.a.j.s.SampleEvent: List of sample_variables: []
2026-10-02 22:46:34,641 INFO o.a.j.s.SampleEvent: List of sample_variables: []
2026-10-02 22:46:34,645 INFO o.a.j.e.u.CompoundVariable: Note: Function class names must contain the string: '.functions.'
2026-10-02 22:46:34,645 INFO o.a.j.e.u.CompoundVariable: Note: Function class names must not contain the string: '.gui.'
2026-10-02 22:46:34,850 INFO o.a.j.JMeter: Running test (1790981194850)
2026-10-02 22:46:34,852 INFO o.a.j.e.StandardJMeterEngine: Starting setUp thread groups
2026-10-02 22:46:34,852 INFO o.a.j.e.StandardJMeterEngine: Starting setUp ThreadGroup: 1 : setUp - login 
2026-10-02 22:46:34,852 INFO o.a.j.e.StandardJMeterEngine: Starting 1 threads for group setUp - login.
2026-10-02 22:46:34,852 INFO o.a.j.e.StandardJMeterEngine: Test will stop abruptly on error
2026-10-02 22:46:34,852 INFO o.a.j.t.ThreadGroup: Starting thread group... number=1 threads=1 ramp-up=1 delayedStart=false
2026-10-02 22:46:34,855 INFO o.a.j.t.ThreadGroup: Started thread group number 1
2026-10-02 22:46:34,855 INFO o.a.j.e.StandardJMeterEngine: Waiting for all setup thread groups to exit
2026-10-02 22:46:34,856 INFO o.a.j.t.JMeterThread: Thread started: setUp - login 1-1
2026-10-02 22:46:34,868 INFO o.a.j.p.h.s.HTTPHCAbstractImpl: Local host = 3cfa2b600f71
2026-10-02 22:46:34,873 INFO o.a.j.p.h.s.HTTPHC4Impl: HTTP request retry count = 0
2026-10-02 22:46:34,874 INFO o.a.j.s.SampleResult: Note: Sample TimeStamps are START times
2026-10-02 22:46:34,874 INFO o.a.j.s.SampleResult: sampleresult.default.encoding is set to UTF-8
2026-10-02 22:46:34,874 INFO o.a.j.s.SampleResult: sampleresult.useNanoTime=true
2026-10-02 22:46:34,875 INFO o.a.j.s.SampleResult: sampleresult.nanoThreadSleep=5000
2026-10-02 22:46:35,675 INFO o.a.j.r.Summariser: summary +      1 in 00:00:01 =    1.2/s Avg:   291 Min:   291 Max:   291 Err:     0 (0.00%) Active: 1 Started: 1 Finished: 0
2026-10-02 22:46:35,676 INFO o.a.j.t.JMeterThread: Thread is done: setUp - login 1-1
2026-10-02 22:46:35,676 INFO o.a.j.t.JMeterThread: Thread finished: setUp - login 1-1
2026-10-02 22:46:35,677 INFO o.a.j.e.StandardJMeterEngine: All Setup Threads have ended
2026-10-02 22:46:35,700 INFO o.a.j.e.StandardJMeterEngine: Starting ThreadGroup: 1 : S3
2026-10-02 22:46:35,700 INFO o.a.j.e.StandardJMeterEngine: Starting 10 threads for group S3.
2026-10-02 22:46:35,700 INFO o.a.j.e.StandardJMeterEngine: Thread will continue on error
2026-10-02 22:46:35,700 INFO o.a.j.t.ThreadGroup: Starting thread group... number=1 threads=10 ramp-up=1 delayedStart=false
2026-10-02 22:46:35,703 INFO o.a.j.t.JMeterThread: Thread started: S3 1-1
2026-10-02 22:46:35,709 INFO o.a.j.t.ThreadGroup: Started thread group number 1
2026-10-02 22:46:35,709 INFO o.a.j.e.StandardJMeterEngine: All thread groups have been started
2026-10-02 22:46:35,803 INFO o.a.j.t.JMeterThread: Thread started: S3 1-2
2026-10-02 22:46:35,903 INFO o.a.j.t.JMeterThread: Thread started: S3 1-3
2026-10-02 22:46:36,002 INFO o.a.j.t.JMeterThread: Thread started: S3 1-4
2026-10-02 22:46:36,102 INFO o.a.j.t.JMeterThread: Thread started: S3 1-5
2026-10-02 22:46:36,202 INFO o.a.j.t.JMeterThread: Thread started: S3 1-6
2026-10-02 22:46:36,303 INFO o.a.j.t.JMeterThread: Thread started: S3 1-7
2026-10-02 22:46:36,402 INFO o.a.j.t.JMeterThread: Thread started: S3 1-8
2026-10-02 22:46:36,502 INFO o.a.j.t.JMeterThread: Thread started: S3 1-9
2026-10-02 22:46:36,603 INFO o.a.j.t.JMeterThread: Thread started: S3 1-10
2026-10-02 22:47:00,009 INFO o.a.j.r.Summariser: summary +  11604 in 00:00:24 =  476.9/s Avg:    19 Min:     7 Max:    57 Err:     0 (0.00%) Active: 10 Started: 10 Finished: 0
2026-10-02 22:47:00,009 INFO o.a.j.r.Summariser: summary =  11605 in 00:00:25 =  461.3/s Avg:    19 Min:     7 Max:   291 Err:     0 (0.00%)
2026-10-02 22:47:30,002 INFO o.a.j.r.Summariser: summary +  14908 in 00:00:30 =  497.0/s Avg:    19 Min:    12 Max:    78 Err:     0 (0.00%) Active: 10 Started: 10 Finished: 0
2026-10-02 22:47:30,002 INFO o.a.j.r.Summariser: summary =  26513 in 00:00:55 =  480.7/s Avg:    19 Min:     7 Max:   291 Err:     0 (0.00%)
2026-10-02 22:47:35,708 INFO o.a.j.t.JMeterThread: Stopping because end time detected by thread: S3 1-8
2026-10-02 22:47:35,708 INFO o.a.j.t.JMeterThread: Stopping because end time detected by thread: S3 1-6
2026-10-02 22:47:35,708 INFO o.a.j.t.JMeterThread: Stopping because end time detected by thread: S3 1-7
2026-10-02 22:47:35,708 INFO o.a.j.t.JMeterThread: Thread finished: S3 1-8
2026-10-02 22:47:35,708 INFO o.a.j.t.JMeterThread: Thread finished: S3 1-6
2026-10-02 22:47:35,708 INFO o.a.j.t.JMeterThread: Thread finished: S3 1-7
2026-10-02 22:47:35,708 INFO o.a.j.t.JMeterThread: Stopping because end time detected by thread: S3 1-9
2026-10-02 22:47:35,709 INFO o.a.j.t.JMeterThread: Thread finished: S3 1-9
2026-10-02 22:47:35,716 INFO o.a.j.t.JMeterThread: Stopping because end time detected by thread: S3 1-1
2026-10-02 22:47:35,716 INFO o.a.j.t.JMeterThread: Stopping because end time detected by thread: S3 1-5
2026-10-02 22:47:35,716 INFO o.a.j.t.JMeterThread: Stopping because end time detected by thread: S3 1-3
2026-10-02 22:47:35,716 INFO o.a.j.t.JMeterThread: Thread finished: S3 1-1
2026-10-02 22:47:35,716 INFO o.a.j.t.JMeterThread: Thread finished: S3 1-5
2026-10-02 22:47:35,716 INFO o.a.j.t.JMeterThread: Thread finished: S3 1-3
2026-10-02 22:47:35,716 INFO o.a.j.t.JMeterThread: Stopping because end time detected by thread: S3 1-10
2026-10-02 22:47:35,716 INFO o.a.j.t.JMeterThread: Thread finished: S3 1-10
2026-10-02 22:47:35,724 INFO o.a.j.t.JMeterThread: Stopping because end time detected by thread: S3 1-4
2026-10-02 22:47:35,724 INFO o.a.j.t.JMeterThread: Stopping because end time detected by thread: S3 1-2
2026-10-02 22:47:35,724 INFO o.a.j.t.JMeterThread: Thread finished: S3 1-2
2026-10-02 22:47:35,724 INFO o.a.j.t.JMeterThread: Thread finished: S3 1-4
2026-10-02 22:47:35,724 INFO o.a.j.e.StandardJMeterEngine: Notifying test listeners of end of test
2026-10-02 22:47:35,727 INFO o.a.j.r.Summariser: summary +   3082 in 00:00:06 =  538.2/s Avg:    18 Min:    13 Max:    34 Err:     0 (0.00%) Active: 0 Started: 10 Finished: 10
2026-10-02 22:47:35,728 INFO o.a.j.r.Summariser: summary =  29595 in 00:01:01 =  486.1/s Avg:    19 Min:     7 Max:   291 Err:     0 (0.00%)
