2026-10-07 19:29:37,953 INFO o.a.j.u.JMeterUtils: Setting Locale to en_EN
2026-10-07 19:29:37,972 INFO o.a.j.JMeter: Loading user properties from: /opt/jmeter/bin/user.properties
2026-10-07 19:29:37,972 INFO o.a.j.JMeter: Loading system properties from: /opt/jmeter/bin/system.properties
2026-10-07 19:29:37,972 INFO o.a.j.JMeter: Loading additional properties from: /tests/run.properties
2026-10-07 19:29:37,972 INFO o.a.j.JMeter: Loading additional properties from: /tests/data/ranges.properties
2026-10-07 19:29:37,972 INFO o.a.j.JMeter: Setting JMeter property: host=nestjs-nginx
2026-10-07 19:29:37,972 INFO o.a.j.JMeter: Setting JMeter property: port=80
2026-10-07 19:29:37,972 INFO o.a.j.JMeter: Setting JMeter property: rampup=10
2026-10-07 19:29:37,972 INFO o.a.j.JMeter: Setting JMeter property: endpoint=EP4
2026-10-07 19:29:37,973 INFO o.a.j.JMeter: Setting JMeter property: users=10
2026-10-07 19:29:37,973 INFO o.a.j.JMeter: Setting JMeter property: duration=60
2026-10-07 19:29:37,977 INFO o.a.j.JMeter: Copyright (c) 1998-2024 The Apache Software Foundation
2026-10-07 19:29:37,977 INFO o.a.j.JMeter: Version 5.6.3
2026-10-07 19:29:37,977 INFO o.a.j.JMeter: java.version=21.0.12.1
2026-10-07 19:29:37,977 INFO o.a.j.JMeter: java.vm.name=OpenJDK 64-Bit Server VM
2026-10-07 19:29:37,977 INFO o.a.j.JMeter: os.name=Linux
2026-10-07 19:29:37,977 INFO o.a.j.JMeter: os.arch=amd64
2026-10-07 19:29:37,977 INFO o.a.j.JMeter: os.version=6.6.87.2-microsoft-standard-WSL2
2026-10-07 19:29:37,977 INFO o.a.j.JMeter: file.encoding=UTF-8
2026-10-07 19:29:37,977 INFO o.a.j.JMeter: java.awt.headless=true
2026-10-07 19:29:37,977 INFO o.a.j.JMeter: Max memory     =4294967296
2026-10-07 19:29:37,978 INFO o.a.j.JMeter: Available Processors =12
2026-10-07 19:29:37,984 INFO o.a.j.JMeter: Default Locale=English (EN)
2026-10-07 19:29:37,984 INFO o.a.j.JMeter: JMeter  Locale=English (EN)
2026-10-07 19:29:37,984 INFO o.a.j.JMeter: JMeterHome=/opt/jmeter
2026-10-07 19:29:37,984 INFO o.a.j.JMeter: user.dir  =/tests
2026-10-07 19:29:37,984 INFO o.a.j.JMeter: PWD       =/tests
2026-10-07 19:29:37,984 INFO o.a.j.JMeter: IP: 172.19.0.5 Name: ab51d93017fa FullName: ab51d93017fa
2026-10-07 19:29:37,993 INFO o.a.j.s.FileServer: Default base='/tests'
2026-10-07 19:29:37,994 INFO o.a.j.s.FileServer: Set new base='/tests'
2026-10-07 19:29:38,126 INFO o.a.j.s.SaveService: Testplan (JMX) version: 2.2. Testlog (JTL) version: 2.2
2026-10-07 19:29:38,149 INFO o.a.j.s.SaveService: Using SaveService properties version 5.0
2026-10-07 19:29:38,152 INFO o.a.j.s.SaveService: Using SaveService properties file encoding UTF-8
2026-10-07 19:29:38,157 INFO o.a.j.s.SaveService: Loading file: /tests/s3.jmx
2026-10-07 19:29:38,216 INFO o.a.j.p.h.s.HTTPSamplerBase: Parser for text/html is org.apache.jmeter.protocol.http.parser.LagartoBasedHtmlParser
2026-10-07 19:29:38,216 INFO o.a.j.p.h.s.HTTPSamplerBase: Parser for application/xhtml+xml is org.apache.jmeter.protocol.http.parser.LagartoBasedHtmlParser
2026-10-07 19:29:38,216 INFO o.a.j.p.h.s.HTTPSamplerBase: Parser for application/xml is org.apache.jmeter.protocol.http.parser.LagartoBasedHtmlParser
2026-10-07 19:29:38,216 INFO o.a.j.p.h.s.HTTPSamplerBase: Parser for text/xml is org.apache.jmeter.protocol.http.parser.LagartoBasedHtmlParser
2026-10-07 19:29:38,216 INFO o.a.j.p.h.s.HTTPSamplerBase: Parser for text/vnd.wap.wml is org.apache.jmeter.protocol.http.parser.RegexpHTMLParser
2026-10-07 19:29:38,216 INFO o.a.j.p.h.s.HTTPSamplerBase: Parser for text/css is org.apache.jmeter.protocol.http.parser.CssParser
2026-10-07 19:29:38,265 INFO o.a.j.JMeter: Creating summariser <summary>
2026-10-07 19:29:38,279 INFO o.a.j.e.StandardJMeterEngine: Running the test!
2026-10-07 19:29:38,279 INFO o.a.j.s.SampleEvent: List of sample_variables: []
2026-10-07 19:29:38,279 INFO o.a.j.s.SampleEvent: List of sample_variables: []
2026-10-07 19:29:38,282 INFO o.a.j.e.u.CompoundVariable: Note: Function class names must contain the string: '.functions.'
2026-10-07 19:29:38,283 INFO o.a.j.e.u.CompoundVariable: Note: Function class names must not contain the string: '.gui.'
2026-10-07 19:29:38,469 INFO o.a.j.JMeter: Running test (1791401378469)
2026-10-07 19:29:38,470 INFO o.a.j.e.StandardJMeterEngine: Starting setUp thread groups
2026-10-07 19:29:38,470 INFO o.a.j.e.StandardJMeterEngine: Starting setUp ThreadGroup: 1 : setUp - login 
2026-10-07 19:29:38,471 INFO o.a.j.e.StandardJMeterEngine: Starting 1 threads for group setUp - login.
2026-10-07 19:29:38,471 INFO o.a.j.e.StandardJMeterEngine: Test will stop abruptly on error
2026-10-07 19:29:38,471 INFO o.a.j.t.ThreadGroup: Starting thread group... number=1 threads=1 ramp-up=1 delayedStart=false
2026-10-07 19:29:38,473 INFO o.a.j.t.ThreadGroup: Started thread group number 1
2026-10-07 19:29:38,473 INFO o.a.j.e.StandardJMeterEngine: Waiting for all setup thread groups to exit
2026-10-07 19:29:38,474 INFO o.a.j.t.JMeterThread: Thread started: setUp - login 1-1
2026-10-07 19:29:38,484 INFO o.a.j.p.h.s.HTTPHCAbstractImpl: Local host = ab51d93017fa
2026-10-07 19:29:38,488 INFO o.a.j.p.h.s.HTTPHC4Impl: HTTP request retry count = 0
2026-10-07 19:29:38,489 INFO o.a.j.s.SampleResult: Note: Sample TimeStamps are START times
2026-10-07 19:29:38,489 INFO o.a.j.s.SampleResult: sampleresult.default.encoding is set to UTF-8
2026-10-07 19:29:38,489 INFO o.a.j.s.SampleResult: sampleresult.useNanoTime=true
2026-10-07 19:29:38,489 INFO o.a.j.s.SampleResult: sampleresult.nanoThreadSleep=5000
2026-10-07 19:29:39,151 INFO o.a.j.t.JMeterThread: Thread is done: setUp - login 1-1
2026-10-07 19:29:39,152 INFO o.a.j.t.JMeterThread: Thread finished: setUp - login 1-1
2026-10-07 19:29:39,152 INFO o.a.j.e.StandardJMeterEngine: All Setup Threads have ended
2026-10-07 19:29:39,173 INFO o.a.j.e.StandardJMeterEngine: Starting ThreadGroup: 1 : S3
2026-10-07 19:29:39,173 INFO o.a.j.e.StandardJMeterEngine: Starting 10 threads for group S3.
2026-10-07 19:29:39,173 INFO o.a.j.e.StandardJMeterEngine: Thread will continue on error
2026-10-07 19:29:39,173 INFO o.a.j.t.ThreadGroup: Starting thread group... number=1 threads=10 ramp-up=10 delayedStart=false
2026-10-07 19:29:39,176 INFO o.a.j.t.JMeterThread: Thread started: S3 1-1
2026-10-07 19:29:39,183 INFO o.a.j.t.ThreadGroup: Started thread group number 1
2026-10-07 19:29:39,183 INFO o.a.j.e.StandardJMeterEngine: All thread groups have been started
2026-10-07 19:29:40,176 INFO o.a.j.t.JMeterThread: Thread started: S3 1-2
2026-10-07 19:29:41,176 INFO o.a.j.t.JMeterThread: Thread started: S3 1-3
2026-10-07 19:29:42,176 INFO o.a.j.t.JMeterThread: Thread started: S3 1-4
2026-10-07 19:29:43,176 INFO o.a.j.t.JMeterThread: Thread started: S3 1-5
2026-10-07 19:29:44,175 INFO o.a.j.t.JMeterThread: Thread started: S3 1-6
2026-10-07 19:29:45,175 INFO o.a.j.t.JMeterThread: Thread started: S3 1-7
2026-10-07 19:29:46,175 INFO o.a.j.t.JMeterThread: Thread started: S3 1-8
2026-10-07 19:29:47,175 INFO o.a.j.t.JMeterThread: Thread started: S3 1-9
2026-10-07 19:29:48,176 INFO o.a.j.t.JMeterThread: Thread started: S3 1-10
2026-10-07 19:30:00,001 INFO o.a.j.r.Summariser: summary +  38367 in 00:00:22 = 1781.9/s Avg:     4 Min:     2 Max:   269 Err:     0 (0.00%) Active: 10 Started: 10 Finished: 0
2026-10-07 19:30:30,000 INFO o.a.j.r.Summariser: summary +  64772 in 00:00:30 = 2159.1/s Avg:     4 Min:     2 Max:    36 Err:     0 (0.00%) Active: 10 Started: 10 Finished: 0
2026-10-07 19:30:30,001 INFO o.a.j.r.Summariser: summary = 103139 in 00:00:52 = 2001.5/s Avg:     4 Min:     2 Max:   269 Err:     0 (0.00%)
2026-10-07 19:30:39,177 INFO o.a.j.t.JMeterThread: Stopping because end time detected by thread: S3 1-2
2026-10-07 19:30:39,178 INFO o.a.j.t.JMeterThread: Thread finished: S3 1-2
2026-10-07 19:30:39,179 INFO o.a.j.t.JMeterThread: Stopping because end time detected by thread: S3 1-1
2026-10-07 19:30:39,179 INFO o.a.j.t.JMeterThread: Stopping because end time detected by thread: S3 1-3
2026-10-07 19:30:39,179 INFO o.a.j.t.JMeterThread: Thread finished: S3 1-1
2026-10-07 19:30:39,179 INFO o.a.j.t.JMeterThread: Thread finished: S3 1-3
2026-10-07 19:30:39,181 INFO o.a.j.t.JMeterThread: Stopping because end time detected by thread: S3 1-4
2026-10-07 19:30:39,181 INFO o.a.j.t.JMeterThread: Thread finished: S3 1-4
2026-10-07 19:30:39,181 INFO o.a.j.t.JMeterThread: Stopping because end time detected by thread: S3 1-5
2026-10-07 19:30:39,181 INFO o.a.j.t.JMeterThread: Thread finished: S3 1-5
2026-10-07 19:30:39,181 INFO o.a.j.t.JMeterThread: Stopping because end time detected by thread: S3 1-7
2026-10-07 19:30:39,182 INFO o.a.j.t.JMeterThread: Thread finished: S3 1-7
2026-10-07 19:30:39,183 INFO o.a.j.t.JMeterThread: Stopping because end time detected by thread: S3 1-8
2026-10-07 19:30:39,183 INFO o.a.j.t.JMeterThread: Thread finished: S3 1-8
2026-10-07 19:30:39,184 INFO o.a.j.t.JMeterThread: Stopping because end time detected by thread: S3 1-9
2026-10-07 19:30:39,184 INFO o.a.j.t.JMeterThread: Thread finished: S3 1-9
2026-10-07 19:30:39,186 INFO o.a.j.t.JMeterThread: Stopping because end time detected by thread: S3 1-6
2026-10-07 19:30:39,186 INFO o.a.j.t.JMeterThread: Thread finished: S3 1-6
2026-10-07 19:30:39,186 INFO o.a.j.t.JMeterThread: Stopping because end time detected by thread: S3 1-10
2026-10-07 19:30:39,187 INFO o.a.j.t.JMeterThread: Thread finished: S3 1-10
2026-10-07 19:30:39,187 INFO o.a.j.e.StandardJMeterEngine: Notifying test listeners of end of test
2026-10-07 19:30:39,189 INFO o.a.j.r.Summariser: summary +  19644 in 00:00:09 = 2137.8/s Avg:     4 Min:     2 Max:    26 Err:     0 (0.00%) Active: 0 Started: 10 Finished: 10
2026-10-07 19:30:39,189 INFO o.a.j.r.Summariser: summary = 122783 in 00:01:01 = 2022.1/s Avg:     4 Min:     2 Max:   269 Err:     0 (0.00%)
