2026-10-07 19:28:32,842 INFO o.a.j.u.JMeterUtils: Setting Locale to en_EN
2026-10-07 19:28:32,863 INFO o.a.j.JMeter: Loading user properties from: /opt/jmeter/bin/user.properties
2026-10-07 19:28:32,863 INFO o.a.j.JMeter: Loading system properties from: /opt/jmeter/bin/system.properties
2026-10-07 19:28:32,864 INFO o.a.j.JMeter: Loading additional properties from: /tests/run.properties
2026-10-07 19:28:32,864 INFO o.a.j.JMeter: Loading additional properties from: /tests/data/ranges.properties
2026-10-07 19:28:32,864 INFO o.a.j.JMeter: Setting JMeter property: host=nestjs-nginx
2026-10-07 19:28:32,864 INFO o.a.j.JMeter: Setting JMeter property: port=80
2026-10-07 19:28:32,864 INFO o.a.j.JMeter: Setting JMeter property: rampup=10
2026-10-07 19:28:32,865 INFO o.a.j.JMeter: Setting JMeter property: endpoint=EP4
2026-10-07 19:28:32,865 INFO o.a.j.JMeter: Setting JMeter property: users=10
2026-10-07 19:28:32,865 INFO o.a.j.JMeter: Setting JMeter property: duration=60
2026-10-07 19:28:32,870 INFO o.a.j.JMeter: Copyright (c) 1998-2024 The Apache Software Foundation
2026-10-07 19:28:32,870 INFO o.a.j.JMeter: Version 5.6.3
2026-10-07 19:28:32,870 INFO o.a.j.JMeter: java.version=21.0.12.1
2026-10-07 19:28:32,870 INFO o.a.j.JMeter: java.vm.name=OpenJDK 64-Bit Server VM
2026-10-07 19:28:32,870 INFO o.a.j.JMeter: os.name=Linux
2026-10-07 19:28:32,870 INFO o.a.j.JMeter: os.arch=amd64
2026-10-07 19:28:32,870 INFO o.a.j.JMeter: os.version=6.6.87.2-microsoft-standard-WSL2
2026-10-07 19:28:32,871 INFO o.a.j.JMeter: file.encoding=UTF-8
2026-10-07 19:28:32,871 INFO o.a.j.JMeter: java.awt.headless=true
2026-10-07 19:28:32,871 INFO o.a.j.JMeter: Max memory     =4294967296
2026-10-07 19:28:32,871 INFO o.a.j.JMeter: Available Processors =12
2026-10-07 19:28:32,880 INFO o.a.j.JMeter: Default Locale=English (EN)
2026-10-07 19:28:32,880 INFO o.a.j.JMeter: JMeter  Locale=English (EN)
2026-10-07 19:28:32,880 INFO o.a.j.JMeter: JMeterHome=/opt/jmeter
2026-10-07 19:28:32,880 INFO o.a.j.JMeter: user.dir  =/tests
2026-10-07 19:28:32,880 INFO o.a.j.JMeter: PWD       =/tests
2026-10-07 19:28:32,881 INFO o.a.j.JMeter: IP: 172.19.0.5 Name: 70f0d3db67fc FullName: 70f0d3db67fc
2026-10-07 19:28:32,890 INFO o.a.j.s.FileServer: Default base='/tests'
2026-10-07 19:28:32,891 INFO o.a.j.s.FileServer: Set new base='/tests'
2026-10-07 19:28:33,043 INFO o.a.j.s.SaveService: Testplan (JMX) version: 2.2. Testlog (JTL) version: 2.2
2026-10-07 19:28:33,063 INFO o.a.j.s.SaveService: Using SaveService properties version 5.0
2026-10-07 19:28:33,065 INFO o.a.j.s.SaveService: Using SaveService properties file encoding UTF-8
2026-10-07 19:28:33,068 INFO o.a.j.s.SaveService: Loading file: /tests/s3.jmx
2026-10-07 19:28:33,105 INFO o.a.j.p.h.s.HTTPSamplerBase: Parser for text/html is org.apache.jmeter.protocol.http.parser.LagartoBasedHtmlParser
2026-10-07 19:28:33,105 INFO o.a.j.p.h.s.HTTPSamplerBase: Parser for application/xhtml+xml is org.apache.jmeter.protocol.http.parser.LagartoBasedHtmlParser
2026-10-07 19:28:33,105 INFO o.a.j.p.h.s.HTTPSamplerBase: Parser for application/xml is org.apache.jmeter.protocol.http.parser.LagartoBasedHtmlParser
2026-10-07 19:28:33,105 INFO o.a.j.p.h.s.HTTPSamplerBase: Parser for text/xml is org.apache.jmeter.protocol.http.parser.LagartoBasedHtmlParser
2026-10-07 19:28:33,105 INFO o.a.j.p.h.s.HTTPSamplerBase: Parser for text/vnd.wap.wml is org.apache.jmeter.protocol.http.parser.RegexpHTMLParser
2026-10-07 19:28:33,105 INFO o.a.j.p.h.s.HTTPSamplerBase: Parser for text/css is org.apache.jmeter.protocol.http.parser.CssParser
2026-10-07 19:28:33,137 INFO o.a.j.JMeter: Creating summariser <summary>
2026-10-07 19:28:33,149 INFO o.a.j.e.StandardJMeterEngine: Running the test!
2026-10-07 19:28:33,150 INFO o.a.j.s.SampleEvent: List of sample_variables: []
2026-10-07 19:28:33,150 INFO o.a.j.s.SampleEvent: List of sample_variables: []
2026-10-07 19:28:33,153 INFO o.a.j.e.u.CompoundVariable: Note: Function class names must contain the string: '.functions.'
2026-10-07 19:28:33,153 INFO o.a.j.e.u.CompoundVariable: Note: Function class names must not contain the string: '.gui.'
2026-10-07 19:28:33,338 INFO o.a.j.JMeter: Running test (1791401313338)
2026-10-07 19:28:33,339 INFO o.a.j.e.StandardJMeterEngine: Starting setUp thread groups
2026-10-07 19:28:33,339 INFO o.a.j.e.StandardJMeterEngine: Starting setUp ThreadGroup: 1 : setUp - login 
2026-10-07 19:28:33,339 INFO o.a.j.e.StandardJMeterEngine: Starting 1 threads for group setUp - login.
2026-10-07 19:28:33,339 INFO o.a.j.e.StandardJMeterEngine: Test will stop abruptly on error
2026-10-07 19:28:33,339 INFO o.a.j.t.ThreadGroup: Starting thread group... number=1 threads=1 ramp-up=1 delayedStart=false
2026-10-07 19:28:33,342 INFO o.a.j.t.ThreadGroup: Started thread group number 1
2026-10-07 19:28:33,342 INFO o.a.j.e.StandardJMeterEngine: Waiting for all setup thread groups to exit
2026-10-07 19:28:33,343 INFO o.a.j.t.JMeterThread: Thread started: setUp - login 1-1
2026-10-07 19:28:33,352 INFO o.a.j.p.h.s.HTTPHCAbstractImpl: Local host = 70f0d3db67fc
2026-10-07 19:28:33,356 INFO o.a.j.p.h.s.HTTPHC4Impl: HTTP request retry count = 0
2026-10-07 19:28:33,357 INFO o.a.j.s.SampleResult: Note: Sample TimeStamps are START times
2026-10-07 19:28:33,357 INFO o.a.j.s.SampleResult: sampleresult.default.encoding is set to UTF-8
2026-10-07 19:28:33,357 INFO o.a.j.s.SampleResult: sampleresult.useNanoTime=true
2026-10-07 19:28:33,357 INFO o.a.j.s.SampleResult: sampleresult.nanoThreadSleep=5000
2026-10-07 19:28:34,213 INFO o.a.j.r.Summariser: summary +      1 in 00:00:01 =    1.1/s Avg:   275 Min:   275 Max:   275 Err:     0 (0.00%) Active: 1 Started: 1 Finished: 0
2026-10-07 19:28:34,214 INFO o.a.j.t.JMeterThread: Thread is done: setUp - login 1-1
2026-10-07 19:28:34,214 INFO o.a.j.t.JMeterThread: Thread finished: setUp - login 1-1
2026-10-07 19:28:34,215 INFO o.a.j.e.StandardJMeterEngine: All Setup Threads have ended
2026-10-07 19:28:34,237 INFO o.a.j.e.StandardJMeterEngine: Starting ThreadGroup: 1 : S3
2026-10-07 19:28:34,237 INFO o.a.j.e.StandardJMeterEngine: Starting 10 threads for group S3.
2026-10-07 19:28:34,237 INFO o.a.j.e.StandardJMeterEngine: Thread will continue on error
2026-10-07 19:28:34,238 INFO o.a.j.t.ThreadGroup: Starting thread group... number=1 threads=10 ramp-up=10 delayedStart=false
2026-10-07 19:28:34,240 INFO o.a.j.t.JMeterThread: Thread started: S3 1-1
2026-10-07 19:28:34,247 INFO o.a.j.t.ThreadGroup: Started thread group number 1
2026-10-07 19:28:34,247 INFO o.a.j.e.StandardJMeterEngine: All thread groups have been started
2026-10-07 19:28:35,240 INFO o.a.j.t.JMeterThread: Thread started: S3 1-2
2026-10-07 19:28:36,240 INFO o.a.j.t.JMeterThread: Thread started: S3 1-3
2026-10-07 19:28:37,241 INFO o.a.j.t.JMeterThread: Thread started: S3 1-4
2026-10-07 19:28:38,390 INFO o.a.j.t.JMeterThread: Thread started: S3 1-5
2026-10-07 19:28:39,239 INFO o.a.j.t.JMeterThread: Thread started: S3 1-6
2026-10-07 19:28:40,240 INFO o.a.j.t.JMeterThread: Thread started: S3 1-7
2026-10-07 19:28:41,240 INFO o.a.j.t.JMeterThread: Thread started: S3 1-8
2026-10-07 19:28:42,240 INFO o.a.j.t.JMeterThread: Thread started: S3 1-9
2026-10-07 19:28:43,240 INFO o.a.j.t.JMeterThread: Thread started: S3 1-10
2026-10-07 19:29:00,001 INFO o.a.j.r.Summariser: summary +  44167 in 00:00:26 = 1712.7/s Avg:     4 Min:     2 Max:    55 Err:     0 (0.00%) Active: 10 Started: 10 Finished: 0
2026-10-07 19:29:00,001 INFO o.a.j.r.Summariser: summary =  44168 in 00:00:27 = 1656.6/s Avg:     4 Min:     2 Max:   275 Err:     0 (0.00%)
2026-10-07 19:29:30,001 INFO o.a.j.r.Summariser: summary +  63623 in 00:00:30 = 2120.8/s Avg:     4 Min:     2 Max:    44 Err:     0 (0.00%) Active: 10 Started: 10 Finished: 0
2026-10-07 19:29:30,001 INFO o.a.j.r.Summariser: summary = 107791 in 00:00:57 = 1902.3/s Avg:     4 Min:     2 Max:   275 Err:     0 (0.00%)
2026-10-07 19:29:34,241 INFO o.a.j.t.JMeterThread: Stopping because end time detected by thread: S3 1-2
2026-10-07 19:29:34,241 INFO o.a.j.t.JMeterThread: Thread finished: S3 1-2
2026-10-07 19:29:34,241 INFO o.a.j.t.JMeterThread: Stopping because end time detected by thread: S3 1-1
2026-10-07 19:29:34,241 INFO o.a.j.t.JMeterThread: Thread finished: S3 1-1
2026-10-07 19:29:34,242 INFO o.a.j.t.JMeterThread: Stopping because end time detected by thread: S3 1-4
2026-10-07 19:29:34,242 INFO o.a.j.t.JMeterThread: Thread finished: S3 1-4
2026-10-07 19:29:34,244 INFO o.a.j.t.JMeterThread: Stopping because end time detected by thread: S3 1-3
2026-10-07 19:29:34,244 INFO o.a.j.t.JMeterThread: Thread finished: S3 1-3
2026-10-07 19:29:34,245 INFO o.a.j.t.JMeterThread: Stopping because end time detected by thread: S3 1-6
2026-10-07 19:29:34,245 INFO o.a.j.t.JMeterThread: Thread finished: S3 1-6
2026-10-07 19:29:34,245 INFO o.a.j.t.JMeterThread: Stopping because end time detected by thread: S3 1-7
2026-10-07 19:29:34,245 INFO o.a.j.t.JMeterThread: Thread finished: S3 1-7
2026-10-07 19:29:34,246 INFO o.a.j.t.JMeterThread: Stopping because end time detected by thread: S3 1-5
2026-10-07 19:29:34,246 INFO o.a.j.t.JMeterThread: Stopping because end time detected by thread: S3 1-10
2026-10-07 19:29:34,246 INFO o.a.j.t.JMeterThread: Thread finished: S3 1-10
2026-10-07 19:29:34,246 INFO o.a.j.t.JMeterThread: Thread finished: S3 1-5
2026-10-07 19:29:34,248 INFO o.a.j.t.JMeterThread: Stopping because end time detected by thread: S3 1-9
2026-10-07 19:29:34,248 INFO o.a.j.t.JMeterThread: Thread finished: S3 1-9
2026-10-07 19:29:34,248 INFO o.a.j.t.JMeterThread: Stopping because end time detected by thread: S3 1-8
2026-10-07 19:29:34,248 INFO o.a.j.t.JMeterThread: Thread finished: S3 1-8
2026-10-07 19:29:34,248 INFO o.a.j.e.StandardJMeterEngine: Notifying test listeners of end of test
2026-10-07 19:29:34,250 INFO o.a.j.r.Summariser: summary +   9091 in 00:00:04 = 2139.6/s Avg:     4 Min:     2 Max:    35 Err:     0 (0.00%) Active: 0 Started: 10 Finished: 10
2026-10-07 19:29:34,250 INFO o.a.j.r.Summariser: summary = 116882 in 00:01:01 = 1918.9/s Avg:     4 Min:     2 Max:   275 Err:     0 (0.00%)
