2026-10-01 19:51:13,960 INFO o.a.j.u.JMeterUtils: Setting Locale to en_EN
2026-10-01 19:51:13,985 INFO o.a.j.JMeter: Loading user properties from: /opt/jmeter/bin/user.properties
2026-10-01 19:51:13,985 INFO o.a.j.JMeter: Loading system properties from: /opt/jmeter/bin/system.properties
2026-10-01 19:51:13,985 INFO o.a.j.JMeter: Loading additional properties from: /tests/run.properties
2026-10-01 19:51:13,985 INFO o.a.j.JMeter: Loading additional properties from: /tests/data/ranges.properties
2026-10-01 19:51:13,985 INFO o.a.j.JMeter: Setting JMeter property: host=nestjs-nginx
2026-10-01 19:51:13,986 INFO o.a.j.JMeter: Setting JMeter property: port=80
2026-10-01 19:51:13,986 INFO o.a.j.JMeter: Setting JMeter property: rampup=10
2026-10-01 19:51:13,986 INFO o.a.j.JMeter: Setting JMeter property: endpoint=EP8
2026-10-01 19:51:13,986 INFO o.a.j.JMeter: Setting JMeter property: users=10
2026-10-01 19:51:13,986 INFO o.a.j.JMeter: Setting JMeter property: duration=20
2026-10-01 19:51:13,991 INFO o.a.j.JMeter: Copyright (c) 1998-2024 The Apache Software Foundation
2026-10-01 19:51:13,991 INFO o.a.j.JMeter: Version 5.6.3
2026-10-01 19:51:13,991 INFO o.a.j.JMeter: java.version=21.0.12.1
2026-10-01 19:51:13,991 INFO o.a.j.JMeter: java.vm.name=OpenJDK 64-Bit Server VM
2026-10-01 19:51:13,991 INFO o.a.j.JMeter: os.name=Linux
2026-10-01 19:51:13,991 INFO o.a.j.JMeter: os.arch=amd64
2026-10-01 19:51:13,991 INFO o.a.j.JMeter: os.version=6.6.87.2-microsoft-standard-WSL2
2026-10-01 19:51:13,991 INFO o.a.j.JMeter: file.encoding=UTF-8
2026-10-01 19:51:13,991 INFO o.a.j.JMeter: java.awt.headless=true
2026-10-01 19:51:13,992 INFO o.a.j.JMeter: Max memory     =2147483648
2026-10-01 19:51:13,992 INFO o.a.j.JMeter: Available Processors =12
2026-10-01 19:51:13,999 INFO o.a.j.JMeter: Default Locale=English (EN)
2026-10-01 19:51:13,999 INFO o.a.j.JMeter: JMeter  Locale=English (EN)
2026-10-01 19:51:14,000 INFO o.a.j.JMeter: JMeterHome=/opt/jmeter
2026-10-01 19:51:14,000 INFO o.a.j.JMeter: user.dir  =/tests
2026-10-01 19:51:14,000 INFO o.a.j.JMeter: PWD       =/tests
2026-10-01 19:51:14,000 INFO o.a.j.JMeter: IP: 172.19.0.5 Name: 8867fc6bc715 FullName: 8867fc6bc715
2026-10-01 19:51:14,011 INFO o.a.j.s.FileServer: Default base='/tests'
2026-10-01 19:51:14,012 INFO o.a.j.s.FileServer: Set new base='/tests'
2026-10-01 19:51:14,169 INFO o.a.j.s.SaveService: Testplan (JMX) version: 2.2. Testlog (JTL) version: 2.2
2026-10-01 19:51:14,192 INFO o.a.j.s.SaveService: Using SaveService properties version 5.0
2026-10-01 19:51:14,195 INFO o.a.j.s.SaveService: Using SaveService properties file encoding UTF-8
2026-10-01 19:51:14,198 INFO o.a.j.s.SaveService: Loading file: /tests/s1.jmx
2026-10-01 19:51:14,243 INFO o.a.j.p.h.s.HTTPSamplerBase: Parser for text/html is org.apache.jmeter.protocol.http.parser.LagartoBasedHtmlParser
2026-10-01 19:51:14,243 INFO o.a.j.p.h.s.HTTPSamplerBase: Parser for application/xhtml+xml is org.apache.jmeter.protocol.http.parser.LagartoBasedHtmlParser
2026-10-01 19:51:14,244 INFO o.a.j.p.h.s.HTTPSamplerBase: Parser for application/xml is org.apache.jmeter.protocol.http.parser.LagartoBasedHtmlParser
2026-10-01 19:51:14,244 INFO o.a.j.p.h.s.HTTPSamplerBase: Parser for text/xml is org.apache.jmeter.protocol.http.parser.LagartoBasedHtmlParser
2026-10-01 19:51:14,244 INFO o.a.j.p.h.s.HTTPSamplerBase: Parser for text/vnd.wap.wml is org.apache.jmeter.protocol.http.parser.RegexpHTMLParser
2026-10-01 19:51:14,244 INFO o.a.j.p.h.s.HTTPSamplerBase: Parser for text/css is org.apache.jmeter.protocol.http.parser.CssParser
2026-10-01 19:51:14,286 INFO o.a.j.JMeter: Creating summariser <summary>
2026-10-01 19:51:14,301 INFO o.a.j.e.StandardJMeterEngine: Running the test!
2026-10-01 19:51:14,302 INFO o.a.j.s.SampleEvent: List of sample_variables: []
2026-10-01 19:51:14,302 INFO o.a.j.s.SampleEvent: List of sample_variables: []
2026-10-01 19:51:14,305 INFO o.a.j.e.u.CompoundVariable: Note: Function class names must contain the string: '.functions.'
2026-10-01 19:51:14,305 INFO o.a.j.e.u.CompoundVariable: Note: Function class names must not contain the string: '.gui.'
2026-10-01 19:51:14,513 INFO o.a.j.JMeter: Running test (1790884274513)
2026-10-01 19:51:14,514 INFO o.a.j.e.StandardJMeterEngine: Starting setUp thread groups
2026-10-01 19:51:14,514 INFO o.a.j.e.StandardJMeterEngine: Starting setUp ThreadGroup: 1 : setUp - login 
2026-10-01 19:51:14,514 INFO o.a.j.e.StandardJMeterEngine: Starting 1 threads for group setUp - login.
2026-10-01 19:51:14,514 INFO o.a.j.e.StandardJMeterEngine: Test will stop abruptly on error
2026-10-01 19:51:14,515 INFO o.a.j.t.ThreadGroup: Starting thread group... number=1 threads=1 ramp-up=1 delayedStart=false
2026-10-01 19:51:14,518 INFO o.a.j.t.ThreadGroup: Started thread group number 1
2026-10-01 19:51:14,518 INFO o.a.j.e.StandardJMeterEngine: Waiting for all setup thread groups to exit
2026-10-01 19:51:14,519 INFO o.a.j.t.JMeterThread: Thread started: setUp - login 1-1
2026-10-01 19:51:14,532 INFO o.a.j.p.h.s.HTTPHCAbstractImpl: Local host = 8867fc6bc715
2026-10-01 19:51:14,537 INFO o.a.j.p.h.s.HTTPHC4Impl: HTTP request retry count = 0
2026-10-01 19:51:14,538 INFO o.a.j.s.SampleResult: Note: Sample TimeStamps are START times
2026-10-01 19:51:14,538 INFO o.a.j.s.SampleResult: sampleresult.default.encoding is set to UTF-8
2026-10-01 19:51:14,538 INFO o.a.j.s.SampleResult: sampleresult.useNanoTime=true
2026-10-01 19:51:14,538 INFO o.a.j.s.SampleResult: sampleresult.nanoThreadSleep=5000
2026-10-01 19:51:15,342 INFO o.a.j.t.JMeterThread: Thread is done: setUp - login 1-1
2026-10-01 19:51:15,342 INFO o.a.j.t.JMeterThread: Thread finished: setUp - login 1-1
2026-10-01 19:51:15,343 INFO o.a.j.e.StandardJMeterEngine: All Setup Threads have ended
2026-10-01 19:51:15,363 INFO o.a.j.e.StandardJMeterEngine: Starting ThreadGroup: 1 : S1
2026-10-01 19:51:15,364 INFO o.a.j.e.StandardJMeterEngine: Starting 10 threads for group S1.
2026-10-01 19:51:15,364 INFO o.a.j.e.StandardJMeterEngine: Thread will continue on error
2026-10-01 19:51:15,364 INFO o.a.j.t.ThreadGroup: Starting thread group... number=1 threads=10 ramp-up=10 delayedStart=false
2026-10-01 19:51:15,367 INFO o.a.j.t.JMeterThread: Thread started: S1 1-1
2026-10-01 19:51:15,375 INFO o.a.j.t.ThreadGroup: Started thread group number 1
2026-10-01 19:51:15,375 INFO o.a.j.e.StandardJMeterEngine: All thread groups have been started
2026-10-01 19:51:16,367 INFO o.a.j.t.JMeterThread: Thread started: S1 1-2
2026-10-01 19:51:17,366 INFO o.a.j.t.JMeterThread: Thread started: S1 1-3
2026-10-01 19:51:18,365 INFO o.a.j.t.JMeterThread: Thread started: S1 1-4
2026-10-01 19:51:19,366 INFO o.a.j.t.JMeterThread: Thread started: S1 1-5
2026-10-01 19:51:20,367 INFO o.a.j.t.JMeterThread: Thread started: S1 1-6
2026-10-01 19:51:21,366 INFO o.a.j.t.JMeterThread: Thread started: S1 1-7
2026-10-01 19:51:22,366 INFO o.a.j.t.JMeterThread: Thread started: S1 1-8
2026-10-01 19:51:23,366 INFO o.a.j.t.JMeterThread: Thread started: S1 1-9
2026-10-01 19:51:24,366 INFO o.a.j.t.JMeterThread: Thread started: S1 1-10
2026-10-01 19:51:30,001 INFO o.a.j.r.Summariser: summary +  21342 in 00:00:15 = 1378.1/s Avg:     4 Min:     1 Max:   289 Err:     0 (0.00%) Active: 10 Started: 10 Finished: 0
2026-10-01 19:51:35,369 INFO o.a.j.t.JMeterThread: Stopping because end time detected by thread: S1 1-2
2026-10-01 19:51:35,369 INFO o.a.j.t.JMeterThread: Thread finished: S1 1-2
2026-10-01 19:51:35,370 INFO o.a.j.t.JMeterThread: Stopping because end time detected by thread: S1 1-1
2026-10-01 19:51:35,370 INFO o.a.j.t.JMeterThread: Stopping because end time detected by thread: S1 1-3
2026-10-01 19:51:35,370 INFO o.a.j.t.JMeterThread: Thread finished: S1 1-1
2026-10-01 19:51:35,370 INFO o.a.j.t.JMeterThread: Thread finished: S1 1-3
2026-10-01 19:51:35,370 INFO o.a.j.t.JMeterThread: Stopping because end time detected by thread: S1 1-5
2026-10-01 19:51:35,370 INFO o.a.j.t.JMeterThread: Stopping because end time detected by thread: S1 1-6
2026-10-01 19:51:35,370 INFO o.a.j.t.JMeterThread: Thread finished: S1 1-6
2026-10-01 19:51:35,370 INFO o.a.j.t.JMeterThread: Thread finished: S1 1-5
2026-10-01 19:51:35,371 INFO o.a.j.t.JMeterThread: Stopping because end time detected by thread: S1 1-4
2026-10-01 19:51:35,371 INFO o.a.j.t.JMeterThread: Thread finished: S1 1-4
2026-10-01 19:51:35,371 INFO o.a.j.t.JMeterThread: Stopping because end time detected by thread: S1 1-7
2026-10-01 19:51:35,371 INFO o.a.j.t.JMeterThread: Thread finished: S1 1-7
2026-10-01 19:51:35,373 INFO o.a.j.t.JMeterThread: Stopping because end time detected by thread: S1 1-8
2026-10-01 19:51:35,373 INFO o.a.j.t.JMeterThread: Thread finished: S1 1-8
2026-10-01 19:51:35,374 INFO o.a.j.t.JMeterThread: Stopping because end time detected by thread: S1 1-9
2026-10-01 19:51:35,374 INFO o.a.j.t.JMeterThread: Thread finished: S1 1-9
2026-10-01 19:51:35,375 INFO o.a.j.t.JMeterThread: Stopping because end time detected by thread: S1 1-10
2026-10-01 19:51:35,375 INFO o.a.j.t.JMeterThread: Thread finished: S1 1-10
2026-10-01 19:51:35,375 INFO o.a.j.e.StandardJMeterEngine: Notifying test listeners of end of test
2026-10-01 19:51:35,378 INFO o.a.j.r.Summariser: summary +  10326 in 00:00:05 = 1920.0/s Avg:     5 Min:     1 Max:    25 Err:     0 (0.00%) Active: 0 Started: 10 Finished: 10
2026-10-01 19:51:35,379 INFO o.a.j.r.Summariser: summary =  31668 in 00:00:21 = 1517.8/s Avg:     4 Min:     1 Max:   289 Err:     0 (0.00%)
