2026-10-01 19:50:58,727 INFO o.a.j.u.JMeterUtils: Setting Locale to en_EN
2026-10-01 19:50:58,749 INFO o.a.j.JMeter: Loading user properties from: /opt/jmeter/bin/user.properties
2026-10-01 19:50:58,749 INFO o.a.j.JMeter: Loading system properties from: /opt/jmeter/bin/system.properties
2026-10-01 19:50:58,749 INFO o.a.j.JMeter: Loading additional properties from: /tests/run.properties
2026-10-01 19:50:58,750 INFO o.a.j.JMeter: Loading additional properties from: /tests/data/ranges.properties
2026-10-01 19:50:58,750 INFO o.a.j.JMeter: Setting JMeter property: host=nestjs-nginx
2026-10-01 19:50:58,750 INFO o.a.j.JMeter: Setting JMeter property: port=80
2026-10-01 19:50:58,750 INFO o.a.j.JMeter: Setting JMeter property: rampup=10
2026-10-01 19:50:58,750 INFO o.a.j.JMeter: Setting JMeter property: endpoint=EP8
2026-10-01 19:50:58,750 INFO o.a.j.JMeter: Setting JMeter property: users=10
2026-10-01 19:50:58,750 INFO o.a.j.JMeter: Setting JMeter property: duration=10
2026-10-01 19:50:58,756 INFO o.a.j.JMeter: Copyright (c) 1998-2024 The Apache Software Foundation
2026-10-01 19:50:58,756 INFO o.a.j.JMeter: Version 5.6.3
2026-10-01 19:50:58,756 INFO o.a.j.JMeter: java.version=21.0.12.1
2026-10-01 19:50:58,757 INFO o.a.j.JMeter: java.vm.name=OpenJDK 64-Bit Server VM
2026-10-01 19:50:58,757 INFO o.a.j.JMeter: os.name=Linux
2026-10-01 19:50:58,757 INFO o.a.j.JMeter: os.arch=amd64
2026-10-01 19:50:58,757 INFO o.a.j.JMeter: os.version=6.6.87.2-microsoft-standard-WSL2
2026-10-01 19:50:58,757 INFO o.a.j.JMeter: file.encoding=UTF-8
2026-10-01 19:50:58,757 INFO o.a.j.JMeter: java.awt.headless=true
2026-10-01 19:50:58,757 INFO o.a.j.JMeter: Max memory     =2147483648
2026-10-01 19:50:58,757 INFO o.a.j.JMeter: Available Processors =12
2026-10-01 19:50:58,767 INFO o.a.j.JMeter: Default Locale=English (EN)
2026-10-01 19:50:58,767 INFO o.a.j.JMeter: JMeter  Locale=English (EN)
2026-10-01 19:50:58,767 INFO o.a.j.JMeter: JMeterHome=/opt/jmeter
2026-10-01 19:50:58,767 INFO o.a.j.JMeter: user.dir  =/tests
2026-10-01 19:50:58,767 INFO o.a.j.JMeter: PWD       =/tests
2026-10-01 19:50:58,768 INFO o.a.j.JMeter: IP: 172.19.0.5 Name: e64d7ebd567a FullName: e64d7ebd567a
2026-10-01 19:50:58,779 INFO o.a.j.s.FileServer: Default base='/tests'
2026-10-01 19:50:58,781 INFO o.a.j.s.FileServer: Set new base='/tests'
2026-10-01 19:50:58,948 INFO o.a.j.s.SaveService: Testplan (JMX) version: 2.2. Testlog (JTL) version: 2.2
2026-10-01 19:50:58,975 INFO o.a.j.s.SaveService: Using SaveService properties version 5.0
2026-10-01 19:50:58,978 INFO o.a.j.s.SaveService: Using SaveService properties file encoding UTF-8
2026-10-01 19:50:58,982 INFO o.a.j.s.SaveService: Loading file: /tests/s1.jmx
2026-10-01 19:50:59,027 INFO o.a.j.p.h.s.HTTPSamplerBase: Parser for text/html is org.apache.jmeter.protocol.http.parser.LagartoBasedHtmlParser
2026-10-01 19:50:59,027 INFO o.a.j.p.h.s.HTTPSamplerBase: Parser for application/xhtml+xml is org.apache.jmeter.protocol.http.parser.LagartoBasedHtmlParser
2026-10-01 19:50:59,027 INFO o.a.j.p.h.s.HTTPSamplerBase: Parser for application/xml is org.apache.jmeter.protocol.http.parser.LagartoBasedHtmlParser
2026-10-01 19:50:59,027 INFO o.a.j.p.h.s.HTTPSamplerBase: Parser for text/xml is org.apache.jmeter.protocol.http.parser.LagartoBasedHtmlParser
2026-10-01 19:50:59,027 INFO o.a.j.p.h.s.HTTPSamplerBase: Parser for text/vnd.wap.wml is org.apache.jmeter.protocol.http.parser.RegexpHTMLParser
2026-10-01 19:50:59,027 INFO o.a.j.p.h.s.HTTPSamplerBase: Parser for text/css is org.apache.jmeter.protocol.http.parser.CssParser
2026-10-01 19:50:59,066 INFO o.a.j.JMeter: Creating summariser <summary>
2026-10-01 19:50:59,077 INFO o.a.j.e.StandardJMeterEngine: Running the test!
2026-10-01 19:50:59,077 INFO o.a.j.s.SampleEvent: List of sample_variables: []
2026-10-01 19:50:59,077 INFO o.a.j.s.SampleEvent: List of sample_variables: []
2026-10-01 19:50:59,080 INFO o.a.j.e.u.CompoundVariable: Note: Function class names must contain the string: '.functions.'
2026-10-01 19:50:59,081 INFO o.a.j.e.u.CompoundVariable: Note: Function class names must not contain the string: '.gui.'
2026-10-01 19:50:59,287 INFO o.a.j.JMeter: Running test (1790884259287)
2026-10-01 19:50:59,289 INFO o.a.j.e.StandardJMeterEngine: Starting setUp thread groups
2026-10-01 19:50:59,289 INFO o.a.j.e.StandardJMeterEngine: Starting setUp ThreadGroup: 1 : setUp - login 
2026-10-01 19:50:59,290 INFO o.a.j.e.StandardJMeterEngine: Starting 1 threads for group setUp - login.
2026-10-01 19:50:59,290 INFO o.a.j.e.StandardJMeterEngine: Test will stop abruptly on error
2026-10-01 19:50:59,291 INFO o.a.j.t.ThreadGroup: Starting thread group... number=1 threads=1 ramp-up=1 delayedStart=false
2026-10-01 19:50:59,297 INFO o.a.j.t.ThreadGroup: Started thread group number 1
2026-10-01 19:50:59,297 INFO o.a.j.e.StandardJMeterEngine: Waiting for all setup thread groups to exit
2026-10-01 19:50:59,299 INFO o.a.j.t.JMeterThread: Thread started: setUp - login 1-1
2026-10-01 19:50:59,314 INFO o.a.j.p.h.s.HTTPHCAbstractImpl: Local host = e64d7ebd567a
2026-10-01 19:50:59,320 INFO o.a.j.p.h.s.HTTPHC4Impl: HTTP request retry count = 0
2026-10-01 19:50:59,322 INFO o.a.j.s.SampleResult: Note: Sample TimeStamps are START times
2026-10-01 19:50:59,323 INFO o.a.j.s.SampleResult: sampleresult.default.encoding is set to UTF-8
2026-10-01 19:50:59,323 INFO o.a.j.s.SampleResult: sampleresult.useNanoTime=true
2026-10-01 19:50:59,323 INFO o.a.j.s.SampleResult: sampleresult.nanoThreadSleep=5000
2026-10-01 19:51:00,202 INFO o.a.j.r.Summariser: summary +      1 in 00:00:01 =    1.1/s Avg:   353 Min:   353 Max:   353 Err:     0 (0.00%) Active: 1 Started: 1 Finished: 0
2026-10-01 19:51:00,203 INFO o.a.j.t.JMeterThread: Thread is done: setUp - login 1-1
2026-10-01 19:51:00,204 INFO o.a.j.t.JMeterThread: Thread finished: setUp - login 1-1
2026-10-01 19:51:00,204 INFO o.a.j.e.StandardJMeterEngine: All Setup Threads have ended
2026-10-01 19:51:00,224 INFO o.a.j.e.StandardJMeterEngine: Starting ThreadGroup: 1 : S1
2026-10-01 19:51:00,224 INFO o.a.j.e.StandardJMeterEngine: Starting 10 threads for group S1.
2026-10-01 19:51:00,225 INFO o.a.j.e.StandardJMeterEngine: Thread will continue on error
2026-10-01 19:51:00,225 INFO o.a.j.t.ThreadGroup: Starting thread group... number=1 threads=10 ramp-up=10 delayedStart=false
2026-10-01 19:51:00,227 INFO o.a.j.t.JMeterThread: Thread started: S1 1-1
2026-10-01 19:51:00,235 INFO o.a.j.t.ThreadGroup: Started thread group number 1
2026-10-01 19:51:00,236 INFO o.a.j.e.StandardJMeterEngine: All thread groups have been started
2026-10-01 19:51:01,228 INFO o.a.j.t.JMeterThread: Thread started: S1 1-2
2026-10-01 19:51:02,227 INFO o.a.j.t.JMeterThread: Thread started: S1 1-3
2026-10-01 19:51:03,226 INFO o.a.j.t.JMeterThread: Thread started: S1 1-4
2026-10-01 19:51:04,226 INFO o.a.j.t.JMeterThread: Thread started: S1 1-5
2026-10-01 19:51:05,226 INFO o.a.j.t.JMeterThread: Thread started: S1 1-6
2026-10-01 19:51:06,226 INFO o.a.j.t.JMeterThread: Thread started: S1 1-7
2026-10-01 19:51:07,228 INFO o.a.j.t.JMeterThread: Thread started: S1 1-8
2026-10-01 19:51:08,228 INFO o.a.j.t.JMeterThread: Thread started: S1 1-9
2026-10-01 19:51:09,228 INFO o.a.j.t.JMeterThread: Thread started: S1 1-10
2026-10-01 19:51:10,228 INFO o.a.j.t.JMeterThread: Stopping because end time detected by thread: S1 1-2
2026-10-01 19:51:10,228 INFO o.a.j.t.JMeterThread: Thread finished: S1 1-2
2026-10-01 19:51:10,230 INFO o.a.j.t.JMeterThread: Stopping because end time detected by thread: S1 1-1
2026-10-01 19:51:10,230 INFO o.a.j.t.JMeterThread: Thread finished: S1 1-1
2026-10-01 19:51:10,230 INFO o.a.j.t.JMeterThread: Stopping because end time detected by thread: S1 1-3
2026-10-01 19:51:10,230 INFO o.a.j.t.JMeterThread: Thread finished: S1 1-3
2026-10-01 19:51:10,232 INFO o.a.j.t.JMeterThread: Stopping because end time detected by thread: S1 1-4
2026-10-01 19:51:10,232 INFO o.a.j.t.JMeterThread: Thread finished: S1 1-4
2026-10-01 19:51:10,234 INFO o.a.j.t.JMeterThread: Stopping because end time detected by thread: S1 1-5
2026-10-01 19:51:10,234 INFO o.a.j.t.JMeterThread: Stopping because end time detected by thread: S1 1-7
2026-10-01 19:51:10,234 INFO o.a.j.t.JMeterThread: Thread finished: S1 1-5
2026-10-01 19:51:10,234 INFO o.a.j.t.JMeterThread: Thread finished: S1 1-7
2026-10-01 19:51:10,235 INFO o.a.j.t.JMeterThread: Stopping because end time detected by thread: S1 1-6
2026-10-01 19:51:10,235 INFO o.a.j.t.JMeterThread: Thread finished: S1 1-6
2026-10-01 19:51:10,236 INFO o.a.j.t.JMeterThread: Stopping because end time detected by thread: S1 1-8
2026-10-01 19:51:10,236 INFO o.a.j.t.JMeterThread: Thread finished: S1 1-8
2026-10-01 19:51:10,236 INFO o.a.j.t.JMeterThread: Stopping because end time detected by thread: S1 1-9
2026-10-01 19:51:10,236 INFO o.a.j.t.JMeterThread: Thread finished: S1 1-9
2026-10-01 19:51:10,238 INFO o.a.j.t.JMeterThread: Stopping because end time detected by thread: S1 1-10
2026-10-01 19:51:10,238 INFO o.a.j.t.JMeterThread: Thread finished: S1 1-10
2026-10-01 19:51:10,238 INFO o.a.j.e.StandardJMeterEngine: Notifying test listeners of end of test
2026-10-01 19:51:10,241 INFO o.a.j.r.Summariser: summary +  10271 in 00:00:10 = 1023.0/s Avg:     5 Min:     1 Max:    57 Err:     0 (0.00%) Active: 0 Started: 10 Finished: 10
2026-10-01 19:51:10,242 INFO o.a.j.r.Summariser: summary =  10272 in 00:00:11 =  937.7/s Avg:     5 Min:     1 Max:   353 Err:     0 (0.00%)
