2026-10-02 18:12:39,386 INFO o.a.j.u.JMeterUtils: Setting Locale to en_EN
2026-10-02 18:12:39,408 INFO o.a.j.JMeter: Loading user properties from: /opt/jmeter/bin/user.properties
2026-10-02 18:12:39,408 INFO o.a.j.JMeter: Loading system properties from: /opt/jmeter/bin/system.properties
2026-10-02 18:12:39,409 INFO o.a.j.JMeter: Loading additional properties from: /tests/run.properties
2026-10-02 18:12:39,409 INFO o.a.j.JMeter: Loading additional properties from: /tests/data/ranges.properties
2026-10-02 18:12:39,409 INFO o.a.j.JMeter: Setting JMeter property: host=laravel-nginx
2026-10-02 18:12:39,410 INFO o.a.j.JMeter: Setting JMeter property: port=80
2026-10-02 18:12:39,410 INFO o.a.j.JMeter: Setting JMeter property: rampup=1
2026-10-02 18:12:39,410 INFO o.a.j.JMeter: Setting JMeter property: endpoint=EP1
2026-10-02 18:12:39,410 INFO o.a.j.JMeter: Setting JMeter property: users=1
2026-10-02 18:12:39,410 INFO o.a.j.JMeter: Setting JMeter property: duration=60
2026-10-02 18:12:39,414 INFO o.a.j.JMeter: Copyright (c) 1998-2024 The Apache Software Foundation
2026-10-02 18:12:39,415 INFO o.a.j.JMeter: Version 5.6.3
2026-10-02 18:12:39,415 INFO o.a.j.JMeter: java.version=21.0.12.1
2026-10-02 18:12:39,415 INFO o.a.j.JMeter: java.vm.name=OpenJDK 64-Bit Server VM
2026-10-02 18:12:39,415 INFO o.a.j.JMeter: os.name=Linux
2026-10-02 18:12:39,415 INFO o.a.j.JMeter: os.arch=amd64
2026-10-02 18:12:39,415 INFO o.a.j.JMeter: os.version=6.6.87.2-microsoft-standard-WSL2
2026-10-02 18:12:39,415 INFO o.a.j.JMeter: file.encoding=UTF-8
2026-10-02 18:12:39,415 INFO o.a.j.JMeter: java.awt.headless=true
2026-10-02 18:12:39,415 INFO o.a.j.JMeter: Max memory     =4294967296
2026-10-02 18:12:39,416 INFO o.a.j.JMeter: Available Processors =12
2026-10-02 18:12:39,423 INFO o.a.j.JMeter: Default Locale=English (EN)
2026-10-02 18:12:39,423 INFO o.a.j.JMeter: JMeter  Locale=English (EN)
2026-10-02 18:12:39,423 INFO o.a.j.JMeter: JMeterHome=/opt/jmeter
2026-10-02 18:12:39,423 INFO o.a.j.JMeter: user.dir  =/tests
2026-10-02 18:12:39,423 INFO o.a.j.JMeter: PWD       =/tests
2026-10-02 18:12:39,423 INFO o.a.j.JMeter: IP: 172.19.0.5 Name: f758a28139a4 FullName: f758a28139a4
2026-10-02 18:12:39,433 INFO o.a.j.s.FileServer: Default base='/tests'
2026-10-02 18:12:39,435 INFO o.a.j.s.FileServer: Set new base='/tests'
2026-10-02 18:12:39,631 INFO o.a.j.s.SaveService: Testplan (JMX) version: 2.2. Testlog (JTL) version: 2.2
2026-10-02 18:12:39,654 INFO o.a.j.s.SaveService: Using SaveService properties version 5.0
2026-10-02 18:12:39,656 INFO o.a.j.s.SaveService: Using SaveService properties file encoding UTF-8
2026-10-02 18:12:39,659 INFO o.a.j.s.SaveService: Loading file: /tests/s1.jmx
2026-10-02 18:12:39,706 INFO o.a.j.p.h.s.HTTPSamplerBase: Parser for text/html is org.apache.jmeter.protocol.http.parser.LagartoBasedHtmlParser
2026-10-02 18:12:39,706 INFO o.a.j.p.h.s.HTTPSamplerBase: Parser for application/xhtml+xml is org.apache.jmeter.protocol.http.parser.LagartoBasedHtmlParser
2026-10-02 18:12:39,706 INFO o.a.j.p.h.s.HTTPSamplerBase: Parser for application/xml is org.apache.jmeter.protocol.http.parser.LagartoBasedHtmlParser
2026-10-02 18:12:39,706 INFO o.a.j.p.h.s.HTTPSamplerBase: Parser for text/xml is org.apache.jmeter.protocol.http.parser.LagartoBasedHtmlParser
2026-10-02 18:12:39,706 INFO o.a.j.p.h.s.HTTPSamplerBase: Parser for text/vnd.wap.wml is org.apache.jmeter.protocol.http.parser.RegexpHTMLParser
2026-10-02 18:12:39,706 INFO o.a.j.p.h.s.HTTPSamplerBase: Parser for text/css is org.apache.jmeter.protocol.http.parser.CssParser
2026-10-02 18:12:39,747 INFO o.a.j.JMeter: Creating summariser <summary>
2026-10-02 18:12:39,758 INFO o.a.j.e.StandardJMeterEngine: Running the test!
2026-10-02 18:12:39,758 INFO o.a.j.s.SampleEvent: List of sample_variables: []
2026-10-02 18:12:39,758 INFO o.a.j.s.SampleEvent: List of sample_variables: []
2026-10-02 18:12:39,762 INFO o.a.j.e.u.CompoundVariable: Note: Function class names must contain the string: '.functions.'
2026-10-02 18:12:39,762 INFO o.a.j.e.u.CompoundVariable: Note: Function class names must not contain the string: '.gui.'
2026-10-02 18:12:39,986 INFO o.a.j.JMeter: Running test (1790964759986)
2026-10-02 18:12:39,988 INFO o.a.j.e.StandardJMeterEngine: Starting setUp thread groups
2026-10-02 18:12:39,988 INFO o.a.j.e.StandardJMeterEngine: Starting setUp ThreadGroup: 1 : setUp - login 
2026-10-02 18:12:39,989 INFO o.a.j.e.StandardJMeterEngine: Starting 1 threads for group setUp - login.
2026-10-02 18:12:39,989 INFO o.a.j.e.StandardJMeterEngine: Test will stop abruptly on error
2026-10-02 18:12:39,989 INFO o.a.j.t.ThreadGroup: Starting thread group... number=1 threads=1 ramp-up=1 delayedStart=false
2026-10-02 18:12:39,992 INFO o.a.j.t.ThreadGroup: Started thread group number 1
2026-10-02 18:12:39,992 INFO o.a.j.e.StandardJMeterEngine: Waiting for all setup thread groups to exit
2026-10-02 18:12:39,993 INFO o.a.j.t.JMeterThread: Thread started: setUp - login 1-1
2026-10-02 18:12:40,005 INFO o.a.j.p.h.s.HTTPHCAbstractImpl: Local host = f758a28139a4
2026-10-02 18:12:40,009 INFO o.a.j.p.h.s.HTTPHC4Impl: HTTP request retry count = 0
2026-10-02 18:12:40,010 INFO o.a.j.s.SampleResult: Note: Sample TimeStamps are START times
2026-10-02 18:12:40,010 INFO o.a.j.s.SampleResult: sampleresult.default.encoding is set to UTF-8
2026-10-02 18:12:40,010 INFO o.a.j.s.SampleResult: sampleresult.useNanoTime=true
2026-10-02 18:12:40,010 INFO o.a.j.s.SampleResult: sampleresult.nanoThreadSleep=5000
2026-10-02 18:12:40,831 INFO o.a.j.t.JMeterThread: Thread is done: setUp - login 1-1
2026-10-02 18:12:40,831 INFO o.a.j.t.JMeterThread: Thread finished: setUp - login 1-1
2026-10-02 18:12:40,832 INFO o.a.j.e.StandardJMeterEngine: All Setup Threads have ended
2026-10-02 18:12:40,855 INFO o.a.j.e.StandardJMeterEngine: Starting ThreadGroup: 1 : S1
2026-10-02 18:12:40,855 INFO o.a.j.e.StandardJMeterEngine: Starting 1 threads for group S1.
2026-10-02 18:12:40,855 INFO o.a.j.e.StandardJMeterEngine: Thread will continue on error
2026-10-02 18:12:40,855 INFO o.a.j.t.ThreadGroup: Starting thread group... number=1 threads=1 ramp-up=1 delayedStart=false
2026-10-02 18:12:40,857 INFO o.a.j.t.ThreadGroup: Started thread group number 1
2026-10-02 18:12:40,857 INFO o.a.j.e.StandardJMeterEngine: All thread groups have been started
2026-10-02 18:12:40,857 INFO o.a.j.t.JMeterThread: Thread started: S1 1-1
2026-10-02 18:13:00,009 INFO o.a.j.r.Summariser: summary +   2502 in 00:00:20 =  125.0/s Avg:     7 Min:     6 Max:   358 Err:     0 (0.00%) Active: 1 Started: 1 Finished: 0
2026-10-02 18:13:30,006 INFO o.a.j.r.Summariser: summary +   4056 in 00:00:30 =  135.2/s Avg:     7 Min:     6 Max:    23 Err:     0 (0.00%) Active: 1 Started: 1 Finished: 0
2026-10-02 18:13:30,007 INFO o.a.j.r.Summariser: summary =   6558 in 00:00:50 =  131.1/s Avg:     7 Min:     6 Max:   358 Err:     0 (0.00%)
2026-10-02 18:13:40,860 INFO o.a.j.t.JMeterThread: Stopping because end time detected by thread: S1 1-1
2026-10-02 18:13:40,860 INFO o.a.j.t.JMeterThread: Thread finished: S1 1-1
2026-10-02 18:13:40,860 INFO o.a.j.e.StandardJMeterEngine: Notifying test listeners of end of test
2026-10-02 18:13:40,863 INFO o.a.j.r.Summariser: summary +   1576 in 00:00:11 =  145.2/s Avg:     6 Min:     6 Max:    15 Err:     0 (0.00%) Active: 0 Started: 1 Finished: 1
2026-10-02 18:13:40,863 INFO o.a.j.r.Summariser: summary =   8134 in 00:01:01 =  133.6/s Avg:     7 Min:     6 Max:   358 Err:     0 (0.00%)
