2026-10-06 09:02:42,638 INFO o.a.j.u.JMeterUtils: Setting Locale to en_EN
2026-10-06 09:02:42,659 INFO o.a.j.JMeter: Loading user properties from: /opt/jmeter/bin/user.properties
2026-10-06 09:02:42,660 INFO o.a.j.JMeter: Loading system properties from: /opt/jmeter/bin/system.properties
2026-10-06 09:02:42,660 INFO o.a.j.JMeter: Loading additional properties from: /tests/run.properties
2026-10-06 09:02:42,661 INFO o.a.j.JMeter: Loading additional properties from: /tests/data/ranges.properties
2026-10-06 09:02:42,662 INFO o.a.j.JMeter: Setting JMeter property: host=nestjs-nginx
2026-10-06 09:02:42,662 INFO o.a.j.JMeter: Setting JMeter property: port=80
2026-10-06 09:02:42,662 INFO o.a.j.JMeter: Setting JMeter property: rampup=10
2026-10-06 09:02:42,662 INFO o.a.j.JMeter: Setting JMeter property: endpoint=EP3
2026-10-06 09:02:42,662 INFO o.a.j.JMeter: Setting JMeter property: users=200
2026-10-06 09:02:42,662 INFO o.a.j.JMeter: Setting JMeter property: duration=60
2026-10-06 09:02:42,669 INFO o.a.j.JMeter: Copyright (c) 1998-2024 The Apache Software Foundation
2026-10-06 09:02:42,669 INFO o.a.j.JMeter: Version 5.6.3
2026-10-06 09:02:42,669 INFO o.a.j.JMeter: java.version=21.0.12.1
2026-10-06 09:02:42,669 INFO o.a.j.JMeter: java.vm.name=OpenJDK 64-Bit Server VM
2026-10-06 09:02:42,669 INFO o.a.j.JMeter: os.name=Linux
2026-10-06 09:02:42,670 INFO o.a.j.JMeter: os.arch=amd64
2026-10-06 09:02:42,670 INFO o.a.j.JMeter: os.version=6.6.87.2-microsoft-standard-WSL2
2026-10-06 09:02:42,670 INFO o.a.j.JMeter: file.encoding=UTF-8
2026-10-06 09:02:42,670 INFO o.a.j.JMeter: java.awt.headless=true
2026-10-06 09:02:42,670 INFO o.a.j.JMeter: Max memory     =4294967296
2026-10-06 09:02:42,670 INFO o.a.j.JMeter: Available Processors =12
2026-10-06 09:02:42,681 INFO o.a.j.JMeter: Default Locale=English (EN)
2026-10-06 09:02:42,684 INFO o.a.j.JMeter: JMeter  Locale=English (EN)
2026-10-06 09:02:42,685 INFO o.a.j.JMeter: JMeterHome=/opt/jmeter
2026-10-06 09:02:42,685 INFO o.a.j.JMeter: user.dir  =/tests
2026-10-06 09:02:42,685 INFO o.a.j.JMeter: PWD       =/tests
2026-10-06 09:02:42,685 INFO o.a.j.JMeter: IP: 172.19.0.5 Name: 7295b2bf7a7a FullName: 7295b2bf7a7a
2026-10-06 09:02:42,700 INFO o.a.j.s.FileServer: Default base='/tests'
2026-10-06 09:02:42,702 INFO o.a.j.s.FileServer: Set new base='/tests'
2026-10-06 09:02:42,877 INFO o.a.j.s.SaveService: Testplan (JMX) version: 2.2. Testlog (JTL) version: 2.2
2026-10-06 09:02:42,903 INFO o.a.j.s.SaveService: Using SaveService properties version 5.0
2026-10-06 09:02:42,906 INFO o.a.j.s.SaveService: Using SaveService properties file encoding UTF-8
2026-10-06 09:02:42,909 INFO o.a.j.s.SaveService: Loading file: /tests/s2.jmx
2026-10-06 09:02:42,955 INFO o.a.j.p.h.s.HTTPSamplerBase: Parser for text/html is org.apache.jmeter.protocol.http.parser.LagartoBasedHtmlParser
2026-10-06 09:02:42,956 INFO o.a.j.p.h.s.HTTPSamplerBase: Parser for application/xhtml+xml is org.apache.jmeter.protocol.http.parser.LagartoBasedHtmlParser
2026-10-06 09:02:42,956 INFO o.a.j.p.h.s.HTTPSamplerBase: Parser for application/xml is org.apache.jmeter.protocol.http.parser.LagartoBasedHtmlParser
2026-10-06 09:02:42,956 INFO o.a.j.p.h.s.HTTPSamplerBase: Parser for text/xml is org.apache.jmeter.protocol.http.parser.LagartoBasedHtmlParser
2026-10-06 09:02:42,956 INFO o.a.j.p.h.s.HTTPSamplerBase: Parser for text/vnd.wap.wml is org.apache.jmeter.protocol.http.parser.RegexpHTMLParser
2026-10-06 09:02:42,956 INFO o.a.j.p.h.s.HTTPSamplerBase: Parser for text/css is org.apache.jmeter.protocol.http.parser.CssParser
2026-10-06 09:02:43,001 INFO o.a.j.JMeter: Creating summariser <summary>
2026-10-06 09:02:43,016 INFO o.a.j.e.StandardJMeterEngine: Running the test!
2026-10-06 09:02:43,017 INFO o.a.j.s.SampleEvent: List of sample_variables: []
2026-10-06 09:02:43,017 INFO o.a.j.s.SampleEvent: List of sample_variables: []
2026-10-06 09:02:43,020 INFO o.a.j.e.u.CompoundVariable: Note: Function class names must contain the string: '.functions.'
2026-10-06 09:02:43,020 INFO o.a.j.e.u.CompoundVariable: Note: Function class names must not contain the string: '.gui.'
2026-10-06 09:02:43,243 INFO o.a.j.JMeter: Running test (1791277363243)
2026-10-06 09:02:43,244 INFO o.a.j.e.StandardJMeterEngine: Starting setUp thread groups
2026-10-06 09:02:43,244 INFO o.a.j.e.StandardJMeterEngine: Starting setUp ThreadGroup: 1 : setUp - login 
2026-10-06 09:02:43,245 INFO o.a.j.e.StandardJMeterEngine: Starting 1 threads for group setUp - login.
2026-10-06 09:02:43,245 INFO o.a.j.e.StandardJMeterEngine: Test will stop abruptly on error
2026-10-06 09:02:43,245 INFO o.a.j.t.ThreadGroup: Starting thread group... number=1 threads=1 ramp-up=1 delayedStart=false
2026-10-06 09:02:43,248 INFO o.a.j.t.ThreadGroup: Started thread group number 1
2026-10-06 09:02:43,248 INFO o.a.j.e.StandardJMeterEngine: Waiting for all setup thread groups to exit
2026-10-06 09:02:43,250 INFO o.a.j.t.JMeterThread: Thread started: setUp - login 1-1
2026-10-06 09:02:43,261 INFO o.a.j.p.h.s.HTTPHCAbstractImpl: Local host = 7295b2bf7a7a
2026-10-06 09:02:43,265 INFO o.a.j.p.h.s.HTTPHC4Impl: HTTP request retry count = 0
2026-10-06 09:02:43,266 INFO o.a.j.s.SampleResult: Note: Sample TimeStamps are START times
2026-10-06 09:02:43,267 INFO o.a.j.s.SampleResult: sampleresult.default.encoding is set to UTF-8
2026-10-06 09:02:43,267 INFO o.a.j.s.SampleResult: sampleresult.useNanoTime=true
2026-10-06 09:02:43,267 INFO o.a.j.s.SampleResult: sampleresult.nanoThreadSleep=5000
2026-10-06 09:02:43,973 INFO o.a.j.t.JMeterThread: Thread is done: setUp - login 1-1
2026-10-06 09:02:43,974 INFO o.a.j.t.JMeterThread: Thread finished: setUp - login 1-1
2026-10-06 09:02:43,974 INFO o.a.j.e.StandardJMeterEngine: All Setup Threads have ended
2026-10-06 09:02:43,997 INFO o.a.j.e.StandardJMeterEngine: Starting ThreadGroup: 1 : S2
2026-10-06 09:02:43,997 INFO o.a.j.e.StandardJMeterEngine: Starting 200 threads for group S2.
2026-10-06 09:02:43,997 INFO o.a.j.e.StandardJMeterEngine: Thread will continue on error
2026-10-06 09:02:43,998 INFO o.a.j.t.ThreadGroup: Starting thread group... number=1 threads=200 ramp-up=10 delayedStart=false
2026-10-06 09:02:44,008 INFO o.a.j.t.JMeterThread: Thread started: S2 1-1
2026-10-06 09:02:44,009 INFO o.a.j.s.FileServer: Stored: /tests/data/available_menu_items.csv
2026-10-06 09:02:44,058 INFO o.a.j.t.JMeterThread: Thread started: S2 1-2
2026-10-06 09:02:44,099 INFO o.a.j.t.ThreadGroup: Started thread group number 1
2026-10-06 09:02:44,099 INFO o.a.j.e.StandardJMeterEngine: All thread groups have been started
2026-10-06 09:02:44,107 INFO o.a.j.t.JMeterThread: Thread started: S2 1-3
2026-10-06 09:02:44,156 INFO o.a.j.t.JMeterThread: Thread started: S2 1-4
2026-10-06 09:02:44,205 INFO o.a.j.t.JMeterThread: Thread started: S2 1-5
2026-10-06 09:02:44,254 INFO o.a.j.t.JMeterThread: Thread started: S2 1-6
2026-10-06 09:02:44,304 INFO o.a.j.t.JMeterThread: Thread started: S2 1-7
2026-10-06 09:02:44,353 INFO o.a.j.t.JMeterThread: Thread started: S2 1-8
2026-10-06 09:02:44,405 INFO o.a.j.t.JMeterThread: Thread started: S2 1-9
2026-10-06 09:02:44,451 INFO o.a.j.t.JMeterThread: Thread started: S2 1-10
2026-10-06 09:02:44,501 INFO o.a.j.t.JMeterThread: Thread started: S2 1-11
2026-10-06 09:02:44,550 INFO o.a.j.t.JMeterThread: Thread started: S2 1-12
2026-10-06 09:02:44,599 INFO o.a.j.t.JMeterThread: Thread started: S2 1-13
2026-10-06 09:02:44,649 INFO o.a.j.t.JMeterThread: Thread started: S2 1-14
2026-10-06 09:02:44,700 INFO o.a.j.t.JMeterThread: Thread started: S2 1-15
2026-10-06 09:02:44,749 INFO o.a.j.t.JMeterThread: Thread started: S2 1-16
2026-10-06 09:02:44,799 INFO o.a.j.t.JMeterThread: Thread started: S2 1-17
2026-10-06 09:02:44,850 INFO o.a.j.t.JMeterThread: Thread started: S2 1-18
2026-10-06 09:02:44,900 INFO o.a.j.t.JMeterThread: Thread started: S2 1-19
2026-10-06 09:02:44,949 INFO o.a.j.t.JMeterThread: Thread started: S2 1-20
2026-10-06 09:02:45,000 INFO o.a.j.t.JMeterThread: Thread started: S2 1-21
2026-10-06 09:02:45,049 INFO o.a.j.t.JMeterThread: Thread started: S2 1-22
2026-10-06 09:02:45,100 INFO o.a.j.t.JMeterThread: Thread started: S2 1-23
2026-10-06 09:02:45,149 INFO o.a.j.t.JMeterThread: Thread started: S2 1-24
2026-10-06 09:02:45,200 INFO o.a.j.t.JMeterThread: Thread started: S2 1-25
2026-10-06 09:02:45,249 INFO o.a.j.t.JMeterThread: Thread started: S2 1-26
2026-10-06 09:02:45,300 INFO o.a.j.t.JMeterThread: Thread started: S2 1-27
2026-10-06 09:02:45,349 INFO o.a.j.t.JMeterThread: Thread started: S2 1-28
2026-10-06 09:02:45,400 INFO o.a.j.t.JMeterThread: Thread started: S2 1-29
2026-10-06 09:02:45,450 INFO o.a.j.t.JMeterThread: Thread started: S2 1-30
2026-10-06 09:02:45,499 INFO o.a.j.t.JMeterThread: Thread started: S2 1-31
2026-10-06 09:02:45,549 INFO o.a.j.t.JMeterThread: Thread started: S2 1-32
2026-10-06 09:02:45,599 INFO o.a.j.t.JMeterThread: Thread started: S2 1-33
2026-10-06 09:02:45,650 INFO o.a.j.t.JMeterThread: Thread started: S2 1-34
2026-10-06 09:02:45,699 INFO o.a.j.t.JMeterThread: Thread started: S2 1-35
2026-10-06 09:02:45,749 INFO o.a.j.t.JMeterThread: Thread started: S2 1-36
2026-10-06 09:02:45,799 INFO o.a.j.t.JMeterThread: Thread started: S2 1-37
2026-10-06 09:02:45,850 INFO o.a.j.t.JMeterThread: Thread started: S2 1-38
2026-10-06 09:02:45,899 INFO o.a.j.t.JMeterThread: Thread started: S2 1-39
2026-10-06 09:02:45,950 INFO o.a.j.t.JMeterThread: Thread started: S2 1-40
2026-10-06 09:02:45,999 INFO o.a.j.t.JMeterThread: Thread started: S2 1-41
2026-10-06 09:02:46,049 INFO o.a.j.t.JMeterThread: Thread started: S2 1-42
2026-10-06 09:02:46,099 INFO o.a.j.t.JMeterThread: Thread started: S2 1-43
2026-10-06 09:02:46,150 INFO o.a.j.t.JMeterThread: Thread started: S2 1-44
2026-10-06 09:02:46,199 INFO o.a.j.t.JMeterThread: Thread started: S2 1-45
2026-10-06 09:02:46,250 INFO o.a.j.t.JMeterThread: Thread started: S2 1-46
2026-10-06 09:02:46,300 INFO o.a.j.t.JMeterThread: Thread started: S2 1-47
2026-10-06 09:02:46,350 INFO o.a.j.t.JMeterThread: Thread started: S2 1-48
2026-10-06 09:02:46,399 INFO o.a.j.t.JMeterThread: Thread started: S2 1-49
2026-10-06 09:02:46,450 INFO o.a.j.t.JMeterThread: Thread started: S2 1-50
2026-10-06 09:02:46,498 INFO o.a.j.t.JMeterThread: Thread started: S2 1-51
2026-10-06 09:02:46,550 INFO o.a.j.t.JMeterThread: Thread started: S2 1-52
2026-10-06 09:02:46,599 INFO o.a.j.t.JMeterThread: Thread started: S2 1-53
2026-10-06 09:02:46,650 INFO o.a.j.t.JMeterThread: Thread started: S2 1-54
2026-10-06 09:02:46,699 INFO o.a.j.t.JMeterThread: Thread started: S2 1-55
2026-10-06 09:02:46,750 INFO o.a.j.t.JMeterThread: Thread started: S2 1-56
2026-10-06 09:02:46,799 INFO o.a.j.t.JMeterThread: Thread started: S2 1-57
2026-10-06 09:02:46,850 INFO o.a.j.t.JMeterThread: Thread started: S2 1-58
2026-10-06 09:02:46,899 INFO o.a.j.t.JMeterThread: Thread started: S2 1-59
2026-10-06 09:02:46,949 INFO o.a.j.t.JMeterThread: Thread started: S2 1-60
2026-10-06 09:02:46,999 INFO o.a.j.t.JMeterThread: Thread started: S2 1-61
2026-10-06 09:02:47,049 INFO o.a.j.t.JMeterThread: Thread started: S2 1-62
2026-10-06 09:02:47,099 INFO o.a.j.t.JMeterThread: Thread started: S2 1-63
2026-10-06 09:02:47,149 INFO o.a.j.t.JMeterThread: Thread started: S2 1-64
2026-10-06 09:02:47,199 INFO o.a.j.t.JMeterThread: Thread started: S2 1-65
2026-10-06 09:02:47,249 INFO o.a.j.t.JMeterThread: Thread started: S2 1-66
2026-10-06 09:02:47,299 INFO o.a.j.t.JMeterThread: Thread started: S2 1-67
2026-10-06 09:02:47,348 INFO o.a.j.t.JMeterThread: Thread started: S2 1-68
2026-10-06 09:02:47,399 INFO o.a.j.t.JMeterThread: Thread started: S2 1-69
2026-10-06 09:02:47,449 INFO o.a.j.t.JMeterThread: Thread started: S2 1-70
2026-10-06 09:02:47,499 INFO o.a.j.t.JMeterThread: Thread started: S2 1-71
2026-10-06 09:02:47,550 INFO o.a.j.t.JMeterThread: Thread started: S2 1-72
2026-10-06 09:02:47,599 INFO o.a.j.t.JMeterThread: Thread started: S2 1-73
2026-10-06 09:02:47,649 INFO o.a.j.t.JMeterThread: Thread started: S2 1-74
2026-10-06 09:02:47,698 INFO o.a.j.t.JMeterThread: Thread started: S2 1-75
2026-10-06 09:02:47,750 INFO o.a.j.t.JMeterThread: Thread started: S2 1-76
2026-10-06 09:02:47,799 INFO o.a.j.t.JMeterThread: Thread started: S2 1-77
2026-10-06 09:02:47,849 INFO o.a.j.t.JMeterThread: Thread started: S2 1-78
2026-10-06 09:02:47,900 INFO o.a.j.t.JMeterThread: Thread started: S2 1-79
2026-10-06 09:02:47,949 INFO o.a.j.t.JMeterThread: Thread started: S2 1-80
2026-10-06 09:02:48,000 INFO o.a.j.t.JMeterThread: Thread started: S2 1-81
2026-10-06 09:02:48,048 INFO o.a.j.t.JMeterThread: Thread started: S2 1-82
2026-10-06 09:02:48,099 INFO o.a.j.t.JMeterThread: Thread started: S2 1-83
2026-10-06 09:02:48,149 INFO o.a.j.t.JMeterThread: Thread started: S2 1-84
2026-10-06 09:02:48,199 INFO o.a.j.t.JMeterThread: Thread started: S2 1-85
2026-10-06 09:02:48,250 INFO o.a.j.t.JMeterThread: Thread started: S2 1-86
2026-10-06 09:02:48,299 INFO o.a.j.t.JMeterThread: Thread started: S2 1-87
2026-10-06 09:02:48,350 INFO o.a.j.t.JMeterThread: Thread started: S2 1-88
2026-10-06 09:02:48,398 INFO o.a.j.t.JMeterThread: Thread started: S2 1-89
2026-10-06 09:02:48,450 INFO o.a.j.t.JMeterThread: Thread started: S2 1-90
2026-10-06 09:02:48,498 INFO o.a.j.t.JMeterThread: Thread started: S2 1-91
2026-10-06 09:02:48,549 INFO o.a.j.t.JMeterThread: Thread started: S2 1-92
2026-10-06 09:02:48,599 INFO o.a.j.t.JMeterThread: Thread started: S2 1-93
2026-10-06 09:02:48,649 INFO o.a.j.t.JMeterThread: Thread started: S2 1-94
2026-10-06 09:02:48,699 INFO o.a.j.t.JMeterThread: Thread started: S2 1-95
2026-10-06 09:02:48,749 INFO o.a.j.t.JMeterThread: Thread started: S2 1-96
2026-10-06 09:02:48,799 INFO o.a.j.t.JMeterThread: Thread started: S2 1-97
2026-10-06 09:02:48,848 INFO o.a.j.t.JMeterThread: Thread started: S2 1-98
2026-10-06 09:02:48,899 INFO o.a.j.t.JMeterThread: Thread started: S2 1-99
2026-10-06 09:02:48,949 INFO o.a.j.t.JMeterThread: Thread started: S2 1-100
2026-10-06 09:02:49,000 INFO o.a.j.t.JMeterThread: Thread started: S2 1-101
2026-10-06 09:02:49,049 INFO o.a.j.t.JMeterThread: Thread started: S2 1-102
2026-10-06 09:02:49,098 INFO o.a.j.t.JMeterThread: Thread started: S2 1-103
2026-10-06 09:02:49,149 INFO o.a.j.t.JMeterThread: Thread started: S2 1-104
2026-10-06 09:02:49,198 INFO o.a.j.t.JMeterThread: Thread started: S2 1-105
2026-10-06 09:02:49,249 INFO o.a.j.t.JMeterThread: Thread started: S2 1-106
2026-10-06 09:02:49,299 INFO o.a.j.t.JMeterThread: Thread started: S2 1-107
2026-10-06 09:02:49,348 INFO o.a.j.t.JMeterThread: Thread started: S2 1-108
2026-10-06 09:02:49,400 INFO o.a.j.t.JMeterThread: Thread started: S2 1-109
2026-10-06 09:02:49,448 INFO o.a.j.t.JMeterThread: Thread started: S2 1-110
2026-10-06 09:02:49,499 INFO o.a.j.t.JMeterThread: Thread started: S2 1-111
2026-10-06 09:02:49,550 INFO o.a.j.t.JMeterThread: Thread started: S2 1-112
2026-10-06 09:02:49,599 INFO o.a.j.t.JMeterThread: Thread started: S2 1-113
2026-10-06 09:02:49,648 INFO o.a.j.t.JMeterThread: Thread started: S2 1-114
2026-10-06 09:02:49,699 INFO o.a.j.t.JMeterThread: Thread started: S2 1-115
2026-10-06 09:02:49,749 INFO o.a.j.t.JMeterThread: Thread started: S2 1-116
2026-10-06 09:02:49,799 INFO o.a.j.t.JMeterThread: Thread started: S2 1-117
2026-10-06 09:02:49,849 INFO o.a.j.t.JMeterThread: Thread started: S2 1-118
2026-10-06 09:02:49,899 INFO o.a.j.t.JMeterThread: Thread started: S2 1-119
2026-10-06 09:02:49,949 INFO o.a.j.t.JMeterThread: Thread started: S2 1-120
2026-10-06 09:02:49,999 INFO o.a.j.t.JMeterThread: Thread started: S2 1-121
2026-10-06 09:02:50,048 INFO o.a.j.t.JMeterThread: Thread started: S2 1-122
2026-10-06 09:02:50,099 INFO o.a.j.t.JMeterThread: Thread started: S2 1-123
2026-10-06 09:02:50,149 INFO o.a.j.t.JMeterThread: Thread started: S2 1-124
2026-10-06 09:02:50,199 INFO o.a.j.t.JMeterThread: Thread started: S2 1-125
2026-10-06 09:02:50,250 INFO o.a.j.t.JMeterThread: Thread started: S2 1-126
2026-10-06 09:02:50,300 INFO o.a.j.t.JMeterThread: Thread started: S2 1-127
2026-10-06 09:02:50,349 INFO o.a.j.t.JMeterThread: Thread started: S2 1-128
2026-10-06 09:02:50,398 INFO o.a.j.t.JMeterThread: Thread started: S2 1-129
2026-10-06 09:02:50,449 INFO o.a.j.t.JMeterThread: Thread started: S2 1-130
2026-10-06 09:02:50,499 INFO o.a.j.t.JMeterThread: Thread started: S2 1-131
2026-10-06 09:02:50,549 INFO o.a.j.t.JMeterThread: Thread started: S2 1-132
2026-10-06 09:02:50,600 INFO o.a.j.t.JMeterThread: Thread started: S2 1-133
2026-10-06 09:02:50,650 INFO o.a.j.t.JMeterThread: Thread started: S2 1-134
2026-10-06 09:02:50,699 INFO o.a.j.t.JMeterThread: Thread started: S2 1-135
2026-10-06 09:02:50,748 INFO o.a.j.t.JMeterThread: Thread started: S2 1-136
2026-10-06 09:02:50,799 INFO o.a.j.t.JMeterThread: Thread started: S2 1-137
2026-10-06 09:02:50,849 INFO o.a.j.t.JMeterThread: Thread started: S2 1-138
2026-10-06 09:02:50,898 INFO o.a.j.t.JMeterThread: Thread started: S2 1-139
2026-10-06 09:02:50,949 INFO o.a.j.t.JMeterThread: Thread started: S2 1-140
2026-10-06 09:02:50,998 INFO o.a.j.t.JMeterThread: Thread started: S2 1-141
2026-10-06 09:02:51,050 INFO o.a.j.t.JMeterThread: Thread started: S2 1-142
2026-10-06 09:02:51,099 INFO o.a.j.t.JMeterThread: Thread started: S2 1-143
2026-10-06 09:02:51,149 INFO o.a.j.t.JMeterThread: Thread started: S2 1-144
2026-10-06 09:02:51,200 INFO o.a.j.t.JMeterThread: Thread started: S2 1-145
2026-10-06 09:02:51,256 INFO o.a.j.t.JMeterThread: Thread started: S2 1-146
2026-10-06 09:02:51,299 INFO o.a.j.t.JMeterThread: Thread started: S2 1-147
2026-10-06 09:02:51,349 INFO o.a.j.t.JMeterThread: Thread started: S2 1-148
2026-10-06 09:02:51,399 INFO o.a.j.t.JMeterThread: Thread started: S2 1-149
2026-10-06 09:02:51,450 INFO o.a.j.t.JMeterThread: Thread started: S2 1-150
2026-10-06 09:02:51,500 INFO o.a.j.t.JMeterThread: Thread started: S2 1-151
2026-10-06 09:02:51,549 INFO o.a.j.t.JMeterThread: Thread started: S2 1-152
2026-10-06 09:02:51,599 INFO o.a.j.t.JMeterThread: Thread started: S2 1-153
2026-10-06 09:02:51,648 INFO o.a.j.t.JMeterThread: Thread started: S2 1-154
2026-10-06 09:02:51,699 INFO o.a.j.t.JMeterThread: Thread started: S2 1-155
2026-10-06 09:02:51,749 INFO o.a.j.t.JMeterThread: Thread started: S2 1-156
2026-10-06 09:02:51,798 INFO o.a.j.t.JMeterThread: Thread started: S2 1-157
2026-10-06 09:02:51,850 INFO o.a.j.t.JMeterThread: Thread started: S2 1-158
2026-10-06 09:02:51,899 INFO o.a.j.t.JMeterThread: Thread started: S2 1-159
2026-10-06 09:02:51,949 INFO o.a.j.t.JMeterThread: Thread started: S2 1-160
2026-10-06 09:02:52,000 INFO o.a.j.t.JMeterThread: Thread started: S2 1-161
2026-10-06 09:02:52,049 INFO o.a.j.t.JMeterThread: Thread started: S2 1-162
2026-10-06 09:02:52,100 INFO o.a.j.t.JMeterThread: Thread started: S2 1-163
2026-10-06 09:02:52,148 INFO o.a.j.t.JMeterThread: Thread started: S2 1-164
2026-10-06 09:02:52,199 INFO o.a.j.t.JMeterThread: Thread started: S2 1-165
2026-10-06 09:02:52,248 INFO o.a.j.t.JMeterThread: Thread started: S2 1-166
2026-10-06 09:02:52,299 INFO o.a.j.t.JMeterThread: Thread started: S2 1-167
2026-10-06 09:02:52,350 INFO o.a.j.t.JMeterThread: Thread started: S2 1-168
2026-10-06 09:02:52,399 INFO o.a.j.t.JMeterThread: Thread started: S2 1-169
2026-10-06 09:02:52,449 INFO o.a.j.t.JMeterThread: Thread started: S2 1-170
2026-10-06 09:02:52,499 INFO o.a.j.t.JMeterThread: Thread started: S2 1-171
2026-10-06 09:02:52,548 INFO o.a.j.t.JMeterThread: Thread started: S2 1-172
2026-10-06 09:02:52,599 INFO o.a.j.t.JMeterThread: Thread started: S2 1-173
2026-10-06 09:02:52,649 INFO o.a.j.t.JMeterThread: Thread started: S2 1-174
2026-10-06 09:02:52,700 INFO o.a.j.t.JMeterThread: Thread started: S2 1-175
2026-10-06 09:02:52,749 INFO o.a.j.t.JMeterThread: Thread started: S2 1-176
2026-10-06 09:02:52,798 INFO o.a.j.t.JMeterThread: Thread started: S2 1-177
2026-10-06 09:02:52,850 INFO o.a.j.t.JMeterThread: Thread started: S2 1-178
2026-10-06 09:02:52,899 INFO o.a.j.t.JMeterThread: Thread started: S2 1-179
2026-10-06 09:02:52,950 INFO o.a.j.t.JMeterThread: Thread started: S2 1-180
2026-10-06 09:02:53,000 INFO o.a.j.t.JMeterThread: Thread started: S2 1-181
2026-10-06 09:02:53,050 INFO o.a.j.t.JMeterThread: Thread started: S2 1-182
2026-10-06 09:02:53,099 INFO o.a.j.t.JMeterThread: Thread started: S2 1-183
2026-10-06 09:02:53,149 INFO o.a.j.t.JMeterThread: Thread started: S2 1-184
2026-10-06 09:02:53,199 INFO o.a.j.t.JMeterThread: Thread started: S2 1-185
2026-10-06 09:02:53,250 INFO o.a.j.t.JMeterThread: Thread started: S2 1-186
2026-10-06 09:02:53,301 INFO o.a.j.t.JMeterThread: Thread started: S2 1-187
2026-10-06 09:02:53,350 INFO o.a.j.t.JMeterThread: Thread started: S2 1-188
2026-10-06 09:02:53,399 INFO o.a.j.t.JMeterThread: Thread started: S2 1-189
2026-10-06 09:02:53,449 INFO o.a.j.t.JMeterThread: Thread started: S2 1-190
2026-10-06 09:02:53,500 INFO o.a.j.t.JMeterThread: Thread started: S2 1-191
2026-10-06 09:02:53,549 INFO o.a.j.t.JMeterThread: Thread started: S2 1-192
2026-10-06 09:02:53,598 INFO o.a.j.t.JMeterThread: Thread started: S2 1-193
2026-10-06 09:02:53,649 INFO o.a.j.t.JMeterThread: Thread started: S2 1-194
2026-10-06 09:02:53,698 INFO o.a.j.t.JMeterThread: Thread started: S2 1-195
2026-10-06 09:02:53,749 INFO o.a.j.t.JMeterThread: Thread started: S2 1-196
2026-10-06 09:02:53,799 INFO o.a.j.t.JMeterThread: Thread started: S2 1-197
2026-10-06 09:02:53,849 INFO o.a.j.t.JMeterThread: Thread started: S2 1-198
2026-10-06 09:02:53,898 INFO o.a.j.t.JMeterThread: Thread started: S2 1-199
2026-10-06 09:02:53,950 INFO o.a.j.t.JMeterThread: Thread started: S2 1-200
2026-10-06 09:03:00,002 INFO o.a.j.r.Summariser: summary +   3290 in 00:00:17 =  196.3/s Avg:   697 Min:    10 Max:  1189 Err:     0 (0.00%) Active: 200 Started: 200 Finished: 0
2026-10-06 09:03:30,003 INFO o.a.j.r.Summariser: summary +   6098 in 00:00:30 =  203.3/s Avg:  1037 Min:   805 Max:  1378 Err:     0 (0.00%) Active: 200 Started: 200 Finished: 0
2026-10-06 09:03:30,003 INFO o.a.j.r.Summariser: summary =   9388 in 00:00:47 =  200.8/s Avg:   918 Min:    10 Max:  1378 Err:     0 (0.00%)
2026-10-06 09:03:44,025 INFO o.a.j.t.JMeterThread: Stopping because end time detected by thread: S2 1-22
2026-10-06 09:03:44,025 INFO o.a.j.t.JMeterThread: Thread finished: S2 1-22
2026-10-06 09:03:44,057 INFO o.a.j.t.JMeterThread: Stopping because end time detected by thread: S2 1-73
2026-10-06 09:03:44,058 INFO o.a.j.t.JMeterThread: Thread finished: S2 1-73
2026-10-06 09:03:44,073 INFO o.a.j.t.JMeterThread: Stopping because end time detected by thread: S2 1-109
2026-10-06 09:03:44,073 INFO o.a.j.t.JMeterThread: Thread finished: S2 1-109
2026-10-06 09:03:44,101 INFO o.a.j.t.JMeterThread: Stopping because end time detected by thread: S2 1-147
2026-10-06 09:03:44,101 INFO o.a.j.t.JMeterThread: Thread finished: S2 1-147
2026-10-06 09:03:44,102 INFO o.a.j.t.JMeterThread: Stopping because end time detected by thread: S2 1-57
2026-10-06 09:03:44,102 INFO o.a.j.t.JMeterThread: Thread finished: S2 1-57
2026-10-06 09:03:44,106 INFO o.a.j.t.JMeterThread: Stopping because end time detected by thread: S2 1-45
2026-10-06 09:03:44,106 INFO o.a.j.t.JMeterThread: Thread finished: S2 1-45
2026-10-06 09:03:44,108 INFO o.a.j.t.JMeterThread: Stopping because end time detected by thread: S2 1-78
2026-10-06 09:03:44,108 INFO o.a.j.t.JMeterThread: Thread finished: S2 1-78
2026-10-06 09:03:44,111 INFO o.a.j.t.JMeterThread: Stopping because end time detected by thread: S2 1-71
2026-10-06 09:03:44,111 INFO o.a.j.t.JMeterThread: Thread finished: S2 1-71
2026-10-06 09:03:44,122 INFO o.a.j.t.JMeterThread: Stopping because end time detected by thread: S2 1-16
2026-10-06 09:03:44,122 INFO o.a.j.t.JMeterThread: Thread finished: S2 1-16
2026-10-06 09:03:44,134 INFO o.a.j.t.JMeterThread: Stopping because end time detected by thread: S2 1-92
2026-10-06 09:03:44,134 INFO o.a.j.t.JMeterThread: Thread finished: S2 1-92
2026-10-06 09:03:44,134 INFO o.a.j.t.JMeterThread: Stopping because end time detected by thread: S2 1-148
2026-10-06 09:03:44,134 INFO o.a.j.t.JMeterThread: Thread finished: S2 1-148
2026-10-06 09:03:44,142 INFO o.a.j.t.JMeterThread: Stopping because end time detected by thread: S2 1-43
2026-10-06 09:03:44,142 INFO o.a.j.t.JMeterThread: Stopping because end time detected by thread: S2 1-81
2026-10-06 09:03:44,142 INFO o.a.j.t.JMeterThread: Thread finished: S2 1-43
2026-10-06 09:03:44,142 INFO o.a.j.t.JMeterThread: Thread finished: S2 1-81
2026-10-06 09:03:44,145 INFO o.a.j.t.JMeterThread: Stopping because end time detected by thread: S2 1-143
2026-10-06 09:03:44,145 INFO o.a.j.t.JMeterThread: Thread finished: S2 1-143
2026-10-06 09:03:44,157 INFO o.a.j.t.JMeterThread: Stopping because end time detected by thread: S2 1-101
2026-10-06 09:03:44,157 INFO o.a.j.t.JMeterThread: Thread finished: S2 1-101
2026-10-06 09:03:44,163 INFO o.a.j.t.JMeterThread: Stopping because end time detected by thread: S2 1-175
2026-10-06 09:03:44,163 INFO o.a.j.t.JMeterThread: Thread finished: S2 1-175
2026-10-06 09:03:44,166 INFO o.a.j.t.JMeterThread: Stopping because end time detected by thread: S2 1-18
2026-10-06 09:03:44,166 INFO o.a.j.t.JMeterThread: Thread finished: S2 1-18
2026-10-06 09:03:44,171 INFO o.a.j.t.JMeterThread: Stopping because end time detected by thread: S2 1-58
2026-10-06 09:03:44,171 INFO o.a.j.t.JMeterThread: Thread finished: S2 1-58
2026-10-06 09:03:44,175 INFO o.a.j.t.JMeterThread: Stopping because end time detected by thread: S2 1-2
2026-10-06 09:03:44,175 INFO o.a.j.t.JMeterThread: Thread finished: S2 1-2
2026-10-06 09:03:44,194 INFO o.a.j.t.JMeterThread: Stopping because end time detected by thread: S2 1-4
2026-10-06 09:03:44,194 INFO o.a.j.t.JMeterThread: Thread finished: S2 1-4
2026-10-06 09:03:44,203 INFO o.a.j.t.JMeterThread: Stopping because end time detected by thread: S2 1-31
2026-10-06 09:03:44,203 INFO o.a.j.t.JMeterThread: Thread finished: S2 1-31
2026-10-06 09:03:44,207 INFO o.a.j.t.JMeterThread: Stopping because end time detected by thread: S2 1-154
2026-10-06 09:03:44,207 INFO o.a.j.t.JMeterThread: Thread finished: S2 1-154
2026-10-06 09:03:44,207 INFO o.a.j.t.JMeterThread: Stopping because end time detected by thread: S2 1-72
2026-10-06 09:03:44,207 INFO o.a.j.t.JMeterThread: Thread finished: S2 1-72
2026-10-06 09:03:44,211 INFO o.a.j.t.JMeterThread: Stopping because end time detected by thread: S2 1-64
2026-10-06 09:03:44,212 INFO o.a.j.t.JMeterThread: Thread finished: S2 1-64
2026-10-06 09:03:44,219 INFO o.a.j.t.JMeterThread: Stopping because end time detected by thread: S2 1-115
2026-10-06 09:03:44,219 INFO o.a.j.t.JMeterThread: Thread finished: S2 1-115
2026-10-06 09:03:44,230 INFO o.a.j.t.JMeterThread: Stopping because end time detected by thread: S2 1-138
2026-10-06 09:03:44,230 INFO o.a.j.t.JMeterThread: Thread finished: S2 1-138
2026-10-06 09:03:44,232 INFO o.a.j.t.JMeterThread: Stopping because end time detected by thread: S2 1-185
2026-10-06 09:03:44,232 INFO o.a.j.t.JMeterThread: Thread finished: S2 1-185
2026-10-06 09:03:44,237 INFO o.a.j.t.JMeterThread: Stopping because end time detected by thread: S2 1-169
2026-10-06 09:03:44,237 INFO o.a.j.t.JMeterThread: Thread finished: S2 1-169
2026-10-06 09:03:44,240 INFO o.a.j.t.JMeterThread: Stopping because end time detected by thread: S2 1-29
2026-10-06 09:03:44,240 INFO o.a.j.t.JMeterThread: Thread finished: S2 1-29
2026-10-06 09:03:44,250 INFO o.a.j.t.JMeterThread: Stopping because end time detected by thread: S2 1-153
2026-10-06 09:03:44,250 INFO o.a.j.t.JMeterThread: Thread finished: S2 1-153
2026-10-06 09:03:44,251 INFO o.a.j.t.JMeterThread: Stopping because end time detected by thread: S2 1-133
2026-10-06 09:03:44,251 INFO o.a.j.t.JMeterThread: Thread finished: S2 1-133
2026-10-06 09:03:44,252 INFO o.a.j.t.JMeterThread: Stopping because end time detected by thread: S2 1-190
2026-10-06 09:03:44,252 INFO o.a.j.t.JMeterThread: Thread finished: S2 1-190
2026-10-06 09:03:44,267 INFO o.a.j.t.JMeterThread: Stopping because end time detected by thread: S2 1-96
2026-10-06 09:03:44,267 INFO o.a.j.t.JMeterThread: Thread finished: S2 1-96
2026-10-06 09:03:44,274 INFO o.a.j.t.JMeterThread: Stopping because end time detected by thread: S2 1-86
2026-10-06 09:03:44,274 INFO o.a.j.t.JMeterThread: Thread finished: S2 1-86
2026-10-06 09:03:44,276 INFO o.a.j.t.JMeterThread: Stopping because end time detected by thread: S2 1-168
2026-10-06 09:03:44,276 INFO o.a.j.t.JMeterThread: Thread finished: S2 1-168
2026-10-06 09:03:44,284 INFO o.a.j.t.JMeterThread: Stopping because end time detected by thread: S2 1-63
2026-10-06 09:03:44,284 INFO o.a.j.t.JMeterThread: Thread finished: S2 1-63
2026-10-06 09:03:44,287 INFO o.a.j.t.JMeterThread: Stopping because end time detected by thread: S2 1-137
2026-10-06 09:03:44,287 INFO o.a.j.t.JMeterThread: Thread finished: S2 1-137
2026-10-06 09:03:44,291 INFO o.a.j.t.JMeterThread: Stopping because end time detected by thread: S2 1-187
2026-10-06 09:03:44,291 INFO o.a.j.t.JMeterThread: Thread finished: S2 1-187
2026-10-06 09:03:44,300 INFO o.a.j.t.JMeterThread: Stopping because end time detected by thread: S2 1-46
2026-10-06 09:03:44,301 INFO o.a.j.t.JMeterThread: Thread finished: S2 1-46
2026-10-06 09:03:44,306 INFO o.a.j.t.JMeterThread: Stopping because end time detected by thread: S2 1-126
2026-10-06 09:03:44,306 INFO o.a.j.t.JMeterThread: Thread finished: S2 1-126
2026-10-06 09:03:44,310 INFO o.a.j.t.JMeterThread: Stopping because end time detected by thread: S2 1-52
2026-10-06 09:03:44,310 INFO o.a.j.t.JMeterThread: Thread finished: S2 1-52
2026-10-06 09:03:44,312 INFO o.a.j.t.JMeterThread: Stopping because end time detected by thread: S2 1-49
2026-10-06 09:03:44,312 INFO o.a.j.t.JMeterThread: Thread finished: S2 1-49
2026-10-06 09:03:44,317 INFO o.a.j.t.JMeterThread: Stopping because end time detected by thread: S2 1-152
2026-10-06 09:03:44,317 INFO o.a.j.t.JMeterThread: Thread finished: S2 1-152
2026-10-06 09:03:44,319 INFO o.a.j.t.JMeterThread: Stopping because end time detected by thread: S2 1-189
2026-10-06 09:03:44,319 INFO o.a.j.t.JMeterThread: Thread finished: S2 1-189
2026-10-06 09:03:44,321 INFO o.a.j.t.JMeterThread: Stopping because end time detected by thread: S2 1-167
2026-10-06 09:03:44,321 INFO o.a.j.t.JMeterThread: Stopping because end time detected by thread: S2 1-114
2026-10-06 09:03:44,321 INFO o.a.j.t.JMeterThread: Thread finished: S2 1-167
2026-10-06 09:03:44,321 INFO o.a.j.t.JMeterThread: Thread finished: S2 1-114
2026-10-06 09:03:44,334 INFO o.a.j.t.JMeterThread: Stopping because end time detected by thread: S2 1-125
2026-10-06 09:03:44,334 INFO o.a.j.t.JMeterThread: Thread finished: S2 1-125
2026-10-06 09:03:44,335 INFO o.a.j.t.JMeterThread: Stopping because end time detected by thread: S2 1-35
2026-10-06 09:03:44,335 INFO o.a.j.t.JMeterThread: Thread finished: S2 1-35
2026-10-06 09:03:44,350 INFO o.a.j.t.JMeterThread: Stopping because end time detected by thread: S2 1-33
2026-10-06 09:03:44,350 INFO o.a.j.t.JMeterThread: Thread finished: S2 1-33
2026-10-06 09:03:44,354 INFO o.a.j.t.JMeterThread: Stopping because end time detected by thread: S2 1-66
2026-10-06 09:03:44,354 INFO o.a.j.t.JMeterThread: Thread finished: S2 1-66
2026-10-06 09:03:44,367 INFO o.a.j.t.JMeterThread: Stopping because end time detected by thread: S2 1-11
2026-10-06 09:03:44,367 INFO o.a.j.t.JMeterThread: Thread finished: S2 1-11
2026-10-06 09:03:44,369 INFO o.a.j.t.JMeterThread: Stopping because end time detected by thread: S2 1-93
2026-10-06 09:03:44,369 INFO o.a.j.t.JMeterThread: Thread finished: S2 1-93
2026-10-06 09:03:44,370 INFO o.a.j.t.JMeterThread: Stopping because end time detected by thread: S2 1-123
2026-10-06 09:03:44,370 INFO o.a.j.t.JMeterThread: Thread finished: S2 1-123
2026-10-06 09:03:44,373 INFO o.a.j.t.JMeterThread: Stopping because end time detected by thread: S2 1-48
2026-10-06 09:03:44,373 INFO o.a.j.t.JMeterThread: Thread finished: S2 1-48
2026-10-06 09:03:44,376 INFO o.a.j.t.JMeterThread: Stopping because end time detected by thread: S2 1-34
2026-10-06 09:03:44,376 INFO o.a.j.t.JMeterThread: Thread finished: S2 1-34
2026-10-06 09:03:44,384 INFO o.a.j.t.JMeterThread: Stopping because end time detected by thread: S2 1-20
2026-10-06 09:03:44,384 INFO o.a.j.t.JMeterThread: Thread finished: S2 1-20
2026-10-06 09:03:44,389 INFO o.a.j.t.JMeterThread: Stopping because end time detected by thread: S2 1-99
2026-10-06 09:03:44,389 INFO o.a.j.t.JMeterThread: Thread finished: S2 1-99
2026-10-06 09:03:44,391 INFO o.a.j.t.JMeterThread: Stopping because end time detected by thread: S2 1-56
2026-10-06 09:03:44,391 INFO o.a.j.t.JMeterThread: Thread finished: S2 1-56
2026-10-06 09:03:44,393 INFO o.a.j.t.JMeterThread: Stopping because end time detected by thread: S2 1-174
2026-10-06 09:03:44,393 INFO o.a.j.t.JMeterThread: Thread finished: S2 1-174
2026-10-06 09:03:44,403 INFO o.a.j.t.JMeterThread: Stopping because end time detected by thread: S2 1-134
2026-10-06 09:03:44,403 INFO o.a.j.t.JMeterThread: Thread finished: S2 1-134
2026-10-06 09:03:44,407 INFO o.a.j.t.JMeterThread: Stopping because end time detected by thread: S2 1-113
2026-10-06 09:03:44,407 INFO o.a.j.t.JMeterThread: Thread finished: S2 1-113
2026-10-06 09:03:44,411 INFO o.a.j.t.JMeterThread: Stopping because end time detected by thread: S2 1-179
2026-10-06 09:03:44,411 INFO o.a.j.t.JMeterThread: Thread finished: S2 1-179
2026-10-06 09:03:44,411 INFO o.a.j.t.JMeterThread: Stopping because end time detected by thread: S2 1-23
2026-10-06 09:03:44,411 INFO o.a.j.t.JMeterThread: Thread finished: S2 1-23
2026-10-06 09:03:44,421 INFO o.a.j.t.JMeterThread: Stopping because end time detected by thread: S2 1-158
2026-10-06 09:03:44,421 INFO o.a.j.t.JMeterThread: Thread finished: S2 1-158
2026-10-06 09:03:44,424 INFO o.a.j.t.JMeterThread: Stopping because end time detected by thread: S2 1-21
2026-10-06 09:03:44,424 INFO o.a.j.t.JMeterThread: Thread finished: S2 1-21
2026-10-06 09:03:44,425 INFO o.a.j.t.JMeterThread: Stopping because end time detected by thread: S2 1-59
2026-10-06 09:03:44,425 INFO o.a.j.t.JMeterThread: Thread finished: S2 1-59
2026-10-06 09:03:44,430 INFO o.a.j.t.JMeterThread: Stopping because end time detected by thread: S2 1-88
2026-10-06 09:03:44,430 INFO o.a.j.t.JMeterThread: Thread finished: S2 1-88
2026-10-06 09:03:44,440 INFO o.a.j.t.JMeterThread: Stopping because end time detected by thread: S2 1-108
2026-10-06 09:03:44,440 INFO o.a.j.t.JMeterThread: Thread finished: S2 1-108
2026-10-06 09:03:44,441 INFO o.a.j.t.JMeterThread: Stopping because end time detected by thread: S2 1-151
2026-10-06 09:03:44,441 INFO o.a.j.t.JMeterThread: Thread finished: S2 1-151
2026-10-06 09:03:44,441 INFO o.a.j.t.JMeterThread: Stopping because end time detected by thread: S2 1-55
2026-10-06 09:03:44,441 INFO o.a.j.t.JMeterThread: Thread finished: S2 1-55
2026-10-06 09:03:44,444 INFO o.a.j.t.JMeterThread: Stopping because end time detected by thread: S2 1-173
2026-10-06 09:03:44,444 INFO o.a.j.t.JMeterThread: Thread finished: S2 1-173
2026-10-06 09:03:44,447 INFO o.a.j.t.JMeterThread: Stopping because end time detected by thread: S2 1-186
2026-10-06 09:03:44,447 INFO o.a.j.t.JMeterThread: Thread finished: S2 1-186
2026-10-06 09:03:44,455 INFO o.a.j.t.JMeterThread: Stopping because end time detected by thread: S2 1-85
2026-10-06 09:03:44,455 INFO o.a.j.t.JMeterThread: Thread finished: S2 1-85
2026-10-06 09:03:44,462 INFO o.a.j.t.JMeterThread: Stopping because end time detected by thread: S2 1-80
2026-10-06 09:03:44,462 INFO o.a.j.t.JMeterThread: Thread finished: S2 1-80
2026-10-06 09:03:44,469 INFO o.a.j.t.JMeterThread: Stopping because end time detected by thread: S2 1-194
2026-10-06 09:03:44,469 INFO o.a.j.t.JMeterThread: Thread finished: S2 1-194
2026-10-06 09:03:44,473 INFO o.a.j.t.JMeterThread: Stopping because end time detected by thread: S2 1-191
2026-10-06 09:03:44,473 INFO o.a.j.t.JMeterThread: Thread finished: S2 1-191
2026-10-06 09:03:44,477 INFO o.a.j.t.JMeterThread: Stopping because end time detected by thread: S2 1-141
2026-10-06 09:03:44,477 INFO o.a.j.t.JMeterThread: Thread finished: S2 1-141
2026-10-06 09:03:44,493 INFO o.a.j.t.JMeterThread: Stopping because end time detected by thread: S2 1-106
2026-10-06 09:03:44,493 INFO o.a.j.t.JMeterThread: Thread finished: S2 1-106
2026-10-06 09:03:44,494 INFO o.a.j.t.JMeterThread: Stopping because end time detected by thread: S2 1-110
2026-10-06 09:03:44,494 INFO o.a.j.t.JMeterThread: Thread finished: S2 1-110
2026-10-06 09:03:44,494 INFO o.a.j.t.JMeterThread: Stopping because end time detected by thread: S2 1-67
2026-10-06 09:03:44,495 INFO o.a.j.t.JMeterThread: Thread finished: S2 1-67
2026-10-06 09:03:44,507 INFO o.a.j.t.JMeterThread: Stopping because end time detected by thread: S2 1-15
2026-10-06 09:03:44,507 INFO o.a.j.t.JMeterThread: Thread finished: S2 1-15
2026-10-06 09:03:44,513 INFO o.a.j.t.JMeterThread: Stopping because end time detected by thread: S2 1-171
2026-10-06 09:03:44,513 INFO o.a.j.t.JMeterThread: Thread finished: S2 1-171
2026-10-06 09:03:44,514 INFO o.a.j.t.JMeterThread: Stopping because end time detected by thread: S2 1-172
2026-10-06 09:03:44,514 INFO o.a.j.t.JMeterThread: Thread finished: S2 1-172
2026-10-06 09:03:44,518 INFO o.a.j.t.JMeterThread: Stopping because end time detected by thread: S2 1-118
2026-10-06 09:03:44,518 INFO o.a.j.t.JMeterThread: Thread finished: S2 1-118
2026-10-06 09:03:44,519 INFO o.a.j.t.JMeterThread: Stopping because end time detected by thread: S2 1-157
2026-10-06 09:03:44,520 INFO o.a.j.t.JMeterThread: Thread finished: S2 1-157
2026-10-06 09:03:44,530 INFO o.a.j.t.JMeterThread: Stopping because end time detected by thread: S2 1-79
2026-10-06 09:03:44,530 INFO o.a.j.t.JMeterThread: Thread finished: S2 1-79
2026-10-06 09:03:44,532 INFO o.a.j.t.JMeterThread: Stopping because end time detected by thread: S2 1-142
2026-10-06 09:03:44,532 INFO o.a.j.t.JMeterThread: Thread finished: S2 1-142
2026-10-06 09:03:44,541 INFO o.a.j.t.JMeterThread: Stopping because end time detected by thread: S2 1-193
2026-10-06 09:03:44,542 INFO o.a.j.t.JMeterThread: Thread finished: S2 1-193
2026-10-06 09:03:44,552 INFO o.a.j.t.JMeterThread: Stopping because end time detected by thread: S2 1-156
2026-10-06 09:03:44,552 INFO o.a.j.t.JMeterThread: Thread finished: S2 1-156
2026-10-06 09:03:44,556 INFO o.a.j.t.JMeterThread: Stopping because end time detected by thread: S2 1-77
2026-10-06 09:03:44,556 INFO o.a.j.t.JMeterThread: Thread finished: S2 1-77
2026-10-06 09:03:44,557 INFO o.a.j.t.JMeterThread: Stopping because end time detected by thread: S2 1-36
2026-10-06 09:03:44,557 INFO o.a.j.t.JMeterThread: Thread finished: S2 1-36
2026-10-06 09:03:44,564 INFO o.a.j.t.JMeterThread: Stopping because end time detected by thread: S2 1-38
2026-10-06 09:03:44,564 INFO o.a.j.t.JMeterThread: Thread finished: S2 1-38
2026-10-06 09:03:44,566 INFO o.a.j.t.JMeterThread: Stopping because end time detected by thread: S2 1-124
2026-10-06 09:03:44,566 INFO o.a.j.t.JMeterThread: Thread finished: S2 1-124
2026-10-06 09:03:44,580 INFO o.a.j.t.JMeterThread: Stopping because end time detected by thread: S2 1-91
2026-10-06 09:03:44,581 INFO o.a.j.t.JMeterThread: Thread finished: S2 1-91
2026-10-06 09:03:44,582 INFO o.a.j.t.JMeterThread: Stopping because end time detected by thread: S2 1-177
2026-10-06 09:03:44,582 INFO o.a.j.t.JMeterThread: Thread finished: S2 1-177
2026-10-06 09:03:44,595 INFO o.a.j.t.JMeterThread: Stopping because end time detected by thread: S2 1-44
2026-10-06 09:03:44,595 INFO o.a.j.t.JMeterThread: Thread finished: S2 1-44
2026-10-06 09:03:44,600 INFO o.a.j.t.JMeterThread: Stopping because end time detected by thread: S2 1-135
2026-10-06 09:03:44,601 INFO o.a.j.t.JMeterThread: Thread finished: S2 1-135
2026-10-06 09:03:44,612 INFO o.a.j.t.JMeterThread: Stopping because end time detected by thread: S2 1-105
2026-10-06 09:03:44,612 INFO o.a.j.t.JMeterThread: Thread finished: S2 1-105
2026-10-06 09:03:44,614 INFO o.a.j.t.JMeterThread: Stopping because end time detected by thread: S2 1-130
2026-10-06 09:03:44,614 INFO o.a.j.t.JMeterThread: Thread finished: S2 1-130
2026-10-06 09:03:44,615 INFO o.a.j.t.JMeterThread: Stopping because end time detected by thread: S2 1-7
2026-10-06 09:03:44,615 INFO o.a.j.t.JMeterThread: Thread finished: S2 1-7
2026-10-06 09:03:44,634 INFO o.a.j.t.JMeterThread: Stopping because end time detected by thread: S2 1-98
2026-10-06 09:03:44,634 INFO o.a.j.t.JMeterThread: Thread finished: S2 1-98
2026-10-06 09:03:44,645 INFO o.a.j.t.JMeterThread: Stopping because end time detected by thread: S2 1-8
2026-10-06 09:03:44,645 INFO o.a.j.t.JMeterThread: Thread finished: S2 1-8
2026-10-06 09:03:44,650 INFO o.a.j.t.JMeterThread: Stopping because end time detected by thread: S2 1-19
2026-10-06 09:03:44,650 INFO o.a.j.t.JMeterThread: Thread finished: S2 1-19
2026-10-06 09:03:44,653 INFO o.a.j.t.JMeterThread: Stopping because end time detected by thread: S2 1-69
2026-10-06 09:03:44,653 INFO o.a.j.t.JMeterThread: Thread finished: S2 1-69
2026-10-06 09:03:44,666 INFO o.a.j.t.JMeterThread: Stopping because end time detected by thread: S2 1-13
2026-10-06 09:03:44,666 INFO o.a.j.t.JMeterThread: Thread finished: S2 1-13
2026-10-06 09:03:44,678 INFO o.a.j.t.JMeterThread: Stopping because end time detected by thread: S2 1-60
2026-10-06 09:03:44,678 INFO o.a.j.t.JMeterThread: Thread finished: S2 1-60
2026-10-06 09:03:44,692 INFO o.a.j.t.JMeterThread: Stopping because end time detected by thread: S2 1-178
2026-10-06 09:03:44,692 INFO o.a.j.t.JMeterThread: Thread finished: S2 1-178
2026-10-06 09:03:44,693 INFO o.a.j.t.JMeterThread: Stopping because end time detected by thread: S2 1-94
2026-10-06 09:03:44,693 INFO o.a.j.t.JMeterThread: Thread finished: S2 1-94
2026-10-06 09:03:44,705 INFO o.a.j.t.JMeterThread: Stopping because end time detected by thread: S2 1-25
2026-10-06 09:03:44,706 INFO o.a.j.t.JMeterThread: Thread finished: S2 1-25
2026-10-06 09:03:44,715 INFO o.a.j.t.JMeterThread: Stopping because end time detected by thread: S2 1-140
2026-10-06 09:03:44,715 INFO o.a.j.t.JMeterThread: Thread finished: S2 1-140
2026-10-06 09:03:44,723 INFO o.a.j.t.JMeterThread: Stopping because end time detected by thread: S2 1-74
2026-10-06 09:03:44,724 INFO o.a.j.t.JMeterThread: Thread finished: S2 1-74
2026-10-06 09:03:44,733 INFO o.a.j.t.JMeterThread: Stopping because end time detected by thread: S2 1-127
2026-10-06 09:03:44,733 INFO o.a.j.t.JMeterThread: Thread finished: S2 1-127
2026-10-06 09:03:44,735 INFO o.a.j.t.JMeterThread: Stopping because end time detected by thread: S2 1-192
2026-10-06 09:03:44,735 INFO o.a.j.t.JMeterThread: Thread finished: S2 1-192
2026-10-06 09:03:44,742 INFO o.a.j.t.JMeterThread: Stopping because end time detected by thread: S2 1-100
2026-10-06 09:03:44,742 INFO o.a.j.t.JMeterThread: Thread finished: S2 1-100
2026-10-06 09:03:44,745 INFO o.a.j.t.JMeterThread: Stopping because end time detected by thread: S2 1-155
2026-10-06 09:03:44,745 INFO o.a.j.t.JMeterThread: Thread finished: S2 1-155
2026-10-06 09:03:44,753 INFO o.a.j.t.JMeterThread: Stopping because end time detected by thread: S2 1-39
2026-10-06 09:03:44,753 INFO o.a.j.t.JMeterThread: Thread finished: S2 1-39
2026-10-06 09:03:44,758 INFO o.a.j.t.JMeterThread: Stopping because end time detected by thread: S2 1-129
2026-10-06 09:03:44,758 INFO o.a.j.t.JMeterThread: Thread finished: S2 1-129
2026-10-06 09:03:44,762 INFO o.a.j.t.JMeterThread: Stopping because end time detected by thread: S2 1-199
2026-10-06 09:03:44,762 INFO o.a.j.t.JMeterThread: Thread finished: S2 1-199
2026-10-06 09:03:44,777 INFO o.a.j.t.JMeterThread: Stopping because end time detected by thread: S2 1-75
2026-10-06 09:03:44,777 INFO o.a.j.t.JMeterThread: Thread finished: S2 1-75
2026-10-06 09:03:44,779 INFO o.a.j.t.JMeterThread: Stopping because end time detected by thread: S2 1-3
2026-10-06 09:03:44,779 INFO o.a.j.t.JMeterThread: Thread finished: S2 1-3
2026-10-06 09:03:44,784 INFO o.a.j.t.JMeterThread: Stopping because end time detected by thread: S2 1-162
2026-10-06 09:03:44,784 INFO o.a.j.t.JMeterThread: Thread finished: S2 1-162
2026-10-06 09:03:44,785 INFO o.a.j.t.JMeterThread: Stopping because end time detected by thread: S2 1-161
2026-10-06 09:03:44,786 INFO o.a.j.t.JMeterThread: Thread finished: S2 1-161
2026-10-06 09:03:44,796 INFO o.a.j.t.JMeterThread: Stopping because end time detected by thread: S2 1-146
2026-10-06 09:03:44,796 INFO o.a.j.t.JMeterThread: Thread finished: S2 1-146
2026-10-06 09:03:44,796 INFO o.a.j.t.JMeterThread: Stopping because end time detected by thread: S2 1-82
2026-10-06 09:03:44,797 INFO o.a.j.t.JMeterThread: Thread finished: S2 1-82
2026-10-06 09:03:44,802 INFO o.a.j.t.JMeterThread: Stopping because end time detected by thread: S2 1-176
2026-10-06 09:03:44,802 INFO o.a.j.t.JMeterThread: Thread finished: S2 1-176
2026-10-06 09:03:44,810 INFO o.a.j.t.JMeterThread: Stopping because end time detected by thread: S2 1-195
2026-10-06 09:03:44,810 INFO o.a.j.t.JMeterThread: Thread finished: S2 1-195
2026-10-06 09:03:44,810 INFO o.a.j.t.JMeterThread: Stopping because end time detected by thread: S2 1-61
2026-10-06 09:03:44,810 INFO o.a.j.t.JMeterThread: Thread finished: S2 1-61
2026-10-06 09:03:44,814 INFO o.a.j.t.JMeterThread: Stopping because end time detected by thread: S2 1-97
2026-10-06 09:03:44,814 INFO o.a.j.t.JMeterThread: Thread finished: S2 1-97
2026-10-06 09:03:44,819 INFO o.a.j.t.JMeterThread: Stopping because end time detected by thread: S2 1-14
2026-10-06 09:03:44,819 INFO o.a.j.t.JMeterThread: Thread finished: S2 1-14
2026-10-06 09:03:44,832 INFO o.a.j.t.JMeterThread: Stopping because end time detected by thread: S2 1-103
2026-10-06 09:03:44,832 INFO o.a.j.t.JMeterThread: Thread finished: S2 1-103
2026-10-06 09:03:44,837 INFO o.a.j.t.JMeterThread: Stopping because end time detected by thread: S2 1-37
2026-10-06 09:03:44,837 INFO o.a.j.t.JMeterThread: Thread finished: S2 1-37
2026-10-06 09:03:44,841 INFO o.a.j.t.JMeterThread: Stopping because end time detected by thread: S2 1-196
2026-10-06 09:03:44,841 INFO o.a.j.t.JMeterThread: Thread finished: S2 1-196
2026-10-06 09:03:44,842 INFO o.a.j.t.JMeterThread: Stopping because end time detected by thread: S2 1-197
2026-10-06 09:03:44,842 INFO o.a.j.t.JMeterThread: Thread finished: S2 1-197
2026-10-06 09:03:44,857 INFO o.a.j.t.JMeterThread: Stopping because end time detected by thread: S2 1-145
2026-10-06 09:03:44,857 INFO o.a.j.t.JMeterThread: Thread finished: S2 1-145
2026-10-06 09:03:44,861 INFO o.a.j.t.JMeterThread: Stopping because end time detected by thread: S2 1-83
2026-10-06 09:03:44,861 INFO o.a.j.t.JMeterThread: Thread finished: S2 1-83
2026-10-06 09:03:44,862 INFO o.a.j.t.JMeterThread: Stopping because end time detected by thread: S2 1-170
2026-10-06 09:03:44,863 INFO o.a.j.t.JMeterThread: Thread finished: S2 1-170
2026-10-06 09:03:44,867 INFO o.a.j.t.JMeterThread: Stopping because end time detected by thread: S2 1-90
2026-10-06 09:03:44,867 INFO o.a.j.t.JMeterThread: Thread finished: S2 1-90
2026-10-06 09:03:44,876 INFO o.a.j.t.JMeterThread: Stopping because end time detected by thread: S2 1-17
2026-10-06 09:03:44,876 INFO o.a.j.t.JMeterThread: Thread finished: S2 1-17
2026-10-06 09:03:44,885 INFO o.a.j.t.JMeterThread: Stopping because end time detected by thread: S2 1-112
2026-10-06 09:03:44,885 INFO o.a.j.t.JMeterThread: Thread finished: S2 1-112
2026-10-06 09:03:44,897 INFO o.a.j.t.JMeterThread: Stopping because end time detected by thread: S2 1-53
2026-10-06 09:03:44,897 INFO o.a.j.t.JMeterThread: Thread finished: S2 1-53
2026-10-06 09:03:44,897 INFO o.a.j.t.JMeterThread: Stopping because end time detected by thread: S2 1-128
2026-10-06 09:03:44,897 INFO o.a.j.t.JMeterThread: Thread finished: S2 1-128
2026-10-06 09:03:44,899 INFO o.a.j.t.JMeterThread: Stopping because end time detected by thread: S2 1-5
2026-10-06 09:03:44,899 INFO o.a.j.t.JMeterThread: Thread finished: S2 1-5
2026-10-06 09:03:44,907 INFO o.a.j.t.JMeterThread: Stopping because end time detected by thread: S2 1-160
2026-10-06 09:03:44,907 INFO o.a.j.t.JMeterThread: Thread finished: S2 1-160
2026-10-06 09:03:44,907 INFO o.a.j.t.JMeterThread: Stopping because end time detected by thread: S2 1-47
2026-10-06 09:03:44,907 INFO o.a.j.t.JMeterThread: Thread finished: S2 1-47
2026-10-06 09:03:44,916 INFO o.a.j.t.JMeterThread: Stopping because end time detected by thread: S2 1-50
2026-10-06 09:03:44,916 INFO o.a.j.t.JMeterThread: Thread finished: S2 1-50
2026-10-06 09:03:44,917 INFO o.a.j.t.JMeterThread: Stopping because end time detected by thread: S2 1-32
2026-10-06 09:03:44,917 INFO o.a.j.t.JMeterThread: Thread finished: S2 1-32
2026-10-06 09:03:44,919 INFO o.a.j.t.JMeterThread: Stopping because end time detected by thread: S2 1-12
2026-10-06 09:03:44,919 INFO o.a.j.t.JMeterThread: Thread finished: S2 1-12
2026-10-06 09:03:44,937 INFO o.a.j.t.JMeterThread: Stopping because end time detected by thread: S2 1-144
2026-10-06 09:03:44,937 INFO o.a.j.t.JMeterThread: Thread finished: S2 1-144
2026-10-06 09:03:44,941 INFO o.a.j.t.JMeterThread: Stopping because end time detected by thread: S2 1-117
2026-10-06 09:03:44,941 INFO o.a.j.t.JMeterThread: Thread finished: S2 1-117
2026-10-06 09:03:44,942 INFO o.a.j.t.JMeterThread: Stopping because end time detected by thread: S2 1-42
2026-10-06 09:03:44,942 INFO o.a.j.t.JMeterThread: Thread finished: S2 1-42
2026-10-06 09:03:44,945 INFO o.a.j.t.JMeterThread: Stopping because end time detected by thread: S2 1-54
2026-10-06 09:03:44,945 INFO o.a.j.t.JMeterThread: Thread finished: S2 1-54
2026-10-06 09:03:44,949 INFO o.a.j.t.JMeterThread: Stopping because end time detected by thread: S2 1-28
2026-10-06 09:03:44,950 INFO o.a.j.t.JMeterThread: Thread finished: S2 1-28
2026-10-06 09:03:44,958 INFO o.a.j.t.JMeterThread: Stopping because end time detected by thread: S2 1-65
2026-10-06 09:03:44,959 INFO o.a.j.t.JMeterThread: Thread finished: S2 1-65
2026-10-06 09:03:44,963 INFO o.a.j.t.JMeterThread: Stopping because end time detected by thread: S2 1-122
2026-10-06 09:03:44,963 INFO o.a.j.t.JMeterThread: Thread finished: S2 1-122
2026-10-06 09:03:44,969 INFO o.a.j.t.JMeterThread: Stopping because end time detected by thread: S2 1-120
2026-10-06 09:03:44,969 INFO o.a.j.t.JMeterThread: Thread finished: S2 1-120
2026-10-06 09:03:44,969 INFO o.a.j.t.JMeterThread: Stopping because end time detected by thread: S2 1-68
2026-10-06 09:03:44,969 INFO o.a.j.t.JMeterThread: Thread finished: S2 1-68
2026-10-06 09:03:44,977 INFO o.a.j.t.JMeterThread: Stopping because end time detected by thread: S2 1-10
2026-10-06 09:03:44,977 INFO o.a.j.t.JMeterThread: Thread finished: S2 1-10
2026-10-06 09:03:44,987 INFO o.a.j.t.JMeterThread: Stopping because end time detected by thread: S2 1-89
2026-10-06 09:03:44,987 INFO o.a.j.t.JMeterThread: Thread finished: S2 1-89
2026-10-06 09:03:44,989 INFO o.a.j.t.JMeterThread: Stopping because end time detected by thread: S2 1-136
2026-10-06 09:03:44,989 INFO o.a.j.t.JMeterThread: Thread finished: S2 1-136
2026-10-06 09:03:44,990 INFO o.a.j.t.JMeterThread: Stopping because end time detected by thread: S2 1-84
2026-10-06 09:03:44,990 INFO o.a.j.t.JMeterThread: Thread finished: S2 1-84
2026-10-06 09:03:44,992 INFO o.a.j.t.JMeterThread: Stopping because end time detected by thread: S2 1-159
2026-10-06 09:03:44,992 INFO o.a.j.t.JMeterThread: Thread finished: S2 1-159
2026-10-06 09:03:44,999 INFO o.a.j.t.JMeterThread: Stopping because end time detected by thread: S2 1-182
2026-10-06 09:03:44,999 INFO o.a.j.t.JMeterThread: Thread finished: S2 1-182
2026-10-06 09:03:45,000 INFO o.a.j.t.JMeterThread: Stopping because end time detected by thread: S2 1-26
2026-10-06 09:03:45,000 INFO o.a.j.t.JMeterThread: Thread finished: S2 1-26
2026-10-06 09:03:45,007 INFO o.a.j.t.JMeterThread: Stopping because end time detected by thread: S2 1-180
2026-10-06 09:03:45,008 INFO o.a.j.t.JMeterThread: Thread finished: S2 1-180
2026-10-06 09:03:45,022 INFO o.a.j.t.JMeterThread: Stopping because end time detected by thread: S2 1-119
2026-10-06 09:03:45,022 INFO o.a.j.t.JMeterThread: Stopping because end time detected by thread: S2 1-24
2026-10-06 09:03:45,022 INFO o.a.j.t.JMeterThread: Thread finished: S2 1-24
2026-10-06 09:03:45,022 INFO o.a.j.t.JMeterThread: Thread finished: S2 1-119
2026-10-06 09:03:45,031 INFO o.a.j.t.JMeterThread: Stopping because end time detected by thread: S2 1-132
2026-10-06 09:03:45,031 INFO o.a.j.t.JMeterThread: Thread finished: S2 1-132
2026-10-06 09:03:45,034 INFO o.a.j.t.JMeterThread: Stopping because end time detected by thread: S2 1-181
2026-10-06 09:03:45,034 INFO o.a.j.t.JMeterThread: Thread finished: S2 1-181
2026-10-06 09:03:45,037 INFO o.a.j.t.JMeterThread: Stopping because end time detected by thread: S2 1-163
2026-10-06 09:03:45,037 INFO o.a.j.t.JMeterThread: Thread finished: S2 1-163
2026-10-06 09:03:45,042 INFO o.a.j.t.JMeterThread: Stopping because end time detected by thread: S2 1-1
2026-10-06 09:03:45,042 INFO o.a.j.t.JMeterThread: Thread finished: S2 1-1
2026-10-06 09:03:45,042 INFO o.a.j.t.JMeterThread: Stopping because end time detected by thread: S2 1-40
2026-10-06 09:03:45,042 INFO o.a.j.t.JMeterThread: Thread finished: S2 1-40
2026-10-06 09:03:45,052 INFO o.a.j.t.JMeterThread: Stopping because end time detected by thread: S2 1-149
2026-10-06 09:03:45,052 INFO o.a.j.t.JMeterThread: Thread finished: S2 1-149
2026-10-06 09:03:45,063 INFO o.a.j.t.JMeterThread: Stopping because end time detected by thread: S2 1-111
2026-10-06 09:03:45,063 INFO o.a.j.t.JMeterThread: Thread finished: S2 1-111
2026-10-06 09:03:45,066 INFO o.a.j.t.JMeterThread: Stopping because end time detected by thread: S2 1-188
2026-10-06 09:03:45,066 INFO o.a.j.t.JMeterThread: Thread finished: S2 1-188
2026-10-06 09:03:45,070 INFO o.a.j.t.JMeterThread: Stopping because end time detected by thread: S2 1-166
2026-10-06 09:03:45,070 INFO o.a.j.t.JMeterThread: Thread finished: S2 1-166
2026-10-06 09:03:45,073 INFO o.a.j.t.JMeterThread: Stopping because end time detected by thread: S2 1-70
2026-10-06 09:03:45,073 INFO o.a.j.t.JMeterThread: Stopping because end time detected by thread: S2 1-164
2026-10-06 09:03:45,073 INFO o.a.j.t.JMeterThread: Thread finished: S2 1-70
2026-10-06 09:03:45,073 INFO o.a.j.t.JMeterThread: Thread finished: S2 1-164
2026-10-06 09:03:45,076 INFO o.a.j.t.JMeterThread: Stopping because end time detected by thread: S2 1-9
2026-10-06 09:03:45,076 INFO o.a.j.t.JMeterThread: Thread finished: S2 1-9
2026-10-06 09:03:45,091 INFO o.a.j.t.JMeterThread: Stopping because end time detected by thread: S2 1-30
2026-10-06 09:03:45,091 INFO o.a.j.t.JMeterThread: Thread finished: S2 1-30
2026-10-06 09:03:45,093 INFO o.a.j.t.JMeterThread: Stopping because end time detected by thread: S2 1-200
2026-10-06 09:03:45,093 INFO o.a.j.t.JMeterThread: Thread finished: S2 1-200
2026-10-06 09:03:45,095 INFO o.a.j.t.JMeterThread: Stopping because end time detected by thread: S2 1-41
2026-10-06 09:03:45,095 INFO o.a.j.t.JMeterThread: Thread finished: S2 1-41
2026-10-06 09:03:45,095 INFO o.a.j.t.JMeterThread: Stopping because end time detected by thread: S2 1-6
2026-10-06 09:03:45,095 INFO o.a.j.t.JMeterThread: Thread finished: S2 1-6
2026-10-06 09:03:45,110 INFO o.a.j.t.JMeterThread: Stopping because end time detected by thread: S2 1-76
2026-10-06 09:03:45,110 INFO o.a.j.t.JMeterThread: Thread finished: S2 1-76
2026-10-06 09:03:45,123 INFO o.a.j.t.JMeterThread: Stopping because end time detected by thread: S2 1-139
2026-10-06 09:03:45,123 INFO o.a.j.t.JMeterThread: Stopping because end time detected by thread: S2 1-131
2026-10-06 09:03:45,123 INFO o.a.j.t.JMeterThread: Thread finished: S2 1-131
2026-10-06 09:03:45,123 INFO o.a.j.t.JMeterThread: Thread finished: S2 1-139
2026-10-06 09:03:45,126 INFO o.a.j.t.JMeterThread: Stopping because end time detected by thread: S2 1-150
2026-10-06 09:03:45,126 INFO o.a.j.t.JMeterThread: Thread finished: S2 1-150
2026-10-06 09:03:45,131 INFO o.a.j.t.JMeterThread: Stopping because end time detected by thread: S2 1-27
2026-10-06 09:03:45,131 INFO o.a.j.t.JMeterThread: Thread finished: S2 1-27
2026-10-06 09:03:45,138 INFO o.a.j.t.JMeterThread: Stopping because end time detected by thread: S2 1-121
2026-10-06 09:03:45,138 INFO o.a.j.t.JMeterThread: Thread finished: S2 1-121
2026-10-06 09:03:45,140 INFO o.a.j.t.JMeterThread: Stopping because end time detected by thread: S2 1-107
2026-10-06 09:03:45,140 INFO o.a.j.t.JMeterThread: Thread finished: S2 1-107
2026-10-06 09:03:45,148 INFO o.a.j.t.JMeterThread: Stopping because end time detected by thread: S2 1-102
2026-10-06 09:03:45,148 INFO o.a.j.t.JMeterThread: Thread finished: S2 1-102
2026-10-06 09:03:45,162 INFO o.a.j.t.JMeterThread: Stopping because end time detected by thread: S2 1-165
2026-10-06 09:03:45,162 INFO o.a.j.t.JMeterThread: Thread finished: S2 1-165
2026-10-06 09:03:45,165 INFO o.a.j.t.JMeterThread: Stopping because end time detected by thread: S2 1-51
2026-10-06 09:03:45,165 INFO o.a.j.t.JMeterThread: Thread finished: S2 1-51
2026-10-06 09:03:45,166 INFO o.a.j.t.JMeterThread: Stopping because end time detected by thread: S2 1-116
2026-10-06 09:03:45,166 INFO o.a.j.t.JMeterThread: Thread finished: S2 1-116
2026-10-06 09:03:45,177 INFO o.a.j.t.JMeterThread: Stopping because end time detected by thread: S2 1-95
2026-10-06 09:03:45,177 INFO o.a.j.t.JMeterThread: Thread finished: S2 1-95
2026-10-06 09:03:45,184 INFO o.a.j.t.JMeterThread: Stopping because end time detected by thread: S2 1-184
2026-10-06 09:03:45,184 INFO o.a.j.t.JMeterThread: Thread finished: S2 1-184
2026-10-06 09:03:45,199 INFO o.a.j.t.JMeterThread: Stopping because end time detected by thread: S2 1-62
2026-10-06 09:03:45,199 INFO o.a.j.t.JMeterThread: Thread finished: S2 1-62
2026-10-06 09:03:45,228 INFO o.a.j.t.JMeterThread: Stopping because end time detected by thread: S2 1-87
2026-10-06 09:03:45,228 INFO o.a.j.t.JMeterThread: Thread finished: S2 1-87
2026-10-06 09:03:45,256 INFO o.a.j.t.JMeterThread: Stopping because end time detected by thread: S2 1-198
2026-10-06 09:03:45,256 INFO o.a.j.t.JMeterThread: Thread finished: S2 1-198
2026-10-06 09:03:45,275 INFO o.a.j.t.JMeterThread: Stopping because end time detected by thread: S2 1-104
2026-10-06 09:03:45,275 INFO o.a.j.t.JMeterThread: Thread finished: S2 1-104
2026-10-06 09:03:45,285 INFO o.a.j.t.JMeterThread: Stopping because end time detected by thread: S2 1-183
2026-10-06 09:03:45,285 INFO o.a.j.t.JMeterThread: Thread finished: S2 1-183
2026-10-06 09:03:45,285 INFO o.a.j.e.StandardJMeterEngine: Notifying test listeners of end of test
2026-10-06 09:03:45,286 INFO o.a.j.s.FileServer: Close: /tests/data/available_menu_items.csv
2026-10-06 09:03:45,288 INFO o.a.j.r.Summariser: summary +   2909 in 00:00:15 =  190.3/s Avg:  1042 Min:   851 Max:  1359 Err:     0 (0.00%) Active: 0 Started: 200 Finished: 200
2026-10-06 09:03:45,288 INFO o.a.j.r.Summariser: summary =  12297 in 00:01:02 =  198.2/s Avg:   947 Min:    10 Max:  1378 Err:     0 (0.00%)
