2026-10-06 09:01:36,625 INFO o.a.j.u.JMeterUtils: Setting Locale to en_EN
2026-10-06 09:01:36,644 INFO o.a.j.JMeter: Loading user properties from: /opt/jmeter/bin/user.properties
2026-10-06 09:01:36,644 INFO o.a.j.JMeter: Loading system properties from: /opt/jmeter/bin/system.properties
2026-10-06 09:01:36,645 INFO o.a.j.JMeter: Loading additional properties from: /tests/run.properties
2026-10-06 09:01:36,645 INFO o.a.j.JMeter: Loading additional properties from: /tests/data/ranges.properties
2026-10-06 09:01:36,645 INFO o.a.j.JMeter: Setting JMeter property: host=nestjs-nginx
2026-10-06 09:01:36,645 INFO o.a.j.JMeter: Setting JMeter property: port=80
2026-10-06 09:01:36,645 INFO o.a.j.JMeter: Setting JMeter property: rampup=10
2026-10-06 09:01:36,645 INFO o.a.j.JMeter: Setting JMeter property: endpoint=EP3
2026-10-06 09:01:36,645 INFO o.a.j.JMeter: Setting JMeter property: users=200
2026-10-06 09:01:36,645 INFO o.a.j.JMeter: Setting JMeter property: duration=60
2026-10-06 09:01:36,650 INFO o.a.j.JMeter: Copyright (c) 1998-2024 The Apache Software Foundation
2026-10-06 09:01:36,650 INFO o.a.j.JMeter: Version 5.6.3
2026-10-06 09:01:36,650 INFO o.a.j.JMeter: java.version=21.0.12.1
2026-10-06 09:01:36,650 INFO o.a.j.JMeter: java.vm.name=OpenJDK 64-Bit Server VM
2026-10-06 09:01:36,650 INFO o.a.j.JMeter: os.name=Linux
2026-10-06 09:01:36,650 INFO o.a.j.JMeter: os.arch=amd64
2026-10-06 09:01:36,650 INFO o.a.j.JMeter: os.version=6.6.87.2-microsoft-standard-WSL2
2026-10-06 09:01:36,650 INFO o.a.j.JMeter: file.encoding=UTF-8
2026-10-06 09:01:36,650 INFO o.a.j.JMeter: java.awt.headless=true
2026-10-06 09:01:36,651 INFO o.a.j.JMeter: Max memory     =4294967296
2026-10-06 09:01:36,651 INFO o.a.j.JMeter: Available Processors =12
2026-10-06 09:01:36,661 INFO o.a.j.JMeter: Default Locale=English (EN)
2026-10-06 09:01:36,661 INFO o.a.j.JMeter: JMeter  Locale=English (EN)
2026-10-06 09:01:36,661 INFO o.a.j.JMeter: JMeterHome=/opt/jmeter
2026-10-06 09:01:36,661 INFO o.a.j.JMeter: user.dir  =/tests
2026-10-06 09:01:36,661 INFO o.a.j.JMeter: PWD       =/tests
2026-10-06 09:01:36,661 INFO o.a.j.JMeter: IP: 172.19.0.5 Name: e54d5fdf26d5 FullName: e54d5fdf26d5
2026-10-06 09:01:36,673 INFO o.a.j.s.FileServer: Default base='/tests'
2026-10-06 09:01:36,675 INFO o.a.j.s.FileServer: Set new base='/tests'
2026-10-06 09:01:36,867 INFO o.a.j.s.SaveService: Testplan (JMX) version: 2.2. Testlog (JTL) version: 2.2
2026-10-06 09:01:36,890 INFO o.a.j.s.SaveService: Using SaveService properties version 5.0
2026-10-06 09:01:36,893 INFO o.a.j.s.SaveService: Using SaveService properties file encoding UTF-8
2026-10-06 09:01:36,896 INFO o.a.j.s.SaveService: Loading file: /tests/s2.jmx
2026-10-06 09:01:36,938 INFO o.a.j.p.h.s.HTTPSamplerBase: Parser for text/html is org.apache.jmeter.protocol.http.parser.LagartoBasedHtmlParser
2026-10-06 09:01:36,938 INFO o.a.j.p.h.s.HTTPSamplerBase: Parser for application/xhtml+xml is org.apache.jmeter.protocol.http.parser.LagartoBasedHtmlParser
2026-10-06 09:01:36,938 INFO o.a.j.p.h.s.HTTPSamplerBase: Parser for application/xml is org.apache.jmeter.protocol.http.parser.LagartoBasedHtmlParser
2026-10-06 09:01:36,938 INFO o.a.j.p.h.s.HTTPSamplerBase: Parser for text/xml is org.apache.jmeter.protocol.http.parser.LagartoBasedHtmlParser
2026-10-06 09:01:36,938 INFO o.a.j.p.h.s.HTTPSamplerBase: Parser for text/vnd.wap.wml is org.apache.jmeter.protocol.http.parser.RegexpHTMLParser
2026-10-06 09:01:36,938 INFO o.a.j.p.h.s.HTTPSamplerBase: Parser for text/css is org.apache.jmeter.protocol.http.parser.CssParser
2026-10-06 09:01:36,981 INFO o.a.j.JMeter: Creating summariser <summary>
2026-10-06 09:01:36,995 INFO o.a.j.e.StandardJMeterEngine: Running the test!
2026-10-06 09:01:36,996 INFO o.a.j.s.SampleEvent: List of sample_variables: []
2026-10-06 09:01:36,996 INFO o.a.j.s.SampleEvent: List of sample_variables: []
2026-10-06 09:01:36,999 INFO o.a.j.e.u.CompoundVariable: Note: Function class names must contain the string: '.functions.'
2026-10-06 09:01:36,999 INFO o.a.j.e.u.CompoundVariable: Note: Function class names must not contain the string: '.gui.'
2026-10-06 09:01:37,200 INFO o.a.j.JMeter: Running test (1791277297200)
2026-10-06 09:01:37,201 INFO o.a.j.e.StandardJMeterEngine: Starting setUp thread groups
2026-10-06 09:01:37,202 INFO o.a.j.e.StandardJMeterEngine: Starting setUp ThreadGroup: 1 : setUp - login 
2026-10-06 09:01:37,202 INFO o.a.j.e.StandardJMeterEngine: Starting 1 threads for group setUp - login.
2026-10-06 09:01:37,202 INFO o.a.j.e.StandardJMeterEngine: Test will stop abruptly on error
2026-10-06 09:01:37,202 INFO o.a.j.t.ThreadGroup: Starting thread group... number=1 threads=1 ramp-up=1 delayedStart=false
2026-10-06 09:01:37,205 INFO o.a.j.t.ThreadGroup: Started thread group number 1
2026-10-06 09:01:37,205 INFO o.a.j.e.StandardJMeterEngine: Waiting for all setup thread groups to exit
2026-10-06 09:01:37,206 INFO o.a.j.t.JMeterThread: Thread started: setUp - login 1-1
2026-10-06 09:01:37,217 INFO o.a.j.p.h.s.HTTPHCAbstractImpl: Local host = e54d5fdf26d5
2026-10-06 09:01:37,221 INFO o.a.j.p.h.s.HTTPHC4Impl: HTTP request retry count = 0
2026-10-06 09:01:37,222 INFO o.a.j.s.SampleResult: Note: Sample TimeStamps are START times
2026-10-06 09:01:37,222 INFO o.a.j.s.SampleResult: sampleresult.default.encoding is set to UTF-8
2026-10-06 09:01:37,222 INFO o.a.j.s.SampleResult: sampleresult.useNanoTime=true
2026-10-06 09:01:37,222 INFO o.a.j.s.SampleResult: sampleresult.nanoThreadSleep=5000
2026-10-06 09:01:37,965 INFO o.a.j.t.JMeterThread: Thread is done: setUp - login 1-1
2026-10-06 09:01:37,965 INFO o.a.j.t.JMeterThread: Thread finished: setUp - login 1-1
2026-10-06 09:01:37,965 INFO o.a.j.e.StandardJMeterEngine: All Setup Threads have ended
2026-10-06 09:01:37,989 INFO o.a.j.e.StandardJMeterEngine: Starting ThreadGroup: 1 : S2
2026-10-06 09:01:37,989 INFO o.a.j.e.StandardJMeterEngine: Starting 200 threads for group S2.
2026-10-06 09:01:37,990 INFO o.a.j.e.StandardJMeterEngine: Thread will continue on error
2026-10-06 09:01:37,990 INFO o.a.j.t.ThreadGroup: Starting thread group... number=1 threads=200 ramp-up=10 delayedStart=false
2026-10-06 09:01:38,000 INFO o.a.j.t.JMeterThread: Thread started: S2 1-1
2026-10-06 09:01:38,001 INFO o.a.j.s.FileServer: Stored: /tests/data/available_menu_items.csv
2026-10-06 09:01:38,049 INFO o.a.j.t.JMeterThread: Thread started: S2 1-2
2026-10-06 09:01:38,098 INFO o.a.j.t.ThreadGroup: Started thread group number 1
2026-10-06 09:01:38,098 INFO o.a.j.e.StandardJMeterEngine: All thread groups have been started
2026-10-06 09:01:38,098 INFO o.a.j.t.JMeterThread: Thread started: S2 1-3
2026-10-06 09:01:38,147 INFO o.a.j.t.JMeterThread: Thread started: S2 1-4
2026-10-06 09:01:38,195 INFO o.a.j.t.JMeterThread: Thread started: S2 1-5
2026-10-06 09:01:38,245 INFO o.a.j.t.JMeterThread: Thread started: S2 1-6
2026-10-06 09:01:38,294 INFO o.a.j.t.JMeterThread: Thread started: S2 1-7
2026-10-06 09:01:38,344 INFO o.a.j.t.JMeterThread: Thread started: S2 1-8
2026-10-06 09:01:38,392 INFO o.a.j.t.JMeterThread: Thread started: S2 1-9
2026-10-06 09:01:38,442 INFO o.a.j.t.JMeterThread: Thread started: S2 1-10
2026-10-06 09:01:38,492 INFO o.a.j.t.JMeterThread: Thread started: S2 1-11
2026-10-06 09:01:38,541 INFO o.a.j.t.JMeterThread: Thread started: S2 1-12
2026-10-06 09:01:38,592 INFO o.a.j.t.JMeterThread: Thread started: S2 1-13
2026-10-06 09:01:38,641 INFO o.a.j.t.JMeterThread: Thread started: S2 1-14
2026-10-06 09:01:38,691 INFO o.a.j.t.JMeterThread: Thread started: S2 1-15
2026-10-06 09:01:38,742 INFO o.a.j.t.JMeterThread: Thread started: S2 1-16
2026-10-06 09:01:38,792 INFO o.a.j.t.JMeterThread: Thread started: S2 1-17
2026-10-06 09:01:38,842 INFO o.a.j.t.JMeterThread: Thread started: S2 1-18
2026-10-06 09:01:38,892 INFO o.a.j.t.JMeterThread: Thread started: S2 1-19
2026-10-06 09:01:38,941 INFO o.a.j.t.JMeterThread: Thread started: S2 1-20
2026-10-06 09:01:38,991 INFO o.a.j.t.JMeterThread: Thread started: S2 1-21
2026-10-06 09:01:39,042 INFO o.a.j.t.JMeterThread: Thread started: S2 1-22
2026-10-06 09:01:39,091 INFO o.a.j.t.JMeterThread: Thread started: S2 1-23
2026-10-06 09:01:39,141 INFO o.a.j.t.JMeterThread: Thread started: S2 1-24
2026-10-06 09:01:39,191 INFO o.a.j.t.JMeterThread: Thread started: S2 1-25
2026-10-06 09:01:39,242 INFO o.a.j.t.JMeterThread: Thread started: S2 1-26
2026-10-06 09:01:39,291 INFO o.a.j.t.JMeterThread: Thread started: S2 1-27
2026-10-06 09:01:39,342 INFO o.a.j.t.JMeterThread: Thread started: S2 1-28
2026-10-06 09:01:39,391 INFO o.a.j.t.JMeterThread: Thread started: S2 1-29
2026-10-06 09:01:39,441 INFO o.a.j.t.JMeterThread: Thread started: S2 1-30
2026-10-06 09:01:39,491 INFO o.a.j.t.JMeterThread: Thread started: S2 1-31
2026-10-06 09:01:39,540 INFO o.a.j.t.JMeterThread: Thread started: S2 1-32
2026-10-06 09:01:39,592 INFO o.a.j.t.JMeterThread: Thread started: S2 1-33
2026-10-06 09:01:39,640 INFO o.a.j.t.JMeterThread: Thread started: S2 1-34
2026-10-06 09:01:39,691 INFO o.a.j.t.JMeterThread: Thread started: S2 1-35
2026-10-06 09:01:39,741 INFO o.a.j.t.JMeterThread: Thread started: S2 1-36
2026-10-06 09:01:39,792 INFO o.a.j.t.JMeterThread: Thread started: S2 1-37
2026-10-06 09:01:39,841 INFO o.a.j.t.JMeterThread: Thread started: S2 1-38
2026-10-06 09:01:39,892 INFO o.a.j.t.JMeterThread: Thread started: S2 1-39
2026-10-06 09:01:39,942 INFO o.a.j.t.JMeterThread: Thread started: S2 1-40
2026-10-06 09:01:39,992 INFO o.a.j.t.JMeterThread: Thread started: S2 1-41
2026-10-06 09:01:40,041 INFO o.a.j.t.JMeterThread: Thread started: S2 1-42
2026-10-06 09:01:40,092 INFO o.a.j.t.JMeterThread: Thread started: S2 1-43
2026-10-06 09:01:40,141 INFO o.a.j.t.JMeterThread: Thread started: S2 1-44
2026-10-06 09:01:40,191 INFO o.a.j.t.JMeterThread: Thread started: S2 1-45
2026-10-06 09:01:40,241 INFO o.a.j.t.JMeterThread: Thread started: S2 1-46
2026-10-06 09:01:40,291 INFO o.a.j.t.JMeterThread: Thread started: S2 1-47
2026-10-06 09:01:40,342 INFO o.a.j.t.JMeterThread: Thread started: S2 1-48
2026-10-06 09:01:40,391 INFO o.a.j.t.JMeterThread: Thread started: S2 1-49
2026-10-06 09:01:40,442 INFO o.a.j.t.JMeterThread: Thread started: S2 1-50
2026-10-06 09:01:40,491 INFO o.a.j.t.JMeterThread: Thread started: S2 1-51
2026-10-06 09:01:40,542 INFO o.a.j.t.JMeterThread: Thread started: S2 1-52
2026-10-06 09:01:40,591 INFO o.a.j.t.JMeterThread: Thread started: S2 1-53
2026-10-06 09:01:40,641 INFO o.a.j.t.JMeterThread: Thread started: S2 1-54
2026-10-06 09:01:40,691 INFO o.a.j.t.JMeterThread: Thread started: S2 1-55
2026-10-06 09:01:40,742 INFO o.a.j.t.JMeterThread: Thread started: S2 1-56
2026-10-06 09:01:40,792 INFO o.a.j.t.JMeterThread: Thread started: S2 1-57
2026-10-06 09:01:40,842 INFO o.a.j.t.JMeterThread: Thread started: S2 1-58
2026-10-06 09:01:40,891 INFO o.a.j.t.JMeterThread: Thread started: S2 1-59
2026-10-06 09:01:40,942 INFO o.a.j.t.JMeterThread: Thread started: S2 1-60
2026-10-06 09:01:40,991 INFO o.a.j.t.JMeterThread: Thread started: S2 1-61
2026-10-06 09:01:41,041 INFO o.a.j.t.JMeterThread: Thread started: S2 1-62
2026-10-06 09:01:41,091 INFO o.a.j.t.JMeterThread: Thread started: S2 1-63
2026-10-06 09:01:41,141 INFO o.a.j.t.JMeterThread: Thread started: S2 1-64
2026-10-06 09:01:41,191 INFO o.a.j.t.JMeterThread: Thread started: S2 1-65
2026-10-06 09:01:41,242 INFO o.a.j.t.JMeterThread: Thread started: S2 1-66
2026-10-06 09:01:41,290 INFO o.a.j.t.JMeterThread: Thread started: S2 1-67
2026-10-06 09:01:41,342 INFO o.a.j.t.JMeterThread: Thread started: S2 1-68
2026-10-06 09:01:41,392 INFO o.a.j.t.JMeterThread: Thread started: S2 1-69
2026-10-06 09:01:41,441 INFO o.a.j.t.JMeterThread: Thread started: S2 1-70
2026-10-06 09:01:41,491 INFO o.a.j.t.JMeterThread: Thread started: S2 1-71
2026-10-06 09:01:41,541 INFO o.a.j.t.JMeterThread: Thread started: S2 1-72
2026-10-06 09:01:41,592 INFO o.a.j.t.JMeterThread: Thread started: S2 1-73
2026-10-06 09:01:41,641 INFO o.a.j.t.JMeterThread: Thread started: S2 1-74
2026-10-06 09:01:41,692 INFO o.a.j.t.JMeterThread: Thread started: S2 1-75
2026-10-06 09:01:41,740 INFO o.a.j.t.JMeterThread: Thread started: S2 1-76
2026-10-06 09:01:41,791 INFO o.a.j.t.JMeterThread: Thread started: S2 1-77
2026-10-06 09:01:41,840 INFO o.a.j.t.JMeterThread: Thread started: S2 1-78
2026-10-06 09:01:41,891 INFO o.a.j.t.JMeterThread: Thread started: S2 1-79
2026-10-06 09:01:41,941 INFO o.a.j.t.JMeterThread: Thread started: S2 1-80
2026-10-06 09:01:41,992 INFO o.a.j.t.JMeterThread: Thread started: S2 1-81
2026-10-06 09:01:42,041 INFO o.a.j.t.JMeterThread: Thread started: S2 1-82
2026-10-06 09:01:42,091 INFO o.a.j.t.JMeterThread: Thread started: S2 1-83
2026-10-06 09:01:42,142 INFO o.a.j.t.JMeterThread: Thread started: S2 1-84
2026-10-06 09:01:42,191 INFO o.a.j.t.JMeterThread: Thread started: S2 1-85
2026-10-06 09:01:42,241 INFO o.a.j.t.JMeterThread: Thread started: S2 1-86
2026-10-06 09:01:42,292 INFO o.a.j.t.JMeterThread: Thread started: S2 1-87
2026-10-06 09:01:42,342 INFO o.a.j.t.JMeterThread: Thread started: S2 1-88
2026-10-06 09:01:42,391 INFO o.a.j.t.JMeterThread: Thread started: S2 1-89
2026-10-06 09:01:42,442 INFO o.a.j.t.JMeterThread: Thread started: S2 1-90
2026-10-06 09:01:42,490 INFO o.a.j.t.JMeterThread: Thread started: S2 1-91
2026-10-06 09:01:42,541 INFO o.a.j.t.JMeterThread: Thread started: S2 1-92
2026-10-06 09:01:42,591 INFO o.a.j.t.JMeterThread: Thread started: S2 1-93
2026-10-06 09:01:42,641 INFO o.a.j.t.JMeterThread: Thread started: S2 1-94
2026-10-06 09:01:42,691 INFO o.a.j.t.JMeterThread: Thread started: S2 1-95
2026-10-06 09:01:42,740 INFO o.a.j.t.JMeterThread: Thread started: S2 1-96
2026-10-06 09:01:42,792 INFO o.a.j.t.JMeterThread: Thread started: S2 1-97
2026-10-06 09:01:42,841 INFO o.a.j.t.JMeterThread: Thread started: S2 1-98
2026-10-06 09:01:42,891 INFO o.a.j.t.JMeterThread: Thread started: S2 1-99
2026-10-06 09:01:42,941 INFO o.a.j.t.JMeterThread: Thread started: S2 1-100
2026-10-06 09:01:42,990 INFO o.a.j.t.JMeterThread: Thread started: S2 1-101
2026-10-06 09:01:43,041 INFO o.a.j.t.JMeterThread: Thread started: S2 1-102
2026-10-06 09:01:43,090 INFO o.a.j.t.JMeterThread: Thread started: S2 1-103
2026-10-06 09:01:43,142 INFO o.a.j.t.JMeterThread: Thread started: S2 1-104
2026-10-06 09:01:43,191 INFO o.a.j.t.JMeterThread: Thread started: S2 1-105
2026-10-06 09:01:43,240 INFO o.a.j.t.JMeterThread: Thread started: S2 1-106
2026-10-06 09:01:43,291 INFO o.a.j.t.JMeterThread: Thread started: S2 1-107
2026-10-06 09:01:43,342 INFO o.a.j.t.JMeterThread: Thread started: S2 1-108
2026-10-06 09:01:43,391 INFO o.a.j.t.JMeterThread: Thread started: S2 1-109
2026-10-06 09:01:43,440 INFO o.a.j.t.JMeterThread: Thread started: S2 1-110
2026-10-06 09:01:43,492 INFO o.a.j.t.JMeterThread: Thread started: S2 1-111
2026-10-06 09:01:43,541 INFO o.a.j.t.JMeterThread: Thread started: S2 1-112
2026-10-06 09:01:43,591 INFO o.a.j.t.JMeterThread: Thread started: S2 1-113
2026-10-06 09:01:43,641 INFO o.a.j.t.JMeterThread: Thread started: S2 1-114
2026-10-06 09:01:43,691 INFO o.a.j.t.JMeterThread: Thread started: S2 1-115
2026-10-06 09:01:43,740 INFO o.a.j.t.JMeterThread: Thread started: S2 1-116
2026-10-06 09:01:43,792 INFO o.a.j.t.JMeterThread: Thread started: S2 1-117
2026-10-06 09:01:43,841 INFO o.a.j.t.JMeterThread: Thread started: S2 1-118
2026-10-06 09:01:43,891 INFO o.a.j.t.JMeterThread: Thread started: S2 1-119
2026-10-06 09:01:43,941 INFO o.a.j.t.JMeterThread: Thread started: S2 1-120
2026-10-06 09:01:43,992 INFO o.a.j.t.JMeterThread: Thread started: S2 1-121
2026-10-06 09:01:44,042 INFO o.a.j.t.JMeterThread: Thread started: S2 1-122
2026-10-06 09:01:44,091 INFO o.a.j.t.JMeterThread: Thread started: S2 1-123
2026-10-06 09:01:44,141 INFO o.a.j.t.JMeterThread: Thread started: S2 1-124
2026-10-06 09:01:44,191 INFO o.a.j.t.JMeterThread: Thread started: S2 1-125
2026-10-06 09:01:44,242 INFO o.a.j.t.JMeterThread: Thread started: S2 1-126
2026-10-06 09:01:44,292 INFO o.a.j.t.JMeterThread: Thread started: S2 1-127
2026-10-06 09:01:44,341 INFO o.a.j.t.JMeterThread: Thread started: S2 1-128
2026-10-06 09:01:44,391 INFO o.a.j.t.JMeterThread: Thread started: S2 1-129
2026-10-06 09:01:44,441 INFO o.a.j.t.JMeterThread: Thread started: S2 1-130
2026-10-06 09:01:44,490 INFO o.a.j.t.JMeterThread: Thread started: S2 1-131
2026-10-06 09:01:44,541 INFO o.a.j.t.JMeterThread: Thread started: S2 1-132
2026-10-06 09:01:44,592 INFO o.a.j.t.JMeterThread: Thread started: S2 1-133
2026-10-06 09:01:44,641 INFO o.a.j.t.JMeterThread: Thread started: S2 1-134
2026-10-06 09:01:44,691 INFO o.a.j.t.JMeterThread: Thread started: S2 1-135
2026-10-06 09:01:44,741 INFO o.a.j.t.JMeterThread: Thread started: S2 1-136
2026-10-06 09:01:44,791 INFO o.a.j.t.JMeterThread: Thread started: S2 1-137
2026-10-06 09:01:44,840 INFO o.a.j.t.JMeterThread: Thread started: S2 1-138
2026-10-06 09:01:44,891 INFO o.a.j.t.JMeterThread: Thread started: S2 1-139
2026-10-06 09:01:44,941 INFO o.a.j.t.JMeterThread: Thread started: S2 1-140
2026-10-06 09:01:44,991 INFO o.a.j.t.JMeterThread: Thread started: S2 1-141
2026-10-06 09:01:45,041 INFO o.a.j.t.JMeterThread: Thread started: S2 1-142
2026-10-06 09:01:45,091 INFO o.a.j.t.JMeterThread: Thread started: S2 1-143
2026-10-06 09:01:45,142 INFO o.a.j.t.JMeterThread: Thread started: S2 1-144
2026-10-06 09:01:45,190 INFO o.a.j.t.JMeterThread: Thread started: S2 1-145
2026-10-06 09:01:45,242 INFO o.a.j.t.JMeterThread: Thread started: S2 1-146
2026-10-06 09:01:45,291 INFO o.a.j.t.JMeterThread: Thread started: S2 1-147
2026-10-06 09:01:45,341 INFO o.a.j.t.JMeterThread: Thread started: S2 1-148
2026-10-06 09:01:45,391 INFO o.a.j.t.JMeterThread: Thread started: S2 1-149
2026-10-06 09:01:45,441 INFO o.a.j.t.JMeterThread: Thread started: S2 1-150
2026-10-06 09:01:45,491 INFO o.a.j.t.JMeterThread: Thread started: S2 1-151
2026-10-06 09:01:45,541 INFO o.a.j.t.JMeterThread: Thread started: S2 1-152
2026-10-06 09:01:45,591 INFO o.a.j.t.JMeterThread: Thread started: S2 1-153
2026-10-06 09:01:45,641 INFO o.a.j.t.JMeterThread: Thread started: S2 1-154
2026-10-06 09:01:45,691 INFO o.a.j.t.JMeterThread: Thread started: S2 1-155
2026-10-06 09:01:45,742 INFO o.a.j.t.JMeterThread: Thread started: S2 1-156
2026-10-06 09:01:45,791 INFO o.a.j.t.JMeterThread: Thread started: S2 1-157
2026-10-06 09:01:45,842 INFO o.a.j.t.JMeterThread: Thread started: S2 1-158
2026-10-06 09:01:45,892 INFO o.a.j.t.JMeterThread: Thread started: S2 1-159
2026-10-06 09:01:45,941 INFO o.a.j.t.JMeterThread: Thread started: S2 1-160
2026-10-06 09:01:45,991 INFO o.a.j.t.JMeterThread: Thread started: S2 1-161
2026-10-06 09:01:46,042 INFO o.a.j.t.JMeterThread: Thread started: S2 1-162
2026-10-06 09:01:46,090 INFO o.a.j.t.JMeterThread: Thread started: S2 1-163
2026-10-06 09:01:46,142 INFO o.a.j.t.JMeterThread: Thread started: S2 1-164
2026-10-06 09:01:46,191 INFO o.a.j.t.JMeterThread: Thread started: S2 1-165
2026-10-06 09:01:46,240 INFO o.a.j.t.JMeterThread: Thread started: S2 1-166
2026-10-06 09:01:46,292 INFO o.a.j.t.JMeterThread: Thread started: S2 1-167
2026-10-06 09:01:46,342 INFO o.a.j.t.JMeterThread: Thread started: S2 1-168
2026-10-06 09:01:46,391 INFO o.a.j.t.JMeterThread: Thread started: S2 1-169
2026-10-06 09:01:46,440 INFO o.a.j.t.JMeterThread: Thread started: S2 1-170
2026-10-06 09:01:46,491 INFO o.a.j.t.JMeterThread: Thread started: S2 1-171
2026-10-06 09:01:46,540 INFO o.a.j.t.JMeterThread: Thread started: S2 1-172
2026-10-06 09:01:46,600 INFO o.a.j.t.JMeterThread: Thread started: S2 1-173
2026-10-06 09:01:46,642 INFO o.a.j.t.JMeterThread: Thread started: S2 1-174
2026-10-06 09:01:46,690 INFO o.a.j.t.JMeterThread: Thread started: S2 1-175
2026-10-06 09:01:46,741 INFO o.a.j.t.JMeterThread: Thread started: S2 1-176
2026-10-06 09:01:46,791 INFO o.a.j.t.JMeterThread: Thread started: S2 1-177
2026-10-06 09:01:46,841 INFO o.a.j.t.JMeterThread: Thread started: S2 1-178
2026-10-06 09:01:46,891 INFO o.a.j.t.JMeterThread: Thread started: S2 1-179
2026-10-06 09:01:46,941 INFO o.a.j.t.JMeterThread: Thread started: S2 1-180
2026-10-06 09:01:46,992 INFO o.a.j.t.JMeterThread: Thread started: S2 1-181
2026-10-06 09:01:47,041 INFO o.a.j.t.JMeterThread: Thread started: S2 1-182
2026-10-06 09:01:47,091 INFO o.a.j.t.JMeterThread: Thread started: S2 1-183
2026-10-06 09:01:47,140 INFO o.a.j.t.JMeterThread: Thread started: S2 1-184
2026-10-06 09:01:47,191 INFO o.a.j.t.JMeterThread: Thread started: S2 1-185
2026-10-06 09:01:47,241 INFO o.a.j.t.JMeterThread: Thread started: S2 1-186
2026-10-06 09:01:47,291 INFO o.a.j.t.JMeterThread: Thread started: S2 1-187
2026-10-06 09:01:47,341 INFO o.a.j.t.JMeterThread: Thread started: S2 1-188
2026-10-06 09:01:47,391 INFO o.a.j.t.JMeterThread: Thread started: S2 1-189
2026-10-06 09:01:47,441 INFO o.a.j.t.JMeterThread: Thread started: S2 1-190
2026-10-06 09:01:47,492 INFO o.a.j.t.JMeterThread: Thread started: S2 1-191
2026-10-06 09:01:47,543 INFO o.a.j.t.JMeterThread: Thread started: S2 1-192
2026-10-06 09:01:47,590 INFO o.a.j.t.JMeterThread: Thread started: S2 1-193
2026-10-06 09:01:47,641 INFO o.a.j.t.JMeterThread: Thread started: S2 1-194
2026-10-06 09:01:47,690 INFO o.a.j.t.JMeterThread: Thread started: S2 1-195
2026-10-06 09:01:47,741 INFO o.a.j.t.JMeterThread: Thread started: S2 1-196
2026-10-06 09:01:47,790 INFO o.a.j.t.JMeterThread: Thread started: S2 1-197
2026-10-06 09:01:47,841 INFO o.a.j.t.JMeterThread: Thread started: S2 1-198
2026-10-06 09:01:47,897 INFO o.a.j.t.JMeterThread: Thread started: S2 1-199
2026-10-06 09:01:47,947 INFO o.a.j.t.JMeterThread: Thread started: S2 1-200
2026-10-06 09:02:00,004 INFO o.a.j.r.Summariser: summary +   4335 in 00:00:23 =  190.1/s Avg:   838 Min:    15 Max:  1254 Err:     0 (0.00%) Active: 200 Started: 200 Finished: 0
2026-10-06 09:02:30,000 INFO o.a.j.r.Summariser: summary +   6078 in 00:00:30 =  202.6/s Avg:  1042 Min:   828 Max:  1324 Err:     0 (0.00%) Active: 200 Started: 200 Finished: 0
2026-10-06 09:02:30,000 INFO o.a.j.r.Summariser: summary =  10413 in 00:00:53 =  197.2/s Avg:   957 Min:    15 Max:  1324 Err:     0 (0.00%)
2026-10-06 09:02:38,046 INFO o.a.j.t.JMeterThread: Stopping because end time detected by thread: S2 1-32
2026-10-06 09:02:38,047 INFO o.a.j.t.JMeterThread: Thread finished: S2 1-32
2026-10-06 09:02:38,061 INFO o.a.j.t.JMeterThread: Stopping because end time detected by thread: S2 1-37
2026-10-06 09:02:38,061 INFO o.a.j.t.JMeterThread: Thread finished: S2 1-37
2026-10-06 09:02:38,069 INFO o.a.j.t.JMeterThread: Stopping because end time detected by thread: S2 1-53
2026-10-06 09:02:38,069 INFO o.a.j.t.JMeterThread: Stopping because end time detected by thread: S2 1-17
2026-10-06 09:02:38,069 INFO o.a.j.t.JMeterThread: Thread finished: S2 1-53
2026-10-06 09:02:38,069 INFO o.a.j.t.JMeterThread: Thread finished: S2 1-17
2026-10-06 09:02:38,076 INFO o.a.j.t.JMeterThread: Stopping because end time detected by thread: S2 1-44
2026-10-06 09:02:38,076 INFO o.a.j.t.JMeterThread: Thread finished: S2 1-44
2026-10-06 09:02:38,077 INFO o.a.j.t.JMeterThread: Stopping because end time detected by thread: S2 1-26
2026-10-06 09:02:38,077 INFO o.a.j.t.JMeterThread: Thread finished: S2 1-26
2026-10-06 09:02:38,091 INFO o.a.j.t.JMeterThread: Stopping because end time detected by thread: S2 1-173
2026-10-06 09:02:38,091 INFO o.a.j.t.JMeterThread: Thread finished: S2 1-173
2026-10-06 09:02:38,091 INFO o.a.j.t.JMeterThread: Stopping because end time detected by thread: S2 1-157
2026-10-06 09:02:38,091 INFO o.a.j.t.JMeterThread: Thread finished: S2 1-157
2026-10-06 09:02:38,095 INFO o.a.j.t.JMeterThread: Stopping because end time detected by thread: S2 1-42
2026-10-06 09:02:38,095 INFO o.a.j.t.JMeterThread: Thread finished: S2 1-42
2026-10-06 09:02:38,102 INFO o.a.j.t.JMeterThread: Stopping because end time detected by thread: S2 1-81
2026-10-06 09:02:38,102 INFO o.a.j.t.JMeterThread: Thread finished: S2 1-81
2026-10-06 09:02:38,107 INFO o.a.j.t.JMeterThread: Stopping because end time detected by thread: S2 1-123
2026-10-06 09:02:38,107 INFO o.a.j.t.JMeterThread: Thread finished: S2 1-123
2026-10-06 09:02:38,110 INFO o.a.j.t.JMeterThread: Stopping because end time detected by thread: S2 1-176
2026-10-06 09:02:38,110 INFO o.a.j.t.JMeterThread: Thread finished: S2 1-176
2026-10-06 09:02:38,124 INFO o.a.j.t.JMeterThread: Stopping because end time detected by thread: S2 1-158
2026-10-06 09:02:38,124 INFO o.a.j.t.JMeterThread: Thread finished: S2 1-158
2026-10-06 09:02:38,131 INFO o.a.j.t.JMeterThread: Stopping because end time detected by thread: S2 1-21
2026-10-06 09:02:38,131 INFO o.a.j.t.JMeterThread: Thread finished: S2 1-21
2026-10-06 09:02:38,133 INFO o.a.j.t.JMeterThread: Stopping because end time detected by thread: S2 1-31
2026-10-06 09:02:38,134 INFO o.a.j.t.JMeterThread: Thread finished: S2 1-31
2026-10-06 09:02:38,135 INFO o.a.j.t.JMeterThread: Stopping because end time detected by thread: S2 1-88
2026-10-06 09:02:38,135 INFO o.a.j.t.JMeterThread: Thread finished: S2 1-88
2026-10-06 09:02:38,144 INFO o.a.j.t.JMeterThread: Stopping because end time detected by thread: S2 1-197
2026-10-06 09:02:38,144 INFO o.a.j.t.JMeterThread: Thread finished: S2 1-197
2026-10-06 09:02:38,144 INFO o.a.j.t.JMeterThread: Stopping because end time detected by thread: S2 1-35
2026-10-06 09:02:38,144 INFO o.a.j.t.JMeterThread: Thread finished: S2 1-35
2026-10-06 09:02:38,147 INFO o.a.j.t.JMeterThread: Stopping because end time detected by thread: S2 1-128
2026-10-06 09:02:38,147 INFO o.a.j.t.JMeterThread: Stopping because end time detected by thread: S2 1-80
2026-10-06 09:02:38,147 INFO o.a.j.t.JMeterThread: Thread finished: S2 1-128
2026-10-06 09:02:38,147 INFO o.a.j.t.JMeterThread: Thread finished: S2 1-80
2026-10-06 09:02:38,170 INFO o.a.j.t.JMeterThread: Stopping because end time detected by thread: S2 1-177
2026-10-06 09:02:38,170 INFO o.a.j.t.JMeterThread: Thread finished: S2 1-177
2026-10-06 09:02:38,175 INFO o.a.j.t.JMeterThread: Stopping because end time detected by thread: S2 1-115
2026-10-06 09:02:38,175 INFO o.a.j.t.JMeterThread: Thread finished: S2 1-115
2026-10-06 09:02:38,176 INFO o.a.j.t.JMeterThread: Stopping because end time detected by thread: S2 1-174
2026-10-06 09:02:38,176 INFO o.a.j.t.JMeterThread: Thread finished: S2 1-174
2026-10-06 09:02:38,178 INFO o.a.j.t.JMeterThread: Stopping because end time detected by thread: S2 1-2
2026-10-06 09:02:38,179 INFO o.a.j.t.JMeterThread: Thread finished: S2 1-2
2026-10-06 09:02:38,180 INFO o.a.j.t.JMeterThread: Stopping because end time detected by thread: S2 1-114
2026-10-06 09:02:38,180 INFO o.a.j.t.JMeterThread: Thread finished: S2 1-114
2026-10-06 09:02:38,190 INFO o.a.j.t.JMeterThread: Stopping because end time detected by thread: S2 1-60
2026-10-06 09:02:38,190 INFO o.a.j.t.JMeterThread: Thread finished: S2 1-60
2026-10-06 09:02:38,200 INFO o.a.j.t.JMeterThread: Stopping because end time detected by thread: S2 1-182
2026-10-06 09:02:38,200 INFO o.a.j.t.JMeterThread: Thread finished: S2 1-182
2026-10-06 09:02:38,210 INFO o.a.j.t.JMeterThread: Stopping because end time detected by thread: S2 1-85
2026-10-06 09:02:38,210 INFO o.a.j.t.JMeterThread: Thread finished: S2 1-85
2026-10-06 09:02:38,216 INFO o.a.j.t.JMeterThread: Stopping because end time detected by thread: S2 1-94
2026-10-06 09:02:38,216 INFO o.a.j.t.JMeterThread: Thread finished: S2 1-94
2026-10-06 09:02:38,219 INFO o.a.j.t.JMeterThread: Stopping because end time detected by thread: S2 1-73
2026-10-06 09:02:38,219 INFO o.a.j.t.JMeterThread: Thread finished: S2 1-73
2026-10-06 09:02:38,222 INFO o.a.j.t.JMeterThread: Stopping because end time detected by thread: S2 1-125
2026-10-06 09:02:38,222 INFO o.a.j.t.JMeterThread: Thread finished: S2 1-125
2026-10-06 09:02:38,239 INFO o.a.j.t.JMeterThread: Stopping because end time detected by thread: S2 1-46
2026-10-06 09:02:38,239 INFO o.a.j.t.JMeterThread: Thread finished: S2 1-46
2026-10-06 09:02:38,241 INFO o.a.j.t.JMeterThread: Stopping because end time detected by thread: S2 1-145
2026-10-06 09:02:38,241 INFO o.a.j.t.JMeterThread: Thread finished: S2 1-145
2026-10-06 09:02:38,243 INFO o.a.j.t.JMeterThread: Stopping because end time detected by thread: S2 1-142
2026-10-06 09:02:38,243 INFO o.a.j.t.JMeterThread: Thread finished: S2 1-142
2026-10-06 09:02:38,249 INFO o.a.j.t.JMeterThread: Stopping because end time detected by thread: S2 1-55
2026-10-06 09:02:38,249 INFO o.a.j.t.JMeterThread: Thread finished: S2 1-55
2026-10-06 09:02:38,253 INFO o.a.j.t.JMeterThread: Stopping because end time detected by thread: S2 1-101
2026-10-06 09:02:38,253 INFO o.a.j.t.JMeterThread: Thread finished: S2 1-101
2026-10-06 09:02:38,257 INFO o.a.j.t.JMeterThread: Stopping because end time detected by thread: S2 1-86
2026-10-06 09:02:38,257 INFO o.a.j.t.JMeterThread: Thread finished: S2 1-86
2026-10-06 09:02:38,272 INFO o.a.j.t.JMeterThread: Stopping because end time detected by thread: S2 1-196
2026-10-06 09:02:38,272 INFO o.a.j.t.JMeterThread: Thread finished: S2 1-196
2026-10-06 09:02:38,272 INFO o.a.j.t.JMeterThread: Stopping because end time detected by thread: S2 1-104
2026-10-06 09:02:38,273 INFO o.a.j.t.JMeterThread: Thread finished: S2 1-104
2026-10-06 09:02:38,278 INFO o.a.j.t.JMeterThread: Stopping because end time detected by thread: S2 1-58
2026-10-06 09:02:38,278 INFO o.a.j.t.JMeterThread: Thread finished: S2 1-58
2026-10-06 09:02:38,280 INFO o.a.j.t.JMeterThread: Stopping because end time detected by thread: S2 1-147
2026-10-06 09:02:38,280 INFO o.a.j.t.JMeterThread: Thread finished: S2 1-147
2026-10-06 09:02:38,285 INFO o.a.j.t.JMeterThread: Stopping because end time detected by thread: S2 1-194
2026-10-06 09:02:38,286 INFO o.a.j.t.JMeterThread: Thread finished: S2 1-194
2026-10-06 09:02:38,286 INFO o.a.j.t.JMeterThread: Stopping because end time detected by thread: S2 1-68
2026-10-06 09:02:38,286 INFO o.a.j.t.JMeterThread: Thread finished: S2 1-68
2026-10-06 09:02:38,293 INFO o.a.j.t.JMeterThread: Stopping because end time detected by thread: S2 1-106
2026-10-06 09:02:38,293 INFO o.a.j.t.JMeterThread: Thread finished: S2 1-106
2026-10-06 09:02:38,304 INFO o.a.j.t.JMeterThread: Stopping because end time detected by thread: S2 1-165
2026-10-06 09:02:38,304 INFO o.a.j.t.JMeterThread: Thread finished: S2 1-165
2026-10-06 09:02:38,304 INFO o.a.j.t.JMeterThread: Stopping because end time detected by thread: S2 1-18
2026-10-06 09:02:38,304 INFO o.a.j.t.JMeterThread: Thread finished: S2 1-18
2026-10-06 09:02:38,307 INFO o.a.j.t.JMeterThread: Stopping because end time detected by thread: S2 1-72
2026-10-06 09:02:38,307 INFO o.a.j.t.JMeterThread: Thread finished: S2 1-72
2026-10-06 09:02:38,320 INFO o.a.j.t.JMeterThread: Stopping because end time detected by thread: S2 1-139
2026-10-06 09:02:38,320 INFO o.a.j.t.JMeterThread: Thread finished: S2 1-139
2026-10-06 09:02:38,320 INFO o.a.j.t.JMeterThread: Stopping because end time detected by thread: S2 1-167
2026-10-06 09:02:38,320 INFO o.a.j.t.JMeterThread: Thread finished: S2 1-167
2026-10-06 09:02:38,323 INFO o.a.j.t.JMeterThread: Stopping because end time detected by thread: S2 1-70
2026-10-06 09:02:38,324 INFO o.a.j.t.JMeterThread: Thread finished: S2 1-70
2026-10-06 09:02:38,331 INFO o.a.j.t.JMeterThread: Stopping because end time detected by thread: S2 1-164
2026-10-06 09:02:38,331 INFO o.a.j.t.JMeterThread: Thread finished: S2 1-164
2026-10-06 09:02:38,341 INFO o.a.j.t.JMeterThread: Stopping because end time detected by thread: S2 1-65
2026-10-06 09:02:38,341 INFO o.a.j.t.JMeterThread: Thread finished: S2 1-65
2026-10-06 09:02:38,348 INFO o.a.j.t.JMeterThread: Stopping because end time detected by thread: S2 1-161
2026-10-06 09:02:38,348 INFO o.a.j.t.JMeterThread: Thread finished: S2 1-161
2026-10-06 09:02:38,349 INFO o.a.j.t.JMeterThread: Stopping because end time detected by thread: S2 1-24
2026-10-06 09:02:38,349 INFO o.a.j.t.JMeterThread: Thread finished: S2 1-24
2026-10-06 09:02:38,350 INFO o.a.j.t.JMeterThread: Stopping because end time detected by thread: S2 1-1
2026-10-06 09:02:38,350 INFO o.a.j.t.JMeterThread: Thread finished: S2 1-1
2026-10-06 09:02:38,358 INFO o.a.j.t.JMeterThread: Stopping because end time detected by thread: S2 1-95
2026-10-06 09:02:38,358 INFO o.a.j.t.JMeterThread: Thread finished: S2 1-95
2026-10-06 09:02:38,365 INFO o.a.j.t.JMeterThread: Stopping because end time detected by thread: S2 1-87
2026-10-06 09:02:38,365 INFO o.a.j.t.JMeterThread: Thread finished: S2 1-87
2026-10-06 09:02:38,371 INFO o.a.j.t.JMeterThread: Stopping because end time detected by thread: S2 1-180
2026-10-06 09:02:38,371 INFO o.a.j.t.JMeterThread: Thread finished: S2 1-180
2026-10-06 09:02:38,374 INFO o.a.j.t.JMeterThread: Stopping because end time detected by thread: S2 1-181
2026-10-06 09:02:38,374 INFO o.a.j.t.JMeterThread: Thread finished: S2 1-181
2026-10-06 09:02:38,376 INFO o.a.j.t.JMeterThread: Stopping because end time detected by thread: S2 1-38
2026-10-06 09:02:38,377 INFO o.a.j.t.JMeterThread: Thread finished: S2 1-38
2026-10-06 09:02:38,392 INFO o.a.j.t.JMeterThread: Stopping because end time detected by thread: S2 1-107
2026-10-06 09:02:38,392 INFO o.a.j.t.JMeterThread: Thread finished: S2 1-107
2026-10-06 09:02:38,400 INFO o.a.j.t.JMeterThread: Stopping because end time detected by thread: S2 1-178
2026-10-06 09:02:38,401 INFO o.a.j.t.JMeterThread: Thread finished: S2 1-178
2026-10-06 09:02:38,403 INFO o.a.j.t.JMeterThread: Stopping because end time detected by thread: S2 1-19
2026-10-06 09:02:38,403 INFO o.a.j.t.JMeterThread: Thread finished: S2 1-19
2026-10-06 09:02:38,407 INFO o.a.j.t.JMeterThread: Stopping because end time detected by thread: S2 1-117
2026-10-06 09:02:38,407 INFO o.a.j.t.JMeterThread: Thread finished: S2 1-117
2026-10-06 09:02:38,410 INFO o.a.j.t.JMeterThread: Stopping because end time detected by thread: S2 1-10
2026-10-06 09:02:38,410 INFO o.a.j.t.JMeterThread: Thread finished: S2 1-10
2026-10-06 09:02:38,414 INFO o.a.j.t.JMeterThread: Stopping because end time detected by thread: S2 1-52
2026-10-06 09:02:38,414 INFO o.a.j.t.JMeterThread: Thread finished: S2 1-52
2026-10-06 09:02:38,419 INFO o.a.j.t.JMeterThread: Stopping because end time detected by thread: S2 1-15
2026-10-06 09:02:38,419 INFO o.a.j.t.JMeterThread: Thread finished: S2 1-15
2026-10-06 09:02:38,424 INFO o.a.j.t.JMeterThread: Stopping because end time detected by thread: S2 1-130
2026-10-06 09:02:38,424 INFO o.a.j.t.JMeterThread: Thread finished: S2 1-130
2026-10-06 09:02:38,431 INFO o.a.j.t.JMeterThread: Stopping because end time detected by thread: S2 1-133
2026-10-06 09:02:38,431 INFO o.a.j.t.JMeterThread: Thread finished: S2 1-133
2026-10-06 09:02:38,433 INFO o.a.j.t.JMeterThread: Stopping because end time detected by thread: S2 1-105
2026-10-06 09:02:38,433 INFO o.a.j.t.JMeterThread: Thread finished: S2 1-105
2026-10-06 09:02:38,439 INFO o.a.j.t.JMeterThread: Stopping because end time detected by thread: S2 1-4
2026-10-06 09:02:38,439 INFO o.a.j.t.JMeterThread: Thread finished: S2 1-4
2026-10-06 09:02:38,439 INFO o.a.j.t.JMeterThread: Stopping because end time detected by thread: S2 1-28
2026-10-06 09:02:38,439 INFO o.a.j.t.JMeterThread: Thread finished: S2 1-28
2026-10-06 09:02:38,441 INFO o.a.j.t.JMeterThread: Stopping because end time detected by thread: S2 1-190
2026-10-06 09:02:38,441 INFO o.a.j.t.JMeterThread: Thread finished: S2 1-190
2026-10-06 09:02:38,457 INFO o.a.j.t.JMeterThread: Stopping because end time detected by thread: S2 1-11
2026-10-06 09:02:38,457 INFO o.a.j.t.JMeterThread: Thread finished: S2 1-11
2026-10-06 09:02:38,457 INFO o.a.j.t.JMeterThread: Stopping because end time detected by thread: S2 1-116
2026-10-06 09:02:38,457 INFO o.a.j.t.JMeterThread: Thread finished: S2 1-116
2026-10-06 09:02:38,464 INFO o.a.j.t.JMeterThread: Stopping because end time detected by thread: S2 1-97
2026-10-06 09:02:38,464 INFO o.a.j.t.JMeterThread: Thread finished: S2 1-97
2026-10-06 09:02:38,471 INFO o.a.j.t.JMeterThread: Stopping because end time detected by thread: S2 1-74
2026-10-06 09:02:38,471 INFO o.a.j.t.JMeterThread: Thread finished: S2 1-74
2026-10-06 09:02:38,473 INFO o.a.j.t.JMeterThread: Stopping because end time detected by thread: S2 1-200
2026-10-06 09:02:38,473 INFO o.a.j.t.JMeterThread: Thread finished: S2 1-200
2026-10-06 09:02:38,475 INFO o.a.j.t.JMeterThread: Stopping because end time detected by thread: S2 1-25
2026-10-06 09:02:38,475 INFO o.a.j.t.JMeterThread: Thread finished: S2 1-25
2026-10-06 09:02:38,485 INFO o.a.j.t.JMeterThread: Stopping because end time detected by thread: S2 1-198
2026-10-06 09:02:38,485 INFO o.a.j.t.JMeterThread: Thread finished: S2 1-198
2026-10-06 09:02:38,489 INFO o.a.j.t.JMeterThread: Stopping because end time detected by thread: S2 1-6
2026-10-06 09:02:38,489 INFO o.a.j.t.JMeterThread: Thread finished: S2 1-6
2026-10-06 09:02:38,498 INFO o.a.j.t.JMeterThread: Stopping because end time detected by thread: S2 1-151
2026-10-06 09:02:38,498 INFO o.a.j.t.JMeterThread: Thread finished: S2 1-151
2026-10-06 09:02:38,505 INFO o.a.j.t.JMeterThread: Stopping because end time detected by thread: S2 1-132
2026-10-06 09:02:38,505 INFO o.a.j.t.JMeterThread: Thread finished: S2 1-132
2026-10-06 09:02:38,512 INFO o.a.j.t.JMeterThread: Stopping because end time detected by thread: S2 1-146
2026-10-06 09:02:38,512 INFO o.a.j.t.JMeterThread: Thread finished: S2 1-146
2026-10-06 09:02:38,519 INFO o.a.j.t.JMeterThread: Stopping because end time detected by thread: S2 1-66
2026-10-06 09:02:38,519 INFO o.a.j.t.JMeterThread: Thread finished: S2 1-66
2026-10-06 09:02:38,520 INFO o.a.j.t.JMeterThread: Stopping because end time detected by thread: S2 1-135
2026-10-06 09:02:38,521 INFO o.a.j.t.JMeterThread: Thread finished: S2 1-135
2026-10-06 09:02:38,524 INFO o.a.j.t.JMeterThread: Stopping because end time detected by thread: S2 1-20
2026-10-06 09:02:38,524 INFO o.a.j.t.JMeterThread: Thread finished: S2 1-20
2026-10-06 09:02:38,529 INFO o.a.j.t.JMeterThread: Stopping because end time detected by thread: S2 1-51
2026-10-06 09:02:38,529 INFO o.a.j.t.JMeterThread: Thread finished: S2 1-51
2026-10-06 09:02:38,534 INFO o.a.j.t.JMeterThread: Stopping because end time detected by thread: S2 1-96
2026-10-06 09:02:38,534 INFO o.a.j.t.JMeterThread: Thread finished: S2 1-96
2026-10-06 09:02:38,537 INFO o.a.j.t.JMeterThread: Stopping because end time detected by thread: S2 1-160
2026-10-06 09:02:38,537 INFO o.a.j.t.JMeterThread: Thread finished: S2 1-160
2026-10-06 09:02:38,539 INFO o.a.j.t.JMeterThread: Stopping because end time detected by thread: S2 1-162
2026-10-06 09:02:38,539 INFO o.a.j.t.JMeterThread: Thread finished: S2 1-162
2026-10-06 09:02:38,544 INFO o.a.j.t.JMeterThread: Stopping because end time detected by thread: S2 1-163
2026-10-06 09:02:38,544 INFO o.a.j.t.JMeterThread: Thread finished: S2 1-163
2026-10-06 09:02:38,548 INFO o.a.j.t.JMeterThread: Stopping because end time detected by thread: S2 1-79
2026-10-06 09:02:38,548 INFO o.a.j.t.JMeterThread: Thread finished: S2 1-79
2026-10-06 09:02:38,551 INFO o.a.j.t.JMeterThread: Stopping because end time detected by thread: S2 1-149
2026-10-06 09:02:38,551 INFO o.a.j.t.JMeterThread: Thread finished: S2 1-149
2026-10-06 09:02:38,565 INFO o.a.j.t.JMeterThread: Stopping because end time detected by thread: S2 1-9
2026-10-06 09:02:38,565 INFO o.a.j.t.JMeterThread: Thread finished: S2 1-9
2026-10-06 09:02:38,573 INFO o.a.j.t.JMeterThread: Stopping because end time detected by thread: S2 1-119
2026-10-06 09:02:38,573 INFO o.a.j.t.JMeterThread: Thread finished: S2 1-119
2026-10-06 09:02:38,573 INFO o.a.j.t.JMeterThread: Stopping because end time detected by thread: S2 1-183
2026-10-06 09:02:38,573 INFO o.a.j.t.JMeterThread: Thread finished: S2 1-183
2026-10-06 09:02:38,578 INFO o.a.j.t.JMeterThread: Stopping because end time detected by thread: S2 1-22
2026-10-06 09:02:38,578 INFO o.a.j.t.JMeterThread: Thread finished: S2 1-22
2026-10-06 09:02:38,578 INFO o.a.j.t.JMeterThread: Stopping because end time detected by thread: S2 1-49
2026-10-06 09:02:38,578 INFO o.a.j.t.JMeterThread: Thread finished: S2 1-49
2026-10-06 09:02:38,581 INFO o.a.j.t.JMeterThread: Stopping because end time detected by thread: S2 1-118
2026-10-06 09:02:38,581 INFO o.a.j.t.JMeterThread: Thread finished: S2 1-118
2026-10-06 09:02:38,588 INFO o.a.j.t.JMeterThread: Stopping because end time detected by thread: S2 1-185
2026-10-06 09:02:38,588 INFO o.a.j.t.JMeterThread: Thread finished: S2 1-185
2026-10-06 09:02:38,589 INFO o.a.j.t.JMeterThread: Stopping because end time detected by thread: S2 1-171
2026-10-06 09:02:38,589 INFO o.a.j.t.JMeterThread: Thread finished: S2 1-171
2026-10-06 09:02:38,598 INFO o.a.j.t.JMeterThread: Stopping because end time detected by thread: S2 1-75
2026-10-06 09:02:38,598 INFO o.a.j.t.JMeterThread: Thread finished: S2 1-75
2026-10-06 09:02:38,603 INFO o.a.j.t.JMeterThread: Stopping because end time detected by thread: S2 1-148
2026-10-06 09:02:38,603 INFO o.a.j.t.JMeterThread: Thread finished: S2 1-148
2026-10-06 09:02:38,605 INFO o.a.j.t.JMeterThread: Stopping because end time detected by thread: S2 1-48
2026-10-06 09:02:38,605 INFO o.a.j.t.JMeterThread: Thread finished: S2 1-48
2026-10-06 09:02:38,613 INFO o.a.j.t.JMeterThread: Stopping because end time detected by thread: S2 1-13
2026-10-06 09:02:38,613 INFO o.a.j.t.JMeterThread: Stopping because end time detected by thread: S2 1-77
2026-10-06 09:02:38,613 INFO o.a.j.t.JMeterThread: Thread finished: S2 1-13
2026-10-06 09:02:38,613 INFO o.a.j.t.JMeterThread: Thread finished: S2 1-77
2026-10-06 09:02:38,625 INFO o.a.j.t.JMeterThread: Stopping because end time detected by thread: S2 1-23
2026-10-06 09:02:38,625 INFO o.a.j.t.JMeterThread: Thread finished: S2 1-23
2026-10-06 09:02:38,634 INFO o.a.j.t.JMeterThread: Stopping because end time detected by thread: S2 1-69
2026-10-06 09:02:38,634 INFO o.a.j.t.JMeterThread: Thread finished: S2 1-69
2026-10-06 09:02:38,635 INFO o.a.j.t.JMeterThread: Stopping because end time detected by thread: S2 1-50
2026-10-06 09:02:38,635 INFO o.a.j.t.JMeterThread: Thread finished: S2 1-50
2026-10-06 09:02:38,636 INFO o.a.j.t.JMeterThread: Stopping because end time detected by thread: S2 1-76
2026-10-06 09:02:38,636 INFO o.a.j.t.JMeterThread: Thread finished: S2 1-76
2026-10-06 09:02:38,642 INFO o.a.j.t.JMeterThread: Stopping because end time detected by thread: S2 1-14
2026-10-06 09:02:38,643 INFO o.a.j.t.JMeterThread: Thread finished: S2 1-14
2026-10-06 09:02:38,648 INFO o.a.j.t.JMeterThread: Stopping because end time detected by thread: S2 1-184
2026-10-06 09:02:38,648 INFO o.a.j.t.JMeterThread: Thread finished: S2 1-184
2026-10-06 09:02:38,651 INFO o.a.j.t.JMeterThread: Stopping because end time detected by thread: S2 1-93
2026-10-06 09:02:38,651 INFO o.a.j.t.JMeterThread: Thread finished: S2 1-93
2026-10-06 09:02:38,665 INFO o.a.j.t.JMeterThread: Stopping because end time detected by thread: S2 1-12
2026-10-06 09:02:38,665 INFO o.a.j.t.JMeterThread: Thread finished: S2 1-12
2026-10-06 09:02:38,668 INFO o.a.j.t.JMeterThread: Stopping because end time detected by thread: S2 1-191
2026-10-06 09:02:38,668 INFO o.a.j.t.JMeterThread: Thread finished: S2 1-191
2026-10-06 09:02:38,676 INFO o.a.j.t.JMeterThread: Stopping because end time detected by thread: S2 1-134
2026-10-06 09:02:38,676 INFO o.a.j.t.JMeterThread: Thread finished: S2 1-134
2026-10-06 09:02:38,677 INFO o.a.j.t.JMeterThread: Stopping because end time detected by thread: S2 1-89
2026-10-06 09:02:38,677 INFO o.a.j.t.JMeterThread: Thread finished: S2 1-89
2026-10-06 09:02:38,688 INFO o.a.j.t.JMeterThread: Stopping because end time detected by thread: S2 1-137
2026-10-06 09:02:38,688 INFO o.a.j.t.JMeterThread: Thread finished: S2 1-137
2026-10-06 09:02:38,692 INFO o.a.j.t.JMeterThread: Stopping because end time detected by thread: S2 1-108
2026-10-06 09:02:38,692 INFO o.a.j.t.JMeterThread: Thread finished: S2 1-108
2026-10-06 09:02:38,694 INFO o.a.j.t.JMeterThread: Stopping because end time detected by thread: S2 1-100
2026-10-06 09:02:38,694 INFO o.a.j.t.JMeterThread: Thread finished: S2 1-100
2026-10-06 09:02:38,700 INFO o.a.j.t.JMeterThread: Stopping because end time detected by thread: S2 1-57
2026-10-06 09:02:38,701 INFO o.a.j.t.JMeterThread: Thread finished: S2 1-57
2026-10-06 09:02:38,710 INFO o.a.j.t.JMeterThread: Stopping because end time detected by thread: S2 1-121
2026-10-06 09:02:38,710 INFO o.a.j.t.JMeterThread: Thread finished: S2 1-121
2026-10-06 09:02:38,710 INFO o.a.j.t.JMeterThread: Stopping because end time detected by thread: S2 1-82
2026-10-06 09:02:38,711 INFO o.a.j.t.JMeterThread: Thread finished: S2 1-82
2026-10-06 09:02:38,711 INFO o.a.j.t.JMeterThread: Stopping because end time detected by thread: S2 1-155
2026-10-06 09:02:38,711 INFO o.a.j.t.JMeterThread: Thread finished: S2 1-155
2026-10-06 09:02:38,718 INFO o.a.j.t.JMeterThread: Stopping because end time detected by thread: S2 1-166
2026-10-06 09:02:38,718 INFO o.a.j.t.JMeterThread: Thread finished: S2 1-166
2026-10-06 09:02:38,735 INFO o.a.j.t.JMeterThread: Stopping because end time detected by thread: S2 1-47
2026-10-06 09:02:38,736 INFO o.a.j.t.JMeterThread: Thread finished: S2 1-47
2026-10-06 09:02:38,742 INFO o.a.j.t.JMeterThread: Stopping because end time detected by thread: S2 1-169
2026-10-06 09:02:38,742 INFO o.a.j.t.JMeterThread: Thread finished: S2 1-169
2026-10-06 09:02:38,745 INFO o.a.j.t.JMeterThread: Stopping because end time detected by thread: S2 1-120
2026-10-06 09:02:38,745 INFO o.a.j.t.JMeterThread: Thread finished: S2 1-120
2026-10-06 09:02:38,748 INFO o.a.j.t.JMeterThread: Stopping because end time detected by thread: S2 1-150
2026-10-06 09:02:38,748 INFO o.a.j.t.JMeterThread: Thread finished: S2 1-150
2026-10-06 09:02:38,762 INFO o.a.j.t.JMeterThread: Stopping because end time detected by thread: S2 1-144
2026-10-06 09:02:38,762 INFO o.a.j.t.JMeterThread: Thread finished: S2 1-144
2026-10-06 09:02:38,770 INFO o.a.j.t.JMeterThread: Stopping because end time detected by thread: S2 1-16
2026-10-06 09:02:38,770 INFO o.a.j.t.JMeterThread: Thread finished: S2 1-16
2026-10-06 09:02:38,771 INFO o.a.j.t.JMeterThread: Stopping because end time detected by thread: S2 1-110
2026-10-06 09:02:38,771 INFO o.a.j.t.JMeterThread: Thread finished: S2 1-110
2026-10-06 09:02:38,777 INFO o.a.j.t.JMeterThread: Stopping because end time detected by thread: S2 1-109
2026-10-06 09:02:38,777 INFO o.a.j.t.JMeterThread: Thread finished: S2 1-109
2026-10-06 09:02:38,791 INFO o.a.j.t.JMeterThread: Stopping because end time detected by thread: S2 1-71
2026-10-06 09:02:38,791 INFO o.a.j.t.JMeterThread: Thread finished: S2 1-71
2026-10-06 09:02:38,793 INFO o.a.j.t.JMeterThread: Stopping because end time detected by thread: S2 1-7
2026-10-06 09:02:38,793 INFO o.a.j.t.JMeterThread: Thread finished: S2 1-7
2026-10-06 09:02:38,796 INFO o.a.j.t.JMeterThread: Stopping because end time detected by thread: S2 1-168
2026-10-06 09:02:38,796 INFO o.a.j.t.JMeterThread: Thread finished: S2 1-168
2026-10-06 09:02:38,799 INFO o.a.j.t.JMeterThread: Stopping because end time detected by thread: S2 1-43
2026-10-06 09:02:38,799 INFO o.a.j.t.JMeterThread: Thread finished: S2 1-43
2026-10-06 09:02:38,813 INFO o.a.j.t.JMeterThread: Stopping because end time detected by thread: S2 1-67
2026-10-06 09:02:38,813 INFO o.a.j.t.JMeterThread: Thread finished: S2 1-67
2026-10-06 09:02:38,816 INFO o.a.j.t.JMeterThread: Stopping because end time detected by thread: S2 1-175
2026-10-06 09:02:38,816 INFO o.a.j.t.JMeterThread: Thread finished: S2 1-175
2026-10-06 09:02:38,826 INFO o.a.j.t.JMeterThread: Stopping because end time detected by thread: S2 1-186
2026-10-06 09:02:38,826 INFO o.a.j.t.JMeterThread: Thread finished: S2 1-186
2026-10-06 09:02:38,829 INFO o.a.j.t.JMeterThread: Stopping because end time detected by thread: S2 1-159
2026-10-06 09:02:38,829 INFO o.a.j.t.JMeterThread: Thread finished: S2 1-159
2026-10-06 09:02:38,830 INFO o.a.j.t.JMeterThread: Stopping because end time detected by thread: S2 1-27
2026-10-06 09:02:38,830 INFO o.a.j.t.JMeterThread: Thread finished: S2 1-27
2026-10-06 09:02:38,844 INFO o.a.j.t.JMeterThread: Stopping because end time detected by thread: S2 1-78
2026-10-06 09:02:38,844 INFO o.a.j.t.JMeterThread: Thread finished: S2 1-78
2026-10-06 09:02:38,848 INFO o.a.j.t.JMeterThread: Stopping because end time detected by thread: S2 1-152
2026-10-06 09:02:38,848 INFO o.a.j.t.JMeterThread: Thread finished: S2 1-152
2026-10-06 09:02:38,851 INFO o.a.j.t.JMeterThread: Stopping because end time detected by thread: S2 1-61
2026-10-06 09:02:38,851 INFO o.a.j.t.JMeterThread: Thread finished: S2 1-61
2026-10-06 09:02:38,853 INFO o.a.j.t.JMeterThread: Stopping because end time detected by thread: S2 1-111
2026-10-06 09:02:38,853 INFO o.a.j.t.JMeterThread: Thread finished: S2 1-111
2026-10-06 09:02:38,861 INFO o.a.j.t.JMeterThread: Stopping because end time detected by thread: S2 1-122
2026-10-06 09:02:38,861 INFO o.a.j.t.JMeterThread: Thread finished: S2 1-122
2026-10-06 09:02:38,867 INFO o.a.j.t.JMeterThread: Stopping because end time detected by thread: S2 1-129
2026-10-06 09:02:38,867 INFO o.a.j.t.JMeterThread: Thread finished: S2 1-129
2026-10-06 09:02:38,868 INFO o.a.j.t.JMeterThread: Stopping because end time detected by thread: S2 1-63
2026-10-06 09:02:38,869 INFO o.a.j.t.JMeterThread: Thread finished: S2 1-63
2026-10-06 09:02:38,878 INFO o.a.j.t.JMeterThread: Stopping because end time detected by thread: S2 1-188
2026-10-06 09:02:38,878 INFO o.a.j.t.JMeterThread: Thread finished: S2 1-188
2026-10-06 09:02:38,884 INFO o.a.j.t.JMeterThread: Stopping because end time detected by thread: S2 1-5
2026-10-06 09:02:38,884 INFO o.a.j.t.JMeterThread: Thread finished: S2 1-5
2026-10-06 09:02:38,884 INFO o.a.j.t.JMeterThread: Stopping because end time detected by thread: S2 1-34
2026-10-06 09:02:38,884 INFO o.a.j.t.JMeterThread: Thread finished: S2 1-34
2026-10-06 09:02:38,895 INFO o.a.j.t.JMeterThread: Stopping because end time detected by thread: S2 1-195
2026-10-06 09:02:38,895 INFO o.a.j.t.JMeterThread: Thread finished: S2 1-195
2026-10-06 09:02:38,895 INFO o.a.j.t.JMeterThread: Stopping because end time detected by thread: S2 1-136
2026-10-06 09:02:38,895 INFO o.a.j.t.JMeterThread: Thread finished: S2 1-136
2026-10-06 09:02:38,902 INFO o.a.j.t.JMeterThread: Stopping because end time detected by thread: S2 1-91
2026-10-06 09:02:38,902 INFO o.a.j.t.JMeterThread: Thread finished: S2 1-91
2026-10-06 09:02:38,907 INFO o.a.j.t.JMeterThread: Stopping because end time detected by thread: S2 1-56
2026-10-06 09:02:38,907 INFO o.a.j.t.JMeterThread: Thread finished: S2 1-56
2026-10-06 09:02:38,909 INFO o.a.j.t.JMeterThread: Stopping because end time detected by thread: S2 1-64
2026-10-06 09:02:38,909 INFO o.a.j.t.JMeterThread: Thread finished: S2 1-64
2026-10-06 09:02:38,918 INFO o.a.j.t.JMeterThread: Stopping because end time detected by thread: S2 1-39
2026-10-06 09:02:38,918 INFO o.a.j.t.JMeterThread: Thread finished: S2 1-39
2026-10-06 09:02:38,924 INFO o.a.j.t.JMeterThread: Stopping because end time detected by thread: S2 1-189
2026-10-06 09:02:38,924 INFO o.a.j.t.JMeterThread: Thread finished: S2 1-189
2026-10-06 09:02:38,926 INFO o.a.j.t.JMeterThread: Stopping because end time detected by thread: S2 1-62
2026-10-06 09:02:38,926 INFO o.a.j.t.JMeterThread: Thread finished: S2 1-62
2026-10-06 09:02:38,934 INFO o.a.j.t.JMeterThread: Stopping because end time detected by thread: S2 1-98
2026-10-06 09:02:38,934 INFO o.a.j.t.JMeterThread: Thread finished: S2 1-98
2026-10-06 09:02:38,935 INFO o.a.j.t.JMeterThread: Stopping because end time detected by thread: S2 1-3
2026-10-06 09:02:38,935 INFO o.a.j.t.JMeterThread: Thread finished: S2 1-3
2026-10-06 09:02:38,936 INFO o.a.j.t.JMeterThread: Stopping because end time detected by thread: S2 1-92
2026-10-06 09:02:38,936 INFO o.a.j.t.JMeterThread: Thread finished: S2 1-92
2026-10-06 09:02:38,940 INFO o.a.j.t.JMeterThread: Stopping because end time detected by thread: S2 1-45
2026-10-06 09:02:38,940 INFO o.a.j.t.JMeterThread: Thread finished: S2 1-45
2026-10-06 09:02:38,951 INFO o.a.j.t.JMeterThread: Stopping because end time detected by thread: S2 1-36
2026-10-06 09:02:38,951 INFO o.a.j.t.JMeterThread: Thread finished: S2 1-36
2026-10-06 09:02:38,958 INFO o.a.j.t.JMeterThread: Stopping because end time detected by thread: S2 1-40
2026-10-06 09:02:38,958 INFO o.a.j.t.JMeterThread: Thread finished: S2 1-40
2026-10-06 09:02:38,964 INFO o.a.j.t.JMeterThread: Stopping because end time detected by thread: S2 1-131
2026-10-06 09:02:38,964 INFO o.a.j.t.JMeterThread: Thread finished: S2 1-131
2026-10-06 09:02:38,967 INFO o.a.j.t.JMeterThread: Stopping because end time detected by thread: S2 1-153
2026-10-06 09:02:38,968 INFO o.a.j.t.JMeterThread: Thread finished: S2 1-153
2026-10-06 09:02:38,969 INFO o.a.j.t.JMeterThread: Stopping because end time detected by thread: S2 1-170
2026-10-06 09:02:38,969 INFO o.a.j.t.JMeterThread: Thread finished: S2 1-170
2026-10-06 09:02:38,975 INFO o.a.j.t.JMeterThread: Stopping because end time detected by thread: S2 1-124
2026-10-06 09:02:38,975 INFO o.a.j.t.JMeterThread: Thread finished: S2 1-124
2026-10-06 09:02:38,975 INFO o.a.j.t.JMeterThread: Stopping because end time detected by thread: S2 1-33
2026-10-06 09:02:38,975 INFO o.a.j.t.JMeterThread: Thread finished: S2 1-33
2026-10-06 09:02:38,981 INFO o.a.j.t.JMeterThread: Stopping because end time detected by thread: S2 1-54
2026-10-06 09:02:38,981 INFO o.a.j.t.JMeterThread: Thread finished: S2 1-54
2026-10-06 09:02:38,993 INFO o.a.j.t.JMeterThread: Stopping because end time detected by thread: S2 1-138
2026-10-06 09:02:38,993 INFO o.a.j.t.JMeterThread: Thread finished: S2 1-138
2026-10-06 09:02:38,999 INFO o.a.j.t.JMeterThread: Stopping because end time detected by thread: S2 1-30
2026-10-06 09:02:38,999 INFO o.a.j.t.JMeterThread: Thread finished: S2 1-30
2026-10-06 09:02:39,007 INFO o.a.j.t.JMeterThread: Stopping because end time detected by thread: S2 1-141
2026-10-06 09:02:39,007 INFO o.a.j.t.JMeterThread: Thread finished: S2 1-141
2026-10-06 09:02:39,009 INFO o.a.j.t.JMeterThread: Stopping because end time detected by thread: S2 1-172
2026-10-06 09:02:39,009 INFO o.a.j.t.JMeterThread: Thread finished: S2 1-172
2026-10-06 09:02:39,009 INFO o.a.j.t.JMeterThread: Stopping because end time detected by thread: S2 1-84
2026-10-06 09:02:39,009 INFO o.a.j.t.JMeterThread: Thread finished: S2 1-84
2026-10-06 09:02:39,014 INFO o.a.j.t.JMeterThread: Stopping because end time detected by thread: S2 1-41
2026-10-06 09:02:39,014 INFO o.a.j.t.JMeterThread: Thread finished: S2 1-41
2026-10-06 09:02:39,025 INFO o.a.j.t.JMeterThread: Stopping because end time detected by thread: S2 1-156
2026-10-06 09:02:39,025 INFO o.a.j.t.JMeterThread: Thread finished: S2 1-156
2026-10-06 09:02:39,031 INFO o.a.j.t.JMeterThread: Stopping because end time detected by thread: S2 1-8
2026-10-06 09:02:39,031 INFO o.a.j.t.JMeterThread: Thread finished: S2 1-8
2026-10-06 09:02:39,039 INFO o.a.j.t.JMeterThread: Stopping because end time detected by thread: S2 1-99
2026-10-06 09:02:39,039 INFO o.a.j.t.JMeterThread: Thread finished: S2 1-99
2026-10-06 09:02:39,041 INFO o.a.j.t.JMeterThread: Stopping because end time detected by thread: S2 1-127
2026-10-06 09:02:39,041 INFO o.a.j.t.JMeterThread: Thread finished: S2 1-127
2026-10-06 09:02:39,045 INFO o.a.j.t.JMeterThread: Stopping because end time detected by thread: S2 1-90
2026-10-06 09:02:39,045 INFO o.a.j.t.JMeterThread: Thread finished: S2 1-90
2026-10-06 09:02:39,052 INFO o.a.j.t.JMeterThread: Stopping because end time detected by thread: S2 1-112
2026-10-06 09:02:39,052 INFO o.a.j.t.JMeterThread: Thread finished: S2 1-112
2026-10-06 09:02:39,062 INFO o.a.j.t.JMeterThread: Stopping because end time detected by thread: S2 1-29
2026-10-06 09:02:39,062 INFO o.a.j.t.JMeterThread: Thread finished: S2 1-29
2026-10-06 09:02:39,066 INFO o.a.j.t.JMeterThread: Stopping because end time detected by thread: S2 1-192
2026-10-06 09:02:39,066 INFO o.a.j.t.JMeterThread: Thread finished: S2 1-192
2026-10-06 09:02:39,070 INFO o.a.j.t.JMeterThread: Stopping because end time detected by thread: S2 1-59
2026-10-06 09:02:39,070 INFO o.a.j.t.JMeterThread: Thread finished: S2 1-59
2026-10-06 09:02:39,076 INFO o.a.j.t.JMeterThread: Stopping because end time detected by thread: S2 1-154
2026-10-06 09:02:39,076 INFO o.a.j.t.JMeterThread: Thread finished: S2 1-154
2026-10-06 09:02:39,078 INFO o.a.j.t.JMeterThread: Stopping because end time detected by thread: S2 1-102
2026-10-06 09:02:39,078 INFO o.a.j.t.JMeterThread: Thread finished: S2 1-102
2026-10-06 09:02:39,079 INFO o.a.j.t.JMeterThread: Stopping because end time detected by thread: S2 1-143
2026-10-06 09:02:39,079 INFO o.a.j.t.JMeterThread: Thread finished: S2 1-143
2026-10-06 09:02:39,091 INFO o.a.j.t.JMeterThread: Stopping because end time detected by thread: S2 1-140
2026-10-06 09:02:39,091 INFO o.a.j.t.JMeterThread: Thread finished: S2 1-140
2026-10-06 09:02:39,095 INFO o.a.j.t.JMeterThread: Stopping because end time detected by thread: S2 1-193
2026-10-06 09:02:39,096 INFO o.a.j.t.JMeterThread: Thread finished: S2 1-193
2026-10-06 09:02:39,104 INFO o.a.j.t.JMeterThread: Stopping because end time detected by thread: S2 1-187
2026-10-06 09:02:39,104 INFO o.a.j.t.JMeterThread: Thread finished: S2 1-187
2026-10-06 09:02:39,112 INFO o.a.j.t.JMeterThread: Stopping because end time detected by thread: S2 1-103
2026-10-06 09:02:39,112 INFO o.a.j.t.JMeterThread: Thread finished: S2 1-103
2026-10-06 09:02:39,124 INFO o.a.j.t.JMeterThread: Stopping because end time detected by thread: S2 1-126
2026-10-06 09:02:39,124 INFO o.a.j.t.JMeterThread: Thread finished: S2 1-126
2026-10-06 09:02:39,126 INFO o.a.j.t.JMeterThread: Stopping because end time detected by thread: S2 1-83
2026-10-06 09:02:39,126 INFO o.a.j.t.JMeterThread: Thread finished: S2 1-83
2026-10-06 09:02:39,135 INFO o.a.j.t.JMeterThread: Stopping because end time detected by thread: S2 1-179
2026-10-06 09:02:39,135 INFO o.a.j.t.JMeterThread: Thread finished: S2 1-179
2026-10-06 09:02:39,142 INFO o.a.j.t.JMeterThread: Stopping because end time detected by thread: S2 1-113
2026-10-06 09:02:39,142 INFO o.a.j.t.JMeterThread: Thread finished: S2 1-113
2026-10-06 09:02:39,149 INFO o.a.j.t.JMeterThread: Stopping because end time detected by thread: S2 1-199
2026-10-06 09:02:39,149 INFO o.a.j.t.JMeterThread: Thread finished: S2 1-199
2026-10-06 09:02:39,149 INFO o.a.j.e.StandardJMeterEngine: Notifying test listeners of end of test
2026-10-06 09:02:39,149 INFO o.a.j.s.FileServer: Close: /tests/data/available_menu_items.csv
2026-10-06 09:02:39,152 INFO o.a.j.r.Summariser: summary +   1738 in 00:00:09 =  189.9/s Avg:  1043 Min:   851 Max:  1279 Err:     0 (0.00%) Active: 0 Started: 200 Finished: 200
2026-10-06 09:02:39,152 INFO o.a.j.r.Summariser: summary =  12151 in 00:01:02 =  196.1/s Avg:   969 Min:    15 Max:  1324 Err:     0 (0.00%)
