2026-10-02 18:55:27,457 INFO o.a.j.u.JMeterUtils: Setting Locale to en_EN
2026-10-02 18:55:27,480 INFO o.a.j.JMeter: Loading user properties from: /opt/jmeter/bin/user.properties
2026-10-02 18:55:27,480 INFO o.a.j.JMeter: Loading system properties from: /opt/jmeter/bin/system.properties
2026-10-02 18:55:27,481 INFO o.a.j.JMeter: Loading additional properties from: /tests/run.properties
2026-10-02 18:55:27,481 INFO o.a.j.JMeter: Loading additional properties from: /tests/data/ranges.properties
2026-10-02 18:55:27,481 INFO o.a.j.JMeter: Setting JMeter property: host=laravel-nginx
2026-10-02 18:55:27,481 INFO o.a.j.JMeter: Setting JMeter property: port=80
2026-10-02 18:55:27,481 INFO o.a.j.JMeter: Setting JMeter property: rampup=1
2026-10-02 18:55:27,482 INFO o.a.j.JMeter: Setting JMeter property: endpoint=EP2
2026-10-02 18:55:27,482 INFO o.a.j.JMeter: Setting JMeter property: users=2
2026-10-02 18:55:27,482 INFO o.a.j.JMeter: Setting JMeter property: duration=60
2026-10-02 18:55:27,487 INFO o.a.j.JMeter: Copyright (c) 1998-2024 The Apache Software Foundation
2026-10-02 18:55:27,487 INFO o.a.j.JMeter: Version 5.6.3
2026-10-02 18:55:27,487 INFO o.a.j.JMeter: java.version=21.0.12.1
2026-10-02 18:55:27,487 INFO o.a.j.JMeter: java.vm.name=OpenJDK 64-Bit Server VM
2026-10-02 18:55:27,487 INFO o.a.j.JMeter: os.name=Linux
2026-10-02 18:55:27,488 INFO o.a.j.JMeter: os.arch=amd64
2026-10-02 18:55:27,488 INFO o.a.j.JMeter: os.version=6.6.87.2-microsoft-standard-WSL2
2026-10-02 18:55:27,488 INFO o.a.j.JMeter: file.encoding=UTF-8
2026-10-02 18:55:27,488 INFO o.a.j.JMeter: java.awt.headless=true
2026-10-02 18:55:27,488 INFO o.a.j.JMeter: Max memory     =4294967296
2026-10-02 18:55:27,488 INFO o.a.j.JMeter: Available Processors =12
2026-10-02 18:55:27,495 INFO o.a.j.JMeter: Default Locale=English (EN)
2026-10-02 18:55:27,495 INFO o.a.j.JMeter: JMeter  Locale=English (EN)
2026-10-02 18:55:27,495 INFO o.a.j.JMeter: JMeterHome=/opt/jmeter
2026-10-02 18:55:27,495 INFO o.a.j.JMeter: user.dir  =/tests
2026-10-02 18:55:27,495 INFO o.a.j.JMeter: PWD       =/tests
2026-10-02 18:55:27,496 INFO o.a.j.JMeter: IP: 172.19.0.5 Name: 151a9c2d6a04 FullName: 151a9c2d6a04
2026-10-02 18:55:27,505 INFO o.a.j.s.FileServer: Default base='/tests'
2026-10-02 18:55:27,507 INFO o.a.j.s.FileServer: Set new base='/tests'
2026-10-02 18:55:27,669 INFO o.a.j.s.SaveService: Testplan (JMX) version: 2.2. Testlog (JTL) version: 2.2
2026-10-02 18:55:27,692 INFO o.a.j.s.SaveService: Using SaveService properties version 5.0
2026-10-02 18:55:27,695 INFO o.a.j.s.SaveService: Using SaveService properties file encoding UTF-8
2026-10-02 18:55:27,698 INFO o.a.j.s.SaveService: Loading file: /tests/s1.jmx
2026-10-02 18:55:27,742 INFO o.a.j.p.h.s.HTTPSamplerBase: Parser for text/html is org.apache.jmeter.protocol.http.parser.LagartoBasedHtmlParser
2026-10-02 18:55:27,742 INFO o.a.j.p.h.s.HTTPSamplerBase: Parser for application/xhtml+xml is org.apache.jmeter.protocol.http.parser.LagartoBasedHtmlParser
2026-10-02 18:55:27,742 INFO o.a.j.p.h.s.HTTPSamplerBase: Parser for application/xml is org.apache.jmeter.protocol.http.parser.LagartoBasedHtmlParser
2026-10-02 18:55:27,742 INFO o.a.j.p.h.s.HTTPSamplerBase: Parser for text/xml is org.apache.jmeter.protocol.http.parser.LagartoBasedHtmlParser
2026-10-02 18:55:27,742 INFO o.a.j.p.h.s.HTTPSamplerBase: Parser for text/vnd.wap.wml is org.apache.jmeter.protocol.http.parser.RegexpHTMLParser
2026-10-02 18:55:27,742 INFO o.a.j.p.h.s.HTTPSamplerBase: Parser for text/css is org.apache.jmeter.protocol.http.parser.CssParser
2026-10-02 18:55:27,782 INFO o.a.j.JMeter: Creating summariser <summary>
2026-10-02 18:55:27,796 INFO o.a.j.e.StandardJMeterEngine: Running the test!
2026-10-02 18:55:27,796 INFO o.a.j.s.SampleEvent: List of sample_variables: []
2026-10-02 18:55:27,797 INFO o.a.j.s.SampleEvent: List of sample_variables: []
2026-10-02 18:55:27,800 INFO o.a.j.e.u.CompoundVariable: Note: Function class names must contain the string: '.functions.'
2026-10-02 18:55:27,800 INFO o.a.j.e.u.CompoundVariable: Note: Function class names must not contain the string: '.gui.'
2026-10-02 18:55:28,016 INFO o.a.j.JMeter: Running test (1790967328016)
2026-10-02 18:55:28,018 INFO o.a.j.e.StandardJMeterEngine: Starting setUp thread groups
2026-10-02 18:55:28,018 INFO o.a.j.e.StandardJMeterEngine: Starting setUp ThreadGroup: 1 : setUp - login 
2026-10-02 18:55:28,018 INFO o.a.j.e.StandardJMeterEngine: Starting 1 threads for group setUp - login.
2026-10-02 18:55:28,018 INFO o.a.j.e.StandardJMeterEngine: Test will stop abruptly on error
2026-10-02 18:55:28,018 INFO o.a.j.t.ThreadGroup: Starting thread group... number=1 threads=1 ramp-up=1 delayedStart=false
2026-10-02 18:55:28,021 INFO o.a.j.t.ThreadGroup: Started thread group number 1
2026-10-02 18:55:28,021 INFO o.a.j.e.StandardJMeterEngine: Waiting for all setup thread groups to exit
2026-10-02 18:55:28,022 INFO o.a.j.t.JMeterThread: Thread started: setUp - login 1-1
2026-10-02 18:55:28,033 INFO o.a.j.p.h.s.HTTPHCAbstractImpl: Local host = 151a9c2d6a04
2026-10-02 18:55:28,038 INFO o.a.j.p.h.s.HTTPHC4Impl: HTTP request retry count = 0
2026-10-02 18:55:28,040 INFO o.a.j.s.SampleResult: Note: Sample TimeStamps are START times
2026-10-02 18:55:28,040 INFO o.a.j.s.SampleResult: sampleresult.default.encoding is set to UTF-8
2026-10-02 18:55:28,040 INFO o.a.j.s.SampleResult: sampleresult.useNanoTime=true
2026-10-02 18:55:28,040 INFO o.a.j.s.SampleResult: sampleresult.nanoThreadSleep=5000
2026-10-02 18:55:28,730 INFO o.a.j.t.JMeterThread: Thread is done: setUp - login 1-1
2026-10-02 18:55:28,730 INFO o.a.j.t.JMeterThread: Thread finished: setUp - login 1-1
2026-10-02 18:55:28,731 INFO o.a.j.e.StandardJMeterEngine: All Setup Threads have ended
2026-10-02 18:55:28,758 INFO o.a.j.e.StandardJMeterEngine: Starting ThreadGroup: 1 : S1
2026-10-02 18:55:28,758 INFO o.a.j.e.StandardJMeterEngine: Starting 2 threads for group S1.
2026-10-02 18:55:28,758 INFO o.a.j.e.StandardJMeterEngine: Thread will continue on error
2026-10-02 18:55:28,758 INFO o.a.j.t.ThreadGroup: Starting thread group... number=1 threads=2 ramp-up=1 delayedStart=false
2026-10-02 18:55:28,761 INFO o.a.j.t.JMeterThread: Thread started: S1 1-1
2026-10-02 18:55:28,762 INFO o.a.j.t.ThreadGroup: Started thread group number 1
2026-10-02 18:55:28,762 INFO o.a.j.e.StandardJMeterEngine: All thread groups have been started
2026-10-02 18:55:29,260 INFO o.a.j.t.JMeterThread: Thread started: S1 1-2
2026-10-02 18:55:30,009 INFO o.a.j.r.Summariser: summary +    187 in 00:00:02 =   93.9/s Avg:    11 Min:     7 Max:   211 Err:     0 (0.00%) Active: 2 Started: 2 Finished: 0
2026-10-02 18:56:00,009 INFO o.a.j.r.Summariser: summary +   5997 in 00:00:30 =  199.9/s Avg:     9 Min:     7 Max:    27 Err:     0 (0.00%) Active: 2 Started: 2 Finished: 0
2026-10-02 18:56:00,009 INFO o.a.j.r.Summariser: summary =   6184 in 00:00:32 =  193.3/s Avg:     9 Min:     7 Max:   211 Err:     0 (0.00%)
2026-10-02 18:56:28,762 INFO o.a.j.t.JMeterThread: Stopping because end time detected by thread: S1 1-2
2026-10-02 18:56:28,762 INFO o.a.j.t.JMeterThread: Stopping because end time detected by thread: S1 1-1
2026-10-02 18:56:28,763 INFO o.a.j.t.JMeterThread: Thread finished: S1 1-2
2026-10-02 18:56:28,763 INFO o.a.j.t.JMeterThread: Thread finished: S1 1-1
2026-10-02 18:56:28,763 INFO o.a.j.e.StandardJMeterEngine: Notifying test listeners of end of test
2026-10-02 18:56:28,766 INFO o.a.j.r.Summariser: summary +   5931 in 00:00:29 =  206.2/s Avg:     9 Min:     7 Max:    22 Err:     0 (0.00%) Active: 0 Started: 2 Finished: 2
2026-10-02 18:56:28,766 INFO o.a.j.r.Summariser: summary =  12115 in 00:01:01 =  199.4/s Avg:     9 Min:     7 Max:   211 Err:     0 (0.00%)
