2026-10-05 19:30:14,115 INFO o.a.j.u.JMeterUtils: Setting Locale to en_EN
2026-10-05 19:30:14,138 INFO o.a.j.JMeter: Loading user properties from: /opt/jmeter/bin/user.properties
2026-10-05 19:30:14,138 INFO o.a.j.JMeter: Loading system properties from: /opt/jmeter/bin/system.properties
2026-10-05 19:30:14,138 INFO o.a.j.JMeter: Loading additional properties from: /tests/run.properties
2026-10-05 19:30:14,138 INFO o.a.j.JMeter: Loading additional properties from: /tests/data/ranges.properties
2026-10-05 19:30:14,139 INFO o.a.j.JMeter: Setting JMeter property: host=nestjs-nginx
2026-10-05 19:30:14,139 INFO o.a.j.JMeter: Setting JMeter property: port=80
2026-10-05 19:30:14,139 INFO o.a.j.JMeter: Setting JMeter property: rampup=1
2026-10-05 19:30:14,139 INFO o.a.j.JMeter: Setting JMeter property: endpoint=EP1
2026-10-05 19:30:14,139 INFO o.a.j.JMeter: Setting JMeter property: users=1
2026-10-05 19:30:14,139 INFO o.a.j.JMeter: Setting JMeter property: duration=60
2026-10-05 19:30:14,143 INFO o.a.j.JMeter: Copyright (c) 1998-2024 The Apache Software Foundation
2026-10-05 19:30:14,144 INFO o.a.j.JMeter: Version 5.6.3
2026-10-05 19:30:14,144 INFO o.a.j.JMeter: java.version=21.0.12.1
2026-10-05 19:30:14,144 INFO o.a.j.JMeter: java.vm.name=OpenJDK 64-Bit Server VM
2026-10-05 19:30:14,144 INFO o.a.j.JMeter: os.name=Linux
2026-10-05 19:30:14,144 INFO o.a.j.JMeter: os.arch=amd64
2026-10-05 19:30:14,144 INFO o.a.j.JMeter: os.version=6.6.87.2-microsoft-standard-WSL2
2026-10-05 19:30:14,144 INFO o.a.j.JMeter: file.encoding=UTF-8
2026-10-05 19:30:14,144 INFO o.a.j.JMeter: java.awt.headless=true
2026-10-05 19:30:14,144 INFO o.a.j.JMeter: Max memory     =4294967296
2026-10-05 19:30:14,145 INFO o.a.j.JMeter: Available Processors =12
2026-10-05 19:30:14,152 INFO o.a.j.JMeter: Default Locale=English (EN)
2026-10-05 19:30:14,152 INFO o.a.j.JMeter: JMeter  Locale=English (EN)
2026-10-05 19:30:14,152 INFO o.a.j.JMeter: JMeterHome=/opt/jmeter
2026-10-05 19:30:14,152 INFO o.a.j.JMeter: user.dir  =/tests
2026-10-05 19:30:14,152 INFO o.a.j.JMeter: PWD       =/tests
2026-10-05 19:30:14,153 INFO o.a.j.JMeter: IP: 172.19.0.5 Name: 94d395f13cb3 FullName: 94d395f13cb3
2026-10-05 19:30:14,162 INFO o.a.j.s.FileServer: Default base='/tests'
2026-10-05 19:30:14,163 INFO o.a.j.s.FileServer: Set new base='/tests'
2026-10-05 19:30:14,309 INFO o.a.j.s.SaveService: Testplan (JMX) version: 2.2. Testlog (JTL) version: 2.2
2026-10-05 19:30:14,329 INFO o.a.j.s.SaveService: Using SaveService properties version 5.0
2026-10-05 19:30:14,332 INFO o.a.j.s.SaveService: Using SaveService properties file encoding UTF-8
2026-10-05 19:30:14,334 INFO o.a.j.s.SaveService: Loading file: /tests/s1.jmx
2026-10-05 19:30:14,375 INFO o.a.j.p.h.s.HTTPSamplerBase: Parser for text/html is org.apache.jmeter.protocol.http.parser.LagartoBasedHtmlParser
2026-10-05 19:30:14,376 INFO o.a.j.p.h.s.HTTPSamplerBase: Parser for application/xhtml+xml is org.apache.jmeter.protocol.http.parser.LagartoBasedHtmlParser
2026-10-05 19:30:14,376 INFO o.a.j.p.h.s.HTTPSamplerBase: Parser for application/xml is org.apache.jmeter.protocol.http.parser.LagartoBasedHtmlParser
2026-10-05 19:30:14,376 INFO o.a.j.p.h.s.HTTPSamplerBase: Parser for text/xml is org.apache.jmeter.protocol.http.parser.LagartoBasedHtmlParser
2026-10-05 19:30:14,376 INFO o.a.j.p.h.s.HTTPSamplerBase: Parser for text/vnd.wap.wml is org.apache.jmeter.protocol.http.parser.RegexpHTMLParser
2026-10-05 19:30:14,376 INFO o.a.j.p.h.s.HTTPSamplerBase: Parser for text/css is org.apache.jmeter.protocol.http.parser.CssParser
2026-10-05 19:30:14,410 INFO o.a.j.JMeter: Creating summariser <summary>
2026-10-05 19:30:14,423 INFO o.a.j.e.StandardJMeterEngine: Running the test!
2026-10-05 19:30:14,423 INFO o.a.j.s.SampleEvent: List of sample_variables: []
2026-10-05 19:30:14,423 INFO o.a.j.s.SampleEvent: List of sample_variables: []
2026-10-05 19:30:14,426 INFO o.a.j.e.u.CompoundVariable: Note: Function class names must contain the string: '.functions.'
2026-10-05 19:30:14,427 INFO o.a.j.e.u.CompoundVariable: Note: Function class names must not contain the string: '.gui.'
2026-10-05 19:30:14,614 INFO o.a.j.JMeter: Running test (1791228614614)
2026-10-05 19:30:14,615 INFO o.a.j.e.StandardJMeterEngine: Starting setUp thread groups
2026-10-05 19:30:14,615 INFO o.a.j.e.StandardJMeterEngine: Starting setUp ThreadGroup: 1 : setUp - login 
2026-10-05 19:30:14,616 INFO o.a.j.e.StandardJMeterEngine: Starting 1 threads for group setUp - login.
2026-10-05 19:30:14,616 INFO o.a.j.e.StandardJMeterEngine: Test will stop abruptly on error
2026-10-05 19:30:14,616 INFO o.a.j.t.ThreadGroup: Starting thread group... number=1 threads=1 ramp-up=1 delayedStart=false
2026-10-05 19:30:14,618 INFO o.a.j.t.ThreadGroup: Started thread group number 1
2026-10-05 19:30:14,618 INFO o.a.j.e.StandardJMeterEngine: Waiting for all setup thread groups to exit
2026-10-05 19:30:14,619 INFO o.a.j.t.JMeterThread: Thread started: setUp - login 1-1
2026-10-05 19:30:14,629 INFO o.a.j.p.h.s.HTTPHCAbstractImpl: Local host = 94d395f13cb3
2026-10-05 19:30:14,633 INFO o.a.j.p.h.s.HTTPHC4Impl: HTTP request retry count = 0
2026-10-05 19:30:14,634 INFO o.a.j.s.SampleResult: Note: Sample TimeStamps are START times
2026-10-05 19:30:14,634 INFO o.a.j.s.SampleResult: sampleresult.default.encoding is set to UTF-8
2026-10-05 19:30:14,634 INFO o.a.j.s.SampleResult: sampleresult.useNanoTime=true
2026-10-05 19:30:14,634 INFO o.a.j.s.SampleResult: sampleresult.nanoThreadSleep=5000
2026-10-05 19:30:15,322 INFO o.a.j.t.JMeterThread: Thread is done: setUp - login 1-1
2026-10-05 19:30:15,323 INFO o.a.j.t.JMeterThread: Thread finished: setUp - login 1-1
2026-10-05 19:30:15,323 INFO o.a.j.e.StandardJMeterEngine: All Setup Threads have ended
2026-10-05 19:30:15,345 INFO o.a.j.e.StandardJMeterEngine: Starting ThreadGroup: 1 : S1
2026-10-05 19:30:15,345 INFO o.a.j.e.StandardJMeterEngine: Starting 1 threads for group S1.
2026-10-05 19:30:15,345 INFO o.a.j.e.StandardJMeterEngine: Thread will continue on error
2026-10-05 19:30:15,345 INFO o.a.j.t.ThreadGroup: Starting thread group... number=1 threads=1 ramp-up=1 delayedStart=false
2026-10-05 19:30:15,347 INFO o.a.j.t.ThreadGroup: Started thread group number 1
2026-10-05 19:30:15,347 INFO o.a.j.e.StandardJMeterEngine: All thread groups have been started
2026-10-05 19:30:15,347 INFO o.a.j.t.JMeterThread: Thread started: S1 1-1
2026-10-05 19:30:30,002 INFO o.a.j.r.Summariser: summary +  10700 in 00:00:15 =  695.4/s Avg:     1 Min:     1 Max:   278 Err:     0 (0.00%) Active: 1 Started: 1 Finished: 0
2026-10-05 19:31:00,001 INFO o.a.j.r.Summariser: summary +  24953 in 00:00:30 =  831.8/s Avg:     1 Min:     1 Max:     6 Err:     0 (0.00%) Active: 1 Started: 1 Finished: 0
2026-10-05 19:31:00,001 INFO o.a.j.r.Summariser: summary =  35653 in 00:00:45 =  785.6/s Avg:     1 Min:     1 Max:   278 Err:     0 (0.00%)
2026-10-05 19:31:15,345 INFO o.a.j.t.JMeterThread: Stopping because end time detected by thread: S1 1-1
2026-10-05 19:31:15,346 INFO o.a.j.t.JMeterThread: Thread finished: S1 1-1
2026-10-05 19:31:15,346 INFO o.a.j.e.StandardJMeterEngine: Notifying test listeners of end of test
2026-10-05 19:31:15,349 INFO o.a.j.r.Summariser: summary +  12001 in 00:00:15 =  781.9/s Avg:     1 Min:     1 Max:     9 Err:     0 (0.00%) Active: 0 Started: 1 Finished: 1
2026-10-05 19:31:15,349 INFO o.a.j.r.Summariser: summary =  47654 in 00:01:01 =  784.6/s Avg:     1 Min:     1 Max:   278 Err:     0 (0.00%)
