2026-10-01 20:53:27,647 INFO o.a.j.u.JMeterUtils: Setting Locale to en_EN
2026-10-01 20:53:27,667 INFO o.a.j.JMeter: Loading user properties from: /opt/jmeter/bin/user.properties
2026-10-01 20:53:27,668 INFO o.a.j.JMeter: Loading system properties from: /opt/jmeter/bin/system.properties
2026-10-01 20:53:27,668 INFO o.a.j.JMeter: Loading additional properties from: /tests/run.properties
2026-10-01 20:53:27,668 INFO o.a.j.JMeter: Loading additional properties from: /tests/data/ranges.properties
2026-10-01 20:53:27,669 INFO o.a.j.JMeter: Setting JMeter property: host=nestjs-nginx
2026-10-01 20:53:27,669 INFO o.a.j.JMeter: Setting JMeter property: port=80
2026-10-01 20:53:27,669 INFO o.a.j.JMeter: Setting JMeter property: rampup=10
2026-10-01 20:53:27,669 INFO o.a.j.JMeter: Setting JMeter property: endpoint=EP5
2026-10-01 20:53:27,669 INFO o.a.j.JMeter: Setting JMeter property: users=10
2026-10-01 20:53:27,669 INFO o.a.j.JMeter: Setting JMeter property: duration=20
2026-10-01 20:53:27,673 INFO o.a.j.JMeter: Copyright (c) 1998-2024 The Apache Software Foundation
2026-10-01 20:53:27,673 INFO o.a.j.JMeter: Version 5.6.3
2026-10-01 20:53:27,673 INFO o.a.j.JMeter: java.version=21.0.12.1
2026-10-01 20:53:27,673 INFO o.a.j.JMeter: java.vm.name=OpenJDK 64-Bit Server VM
2026-10-01 20:53:27,674 INFO o.a.j.JMeter: os.name=Linux
2026-10-01 20:53:27,674 INFO o.a.j.JMeter: os.arch=amd64
2026-10-01 20:53:27,674 INFO o.a.j.JMeter: os.version=6.6.87.2-microsoft-standard-WSL2
2026-10-01 20:53:27,674 INFO o.a.j.JMeter: file.encoding=UTF-8
2026-10-01 20:53:27,674 INFO o.a.j.JMeter: java.awt.headless=true
2026-10-01 20:53:27,674 INFO o.a.j.JMeter: Max memory     =4294967296
2026-10-01 20:53:27,674 INFO o.a.j.JMeter: Available Processors =12
2026-10-01 20:53:27,681 INFO o.a.j.JMeter: Default Locale=English (EN)
2026-10-01 20:53:27,682 INFO o.a.j.JMeter: JMeter  Locale=English (EN)
2026-10-01 20:53:27,682 INFO o.a.j.JMeter: JMeterHome=/opt/jmeter
2026-10-01 20:53:27,682 INFO o.a.j.JMeter: user.dir  =/tests
2026-10-01 20:53:27,682 INFO o.a.j.JMeter: PWD       =/tests
2026-10-01 20:53:27,682 INFO o.a.j.JMeter: IP: 172.19.0.5 Name: a5d3a35c1aa1 FullName: a5d3a35c1aa1
2026-10-01 20:53:27,692 INFO o.a.j.s.FileServer: Default base='/tests'
2026-10-01 20:53:27,693 INFO o.a.j.s.FileServer: Set new base='/tests'
2026-10-01 20:53:27,847 INFO o.a.j.s.SaveService: Testplan (JMX) version: 2.2. Testlog (JTL) version: 2.2
2026-10-01 20:53:27,870 INFO o.a.j.s.SaveService: Using SaveService properties version 5.0
2026-10-01 20:53:27,872 INFO o.a.j.s.SaveService: Using SaveService properties file encoding UTF-8
2026-10-01 20:53:27,875 INFO o.a.j.s.SaveService: Loading file: /tests/s3.jmx
2026-10-01 20:53:27,920 INFO o.a.j.p.h.s.HTTPSamplerBase: Parser for text/html is org.apache.jmeter.protocol.http.parser.LagartoBasedHtmlParser
2026-10-01 20:53:27,920 INFO o.a.j.p.h.s.HTTPSamplerBase: Parser for application/xhtml+xml is org.apache.jmeter.protocol.http.parser.LagartoBasedHtmlParser
2026-10-01 20:53:27,920 INFO o.a.j.p.h.s.HTTPSamplerBase: Parser for application/xml is org.apache.jmeter.protocol.http.parser.LagartoBasedHtmlParser
2026-10-01 20:53:27,920 INFO o.a.j.p.h.s.HTTPSamplerBase: Parser for text/xml is org.apache.jmeter.protocol.http.parser.LagartoBasedHtmlParser
2026-10-01 20:53:27,920 INFO o.a.j.p.h.s.HTTPSamplerBase: Parser for text/vnd.wap.wml is org.apache.jmeter.protocol.http.parser.RegexpHTMLParser
2026-10-01 20:53:27,920 INFO o.a.j.p.h.s.HTTPSamplerBase: Parser for text/css is org.apache.jmeter.protocol.http.parser.CssParser
2026-10-01 20:53:27,957 INFO o.a.j.JMeter: Creating summariser <summary>
2026-10-01 20:53:27,971 INFO o.a.j.e.StandardJMeterEngine: Running the test!
2026-10-01 20:53:27,972 INFO o.a.j.s.SampleEvent: List of sample_variables: []
2026-10-01 20:53:27,972 INFO o.a.j.s.SampleEvent: List of sample_variables: []
2026-10-01 20:53:27,975 INFO o.a.j.e.u.CompoundVariable: Note: Function class names must contain the string: '.functions.'
2026-10-01 20:53:27,976 INFO o.a.j.e.u.CompoundVariable: Note: Function class names must not contain the string: '.gui.'
2026-10-01 20:53:28,183 INFO o.a.j.JMeter: Running test (1790888008183)
2026-10-01 20:53:28,184 INFO o.a.j.e.StandardJMeterEngine: Starting setUp thread groups
2026-10-01 20:53:28,184 INFO o.a.j.e.StandardJMeterEngine: Starting setUp ThreadGroup: 1 : setUp - login 
2026-10-01 20:53:28,184 INFO o.a.j.e.StandardJMeterEngine: Starting 1 threads for group setUp - login.
2026-10-01 20:53:28,184 INFO o.a.j.e.StandardJMeterEngine: Test will stop abruptly on error
2026-10-01 20:53:28,185 INFO o.a.j.t.ThreadGroup: Starting thread group... number=1 threads=1 ramp-up=1 delayedStart=false
2026-10-01 20:53:28,188 INFO o.a.j.t.ThreadGroup: Started thread group number 1
2026-10-01 20:53:28,188 INFO o.a.j.e.StandardJMeterEngine: Waiting for all setup thread groups to exit
2026-10-01 20:53:28,189 INFO o.a.j.t.JMeterThread: Thread started: setUp - login 1-1
2026-10-01 20:53:28,199 INFO o.a.j.p.h.s.HTTPHCAbstractImpl: Local host = a5d3a35c1aa1
2026-10-01 20:53:28,204 INFO o.a.j.p.h.s.HTTPHC4Impl: HTTP request retry count = 0
2026-10-01 20:53:28,205 INFO o.a.j.s.SampleResult: Note: Sample TimeStamps are START times
2026-10-01 20:53:28,205 INFO o.a.j.s.SampleResult: sampleresult.default.encoding is set to UTF-8
2026-10-01 20:53:28,205 INFO o.a.j.s.SampleResult: sampleresult.useNanoTime=true
2026-10-01 20:53:28,205 INFO o.a.j.s.SampleResult: sampleresult.nanoThreadSleep=5000
2026-10-01 20:53:28,931 INFO o.a.j.t.JMeterThread: Thread is done: setUp - login 1-1
2026-10-01 20:53:28,932 INFO o.a.j.t.JMeterThread: Thread finished: setUp - login 1-1
2026-10-01 20:53:28,933 INFO o.a.j.e.StandardJMeterEngine: All Setup Threads have ended
2026-10-01 20:53:28,956 INFO o.a.j.e.StandardJMeterEngine: Starting ThreadGroup: 1 : S3
2026-10-01 20:53:28,956 INFO o.a.j.e.StandardJMeterEngine: Starting 10 threads for group S3.
2026-10-01 20:53:28,956 INFO o.a.j.e.StandardJMeterEngine: Thread will continue on error
2026-10-01 20:53:28,956 INFO o.a.j.t.ThreadGroup: Starting thread group... number=1 threads=10 ramp-up=10 delayedStart=false
2026-10-01 20:53:28,958 INFO o.a.j.t.JMeterThread: Thread started: S3 1-1
2026-10-01 20:53:28,966 INFO o.a.j.t.ThreadGroup: Started thread group number 1
2026-10-01 20:53:28,966 INFO o.a.j.e.StandardJMeterEngine: All thread groups have been started
2026-10-01 20:53:29,960 INFO o.a.j.t.JMeterThread: Thread started: S3 1-2
2026-10-01 20:53:30,001 INFO o.a.j.r.Summariser: summary +    563 in 00:00:02 =  309.9/s Avg:     2 Min:     1 Max:   281 Err:     0 (0.00%) Active: 2 Started: 2 Finished: 0
2026-10-01 20:53:30,957 INFO o.a.j.t.JMeterThread: Thread started: S3 1-3
2026-10-01 20:53:31,958 INFO o.a.j.t.JMeterThread: Thread started: S3 1-4
2026-10-01 20:53:32,958 INFO o.a.j.t.JMeterThread: Thread started: S3 1-5
2026-10-01 20:53:33,959 INFO o.a.j.t.JMeterThread: Thread started: S3 1-6
2026-10-01 20:53:34,958 INFO o.a.j.t.JMeterThread: Thread started: S3 1-7
2026-10-01 20:53:35,959 INFO o.a.j.t.JMeterThread: Thread started: S3 1-8
2026-10-01 20:53:36,957 INFO o.a.j.t.JMeterThread: Thread started: S3 1-9
2026-10-01 20:53:37,958 INFO o.a.j.t.JMeterThread: Thread started: S3 1-10
2026-10-01 20:53:48,956 INFO o.a.j.t.JMeterThread: Stopping because end time detected by thread: S3 1-1
2026-10-01 20:53:48,956 INFO o.a.j.t.JMeterThread: Thread finished: S3 1-1
2026-10-01 20:53:48,958 INFO o.a.j.t.JMeterThread: Stopping because end time detected by thread: S3 1-2
2026-10-01 20:53:48,958 INFO o.a.j.t.JMeterThread: Thread finished: S3 1-2
2026-10-01 20:53:48,960 INFO o.a.j.t.JMeterThread: Stopping because end time detected by thread: S3 1-4
2026-10-01 20:53:48,960 INFO o.a.j.t.JMeterThread: Thread finished: S3 1-4
2026-10-01 20:53:48,961 INFO o.a.j.t.JMeterThread: Stopping because end time detected by thread: S3 1-3
2026-10-01 20:53:48,961 INFO o.a.j.t.JMeterThread: Thread finished: S3 1-3
2026-10-01 20:53:48,961 INFO o.a.j.t.JMeterThread: Stopping because end time detected by thread: S3 1-5
2026-10-01 20:53:48,961 INFO o.a.j.t.JMeterThread: Thread finished: S3 1-5
2026-10-01 20:53:48,961 INFO o.a.j.t.JMeterThread: Stopping because end time detected by thread: S3 1-6
2026-10-01 20:53:48,962 INFO o.a.j.t.JMeterThread: Thread finished: S3 1-6
2026-10-01 20:53:48,962 INFO o.a.j.t.JMeterThread: Stopping because end time detected by thread: S3 1-7
2026-10-01 20:53:48,962 INFO o.a.j.t.JMeterThread: Thread finished: S3 1-7
2026-10-01 20:53:48,963 INFO o.a.j.t.JMeterThread: Stopping because end time detected by thread: S3 1-8
2026-10-01 20:53:48,963 INFO o.a.j.t.JMeterThread: Thread finished: S3 1-8
2026-10-01 20:53:48,965 INFO o.a.j.t.JMeterThread: Stopping because end time detected by thread: S3 1-9
2026-10-01 20:53:48,966 INFO o.a.j.t.JMeterThread: Stopping because end time detected by thread: S3 1-10
2026-10-01 20:53:48,966 INFO o.a.j.t.JMeterThread: Thread finished: S3 1-9
2026-10-01 20:53:48,966 INFO o.a.j.t.JMeterThread: Thread finished: S3 1-10
2026-10-01 20:53:48,966 INFO o.a.j.e.StandardJMeterEngine: Notifying test listeners of end of test
2026-10-01 20:53:48,969 INFO o.a.j.r.Summariser: summary +  66134 in 00:00:19 = 3486.4/s Avg:     2 Min:     1 Max:    37 Err:     0 (0.00%) Active: 0 Started: 10 Finished: 10
2026-10-01 20:53:48,969 INFO o.a.j.r.Summariser: summary =  66697 in 00:00:21 = 3208.7/s Avg:     2 Min:     1 Max:   281 Err:     0 (0.00%)
