2026-10-01 20:53:12,726 INFO o.a.j.u.JMeterUtils: Setting Locale to en_EN
2026-10-01 20:53:12,745 INFO o.a.j.JMeter: Loading user properties from: /opt/jmeter/bin/user.properties
2026-10-01 20:53:12,746 INFO o.a.j.JMeter: Loading system properties from: /opt/jmeter/bin/system.properties
2026-10-01 20:53:12,746 INFO o.a.j.JMeter: Loading additional properties from: /tests/run.properties
2026-10-01 20:53:12,746 INFO o.a.j.JMeter: Loading additional properties from: /tests/data/ranges.properties
2026-10-01 20:53:12,746 INFO o.a.j.JMeter: Setting JMeter property: host=nestjs-nginx
2026-10-01 20:53:12,746 INFO o.a.j.JMeter: Setting JMeter property: port=80
2026-10-01 20:53:12,747 INFO o.a.j.JMeter: Setting JMeter property: rampup=10
2026-10-01 20:53:12,747 INFO o.a.j.JMeter: Setting JMeter property: endpoint=EP5
2026-10-01 20:53:12,747 INFO o.a.j.JMeter: Setting JMeter property: users=10
2026-10-01 20:53:12,747 INFO o.a.j.JMeter: Setting JMeter property: duration=10
2026-10-01 20:53:12,751 INFO o.a.j.JMeter: Copyright (c) 1998-2024 The Apache Software Foundation
2026-10-01 20:53:12,752 INFO o.a.j.JMeter: Version 5.6.3
2026-10-01 20:53:12,752 INFO o.a.j.JMeter: java.version=21.0.12.1
2026-10-01 20:53:12,752 INFO o.a.j.JMeter: java.vm.name=OpenJDK 64-Bit Server VM
2026-10-01 20:53:12,752 INFO o.a.j.JMeter: os.name=Linux
2026-10-01 20:53:12,752 INFO o.a.j.JMeter: os.arch=amd64
2026-10-01 20:53:12,752 INFO o.a.j.JMeter: os.version=6.6.87.2-microsoft-standard-WSL2
2026-10-01 20:53:12,752 INFO o.a.j.JMeter: file.encoding=UTF-8
2026-10-01 20:53:12,752 INFO o.a.j.JMeter: java.awt.headless=true
2026-10-01 20:53:12,752 INFO o.a.j.JMeter: Max memory     =4294967296
2026-10-01 20:53:12,752 INFO o.a.j.JMeter: Available Processors =12
2026-10-01 20:53:12,761 INFO o.a.j.JMeter: Default Locale=English (EN)
2026-10-01 20:53:12,761 INFO o.a.j.JMeter: JMeter  Locale=English (EN)
2026-10-01 20:53:12,761 INFO o.a.j.JMeter: JMeterHome=/opt/jmeter
2026-10-01 20:53:12,762 INFO o.a.j.JMeter: user.dir  =/tests
2026-10-01 20:53:12,762 INFO o.a.j.JMeter: PWD       =/tests
2026-10-01 20:53:12,762 INFO o.a.j.JMeter: IP: 172.19.0.5 Name: 76b33a3bc13a FullName: 76b33a3bc13a
2026-10-01 20:53:12,773 INFO o.a.j.s.FileServer: Default base='/tests'
2026-10-01 20:53:12,774 INFO o.a.j.s.FileServer: Set new base='/tests'
2026-10-01 20:53:12,930 INFO o.a.j.s.SaveService: Testplan (JMX) version: 2.2. Testlog (JTL) version: 2.2
2026-10-01 20:53:12,955 INFO o.a.j.s.SaveService: Using SaveService properties version 5.0
2026-10-01 20:53:12,957 INFO o.a.j.s.SaveService: Using SaveService properties file encoding UTF-8
2026-10-01 20:53:12,960 INFO o.a.j.s.SaveService: Loading file: /tests/s3.jmx
2026-10-01 20:53:13,001 INFO o.a.j.p.h.s.HTTPSamplerBase: Parser for text/html is org.apache.jmeter.protocol.http.parser.LagartoBasedHtmlParser
2026-10-01 20:53:13,001 INFO o.a.j.p.h.s.HTTPSamplerBase: Parser for application/xhtml+xml is org.apache.jmeter.protocol.http.parser.LagartoBasedHtmlParser
2026-10-01 20:53:13,002 INFO o.a.j.p.h.s.HTTPSamplerBase: Parser for application/xml is org.apache.jmeter.protocol.http.parser.LagartoBasedHtmlParser
2026-10-01 20:53:13,002 INFO o.a.j.p.h.s.HTTPSamplerBase: Parser for text/xml is org.apache.jmeter.protocol.http.parser.LagartoBasedHtmlParser
2026-10-01 20:53:13,002 INFO o.a.j.p.h.s.HTTPSamplerBase: Parser for text/vnd.wap.wml is org.apache.jmeter.protocol.http.parser.RegexpHTMLParser
2026-10-01 20:53:13,002 INFO o.a.j.p.h.s.HTTPSamplerBase: Parser for text/css is org.apache.jmeter.protocol.http.parser.CssParser
2026-10-01 20:53:13,040 INFO o.a.j.JMeter: Creating summariser <summary>
2026-10-01 20:53:13,050 INFO o.a.j.e.StandardJMeterEngine: Running the test!
2026-10-01 20:53:13,051 INFO o.a.j.s.SampleEvent: List of sample_variables: []
2026-10-01 20:53:13,051 INFO o.a.j.s.SampleEvent: List of sample_variables: []
2026-10-01 20:53:13,054 INFO o.a.j.e.u.CompoundVariable: Note: Function class names must contain the string: '.functions.'
2026-10-01 20:53:13,054 INFO o.a.j.e.u.CompoundVariable: Note: Function class names must not contain the string: '.gui.'
2026-10-01 20:53:13,257 INFO o.a.j.JMeter: Running test (1790887993257)
2026-10-01 20:53:13,258 INFO o.a.j.e.StandardJMeterEngine: Starting setUp thread groups
2026-10-01 20:53:13,258 INFO o.a.j.e.StandardJMeterEngine: Starting setUp ThreadGroup: 1 : setUp - login 
2026-10-01 20:53:13,259 INFO o.a.j.e.StandardJMeterEngine: Starting 1 threads for group setUp - login.
2026-10-01 20:53:13,259 INFO o.a.j.e.StandardJMeterEngine: Test will stop abruptly on error
2026-10-01 20:53:13,259 INFO o.a.j.t.ThreadGroup: Starting thread group... number=1 threads=1 ramp-up=1 delayedStart=false
2026-10-01 20:53:13,262 INFO o.a.j.t.ThreadGroup: Started thread group number 1
2026-10-01 20:53:13,262 INFO o.a.j.e.StandardJMeterEngine: Waiting for all setup thread groups to exit
2026-10-01 20:53:13,263 INFO o.a.j.t.JMeterThread: Thread started: setUp - login 1-1
2026-10-01 20:53:13,274 INFO o.a.j.p.h.s.HTTPHCAbstractImpl: Local host = 76b33a3bc13a
2026-10-01 20:53:13,278 INFO o.a.j.p.h.s.HTTPHC4Impl: HTTP request retry count = 0
2026-10-01 20:53:13,279 INFO o.a.j.s.SampleResult: Note: Sample TimeStamps are START times
2026-10-01 20:53:13,279 INFO o.a.j.s.SampleResult: sampleresult.default.encoding is set to UTF-8
2026-10-01 20:53:13,279 INFO o.a.j.s.SampleResult: sampleresult.useNanoTime=true
2026-10-01 20:53:13,279 INFO o.a.j.s.SampleResult: sampleresult.nanoThreadSleep=5000
2026-10-01 20:53:14,061 INFO o.a.j.t.JMeterThread: Thread is done: setUp - login 1-1
2026-10-01 20:53:14,061 INFO o.a.j.t.JMeterThread: Thread finished: setUp - login 1-1
2026-10-01 20:53:14,062 INFO o.a.j.e.StandardJMeterEngine: All Setup Threads have ended
2026-10-01 20:53:14,083 INFO o.a.j.e.StandardJMeterEngine: Starting ThreadGroup: 1 : S3
2026-10-01 20:53:14,084 INFO o.a.j.e.StandardJMeterEngine: Starting 10 threads for group S3.
2026-10-01 20:53:14,084 INFO o.a.j.e.StandardJMeterEngine: Thread will continue on error
2026-10-01 20:53:14,084 INFO o.a.j.t.ThreadGroup: Starting thread group... number=1 threads=10 ramp-up=10 delayedStart=false
2026-10-01 20:53:14,086 INFO o.a.j.t.JMeterThread: Thread started: S3 1-1
2026-10-01 20:53:14,092 INFO o.a.j.t.ThreadGroup: Started thread group number 1
2026-10-01 20:53:14,092 INFO o.a.j.e.StandardJMeterEngine: All thread groups have been started
2026-10-01 20:53:15,087 INFO o.a.j.t.JMeterThread: Thread started: S3 1-2
2026-10-01 20:53:16,085 INFO o.a.j.t.JMeterThread: Thread started: S3 1-3
2026-10-01 20:53:17,085 INFO o.a.j.t.JMeterThread: Thread started: S3 1-4
2026-10-01 20:53:18,086 INFO o.a.j.t.JMeterThread: Thread started: S3 1-5
2026-10-01 20:53:19,085 INFO o.a.j.t.JMeterThread: Thread started: S3 1-6
2026-10-01 20:53:20,086 INFO o.a.j.t.JMeterThread: Thread started: S3 1-7
2026-10-01 20:53:21,085 INFO o.a.j.t.JMeterThread: Thread started: S3 1-8
2026-10-01 20:53:22,085 INFO o.a.j.t.JMeterThread: Thread started: S3 1-9
2026-10-01 20:53:23,085 INFO o.a.j.t.JMeterThread: Thread started: S3 1-10
2026-10-01 20:53:24,086 INFO o.a.j.t.JMeterThread: Stopping because end time detected by thread: S3 1-1
2026-10-01 20:53:24,087 INFO o.a.j.t.JMeterThread: Thread finished: S3 1-1
2026-10-01 20:53:24,087 INFO o.a.j.t.JMeterThread: Stopping because end time detected by thread: S3 1-3
2026-10-01 20:53:24,087 INFO o.a.j.t.JMeterThread: Thread finished: S3 1-3
2026-10-01 20:53:24,088 INFO o.a.j.t.JMeterThread: Stopping because end time detected by thread: S3 1-5
2026-10-01 20:53:24,088 INFO o.a.j.t.JMeterThread: Thread finished: S3 1-5
2026-10-01 20:53:24,088 INFO o.a.j.t.JMeterThread: Stopping because end time detected by thread: S3 1-2
2026-10-01 20:53:24,088 INFO o.a.j.t.JMeterThread: Thread finished: S3 1-2
2026-10-01 20:53:24,088 INFO o.a.j.t.JMeterThread: Stopping because end time detected by thread: S3 1-4
2026-10-01 20:53:24,089 INFO o.a.j.t.JMeterThread: Thread finished: S3 1-4
2026-10-01 20:53:24,089 INFO o.a.j.t.JMeterThread: Stopping because end time detected by thread: S3 1-6
2026-10-01 20:53:24,089 INFO o.a.j.t.JMeterThread: Thread finished: S3 1-6
2026-10-01 20:53:24,090 INFO o.a.j.t.JMeterThread: Stopping because end time detected by thread: S3 1-8
2026-10-01 20:53:24,090 INFO o.a.j.t.JMeterThread: Thread finished: S3 1-8
2026-10-01 20:53:24,091 INFO o.a.j.t.JMeterThread: Stopping because end time detected by thread: S3 1-9
2026-10-01 20:53:24,091 INFO o.a.j.t.JMeterThread: Stopping because end time detected by thread: S3 1-10
2026-10-01 20:53:24,091 INFO o.a.j.t.JMeterThread: Thread finished: S3 1-9
2026-10-01 20:53:24,091 INFO o.a.j.t.JMeterThread: Thread finished: S3 1-10
2026-10-01 20:53:24,091 INFO o.a.j.t.JMeterThread: Stopping because end time detected by thread: S3 1-7
2026-10-01 20:53:24,091 INFO o.a.j.t.JMeterThread: Thread finished: S3 1-7
2026-10-01 20:53:24,091 INFO o.a.j.e.StandardJMeterEngine: Notifying test listeners of end of test
2026-10-01 20:53:24,095 INFO o.a.j.r.Summariser: summary =  22703 in 00:00:11 = 2095.0/s Avg:     2 Min:     1 Max:   311 Err:     0 (0.00%)
