2026-10-07 19:01:21,204 INFO o.a.j.u.JMeterUtils: Setting Locale to en_EN
2026-10-07 19:01:21,222 INFO o.a.j.JMeter: Loading user properties from: /opt/jmeter/bin/user.properties
2026-10-07 19:01:21,222 INFO o.a.j.JMeter: Loading system properties from: /opt/jmeter/bin/system.properties
2026-10-07 19:01:21,222 INFO o.a.j.JMeter: Loading additional properties from: /tests/run.properties
2026-10-07 19:01:21,223 INFO o.a.j.JMeter: Loading additional properties from: /tests/data/ranges.properties
2026-10-07 19:01:21,223 INFO o.a.j.JMeter: Setting JMeter property: host=laravel-nginx
2026-10-07 19:01:21,223 INFO o.a.j.JMeter: Setting JMeter property: port=80
2026-10-07 19:01:21,223 INFO o.a.j.JMeter: Setting JMeter property: rampup=10
2026-10-07 19:01:21,223 INFO o.a.j.JMeter: Setting JMeter property: endpoint=EP1
2026-10-07 19:01:21,223 INFO o.a.j.JMeter: Setting JMeter property: users=2
2026-10-07 19:01:21,223 INFO o.a.j.JMeter: Setting JMeter property: duration=60
2026-10-07 19:01:21,227 INFO o.a.j.JMeter: Copyright (c) 1998-2024 The Apache Software Foundation
2026-10-07 19:01:21,227 INFO o.a.j.JMeter: Version 5.6.3
2026-10-07 19:01:21,227 INFO o.a.j.JMeter: java.version=21.0.12.1
2026-10-07 19:01:21,227 INFO o.a.j.JMeter: java.vm.name=OpenJDK 64-Bit Server VM
2026-10-07 19:01:21,228 INFO o.a.j.JMeter: os.name=Linux
2026-10-07 19:01:21,228 INFO o.a.j.JMeter: os.arch=amd64
2026-10-07 19:01:21,228 INFO o.a.j.JMeter: os.version=6.6.87.2-microsoft-standard-WSL2
2026-10-07 19:01:21,228 INFO o.a.j.JMeter: file.encoding=UTF-8
2026-10-07 19:01:21,228 INFO o.a.j.JMeter: java.awt.headless=true
2026-10-07 19:01:21,228 INFO o.a.j.JMeter: Max memory     =4294967296
2026-10-07 19:01:21,228 INFO o.a.j.JMeter: Available Processors =12
2026-10-07 19:01:21,234 INFO o.a.j.JMeter: Default Locale=English (EN)
2026-10-07 19:01:21,234 INFO o.a.j.JMeter: JMeter  Locale=English (EN)
2026-10-07 19:01:21,235 INFO o.a.j.JMeter: JMeterHome=/opt/jmeter
2026-10-07 19:01:21,235 INFO o.a.j.JMeter: user.dir  =/tests
2026-10-07 19:01:21,235 INFO o.a.j.JMeter: PWD       =/tests
2026-10-07 19:01:21,235 INFO o.a.j.JMeter: IP: 172.19.0.5 Name: 6f2218b0e82e FullName: 6f2218b0e82e
2026-10-07 19:01:21,243 INFO o.a.j.s.FileServer: Default base='/tests'
2026-10-07 19:01:21,244 INFO o.a.j.s.FileServer: Set new base='/tests'
2026-10-07 19:01:21,371 INFO o.a.j.s.SaveService: Testplan (JMX) version: 2.2. Testlog (JTL) version: 2.2
2026-10-07 19:01:21,391 INFO o.a.j.s.SaveService: Using SaveService properties version 5.0
2026-10-07 19:01:21,393 INFO o.a.j.s.SaveService: Using SaveService properties file encoding UTF-8
2026-10-07 19:01:21,396 INFO o.a.j.s.SaveService: Loading file: /tests/s3.jmx
2026-10-07 19:01:21,434 INFO o.a.j.p.h.s.HTTPSamplerBase: Parser for text/html is org.apache.jmeter.protocol.http.parser.LagartoBasedHtmlParser
2026-10-07 19:01:21,434 INFO o.a.j.p.h.s.HTTPSamplerBase: Parser for application/xhtml+xml is org.apache.jmeter.protocol.http.parser.LagartoBasedHtmlParser
2026-10-07 19:01:21,434 INFO o.a.j.p.h.s.HTTPSamplerBase: Parser for application/xml is org.apache.jmeter.protocol.http.parser.LagartoBasedHtmlParser
2026-10-07 19:01:21,434 INFO o.a.j.p.h.s.HTTPSamplerBase: Parser for text/xml is org.apache.jmeter.protocol.http.parser.LagartoBasedHtmlParser
2026-10-07 19:01:21,434 INFO o.a.j.p.h.s.HTTPSamplerBase: Parser for text/vnd.wap.wml is org.apache.jmeter.protocol.http.parser.RegexpHTMLParser
2026-10-07 19:01:21,434 INFO o.a.j.p.h.s.HTTPSamplerBase: Parser for text/css is org.apache.jmeter.protocol.http.parser.CssParser
2026-10-07 19:01:21,467 INFO o.a.j.JMeter: Creating summariser <summary>
2026-10-07 19:01:21,479 INFO o.a.j.e.StandardJMeterEngine: Running the test!
2026-10-07 19:01:21,480 INFO o.a.j.s.SampleEvent: List of sample_variables: []
2026-10-07 19:01:21,480 INFO o.a.j.s.SampleEvent: List of sample_variables: []
2026-10-07 19:01:21,483 INFO o.a.j.e.u.CompoundVariable: Note: Function class names must contain the string: '.functions.'
2026-10-07 19:01:21,483 INFO o.a.j.e.u.CompoundVariable: Note: Function class names must not contain the string: '.gui.'
2026-10-07 19:01:21,670 INFO o.a.j.JMeter: Running test (1791399681670)
2026-10-07 19:01:21,671 INFO o.a.j.e.StandardJMeterEngine: Starting setUp thread groups
2026-10-07 19:01:21,671 INFO o.a.j.e.StandardJMeterEngine: Starting setUp ThreadGroup: 1 : setUp - login 
2026-10-07 19:01:21,672 INFO o.a.j.e.StandardJMeterEngine: Starting 1 threads for group setUp - login.
2026-10-07 19:01:21,672 INFO o.a.j.e.StandardJMeterEngine: Test will stop abruptly on error
2026-10-07 19:01:21,672 INFO o.a.j.t.ThreadGroup: Starting thread group... number=1 threads=1 ramp-up=1 delayedStart=false
2026-10-07 19:01:21,674 INFO o.a.j.t.ThreadGroup: Started thread group number 1
2026-10-07 19:01:21,674 INFO o.a.j.e.StandardJMeterEngine: Waiting for all setup thread groups to exit
2026-10-07 19:01:21,675 INFO o.a.j.t.JMeterThread: Thread started: setUp - login 1-1
2026-10-07 19:01:21,685 INFO o.a.j.p.h.s.HTTPHCAbstractImpl: Local host = 6f2218b0e82e
2026-10-07 19:01:21,688 INFO o.a.j.p.h.s.HTTPHC4Impl: HTTP request retry count = 0
2026-10-07 19:01:21,689 INFO o.a.j.s.SampleResult: Note: Sample TimeStamps are START times
2026-10-07 19:01:21,690 INFO o.a.j.s.SampleResult: sampleresult.default.encoding is set to UTF-8
2026-10-07 19:01:21,690 INFO o.a.j.s.SampleResult: sampleresult.useNanoTime=true
2026-10-07 19:01:21,690 INFO o.a.j.s.SampleResult: sampleresult.nanoThreadSleep=5000
2026-10-07 19:01:22,361 INFO o.a.j.t.JMeterThread: Thread is done: setUp - login 1-1
2026-10-07 19:01:22,362 INFO o.a.j.t.JMeterThread: Thread finished: setUp - login 1-1
2026-10-07 19:01:22,362 INFO o.a.j.e.StandardJMeterEngine: All Setup Threads have ended
2026-10-07 19:01:22,382 INFO o.a.j.e.StandardJMeterEngine: Starting ThreadGroup: 1 : S3
2026-10-07 19:01:22,383 INFO o.a.j.e.StandardJMeterEngine: Starting 2 threads for group S3.
2026-10-07 19:01:22,383 INFO o.a.j.e.StandardJMeterEngine: Thread will continue on error
2026-10-07 19:01:22,383 INFO o.a.j.t.ThreadGroup: Starting thread group... number=1 threads=2 ramp-up=10 delayedStart=false
2026-10-07 19:01:22,386 INFO o.a.j.t.ThreadGroup: Started thread group number 1
2026-10-07 19:01:22,385 INFO o.a.j.t.JMeterThread: Thread started: S3 1-1
2026-10-07 19:01:22,386 INFO o.a.j.e.StandardJMeterEngine: All thread groups have been started
2026-10-07 19:01:27,384 INFO o.a.j.t.JMeterThread: Thread started: S3 1-2
2026-10-07 19:01:30,004 INFO o.a.j.r.Summariser: summary +   1494 in 00:00:08 =  179.3/s Avg:     6 Min:     5 Max:   278 Err:     0 (0.00%) Active: 2 Started: 2 Finished: 0
2026-10-07 19:02:00,006 INFO o.a.j.r.Summariser: summary +   9383 in 00:00:30 =  312.7/s Avg:     6 Min:     5 Max:    20 Err:     0 (0.00%) Active: 2 Started: 2 Finished: 0
2026-10-07 19:02:00,006 INFO o.a.j.r.Summariser: summary =  10877 in 00:00:38 =  283.7/s Avg:     6 Min:     5 Max:   278 Err:     0 (0.00%)
2026-10-07 19:02:22,383 INFO o.a.j.t.JMeterThread: Stopping because end time detected by thread: S3 1-1
2026-10-07 19:02:22,384 INFO o.a.j.t.JMeterThread: Thread finished: S3 1-1
2026-10-07 19:02:22,389 INFO o.a.j.t.JMeterThread: Stopping because end time detected by thread: S3 1-2
2026-10-07 19:02:22,389 INFO o.a.j.t.JMeterThread: Thread finished: S3 1-2
2026-10-07 19:02:22,389 INFO o.a.j.e.StandardJMeterEngine: Notifying test listeners of end of test
2026-10-07 19:02:22,391 INFO o.a.j.r.Summariser: summary +   7560 in 00:00:22 =  337.7/s Avg:     5 Min:     5 Max:    25 Err:     0 (0.00%) Active: 0 Started: 2 Finished: 2
2026-10-07 19:02:22,391 INFO o.a.j.r.Summariser: summary =  18437 in 00:01:01 =  303.6/s Avg:     6 Min:     5 Max:   278 Err:     0 (0.00%)
