2026-10-02 19:16:29,936 INFO o.a.j.u.JMeterUtils: Setting Locale to en_EN
2026-10-02 19:16:29,955 INFO o.a.j.JMeter: Loading user properties from: /opt/jmeter/bin/user.properties
2026-10-02 19:16:29,955 INFO o.a.j.JMeter: Loading system properties from: /opt/jmeter/bin/system.properties
2026-10-02 19:16:29,955 INFO o.a.j.JMeter: Loading additional properties from: /tests/run.properties
2026-10-02 19:16:29,956 INFO o.a.j.JMeter: Loading additional properties from: /tests/data/ranges.properties
2026-10-02 19:16:29,956 INFO o.a.j.JMeter: Setting JMeter property: host=nestjs-nginx
2026-10-02 19:16:29,956 INFO o.a.j.JMeter: Setting JMeter property: port=80
2026-10-02 19:16:29,956 INFO o.a.j.JMeter: Setting JMeter property: rampup=1
2026-10-02 19:16:29,956 INFO o.a.j.JMeter: Setting JMeter property: endpoint=PING
2026-10-02 19:16:29,956 INFO o.a.j.JMeter: Setting JMeter property: users=1
2026-10-02 19:16:29,956 INFO o.a.j.JMeter: Setting JMeter property: duration=60
2026-10-02 19:16:29,962 INFO o.a.j.JMeter: Copyright (c) 1998-2024 The Apache Software Foundation
2026-10-02 19:16:29,962 INFO o.a.j.JMeter: Version 5.6.3
2026-10-02 19:16:29,962 INFO o.a.j.JMeter: java.version=21.0.12.1
2026-10-02 19:16:29,962 INFO o.a.j.JMeter: java.vm.name=OpenJDK 64-Bit Server VM
2026-10-02 19:16:29,962 INFO o.a.j.JMeter: os.name=Linux
2026-10-02 19:16:29,962 INFO o.a.j.JMeter: os.arch=amd64
2026-10-02 19:16:29,962 INFO o.a.j.JMeter: os.version=6.6.87.2-microsoft-standard-WSL2
2026-10-02 19:16:29,962 INFO o.a.j.JMeter: file.encoding=UTF-8
2026-10-02 19:16:29,962 INFO o.a.j.JMeter: java.awt.headless=true
2026-10-02 19:16:29,962 INFO o.a.j.JMeter: Max memory     =4294967296
2026-10-02 19:16:29,963 INFO o.a.j.JMeter: Available Processors =12
2026-10-02 19:16:29,972 INFO o.a.j.JMeter: Default Locale=English (EN)
2026-10-02 19:16:29,972 INFO o.a.j.JMeter: JMeter  Locale=English (EN)
2026-10-02 19:16:29,972 INFO o.a.j.JMeter: JMeterHome=/opt/jmeter
2026-10-02 19:16:29,972 INFO o.a.j.JMeter: user.dir  =/tests
2026-10-02 19:16:29,972 INFO o.a.j.JMeter: PWD       =/tests
2026-10-02 19:16:29,973 INFO o.a.j.JMeter: IP: 172.19.0.5 Name: c900b94e7304 FullName: c900b94e7304
2026-10-02 19:16:29,982 INFO o.a.j.s.FileServer: Default base='/tests'
2026-10-02 19:16:29,983 INFO o.a.j.s.FileServer: Set new base='/tests'
2026-10-02 19:16:30,140 INFO o.a.j.s.SaveService: Testplan (JMX) version: 2.2. Testlog (JTL) version: 2.2
2026-10-02 19:16:30,165 INFO o.a.j.s.SaveService: Using SaveService properties version 5.0
2026-10-02 19:16:30,168 INFO o.a.j.s.SaveService: Using SaveService properties file encoding UTF-8
2026-10-02 19:16:30,171 INFO o.a.j.s.SaveService: Loading file: /tests/s1.jmx
2026-10-02 19:16:30,213 INFO o.a.j.p.h.s.HTTPSamplerBase: Parser for text/html is org.apache.jmeter.protocol.http.parser.LagartoBasedHtmlParser
2026-10-02 19:16:30,213 INFO o.a.j.p.h.s.HTTPSamplerBase: Parser for application/xhtml+xml is org.apache.jmeter.protocol.http.parser.LagartoBasedHtmlParser
2026-10-02 19:16:30,213 INFO o.a.j.p.h.s.HTTPSamplerBase: Parser for application/xml is org.apache.jmeter.protocol.http.parser.LagartoBasedHtmlParser
2026-10-02 19:16:30,213 INFO o.a.j.p.h.s.HTTPSamplerBase: Parser for text/xml is org.apache.jmeter.protocol.http.parser.LagartoBasedHtmlParser
2026-10-02 19:16:30,213 INFO o.a.j.p.h.s.HTTPSamplerBase: Parser for text/vnd.wap.wml is org.apache.jmeter.protocol.http.parser.RegexpHTMLParser
2026-10-02 19:16:30,214 INFO o.a.j.p.h.s.HTTPSamplerBase: Parser for text/css is org.apache.jmeter.protocol.http.parser.CssParser
2026-10-02 19:16:30,250 INFO o.a.j.JMeter: Creating summariser <summary>
2026-10-02 19:16:30,263 INFO o.a.j.e.StandardJMeterEngine: Running the test!
2026-10-02 19:16:30,264 INFO o.a.j.s.SampleEvent: List of sample_variables: []
2026-10-02 19:16:30,264 INFO o.a.j.s.SampleEvent: List of sample_variables: []
2026-10-02 19:16:30,268 INFO o.a.j.e.u.CompoundVariable: Note: Function class names must contain the string: '.functions.'
2026-10-02 19:16:30,268 INFO o.a.j.e.u.CompoundVariable: Note: Function class names must not contain the string: '.gui.'
2026-10-02 19:16:30,476 INFO o.a.j.JMeter: Running test (1790968590476)
2026-10-02 19:16:30,477 INFO o.a.j.e.StandardJMeterEngine: Starting setUp thread groups
2026-10-02 19:16:30,477 INFO o.a.j.e.StandardJMeterEngine: Starting setUp ThreadGroup: 1 : setUp - login 
2026-10-02 19:16:30,477 INFO o.a.j.e.StandardJMeterEngine: Starting 1 threads for group setUp - login.
2026-10-02 19:16:30,477 INFO o.a.j.e.StandardJMeterEngine: Test will stop abruptly on error
2026-10-02 19:16:30,478 INFO o.a.j.t.ThreadGroup: Starting thread group... number=1 threads=1 ramp-up=1 delayedStart=false
2026-10-02 19:16:30,480 INFO o.a.j.t.ThreadGroup: Started thread group number 1
2026-10-02 19:16:30,480 INFO o.a.j.e.StandardJMeterEngine: Waiting for all setup thread groups to exit
2026-10-02 19:16:30,482 INFO o.a.j.t.JMeterThread: Thread started: setUp - login 1-1
2026-10-02 19:16:30,492 INFO o.a.j.p.h.s.HTTPHCAbstractImpl: Local host = c900b94e7304
2026-10-02 19:16:30,497 INFO o.a.j.p.h.s.HTTPHC4Impl: HTTP request retry count = 0
2026-10-02 19:16:30,498 INFO o.a.j.s.SampleResult: Note: Sample TimeStamps are START times
2026-10-02 19:16:30,498 INFO o.a.j.s.SampleResult: sampleresult.default.encoding is set to UTF-8
2026-10-02 19:16:30,498 INFO o.a.j.s.SampleResult: sampleresult.useNanoTime=true
2026-10-02 19:16:30,498 INFO o.a.j.s.SampleResult: sampleresult.nanoThreadSleep=5000
2026-10-02 19:16:31,317 INFO o.a.j.r.Summariser: summary +      1 in 00:00:01 =    1.2/s Avg:   317 Min:   317 Max:   317 Err:     0 (0.00%) Active: 1 Started: 1 Finished: 0
2026-10-02 19:16:31,317 INFO o.a.j.t.JMeterThread: Thread is done: setUp - login 1-1
2026-10-02 19:16:31,317 INFO o.a.j.t.JMeterThread: Thread finished: setUp - login 1-1
2026-10-02 19:16:31,318 INFO o.a.j.e.StandardJMeterEngine: All Setup Threads have ended
2026-10-02 19:16:31,342 INFO o.a.j.e.StandardJMeterEngine: Starting ThreadGroup: 1 : S1
2026-10-02 19:16:31,342 INFO o.a.j.e.StandardJMeterEngine: Starting 1 threads for group S1.
2026-10-02 19:16:31,342 INFO o.a.j.e.StandardJMeterEngine: Thread will continue on error
2026-10-02 19:16:31,342 INFO o.a.j.t.ThreadGroup: Starting thread group... number=1 threads=1 ramp-up=1 delayedStart=false
2026-10-02 19:16:31,344 INFO o.a.j.t.ThreadGroup: Started thread group number 1
2026-10-02 19:16:31,344 INFO o.a.j.e.StandardJMeterEngine: All thread groups have been started
2026-10-02 19:16:31,345 INFO o.a.j.t.JMeterThread: Thread started: S1 1-1
2026-10-02 19:17:00,000 INFO o.a.j.r.Summariser: summary +  54421 in 00:00:29 = 1897.3/s Avg:     0 Min:     0 Max:    10 Err:     0 (0.00%) Active: 1 Started: 1 Finished: 0
2026-10-02 19:17:00,001 INFO o.a.j.r.Summariser: summary =  54422 in 00:00:30 = 1843.3/s Avg:     0 Min:     0 Max:   317 Err:     0 (0.00%)
2026-10-02 19:17:30,000 INFO o.a.j.r.Summariser: summary +  61237 in 00:00:30 = 2041.2/s Avg:     0 Min:     0 Max:     9 Err:     0 (0.00%) Active: 1 Started: 1 Finished: 0
2026-10-02 19:17:30,000 INFO o.a.j.r.Summariser: summary = 115659 in 00:01:00 = 1943.1/s Avg:     0 Min:     0 Max:   317 Err:     0 (0.00%)
2026-10-02 19:17:31,342 INFO o.a.j.t.JMeterThread: Stopping because end time detected by thread: S1 1-1
2026-10-02 19:17:31,342 INFO o.a.j.t.JMeterThread: Thread finished: S1 1-1
2026-10-02 19:17:31,343 INFO o.a.j.e.StandardJMeterEngine: Notifying test listeners of end of test
2026-10-02 19:17:31,345 INFO o.a.j.r.Summariser: summary +   2852 in 00:00:01 = 2122.0/s Avg:     0 Min:     0 Max:     4 Err:     0 (0.00%) Active: 0 Started: 1 Finished: 1
2026-10-02 19:17:31,345 INFO o.a.j.r.Summariser: summary = 118511 in 00:01:01 = 1947.0/s Avg:     0 Min:     0 Max:   317 Err:     0 (0.00%)
