2026-10-02 19:15:24,781 INFO o.a.j.u.JMeterUtils: Setting Locale to en_EN
2026-10-02 19:15:24,802 INFO o.a.j.JMeter: Loading user properties from: /opt/jmeter/bin/user.properties
2026-10-02 19:15:24,803 INFO o.a.j.JMeter: Loading system properties from: /opt/jmeter/bin/system.properties
2026-10-02 19:15:24,803 INFO o.a.j.JMeter: Loading additional properties from: /tests/run.properties
2026-10-02 19:15:24,803 INFO o.a.j.JMeter: Loading additional properties from: /tests/data/ranges.properties
2026-10-02 19:15:24,803 INFO o.a.j.JMeter: Setting JMeter property: host=nestjs-nginx
2026-10-02 19:15:24,803 INFO o.a.j.JMeter: Setting JMeter property: port=80
2026-10-02 19:15:24,803 INFO o.a.j.JMeter: Setting JMeter property: rampup=1
2026-10-02 19:15:24,804 INFO o.a.j.JMeter: Setting JMeter property: endpoint=PING
2026-10-02 19:15:24,804 INFO o.a.j.JMeter: Setting JMeter property: users=1
2026-10-02 19:15:24,804 INFO o.a.j.JMeter: Setting JMeter property: duration=60
2026-10-02 19:15:24,808 INFO o.a.j.JMeter: Copyright (c) 1998-2024 The Apache Software Foundation
2026-10-02 19:15:24,808 INFO o.a.j.JMeter: Version 5.6.3
2026-10-02 19:15:24,808 INFO o.a.j.JMeter: java.version=21.0.12.1
2026-10-02 19:15:24,808 INFO o.a.j.JMeter: java.vm.name=OpenJDK 64-Bit Server VM
2026-10-02 19:15:24,808 INFO o.a.j.JMeter: os.name=Linux
2026-10-02 19:15:24,808 INFO o.a.j.JMeter: os.arch=amd64
2026-10-02 19:15:24,808 INFO o.a.j.JMeter: os.version=6.6.87.2-microsoft-standard-WSL2
2026-10-02 19:15:24,809 INFO o.a.j.JMeter: file.encoding=UTF-8
2026-10-02 19:15:24,809 INFO o.a.j.JMeter: java.awt.headless=true
2026-10-02 19:15:24,809 INFO o.a.j.JMeter: Max memory     =4294967296
2026-10-02 19:15:24,809 INFO o.a.j.JMeter: Available Processors =12
2026-10-02 19:15:24,815 INFO o.a.j.JMeter: Default Locale=English (EN)
2026-10-02 19:15:24,816 INFO o.a.j.JMeter: JMeter  Locale=English (EN)
2026-10-02 19:15:24,816 INFO o.a.j.JMeter: JMeterHome=/opt/jmeter
2026-10-02 19:15:24,816 INFO o.a.j.JMeter: user.dir  =/tests
2026-10-02 19:15:24,816 INFO o.a.j.JMeter: PWD       =/tests
2026-10-02 19:15:24,816 INFO o.a.j.JMeter: IP: 172.19.0.5 Name: d0153265a89f FullName: d0153265a89f
2026-10-02 19:15:24,826 INFO o.a.j.s.FileServer: Default base='/tests'
2026-10-02 19:15:24,827 INFO o.a.j.s.FileServer: Set new base='/tests'
2026-10-02 19:15:24,984 INFO o.a.j.s.SaveService: Testplan (JMX) version: 2.2. Testlog (JTL) version: 2.2
2026-10-02 19:15:25,006 INFO o.a.j.s.SaveService: Using SaveService properties version 5.0
2026-10-02 19:15:25,009 INFO o.a.j.s.SaveService: Using SaveService properties file encoding UTF-8
2026-10-02 19:15:25,012 INFO o.a.j.s.SaveService: Loading file: /tests/s1.jmx
2026-10-02 19:15:25,055 INFO o.a.j.p.h.s.HTTPSamplerBase: Parser for text/html is org.apache.jmeter.protocol.http.parser.LagartoBasedHtmlParser
2026-10-02 19:15:25,055 INFO o.a.j.p.h.s.HTTPSamplerBase: Parser for application/xhtml+xml is org.apache.jmeter.protocol.http.parser.LagartoBasedHtmlParser
2026-10-02 19:15:25,055 INFO o.a.j.p.h.s.HTTPSamplerBase: Parser for application/xml is org.apache.jmeter.protocol.http.parser.LagartoBasedHtmlParser
2026-10-02 19:15:25,055 INFO o.a.j.p.h.s.HTTPSamplerBase: Parser for text/xml is org.apache.jmeter.protocol.http.parser.LagartoBasedHtmlParser
2026-10-02 19:15:25,055 INFO o.a.j.p.h.s.HTTPSamplerBase: Parser for text/vnd.wap.wml is org.apache.jmeter.protocol.http.parser.RegexpHTMLParser
2026-10-02 19:15:25,055 INFO o.a.j.p.h.s.HTTPSamplerBase: Parser for text/css is org.apache.jmeter.protocol.http.parser.CssParser
2026-10-02 19:15:25,092 INFO o.a.j.JMeter: Creating summariser <summary>
2026-10-02 19:15:25,102 INFO o.a.j.e.StandardJMeterEngine: Running the test!
2026-10-02 19:15:25,102 INFO o.a.j.s.SampleEvent: List of sample_variables: []
2026-10-02 19:15:25,103 INFO o.a.j.s.SampleEvent: List of sample_variables: []
2026-10-02 19:15:25,106 INFO o.a.j.e.u.CompoundVariable: Note: Function class names must contain the string: '.functions.'
2026-10-02 19:15:25,106 INFO o.a.j.e.u.CompoundVariable: Note: Function class names must not contain the string: '.gui.'
2026-10-02 19:15:25,316 INFO o.a.j.JMeter: Running test (1790968525316)
2026-10-02 19:15:25,317 INFO o.a.j.e.StandardJMeterEngine: Starting setUp thread groups
2026-10-02 19:15:25,317 INFO o.a.j.e.StandardJMeterEngine: Starting setUp ThreadGroup: 1 : setUp - login 
2026-10-02 19:15:25,318 INFO o.a.j.e.StandardJMeterEngine: Starting 1 threads for group setUp - login.
2026-10-02 19:15:25,318 INFO o.a.j.e.StandardJMeterEngine: Test will stop abruptly on error
2026-10-02 19:15:25,318 INFO o.a.j.t.ThreadGroup: Starting thread group... number=1 threads=1 ramp-up=1 delayedStart=false
2026-10-02 19:15:25,321 INFO o.a.j.t.ThreadGroup: Started thread group number 1
2026-10-02 19:15:25,321 INFO o.a.j.e.StandardJMeterEngine: Waiting for all setup thread groups to exit
2026-10-02 19:15:25,322 INFO o.a.j.t.JMeterThread: Thread started: setUp - login 1-1
2026-10-02 19:15:25,333 INFO o.a.j.p.h.s.HTTPHCAbstractImpl: Local host = d0153265a89f
2026-10-02 19:15:25,338 INFO o.a.j.p.h.s.HTTPHC4Impl: HTTP request retry count = 0
2026-10-02 19:15:25,339 INFO o.a.j.s.SampleResult: Note: Sample TimeStamps are START times
2026-10-02 19:15:25,339 INFO o.a.j.s.SampleResult: sampleresult.default.encoding is set to UTF-8
2026-10-02 19:15:25,339 INFO o.a.j.s.SampleResult: sampleresult.useNanoTime=true
2026-10-02 19:15:25,340 INFO o.a.j.s.SampleResult: sampleresult.nanoThreadSleep=5000
2026-10-02 19:15:26,092 INFO o.a.j.t.JMeterThread: Thread is done: setUp - login 1-1
2026-10-02 19:15:26,092 INFO o.a.j.t.JMeterThread: Thread finished: setUp - login 1-1
2026-10-02 19:15:26,093 INFO o.a.j.e.StandardJMeterEngine: All Setup Threads have ended
2026-10-02 19:15:26,114 INFO o.a.j.e.StandardJMeterEngine: Starting ThreadGroup: 1 : S1
2026-10-02 19:15:26,115 INFO o.a.j.e.StandardJMeterEngine: Starting 1 threads for group S1.
2026-10-02 19:15:26,115 INFO o.a.j.e.StandardJMeterEngine: Thread will continue on error
2026-10-02 19:15:26,115 INFO o.a.j.t.ThreadGroup: Starting thread group... number=1 threads=1 ramp-up=1 delayedStart=false
2026-10-02 19:15:26,116 INFO o.a.j.t.ThreadGroup: Started thread group number 1
2026-10-02 19:15:26,116 INFO o.a.j.e.StandardJMeterEngine: All thread groups have been started
2026-10-02 19:15:26,117 INFO o.a.j.t.JMeterThread: Thread started: S1 1-1
2026-10-02 19:15:30,001 INFO o.a.j.r.Summariser: summary +   5404 in 00:00:05 = 1153.7/s Avg:     0 Min:     0 Max:   301 Err:     0 (0.00%) Active: 1 Started: 1 Finished: 0
2026-10-02 19:16:00,000 INFO o.a.j.r.Summariser: summary +  55954 in 00:00:30 = 1865.1/s Avg:     0 Min:     0 Max:     8 Err:     0 (0.00%) Active: 1 Started: 1 Finished: 0
2026-10-02 19:16:00,001 INFO o.a.j.r.Summariser: summary =  61358 in 00:00:35 = 1769.1/s Avg:     0 Min:     0 Max:   301 Err:     0 (0.00%)
2026-10-02 19:16:26,115 INFO o.a.j.t.JMeterThread: Stopping because end time detected by thread: S1 1-1
2026-10-02 19:16:26,115 INFO o.a.j.t.JMeterThread: Thread finished: S1 1-1
2026-10-02 19:16:26,116 INFO o.a.j.e.StandardJMeterEngine: Notifying test listeners of end of test
2026-10-02 19:16:26,118 INFO o.a.j.r.Summariser: summary +  51888 in 00:00:26 = 1986.8/s Avg:     0 Min:     0 Max:    10 Err:     0 (0.00%) Active: 0 Started: 1 Finished: 1
2026-10-02 19:16:26,118 INFO o.a.j.r.Summariser: summary = 113246 in 00:01:01 = 1862.5/s Avg:     0 Min:     0 Max:   301 Err:     0 (0.00%)
