2026-10-05 20:22:56,894 INFO o.a.j.u.JMeterUtils: Setting Locale to en_EN
2026-10-05 20:22:56,914 INFO o.a.j.JMeter: Loading user properties from: /opt/jmeter/bin/user.properties
2026-10-05 20:22:56,914 INFO o.a.j.JMeter: Loading system properties from: /opt/jmeter/bin/system.properties
2026-10-05 20:22:56,915 INFO o.a.j.JMeter: Loading additional properties from: /tests/run.properties
2026-10-05 20:22:56,915 INFO o.a.j.JMeter: Loading additional properties from: /tests/data/ranges.properties
2026-10-05 20:22:56,915 INFO o.a.j.JMeter: Setting JMeter property: host=laravel-nginx
2026-10-05 20:22:56,915 INFO o.a.j.JMeter: Setting JMeter property: port=80
2026-10-05 20:22:56,915 INFO o.a.j.JMeter: Setting JMeter property: rampup=1
2026-10-05 20:22:56,915 INFO o.a.j.JMeter: Setting JMeter property: endpoint=EP8
2026-10-05 20:22:56,915 INFO o.a.j.JMeter: Setting JMeter property: users=4
2026-10-05 20:22:56,915 INFO o.a.j.JMeter: Setting JMeter property: duration=60
2026-10-05 20:22:56,919 INFO o.a.j.JMeter: Copyright (c) 1998-2024 The Apache Software Foundation
2026-10-05 20:22:56,920 INFO o.a.j.JMeter: Version 5.6.3
2026-10-05 20:22:56,920 INFO o.a.j.JMeter: java.version=21.0.12.1
2026-10-05 20:22:56,920 INFO o.a.j.JMeter: java.vm.name=OpenJDK 64-Bit Server VM
2026-10-05 20:22:56,920 INFO o.a.j.JMeter: os.name=Linux
2026-10-05 20:22:56,920 INFO o.a.j.JMeter: os.arch=amd64
2026-10-05 20:22:56,920 INFO o.a.j.JMeter: os.version=6.6.87.2-microsoft-standard-WSL2
2026-10-05 20:22:56,920 INFO o.a.j.JMeter: file.encoding=UTF-8
2026-10-05 20:22:56,920 INFO o.a.j.JMeter: java.awt.headless=true
2026-10-05 20:22:56,920 INFO o.a.j.JMeter: Max memory     =4294967296
2026-10-05 20:22:56,920 INFO o.a.j.JMeter: Available Processors =12
2026-10-05 20:22:56,927 INFO o.a.j.JMeter: Default Locale=English (EN)
2026-10-05 20:22:56,927 INFO o.a.j.JMeter: JMeter  Locale=English (EN)
2026-10-05 20:22:56,927 INFO o.a.j.JMeter: JMeterHome=/opt/jmeter
2026-10-05 20:22:56,927 INFO o.a.j.JMeter: user.dir  =/tests
2026-10-05 20:22:56,927 INFO o.a.j.JMeter: PWD       =/tests
2026-10-05 20:22:56,928 INFO o.a.j.JMeter: IP: 172.19.0.5 Name: 43d7559cf1a8 FullName: 43d7559cf1a8
2026-10-05 20:22:56,937 INFO o.a.j.s.FileServer: Default base='/tests'
2026-10-05 20:22:56,938 INFO o.a.j.s.FileServer: Set new base='/tests'
2026-10-05 20:22:57,085 INFO o.a.j.s.SaveService: Testplan (JMX) version: 2.2. Testlog (JTL) version: 2.2
2026-10-05 20:22:57,107 INFO o.a.j.s.SaveService: Using SaveService properties version 5.0
2026-10-05 20:22:57,109 INFO o.a.j.s.SaveService: Using SaveService properties file encoding UTF-8
2026-10-05 20:22:57,113 INFO o.a.j.s.SaveService: Loading file: /tests/s1.jmx
2026-10-05 20:22:57,153 INFO o.a.j.p.h.s.HTTPSamplerBase: Parser for text/html is org.apache.jmeter.protocol.http.parser.LagartoBasedHtmlParser
2026-10-05 20:22:57,153 INFO o.a.j.p.h.s.HTTPSamplerBase: Parser for application/xhtml+xml is org.apache.jmeter.protocol.http.parser.LagartoBasedHtmlParser
2026-10-05 20:22:57,154 INFO o.a.j.p.h.s.HTTPSamplerBase: Parser for application/xml is org.apache.jmeter.protocol.http.parser.LagartoBasedHtmlParser
2026-10-05 20:22:57,154 INFO o.a.j.p.h.s.HTTPSamplerBase: Parser for text/xml is org.apache.jmeter.protocol.http.parser.LagartoBasedHtmlParser
2026-10-05 20:22:57,154 INFO o.a.j.p.h.s.HTTPSamplerBase: Parser for text/vnd.wap.wml is org.apache.jmeter.protocol.http.parser.RegexpHTMLParser
2026-10-05 20:22:57,154 INFO o.a.j.p.h.s.HTTPSamplerBase: Parser for text/css is org.apache.jmeter.protocol.http.parser.CssParser
2026-10-05 20:22:57,189 INFO o.a.j.JMeter: Creating summariser <summary>
2026-10-05 20:22:57,202 INFO o.a.j.e.StandardJMeterEngine: Running the test!
2026-10-05 20:22:57,203 INFO o.a.j.s.SampleEvent: List of sample_variables: []
2026-10-05 20:22:57,203 INFO o.a.j.s.SampleEvent: List of sample_variables: []
2026-10-05 20:22:57,206 INFO o.a.j.e.u.CompoundVariable: Note: Function class names must contain the string: '.functions.'
2026-10-05 20:22:57,206 INFO o.a.j.e.u.CompoundVariable: Note: Function class names must not contain the string: '.gui.'
2026-10-05 20:22:57,396 INFO o.a.j.JMeter: Running test (1791231777396)
2026-10-05 20:22:57,397 INFO o.a.j.e.StandardJMeterEngine: Starting setUp thread groups
2026-10-05 20:22:57,397 INFO o.a.j.e.StandardJMeterEngine: Starting setUp ThreadGroup: 1 : setUp - login 
2026-10-05 20:22:57,397 INFO o.a.j.e.StandardJMeterEngine: Starting 1 threads for group setUp - login.
2026-10-05 20:22:57,397 INFO o.a.j.e.StandardJMeterEngine: Test will stop abruptly on error
2026-10-05 20:22:57,398 INFO o.a.j.t.ThreadGroup: Starting thread group... number=1 threads=1 ramp-up=1 delayedStart=false
2026-10-05 20:22:57,400 INFO o.a.j.t.ThreadGroup: Started thread group number 1
2026-10-05 20:22:57,400 INFO o.a.j.e.StandardJMeterEngine: Waiting for all setup thread groups to exit
2026-10-05 20:22:57,401 INFO o.a.j.t.JMeterThread: Thread started: setUp - login 1-1
2026-10-05 20:22:57,412 INFO o.a.j.p.h.s.HTTPHCAbstractImpl: Local host = 43d7559cf1a8
2026-10-05 20:22:57,416 INFO o.a.j.p.h.s.HTTPHC4Impl: HTTP request retry count = 0
2026-10-05 20:22:57,417 INFO o.a.j.s.SampleResult: Note: Sample TimeStamps are START times
2026-10-05 20:22:57,417 INFO o.a.j.s.SampleResult: sampleresult.default.encoding is set to UTF-8
2026-10-05 20:22:57,417 INFO o.a.j.s.SampleResult: sampleresult.useNanoTime=true
2026-10-05 20:22:57,417 INFO o.a.j.s.SampleResult: sampleresult.nanoThreadSleep=5000
2026-10-05 20:22:58,021 INFO o.a.j.t.JMeterThread: Thread is done: setUp - login 1-1
2026-10-05 20:22:58,021 INFO o.a.j.t.JMeterThread: Thread finished: setUp - login 1-1
2026-10-05 20:22:58,022 INFO o.a.j.e.StandardJMeterEngine: All Setup Threads have ended
2026-10-05 20:22:58,043 INFO o.a.j.e.StandardJMeterEngine: Starting ThreadGroup: 1 : S1
2026-10-05 20:22:58,043 INFO o.a.j.e.StandardJMeterEngine: Starting 4 threads for group S1.
2026-10-05 20:22:58,044 INFO o.a.j.e.StandardJMeterEngine: Thread will continue on error
2026-10-05 20:22:58,044 INFO o.a.j.t.ThreadGroup: Starting thread group... number=1 threads=4 ramp-up=1 delayedStart=false
2026-10-05 20:22:58,046 INFO o.a.j.t.JMeterThread: Thread started: S1 1-1
2026-10-05 20:22:58,048 INFO o.a.j.t.ThreadGroup: Started thread group number 1
2026-10-05 20:22:58,048 INFO o.a.j.e.StandardJMeterEngine: All thread groups have been started
2026-10-05 20:22:58,296 INFO o.a.j.t.JMeterThread: Thread started: S1 1-2
2026-10-05 20:22:58,546 INFO o.a.j.t.JMeterThread: Thread started: S1 1-3
2026-10-05 20:22:58,796 INFO o.a.j.t.JMeterThread: Thread started: S1 1-4
2026-10-05 20:23:00,001 INFO o.a.j.r.Summariser: summary +    985 in 00:00:03 =  378.3/s Avg:     6 Min:     4 Max:   197 Err:     0 (0.00%) Active: 4 Started: 4 Finished: 0
2026-10-05 20:23:30,001 INFO o.a.j.r.Summariser: summary +  19757 in 00:00:30 =  658.6/s Avg:     5 Min:     3 Max:    25 Err:     0 (0.00%) Active: 4 Started: 4 Finished: 0
2026-10-05 20:23:30,001 INFO o.a.j.r.Summariser: summary =  20742 in 00:00:33 =  636.2/s Avg:     6 Min:     3 Max:   197 Err:     0 (0.00%)
2026-10-05 20:23:58,048 INFO o.a.j.t.JMeterThread: Stopping because end time detected by thread: S1 1-4
2026-10-05 20:23:58,049 INFO o.a.j.t.JMeterThread: Thread finished: S1 1-4
2026-10-05 20:23:58,049 INFO o.a.j.t.JMeterThread: Stopping because end time detected by thread: S1 1-2
2026-10-05 20:23:58,050 INFO o.a.j.t.JMeterThread: Stopping because end time detected by thread: S1 1-1
2026-10-05 20:23:58,050 INFO o.a.j.t.JMeterThread: Thread finished: S1 1-2
2026-10-05 20:23:58,050 INFO o.a.j.t.JMeterThread: Thread finished: S1 1-1
2026-10-05 20:23:58,051 INFO o.a.j.t.JMeterThread: Stopping because end time detected by thread: S1 1-3
2026-10-05 20:23:58,051 INFO o.a.j.t.JMeterThread: Thread finished: S1 1-3
2026-10-05 20:23:58,051 INFO o.a.j.e.StandardJMeterEngine: Notifying test listeners of end of test
2026-10-05 20:23:58,053 INFO o.a.j.r.Summariser: summary +  18864 in 00:00:28 =  672.4/s Avg:     5 Min:     3 Max:    41 Err:     0 (0.00%) Active: 0 Started: 4 Finished: 4
2026-10-05 20:23:58,054 INFO o.a.j.r.Summariser: summary =  39606 in 00:01:01 =  652.9/s Avg:     5 Min:     3 Max:   197 Err:     0 (0.00%)
