2026-10-05 19:58:21,852 INFO o.a.j.u.JMeterUtils: Setting Locale to en_EN
2026-10-05 19:58:21,874 INFO o.a.j.JMeter: Loading user properties from: /opt/jmeter/bin/user.properties
2026-10-05 19:58:21,874 INFO o.a.j.JMeter: Loading system properties from: /opt/jmeter/bin/system.properties
2026-10-05 19:58:21,874 INFO o.a.j.JMeter: Loading additional properties from: /tests/run.properties
2026-10-05 19:58:21,875 INFO o.a.j.JMeter: Loading additional properties from: /tests/data/ranges.properties
2026-10-05 19:58:21,875 INFO o.a.j.JMeter: Setting JMeter property: host=laravel-nginx
2026-10-05 19:58:21,875 INFO o.a.j.JMeter: Setting JMeter property: port=80
2026-10-05 19:58:21,875 INFO o.a.j.JMeter: Setting JMeter property: rampup=1
2026-10-05 19:58:21,875 INFO o.a.j.JMeter: Setting JMeter property: endpoint=EP2
2026-10-05 19:58:21,875 INFO o.a.j.JMeter: Setting JMeter property: users=2
2026-10-05 19:58:21,875 INFO o.a.j.JMeter: Setting JMeter property: duration=60
2026-10-05 19:58:21,880 INFO o.a.j.JMeter: Copyright (c) 1998-2024 The Apache Software Foundation
2026-10-05 19:58:21,880 INFO o.a.j.JMeter: Version 5.6.3
2026-10-05 19:58:21,880 INFO o.a.j.JMeter: java.version=21.0.12.1
2026-10-05 19:58:21,880 INFO o.a.j.JMeter: java.vm.name=OpenJDK 64-Bit Server VM
2026-10-05 19:58:21,880 INFO o.a.j.JMeter: os.name=Linux
2026-10-05 19:58:21,880 INFO o.a.j.JMeter: os.arch=amd64
2026-10-05 19:58:21,880 INFO o.a.j.JMeter: os.version=6.6.87.2-microsoft-standard-WSL2
2026-10-05 19:58:21,880 INFO o.a.j.JMeter: file.encoding=UTF-8
2026-10-05 19:58:21,880 INFO o.a.j.JMeter: java.awt.headless=true
2026-10-05 19:58:21,880 INFO o.a.j.JMeter: Max memory     =4294967296
2026-10-05 19:58:21,880 INFO o.a.j.JMeter: Available Processors =12
2026-10-05 19:58:21,887 INFO o.a.j.JMeter: Default Locale=English (EN)
2026-10-05 19:58:21,887 INFO o.a.j.JMeter: JMeter  Locale=English (EN)
2026-10-05 19:58:21,887 INFO o.a.j.JMeter: JMeterHome=/opt/jmeter
2026-10-05 19:58:21,887 INFO o.a.j.JMeter: user.dir  =/tests
2026-10-05 19:58:21,887 INFO o.a.j.JMeter: PWD       =/tests
2026-10-05 19:58:21,887 INFO o.a.j.JMeter: IP: 172.19.0.5 Name: 4956b78b27f6 FullName: 4956b78b27f6
2026-10-05 19:58:21,896 INFO o.a.j.s.FileServer: Default base='/tests'
2026-10-05 19:58:21,897 INFO o.a.j.s.FileServer: Set new base='/tests'
2026-10-05 19:58:22,030 INFO o.a.j.s.SaveService: Testplan (JMX) version: 2.2. Testlog (JTL) version: 2.2
2026-10-05 19:58:22,052 INFO o.a.j.s.SaveService: Using SaveService properties version 5.0
2026-10-05 19:58:22,055 INFO o.a.j.s.SaveService: Using SaveService properties file encoding UTF-8
2026-10-05 19:58:22,058 INFO o.a.j.s.SaveService: Loading file: /tests/s1.jmx
2026-10-05 19:58:22,098 INFO o.a.j.p.h.s.HTTPSamplerBase: Parser for text/html is org.apache.jmeter.protocol.http.parser.LagartoBasedHtmlParser
2026-10-05 19:58:22,098 INFO o.a.j.p.h.s.HTTPSamplerBase: Parser for application/xhtml+xml is org.apache.jmeter.protocol.http.parser.LagartoBasedHtmlParser
2026-10-05 19:58:22,098 INFO o.a.j.p.h.s.HTTPSamplerBase: Parser for application/xml is org.apache.jmeter.protocol.http.parser.LagartoBasedHtmlParser
2026-10-05 19:58:22,098 INFO o.a.j.p.h.s.HTTPSamplerBase: Parser for text/xml is org.apache.jmeter.protocol.http.parser.LagartoBasedHtmlParser
2026-10-05 19:58:22,098 INFO o.a.j.p.h.s.HTTPSamplerBase: Parser for text/vnd.wap.wml is org.apache.jmeter.protocol.http.parser.RegexpHTMLParser
2026-10-05 19:58:22,098 INFO o.a.j.p.h.s.HTTPSamplerBase: Parser for text/css is org.apache.jmeter.protocol.http.parser.CssParser
2026-10-05 19:58:22,133 INFO o.a.j.JMeter: Creating summariser <summary>
2026-10-05 19:58:22,145 INFO o.a.j.e.StandardJMeterEngine: Running the test!
2026-10-05 19:58:22,146 INFO o.a.j.s.SampleEvent: List of sample_variables: []
2026-10-05 19:58:22,146 INFO o.a.j.s.SampleEvent: List of sample_variables: []
2026-10-05 19:58:22,149 INFO o.a.j.e.u.CompoundVariable: Note: Function class names must contain the string: '.functions.'
2026-10-05 19:58:22,149 INFO o.a.j.e.u.CompoundVariable: Note: Function class names must not contain the string: '.gui.'
2026-10-05 19:58:22,341 INFO o.a.j.JMeter: Running test (1791230302341)
2026-10-05 19:58:22,342 INFO o.a.j.e.StandardJMeterEngine: Starting setUp thread groups
2026-10-05 19:58:22,342 INFO o.a.j.e.StandardJMeterEngine: Starting setUp ThreadGroup: 1 : setUp - login 
2026-10-05 19:58:22,342 INFO o.a.j.e.StandardJMeterEngine: Starting 1 threads for group setUp - login.
2026-10-05 19:58:22,342 INFO o.a.j.e.StandardJMeterEngine: Test will stop abruptly on error
2026-10-05 19:58:22,342 INFO o.a.j.t.ThreadGroup: Starting thread group... number=1 threads=1 ramp-up=1 delayedStart=false
2026-10-05 19:58:22,345 INFO o.a.j.t.ThreadGroup: Started thread group number 1
2026-10-05 19:58:22,345 INFO o.a.j.e.StandardJMeterEngine: Waiting for all setup thread groups to exit
2026-10-05 19:58:22,346 INFO o.a.j.t.JMeterThread: Thread started: setUp - login 1-1
2026-10-05 19:58:22,356 INFO o.a.j.p.h.s.HTTPHCAbstractImpl: Local host = 4956b78b27f6
2026-10-05 19:58:22,360 INFO o.a.j.p.h.s.HTTPHC4Impl: HTTP request retry count = 0
2026-10-05 19:58:22,361 INFO o.a.j.s.SampleResult: Note: Sample TimeStamps are START times
2026-10-05 19:58:22,361 INFO o.a.j.s.SampleResult: sampleresult.default.encoding is set to UTF-8
2026-10-05 19:58:22,361 INFO o.a.j.s.SampleResult: sampleresult.useNanoTime=true
2026-10-05 19:58:22,361 INFO o.a.j.s.SampleResult: sampleresult.nanoThreadSleep=5000
2026-10-05 19:58:22,982 INFO o.a.j.t.JMeterThread: Thread is done: setUp - login 1-1
2026-10-05 19:58:22,983 INFO o.a.j.t.JMeterThread: Thread finished: setUp - login 1-1
2026-10-05 19:58:22,983 INFO o.a.j.e.StandardJMeterEngine: All Setup Threads have ended
2026-10-05 19:58:23,005 INFO o.a.j.e.StandardJMeterEngine: Starting ThreadGroup: 1 : S1
2026-10-05 19:58:23,005 INFO o.a.j.e.StandardJMeterEngine: Starting 2 threads for group S1.
2026-10-05 19:58:23,005 INFO o.a.j.e.StandardJMeterEngine: Thread will continue on error
2026-10-05 19:58:23,005 INFO o.a.j.t.ThreadGroup: Starting thread group... number=1 threads=2 ramp-up=1 delayedStart=false
2026-10-05 19:58:23,007 INFO o.a.j.t.JMeterThread: Thread started: S1 1-1
2026-10-05 19:58:23,008 INFO o.a.j.t.ThreadGroup: Started thread group number 1
2026-10-05 19:58:23,008 INFO o.a.j.e.StandardJMeterEngine: All thread groups have been started
2026-10-05 19:58:23,507 INFO o.a.j.t.JMeterThread: Thread started: S1 1-2
2026-10-05 19:58:30,002 INFO o.a.j.r.Summariser: summary +   1473 in 00:00:08 =  192.3/s Avg:     9 Min:     6 Max:   198 Err:     0 (0.00%) Active: 2 Started: 2 Finished: 0
2026-10-05 19:59:00,008 INFO o.a.j.r.Summariser: summary +   7480 in 00:00:30 =  249.3/s Avg:     7 Min:     6 Max:    15 Err:     0 (0.00%) Active: 2 Started: 2 Finished: 0
2026-10-05 19:59:00,008 INFO o.a.j.r.Summariser: summary =   8953 in 00:00:38 =  237.7/s Avg:     8 Min:     6 Max:   198 Err:     0 (0.00%)
2026-10-05 19:59:23,007 INFO o.a.j.t.JMeterThread: Stopping because end time detected by thread: S1 1-1
2026-10-05 19:59:23,007 INFO o.a.j.t.JMeterThread: Thread finished: S1 1-1
2026-10-05 19:59:23,014 INFO o.a.j.t.JMeterThread: Stopping because end time detected by thread: S1 1-2
2026-10-05 19:59:23,014 INFO o.a.j.t.JMeterThread: Thread finished: S1 1-2
2026-10-05 19:59:23,014 INFO o.a.j.e.StandardJMeterEngine: Notifying test listeners of end of test
2026-10-05 19:59:23,017 INFO o.a.j.r.Summariser: summary +   5808 in 00:00:23 =  252.4/s Avg:     7 Min:     6 Max:    17 Err:     0 (0.00%) Active: 0 Started: 2 Finished: 2
2026-10-05 19:59:23,017 INFO o.a.j.r.Summariser: summary =  14761 in 00:01:01 =  243.3/s Avg:     8 Min:     6 Max:   198 Err:     0 (0.00%)
