2026-10-02 18:17:19,079 INFO o.a.j.u.JMeterUtils: Setting Locale to en_EN
2026-10-02 18:17:19,106 INFO o.a.j.JMeter: Loading user properties from: /opt/jmeter/bin/user.properties
2026-10-02 18:17:19,106 INFO o.a.j.JMeter: Loading system properties from: /opt/jmeter/bin/system.properties
2026-10-02 18:17:19,106 INFO o.a.j.JMeter: Loading additional properties from: /tests/run.properties
2026-10-02 18:17:19,107 INFO o.a.j.JMeter: Loading additional properties from: /tests/data/ranges.properties
2026-10-02 18:17:19,107 INFO o.a.j.JMeter: Setting JMeter property: host=laravel-nginx
2026-10-02 18:17:19,107 INFO o.a.j.JMeter: Setting JMeter property: port=80
2026-10-02 18:17:19,107 INFO o.a.j.JMeter: Setting JMeter property: rampup=1
2026-10-02 18:17:19,107 INFO o.a.j.JMeter: Setting JMeter property: endpoint=EP1
2026-10-02 18:17:19,107 INFO o.a.j.JMeter: Setting JMeter property: users=4
2026-10-02 18:17:19,107 INFO o.a.j.JMeter: Setting JMeter property: duration=60
2026-10-02 18:17:19,113 INFO o.a.j.JMeter: Copyright (c) 1998-2024 The Apache Software Foundation
2026-10-02 18:17:19,114 INFO o.a.j.JMeter: Version 5.6.3
2026-10-02 18:17:19,114 INFO o.a.j.JMeter: java.version=21.0.12.1
2026-10-02 18:17:19,114 INFO o.a.j.JMeter: java.vm.name=OpenJDK 64-Bit Server VM
2026-10-02 18:17:19,114 INFO o.a.j.JMeter: os.name=Linux
2026-10-02 18:17:19,114 INFO o.a.j.JMeter: os.arch=amd64
2026-10-02 18:17:19,114 INFO o.a.j.JMeter: os.version=6.6.87.2-microsoft-standard-WSL2
2026-10-02 18:17:19,114 INFO o.a.j.JMeter: file.encoding=UTF-8
2026-10-02 18:17:19,114 INFO o.a.j.JMeter: java.awt.headless=true
2026-10-02 18:17:19,114 INFO o.a.j.JMeter: Max memory     =4294967296
2026-10-02 18:17:19,114 INFO o.a.j.JMeter: Available Processors =12
2026-10-02 18:17:19,122 INFO o.a.j.JMeter: Default Locale=English (EN)
2026-10-02 18:17:19,123 INFO o.a.j.JMeter: JMeter  Locale=English (EN)
2026-10-02 18:17:19,123 INFO o.a.j.JMeter: JMeterHome=/opt/jmeter
2026-10-02 18:17:19,123 INFO o.a.j.JMeter: user.dir  =/tests
2026-10-02 18:17:19,123 INFO o.a.j.JMeter: PWD       =/tests
2026-10-02 18:17:19,124 INFO o.a.j.JMeter: IP: 172.19.0.5 Name: 0f221854e837 FullName: 0f221854e837
2026-10-02 18:17:19,134 INFO o.a.j.s.FileServer: Default base='/tests'
2026-10-02 18:17:19,137 INFO o.a.j.s.FileServer: Set new base='/tests'
2026-10-02 18:17:19,310 INFO o.a.j.s.SaveService: Testplan (JMX) version: 2.2. Testlog (JTL) version: 2.2
2026-10-02 18:17:19,333 INFO o.a.j.s.SaveService: Using SaveService properties version 5.0
2026-10-02 18:17:19,337 INFO o.a.j.s.SaveService: Using SaveService properties file encoding UTF-8
2026-10-02 18:17:19,339 INFO o.a.j.s.SaveService: Loading file: /tests/s1.jmx
2026-10-02 18:17:19,390 INFO o.a.j.p.h.s.HTTPSamplerBase: Parser for text/html is org.apache.jmeter.protocol.http.parser.LagartoBasedHtmlParser
2026-10-02 18:17:19,390 INFO o.a.j.p.h.s.HTTPSamplerBase: Parser for application/xhtml+xml is org.apache.jmeter.protocol.http.parser.LagartoBasedHtmlParser
2026-10-02 18:17:19,390 INFO o.a.j.p.h.s.HTTPSamplerBase: Parser for application/xml is org.apache.jmeter.protocol.http.parser.LagartoBasedHtmlParser
2026-10-02 18:17:19,390 INFO o.a.j.p.h.s.HTTPSamplerBase: Parser for text/xml is org.apache.jmeter.protocol.http.parser.LagartoBasedHtmlParser
2026-10-02 18:17:19,391 INFO o.a.j.p.h.s.HTTPSamplerBase: Parser for text/vnd.wap.wml is org.apache.jmeter.protocol.http.parser.RegexpHTMLParser
2026-10-02 18:17:19,391 INFO o.a.j.p.h.s.HTTPSamplerBase: Parser for text/css is org.apache.jmeter.protocol.http.parser.CssParser
2026-10-02 18:17:19,431 INFO o.a.j.JMeter: Creating summariser <summary>
2026-10-02 18:17:19,442 INFO o.a.j.e.StandardJMeterEngine: Running the test!
2026-10-02 18:17:19,442 INFO o.a.j.s.SampleEvent: List of sample_variables: []
2026-10-02 18:17:19,442 INFO o.a.j.s.SampleEvent: List of sample_variables: []
2026-10-02 18:17:19,446 INFO o.a.j.e.u.CompoundVariable: Note: Function class names must contain the string: '.functions.'
2026-10-02 18:17:19,446 INFO o.a.j.e.u.CompoundVariable: Note: Function class names must not contain the string: '.gui.'
2026-10-02 18:17:19,661 INFO o.a.j.JMeter: Running test (1790965039661)
2026-10-02 18:17:19,663 INFO o.a.j.e.StandardJMeterEngine: Starting setUp thread groups
2026-10-02 18:17:19,663 INFO o.a.j.e.StandardJMeterEngine: Starting setUp ThreadGroup: 1 : setUp - login 
2026-10-02 18:17:19,663 INFO o.a.j.e.StandardJMeterEngine: Starting 1 threads for group setUp - login.
2026-10-02 18:17:19,663 INFO o.a.j.e.StandardJMeterEngine: Test will stop abruptly on error
2026-10-02 18:17:19,664 INFO o.a.j.t.ThreadGroup: Starting thread group... number=1 threads=1 ramp-up=1 delayedStart=false
2026-10-02 18:17:19,667 INFO o.a.j.t.ThreadGroup: Started thread group number 1
2026-10-02 18:17:19,667 INFO o.a.j.e.StandardJMeterEngine: Waiting for all setup thread groups to exit
2026-10-02 18:17:19,668 INFO o.a.j.t.JMeterThread: Thread started: setUp - login 1-1
2026-10-02 18:17:19,681 INFO o.a.j.p.h.s.HTTPHCAbstractImpl: Local host = 0f221854e837
2026-10-02 18:17:19,686 INFO o.a.j.p.h.s.HTTPHC4Impl: HTTP request retry count = 0
2026-10-02 18:17:19,687 INFO o.a.j.s.SampleResult: Note: Sample TimeStamps are START times
2026-10-02 18:17:19,687 INFO o.a.j.s.SampleResult: sampleresult.default.encoding is set to UTF-8
2026-10-02 18:17:19,687 INFO o.a.j.s.SampleResult: sampleresult.useNanoTime=true
2026-10-02 18:17:19,688 INFO o.a.j.s.SampleResult: sampleresult.nanoThreadSleep=5000
2026-10-02 18:17:20,465 INFO o.a.j.t.JMeterThread: Thread is done: setUp - login 1-1
2026-10-02 18:17:20,465 INFO o.a.j.t.JMeterThread: Thread finished: setUp - login 1-1
2026-10-02 18:17:20,467 INFO o.a.j.e.StandardJMeterEngine: All Setup Threads have ended
2026-10-02 18:17:20,489 INFO o.a.j.e.StandardJMeterEngine: Starting ThreadGroup: 1 : S1
2026-10-02 18:17:20,490 INFO o.a.j.e.StandardJMeterEngine: Starting 4 threads for group S1.
2026-10-02 18:17:20,490 INFO o.a.j.e.StandardJMeterEngine: Thread will continue on error
2026-10-02 18:17:20,490 INFO o.a.j.t.ThreadGroup: Starting thread group... number=1 threads=4 ramp-up=1 delayedStart=false
2026-10-02 18:17:20,492 INFO o.a.j.t.JMeterThread: Thread started: S1 1-1
2026-10-02 18:17:20,494 INFO o.a.j.t.ThreadGroup: Started thread group number 1
2026-10-02 18:17:20,495 INFO o.a.j.e.StandardJMeterEngine: All thread groups have been started
2026-10-02 18:17:20,742 INFO o.a.j.t.JMeterThread: Thread started: S1 1-2
2026-10-02 18:17:20,991 INFO o.a.j.t.JMeterThread: Thread started: S1 1-3
2026-10-02 18:17:21,241 INFO o.a.j.t.JMeterThread: Thread started: S1 1-4
2026-10-02 18:17:30,001 INFO o.a.j.r.Summariser: summary +   4080 in 00:00:10 =  394.6/s Avg:     8 Min:     6 Max:   297 Err:     0 (0.00%) Active: 4 Started: 4 Finished: 0
2026-10-02 18:18:00,001 INFO o.a.j.r.Summariser: summary +  15739 in 00:00:30 =  524.6/s Avg:     7 Min:     5 Max:    21 Err:     0 (0.00%) Active: 4 Started: 4 Finished: 0
2026-10-02 18:18:00,001 INFO o.a.j.r.Summariser: summary =  19819 in 00:00:40 =  491.3/s Avg:     7 Min:     5 Max:   297 Err:     0 (0.00%)
2026-10-02 18:18:20,492 INFO o.a.j.t.JMeterThread: Stopping because end time detected by thread: S1 1-2
2026-10-02 18:18:20,492 INFO o.a.j.t.JMeterThread: Stopping because end time detected by thread: S1 1-1
2026-10-02 18:18:20,492 INFO o.a.j.t.JMeterThread: Thread finished: S1 1-2
2026-10-02 18:18:20,492 INFO o.a.j.t.JMeterThread: Thread finished: S1 1-1
2026-10-02 18:18:20,499 INFO o.a.j.t.JMeterThread: Stopping because end time detected by thread: S1 1-3
2026-10-02 18:18:20,499 INFO o.a.j.t.JMeterThread: Stopping because end time detected by thread: S1 1-4
2026-10-02 18:18:20,499 INFO o.a.j.t.JMeterThread: Thread finished: S1 1-4
2026-10-02 18:18:20,499 INFO o.a.j.t.JMeterThread: Thread finished: S1 1-3
2026-10-02 18:18:20,500 INFO o.a.j.e.StandardJMeterEngine: Notifying test listeners of end of test
2026-10-02 18:18:20,502 INFO o.a.j.r.Summariser: summary +  11169 in 00:00:21 =  544.8/s Avg:     7 Min:     5 Max:    22 Err:     0 (0.00%) Active: 0 Started: 4 Finished: 4
2026-10-02 18:18:20,502 INFO o.a.j.r.Summariser: summary =  30988 in 00:01:01 =  509.3/s Avg:     7 Min:     5 Max:   297 Err:     0 (0.00%)
