2026-10-01 20:36:51,688 INFO o.a.j.u.JMeterUtils: Setting Locale to en_EN
2026-10-01 20:36:51,718 INFO o.a.j.JMeter: Loading user properties from: /opt/jmeter/bin/user.properties
2026-10-01 20:36:51,719 INFO o.a.j.JMeter: Loading system properties from: /opt/jmeter/bin/system.properties
2026-10-01 20:36:51,719 INFO o.a.j.JMeter: Loading additional properties from: /tests/run.properties
2026-10-01 20:36:51,719 INFO o.a.j.JMeter: Loading additional properties from: /tests/data/ranges.properties
2026-10-01 20:36:51,720 INFO o.a.j.JMeter: Setting JMeter property: host=laravel-nginx
2026-10-01 20:36:51,720 INFO o.a.j.JMeter: Setting JMeter property: port=80
2026-10-01 20:36:51,720 INFO o.a.j.JMeter: Setting JMeter property: rampup=10
2026-10-01 20:36:51,720 INFO o.a.j.JMeter: Setting JMeter property: endpoint=EP9
2026-10-01 20:36:51,720 INFO o.a.j.JMeter: Setting JMeter property: users=10
2026-10-01 20:36:51,720 INFO o.a.j.JMeter: Setting JMeter property: duration=10
2026-10-01 20:36:51,720 INFO o.a.j.JMeter: Setting JMeter property: ep9.start=2026-10-21
2026-10-01 20:36:51,720 INFO o.a.j.JMeter: Setting JMeter property: ep9.offset=0
2026-10-01 20:36:51,727 INFO o.a.j.JMeter: Copyright (c) 1998-2024 The Apache Software Foundation
2026-10-01 20:36:51,727 INFO o.a.j.JMeter: Version 5.6.3
2026-10-01 20:36:51,727 INFO o.a.j.JMeter: java.version=21.0.12.1
2026-10-01 20:36:51,727 INFO o.a.j.JMeter: java.vm.name=OpenJDK 64-Bit Server VM
2026-10-01 20:36:51,727 INFO o.a.j.JMeter: os.name=Linux
2026-10-01 20:36:51,727 INFO o.a.j.JMeter: os.arch=amd64
2026-10-01 20:36:51,728 INFO o.a.j.JMeter: os.version=6.6.87.2-microsoft-standard-WSL2
2026-10-01 20:36:51,728 INFO o.a.j.JMeter: file.encoding=UTF-8
2026-10-01 20:36:51,728 INFO o.a.j.JMeter: java.awt.headless=true
2026-10-01 20:36:51,728 INFO o.a.j.JMeter: Max memory     =4294967296
2026-10-01 20:36:51,728 INFO o.a.j.JMeter: Available Processors =12
2026-10-01 20:36:51,739 INFO o.a.j.JMeter: Default Locale=English (EN)
2026-10-01 20:36:51,739 INFO o.a.j.JMeter: JMeter  Locale=English (EN)
2026-10-01 20:36:51,740 INFO o.a.j.JMeter: JMeterHome=/opt/jmeter
2026-10-01 20:36:51,740 INFO o.a.j.JMeter: user.dir  =/tests
2026-10-01 20:36:51,740 INFO o.a.j.JMeter: PWD       =/tests
2026-10-01 20:36:51,740 INFO o.a.j.JMeter: IP: 172.19.0.5 Name: 296388cdd621 FullName: 296388cdd621
2026-10-01 20:36:51,752 INFO o.a.j.s.FileServer: Default base='/tests'
2026-10-01 20:36:51,754 INFO o.a.j.s.FileServer: Set new base='/tests'
2026-10-01 20:36:51,932 INFO o.a.j.s.SaveService: Testplan (JMX) version: 2.2. Testlog (JTL) version: 2.2
2026-10-01 20:36:51,957 INFO o.a.j.s.SaveService: Using SaveService properties version 5.0
2026-10-01 20:36:51,961 INFO o.a.j.s.SaveService: Using SaveService properties file encoding UTF-8
2026-10-01 20:36:51,965 INFO o.a.j.s.SaveService: Loading file: /tests/s2.jmx
2026-10-01 20:36:52,019 INFO o.a.j.p.h.s.HTTPSamplerBase: Parser for text/html is org.apache.jmeter.protocol.http.parser.LagartoBasedHtmlParser
2026-10-01 20:36:52,019 INFO o.a.j.p.h.s.HTTPSamplerBase: Parser for application/xhtml+xml is org.apache.jmeter.protocol.http.parser.LagartoBasedHtmlParser
2026-10-01 20:36:52,019 INFO o.a.j.p.h.s.HTTPSamplerBase: Parser for application/xml is org.apache.jmeter.protocol.http.parser.LagartoBasedHtmlParser
2026-10-01 20:36:52,019 INFO o.a.j.p.h.s.HTTPSamplerBase: Parser for text/xml is org.apache.jmeter.protocol.http.parser.LagartoBasedHtmlParser
2026-10-01 20:36:52,019 INFO o.a.j.p.h.s.HTTPSamplerBase: Parser for text/vnd.wap.wml is org.apache.jmeter.protocol.http.parser.RegexpHTMLParser
2026-10-01 20:36:52,020 INFO o.a.j.p.h.s.HTTPSamplerBase: Parser for text/css is org.apache.jmeter.protocol.http.parser.CssParser
2026-10-01 20:36:52,072 INFO o.a.j.JMeter: Creating summariser <summary>
2026-10-01 20:36:52,084 INFO o.a.j.e.StandardJMeterEngine: Running the test!
2026-10-01 20:36:52,085 INFO o.a.j.s.SampleEvent: List of sample_variables: []
2026-10-01 20:36:52,085 INFO o.a.j.s.SampleEvent: List of sample_variables: []
2026-10-01 20:36:52,089 INFO o.a.j.e.u.CompoundVariable: Note: Function class names must contain the string: '.functions.'
2026-10-01 20:36:52,089 INFO o.a.j.e.u.CompoundVariable: Note: Function class names must not contain the string: '.gui.'
2026-10-01 20:36:52,320 INFO o.a.j.JMeter: Running test (1790887012320)
2026-10-01 20:36:52,321 INFO o.a.j.e.StandardJMeterEngine: Starting setUp thread groups
2026-10-01 20:36:52,321 INFO o.a.j.e.StandardJMeterEngine: Starting setUp ThreadGroup: 1 : setUp - login 
2026-10-01 20:36:52,322 INFO o.a.j.e.StandardJMeterEngine: Starting 1 threads for group setUp - login.
2026-10-01 20:36:52,322 INFO o.a.j.e.StandardJMeterEngine: Test will stop abruptly on error
2026-10-01 20:36:52,322 INFO o.a.j.t.ThreadGroup: Starting thread group... number=1 threads=1 ramp-up=1 delayedStart=false
2026-10-01 20:36:52,325 INFO o.a.j.t.ThreadGroup: Started thread group number 1
2026-10-01 20:36:52,325 INFO o.a.j.e.StandardJMeterEngine: Waiting for all setup thread groups to exit
2026-10-01 20:36:52,327 INFO o.a.j.t.JMeterThread: Thread started: setUp - login 1-1
2026-10-01 20:36:52,339 INFO o.a.j.p.h.s.HTTPHCAbstractImpl: Local host = 296388cdd621
2026-10-01 20:36:52,343 INFO o.a.j.p.h.s.HTTPHC4Impl: HTTP request retry count = 0
2026-10-01 20:36:52,344 INFO o.a.j.s.SampleResult: Note: Sample TimeStamps are START times
2026-10-01 20:36:52,344 INFO o.a.j.s.SampleResult: sampleresult.default.encoding is set to UTF-8
2026-10-01 20:36:52,344 INFO o.a.j.s.SampleResult: sampleresult.useNanoTime=true
2026-10-01 20:36:52,345 INFO o.a.j.s.SampleResult: sampleresult.nanoThreadSleep=5000
2026-10-01 20:36:53,121 INFO o.a.j.t.JMeterThread: Thread is done: setUp - login 1-1
2026-10-01 20:36:53,121 INFO o.a.j.t.JMeterThread: Thread finished: setUp - login 1-1
2026-10-01 20:36:53,122 INFO o.a.j.e.StandardJMeterEngine: All Setup Threads have ended
2026-10-01 20:36:53,145 INFO o.a.j.e.StandardJMeterEngine: Starting ThreadGroup: 1 : S2
2026-10-01 20:36:53,146 INFO o.a.j.e.StandardJMeterEngine: Starting 10 threads for group S2.
2026-10-01 20:36:53,146 INFO o.a.j.e.StandardJMeterEngine: Thread will continue on error
2026-10-01 20:36:53,146 INFO o.a.j.t.ThreadGroup: Starting thread group... number=1 threads=10 ramp-up=10 delayedStart=false
2026-10-01 20:36:53,156 INFO o.a.j.t.ThreadGroup: Started thread group number 1
2026-10-01 20:36:53,156 INFO o.a.j.e.StandardJMeterEngine: All thread groups have been started
2026-10-01 20:36:53,157 INFO o.a.j.t.JMeterThread: Thread started: S2 1-1
2026-10-01 20:36:53,158 INFO o.a.j.s.FileServer: Stored: /tests/data/available_menu_items.csv
2026-10-01 20:36:54,155 INFO o.a.j.t.JMeterThread: Thread started: S2 1-2
2026-10-01 20:36:55,156 INFO o.a.j.t.JMeterThread: Thread started: S2 1-3
2026-10-01 20:36:56,153 INFO o.a.j.t.JMeterThread: Thread started: S2 1-4
2026-10-01 20:36:57,154 INFO o.a.j.t.JMeterThread: Thread started: S2 1-5
2026-10-01 20:36:58,152 INFO o.a.j.t.JMeterThread: Thread started: S2 1-6
2026-10-01 20:36:59,151 INFO o.a.j.t.JMeterThread: Thread started: S2 1-7
2026-10-01 20:37:00,008 INFO o.a.j.r.Summariser: summary +   1787 in 00:00:08 =  232.5/s Avg:    14 Min:     8 Max:   297 Err:     0 (0.00%) Active: 7 Started: 7 Finished: 0
2026-10-01 20:37:00,151 INFO o.a.j.t.JMeterThread: Thread started: S2 1-8
2026-10-01 20:37:01,149 INFO o.a.j.t.JMeterThread: Thread started: S2 1-9
2026-10-01 20:37:02,149 INFO o.a.j.t.JMeterThread: Thread started: S2 1-10
2026-10-01 20:37:03,155 INFO o.a.j.t.JMeterThread: Stopping because end time detected by thread: S2 1-10
2026-10-01 20:37:03,155 INFO o.a.j.t.JMeterThread: Thread finished: S2 1-10
2026-10-01 20:37:03,156 INFO o.a.j.t.JMeterThread: Stopping because end time detected by thread: S2 1-7
2026-10-01 20:37:03,156 INFO o.a.j.t.JMeterThread: Thread finished: S2 1-7
2026-10-01 20:37:03,157 INFO o.a.j.t.JMeterThread: Stopping because end time detected by thread: S2 1-8
2026-10-01 20:37:03,158 INFO o.a.j.t.JMeterThread: Thread finished: S2 1-8
2026-10-01 20:37:03,171 INFO o.a.j.t.JMeterThread: Stopping because end time detected by thread: S2 1-3
2026-10-01 20:37:03,172 INFO o.a.j.t.JMeterThread: Thread finished: S2 1-3
2026-10-01 20:37:03,179 INFO o.a.j.t.JMeterThread: Stopping because end time detected by thread: S2 1-4
2026-10-01 20:37:03,179 INFO o.a.j.t.JMeterThread: Thread finished: S2 1-4
2026-10-01 20:37:03,188 INFO o.a.j.t.JMeterThread: Stopping because end time detected by thread: S2 1-1
2026-10-01 20:37:03,188 INFO o.a.j.t.JMeterThread: Thread finished: S2 1-1
2026-10-01 20:37:03,190 INFO o.a.j.t.JMeterThread: Stopping because end time detected by thread: S2 1-5
2026-10-01 20:37:03,190 INFO o.a.j.t.JMeterThread: Stopping because end time detected by thread: S2 1-2
2026-10-01 20:37:03,191 INFO o.a.j.t.JMeterThread: Thread finished: S2 1-2
2026-10-01 20:37:03,191 INFO o.a.j.t.JMeterThread: Thread finished: S2 1-5
2026-10-01 20:37:03,196 INFO o.a.j.t.JMeterThread: Stopping because end time detected by thread: S2 1-6
2026-10-01 20:37:03,197 INFO o.a.j.t.JMeterThread: Thread finished: S2 1-6
2026-10-01 20:37:03,204 INFO o.a.j.t.JMeterThread: Stopping because end time detected by thread: S2 1-9
2026-10-01 20:37:03,204 INFO o.a.j.t.JMeterThread: Thread finished: S2 1-9
2026-10-01 20:37:03,205 INFO o.a.j.e.StandardJMeterEngine: Notifying test listeners of end of test
2026-10-01 20:37:03,205 INFO o.a.j.s.FileServer: Close: /tests/data/available_menu_items.csv
2026-10-01 20:37:03,208 INFO o.a.j.r.Summariser: summary +   1157 in 00:00:03 =  361.4/s Avg:    24 Min:    11 Max:    65 Err:     0 (0.00%) Active: 0 Started: 10 Finished: 10
2026-10-01 20:37:03,208 INFO o.a.j.r.Summariser: summary =   2944 in 00:00:11 =  270.4/s Avg:    18 Min:     8 Max:   297 Err:     0 (0.00%)
