2026-10-02 19:02:22,780 INFO o.a.j.u.JMeterUtils: Setting Locale to en_EN
2026-10-02 19:02:22,804 INFO o.a.j.JMeter: Loading user properties from: /opt/jmeter/bin/user.properties
2026-10-02 19:02:22,804 INFO o.a.j.JMeter: Loading system properties from: /opt/jmeter/bin/system.properties
2026-10-02 19:02:22,804 INFO o.a.j.JMeter: Loading additional properties from: /tests/run.properties
2026-10-02 19:02:22,805 INFO o.a.j.JMeter: Loading additional properties from: /tests/data/ranges.properties
2026-10-02 19:02:22,805 INFO o.a.j.JMeter: Setting JMeter property: host=laravel-nginx
2026-10-02 19:02:22,805 INFO o.a.j.JMeter: Setting JMeter property: port=80
2026-10-02 19:02:22,805 INFO o.a.j.JMeter: Setting JMeter property: rampup=1
2026-10-02 19:02:22,805 INFO o.a.j.JMeter: Setting JMeter property: endpoint=PING
2026-10-02 19:02:22,805 INFO o.a.j.JMeter: Setting JMeter property: users=1
2026-10-02 19:02:22,805 INFO o.a.j.JMeter: Setting JMeter property: duration=60
2026-10-02 19:02:22,812 INFO o.a.j.JMeter: Copyright (c) 1998-2024 The Apache Software Foundation
2026-10-02 19:02:22,813 INFO o.a.j.JMeter: Version 5.6.3
2026-10-02 19:02:22,813 INFO o.a.j.JMeter: java.version=21.0.12.1
2026-10-02 19:02:22,813 INFO o.a.j.JMeter: java.vm.name=OpenJDK 64-Bit Server VM
2026-10-02 19:02:22,813 INFO o.a.j.JMeter: os.name=Linux
2026-10-02 19:02:22,813 INFO o.a.j.JMeter: os.arch=amd64
2026-10-02 19:02:22,813 INFO o.a.j.JMeter: os.version=6.6.87.2-microsoft-standard-WSL2
2026-10-02 19:02:22,813 INFO o.a.j.JMeter: file.encoding=UTF-8
2026-10-02 19:02:22,813 INFO o.a.j.JMeter: java.awt.headless=true
2026-10-02 19:02:22,814 INFO o.a.j.JMeter: Max memory     =4294967296
2026-10-02 19:02:22,814 INFO o.a.j.JMeter: Available Processors =12
2026-10-02 19:02:22,824 INFO o.a.j.JMeter: Default Locale=English (EN)
2026-10-02 19:02:22,825 INFO o.a.j.JMeter: JMeter  Locale=English (EN)
2026-10-02 19:02:22,825 INFO o.a.j.JMeter: JMeterHome=/opt/jmeter
2026-10-02 19:02:22,825 INFO o.a.j.JMeter: user.dir  =/tests
2026-10-02 19:02:22,825 INFO o.a.j.JMeter: PWD       =/tests
2026-10-02 19:02:22,825 INFO o.a.j.JMeter: IP: 172.19.0.5 Name: 7b8e8d2b4692 FullName: 7b8e8d2b4692
2026-10-02 19:02:22,836 INFO o.a.j.s.FileServer: Default base='/tests'
2026-10-02 19:02:22,838 INFO o.a.j.s.FileServer: Set new base='/tests'
2026-10-02 19:02:23,017 INFO o.a.j.s.SaveService: Testplan (JMX) version: 2.2. Testlog (JTL) version: 2.2
2026-10-02 19:02:23,045 INFO o.a.j.s.SaveService: Using SaveService properties version 5.0
2026-10-02 19:02:23,049 INFO o.a.j.s.SaveService: Using SaveService properties file encoding UTF-8
2026-10-02 19:02:23,052 INFO o.a.j.s.SaveService: Loading file: /tests/s1.jmx
2026-10-02 19:02:23,106 INFO o.a.j.p.h.s.HTTPSamplerBase: Parser for text/html is org.apache.jmeter.protocol.http.parser.LagartoBasedHtmlParser
2026-10-02 19:02:23,106 INFO o.a.j.p.h.s.HTTPSamplerBase: Parser for application/xhtml+xml is org.apache.jmeter.protocol.http.parser.LagartoBasedHtmlParser
2026-10-02 19:02:23,106 INFO o.a.j.p.h.s.HTTPSamplerBase: Parser for application/xml is org.apache.jmeter.protocol.http.parser.LagartoBasedHtmlParser
2026-10-02 19:02:23,106 INFO o.a.j.p.h.s.HTTPSamplerBase: Parser for text/xml is org.apache.jmeter.protocol.http.parser.LagartoBasedHtmlParser
2026-10-02 19:02:23,106 INFO o.a.j.p.h.s.HTTPSamplerBase: Parser for text/vnd.wap.wml is org.apache.jmeter.protocol.http.parser.RegexpHTMLParser
2026-10-02 19:02:23,106 INFO o.a.j.p.h.s.HTTPSamplerBase: Parser for text/css is org.apache.jmeter.protocol.http.parser.CssParser
2026-10-02 19:02:23,154 INFO o.a.j.JMeter: Creating summariser <summary>
2026-10-02 19:02:23,173 INFO o.a.j.e.StandardJMeterEngine: Running the test!
2026-10-02 19:02:23,174 INFO o.a.j.s.SampleEvent: List of sample_variables: []
2026-10-02 19:02:23,174 INFO o.a.j.s.SampleEvent: List of sample_variables: []
2026-10-02 19:02:23,178 INFO o.a.j.e.u.CompoundVariable: Note: Function class names must contain the string: '.functions.'
2026-10-02 19:02:23,178 INFO o.a.j.e.u.CompoundVariable: Note: Function class names must not contain the string: '.gui.'
2026-10-02 19:02:23,425 INFO o.a.j.JMeter: Running test (1790967743425)
2026-10-02 19:02:23,427 INFO o.a.j.e.StandardJMeterEngine: Starting setUp thread groups
2026-10-02 19:02:23,427 INFO o.a.j.e.StandardJMeterEngine: Starting setUp ThreadGroup: 1 : setUp - login 
2026-10-02 19:02:23,427 INFO o.a.j.e.StandardJMeterEngine: Starting 1 threads for group setUp - login.
2026-10-02 19:02:23,427 INFO o.a.j.e.StandardJMeterEngine: Test will stop abruptly on error
2026-10-02 19:02:23,428 INFO o.a.j.t.ThreadGroup: Starting thread group... number=1 threads=1 ramp-up=1 delayedStart=false
2026-10-02 19:02:23,430 INFO o.a.j.t.ThreadGroup: Started thread group number 1
2026-10-02 19:02:23,431 INFO o.a.j.e.StandardJMeterEngine: Waiting for all setup thread groups to exit
2026-10-02 19:02:23,432 INFO o.a.j.t.JMeterThread: Thread started: setUp - login 1-1
2026-10-02 19:02:23,446 INFO o.a.j.p.h.s.HTTPHCAbstractImpl: Local host = 7b8e8d2b4692
2026-10-02 19:02:23,452 INFO o.a.j.p.h.s.HTTPHC4Impl: HTTP request retry count = 0
2026-10-02 19:02:23,454 INFO o.a.j.s.SampleResult: Note: Sample TimeStamps are START times
2026-10-02 19:02:23,454 INFO o.a.j.s.SampleResult: sampleresult.default.encoding is set to UTF-8
2026-10-02 19:02:23,454 INFO o.a.j.s.SampleResult: sampleresult.useNanoTime=true
2026-10-02 19:02:23,454 INFO o.a.j.s.SampleResult: sampleresult.nanoThreadSleep=5000
2026-10-02 19:02:24,295 INFO o.a.j.t.JMeterThread: Thread is done: setUp - login 1-1
2026-10-02 19:02:24,295 INFO o.a.j.t.JMeterThread: Thread finished: setUp - login 1-1
2026-10-02 19:02:24,296 INFO o.a.j.e.StandardJMeterEngine: All Setup Threads have ended
2026-10-02 19:02:24,321 INFO o.a.j.e.StandardJMeterEngine: Starting ThreadGroup: 1 : S1
2026-10-02 19:02:24,322 INFO o.a.j.e.StandardJMeterEngine: Starting 1 threads for group S1.
2026-10-02 19:02:24,322 INFO o.a.j.e.StandardJMeterEngine: Thread will continue on error
2026-10-02 19:02:24,322 INFO o.a.j.t.ThreadGroup: Starting thread group... number=1 threads=1 ramp-up=1 delayedStart=false
2026-10-02 19:02:24,323 INFO o.a.j.t.ThreadGroup: Started thread group number 1
2026-10-02 19:02:24,323 INFO o.a.j.e.StandardJMeterEngine: All thread groups have been started
2026-10-02 19:02:24,324 INFO o.a.j.t.JMeterThread: Thread started: S1 1-1
2026-10-02 19:02:30,006 INFO o.a.j.r.Summariser: summary +   1207 in 00:00:07 =  183.5/s Avg:     4 Min:     3 Max:   220 Err:     0 (0.00%) Active: 1 Started: 1 Finished: 0
2026-10-02 19:03:00,001 INFO o.a.j.r.Summariser: summary +   8171 in 00:00:30 =  272.4/s Avg:     3 Min:     2 Max:    14 Err:     0 (0.00%) Active: 1 Started: 1 Finished: 0
2026-10-02 19:03:00,002 INFO o.a.j.r.Summariser: summary =   9378 in 00:00:37 =  256.4/s Avg:     3 Min:     2 Max:   220 Err:     0 (0.00%)
2026-10-02 19:03:24,323 INFO o.a.j.t.JMeterThread: Stopping because end time detected by thread: S1 1-1
2026-10-02 19:03:24,324 INFO o.a.j.t.JMeterThread: Thread finished: S1 1-1
2026-10-02 19:03:24,324 INFO o.a.j.e.StandardJMeterEngine: Notifying test listeners of end of test
2026-10-02 19:03:24,327 INFO o.a.j.r.Summariser: summary +   6712 in 00:00:24 =  275.9/s Avg:     3 Min:     2 Max:    11 Err:     0 (0.00%) Active: 0 Started: 1 Finished: 1
2026-10-02 19:03:24,327 INFO o.a.j.r.Summariser: summary =  16090 in 00:01:01 =  264.2/s Avg:     3 Min:     2 Max:   220 Err:     0 (0.00%)
