 Container benchmark-postgres-1  Running
 Container benchmark-postgres-1  Waiting
 Container benchmark-postgres-1  Healthy
 Container benchmark-nestjs-app-1  Starting
 Container benchmark-nestjs-app-1  Started
 Container benchmark-nestjs-nginx-1  Starting
 Container benchmark-nestjs-nginx-1  Started
 Container benchmark-nestjs-nginx-1  Waiting
 Container benchmark-postgres-1  Waiting
 Container benchmark-nestjs-app-1  Waiting
 Container benchmark-nestjs-app-1  Healthy
 Container benchmark-postgres-1  Healthy
 Container benchmark-nestjs-nginx-1  Healthy
[1/32] nestjs smoke/s3-h3-pilot-20261002 EP1 vu=1 rep=1 (about 80 min left)
 Container benchmark-nestjs-app-1  Restarting
 Container benchmark-nestjs-app-1  Started
 Container benchmark-nestjs-nginx-1  Restarting
 Container benchmark-nestjs-nginx-1  Started
 Container benchmark-postgres-1  Running
 Container benchmark-nestjs-app-1  Running
 Container benchmark-nestjs-nginx-1  Running
 Container benchmark-postgres-1  Waiting
 Container benchmark-postgres-1  Healthy
 Container benchmark-nestjs-app-1  Waiting
 Container benchmark-nestjs-nginx-1  Waiting
 Container benchmark-postgres-1  Waiting
 Container benchmark-nestjs-app-1  Healthy
 Container benchmark-postgres-1  Healthy
 Container benchmark-nestjs-nginx-1  Healthy
Oct 02, 2026 9:49:26 PM java.util.prefs.FileSystemPreferences$1 run
INFO: Created user preferences directory.
Oct 02, 2026 9:50:31 PM java.util.prefs.FileSystemPreferences$1 run
INFO: Created user preferences directory.
Stopping nestjs-app nestjs-nginx so only laravel uses the CPUs
 Container benchmark-nestjs-nginx-1  Stopping
 Container benchmark-nestjs-nginx-1  Stopped
 Container benchmark-nestjs-app-1  Stopping
 Container benchmark-nestjs-app-1  Stopped
 Container benchmark-postgres-1  Running
 Container benchmark-postgres-1  Waiting
 Container benchmark-postgres-1  Healthy
 Container benchmark-laravel-app-1  Starting
 Container benchmark-laravel-app-1  Started
 Container benchmark-laravel-nginx-1  Starting
 Container benchmark-laravel-nginx-1  Started
 Container benchmark-laravel-app-1  Waiting
 Container benchmark-laravel-nginx-1  Waiting
 Container benchmark-postgres-1  Waiting
 Container benchmark-laravel-app-1  Healthy
 Container benchmark-postgres-1  Healthy
 Container benchmark-laravel-nginx-1  Healthy
[2/32] laravel smoke/s3-h3-pilot-20261002 EP1 vu=1 rep=1 (about 77 min left)
 Container benchmark-laravel-app-1  Restarting
 Container benchmark-laravel-app-1  Started
 Container benchmark-laravel-nginx-1  Restarting
 Container benchmark-laravel-nginx-1  Started
 Container benchmark-postgres-1  Running
 Container benchmark-laravel-app-1  Running
 Container benchmark-laravel-nginx-1  Running
 Container benchmark-postgres-1  Waiting
 Container benchmark-postgres-1  Healthy
 Container benchmark-postgres-1  Waiting
 Container benchmark-laravel-app-1  Waiting
 Container benchmark-laravel-nginx-1  Waiting
 Container benchmark-postgres-1  Healthy
 Container benchmark-laravel-app-1  Healthy
 Container benchmark-laravel-nginx-1  Healthy
Oct 02, 2026 9:51:57 PM java.util.prefs.FileSystemPreferences$1 run
INFO: Created user preferences directory.
Oct 02, 2026 9:53:01 PM java.util.prefs.FileSystemPreferences$1 run
INFO: Created user preferences directory.
Stopping laravel-app laravel-nginx so only nestjs uses the CPUs
 Container benchmark-laravel-nginx-1  Stopping
 Container benchmark-laravel-nginx-1  Stopped
 Container benchmark-laravel-app-1  Stopping
 Container benchmark-laravel-app-1  Stopped
 Container benchmark-postgres-1  Running
 Container benchmark-postgres-1  Waiting
 Container benchmark-postgres-1  Healthy
 Container benchmark-nestjs-app-1  Starting
 Container benchmark-nestjs-app-1  Started
 Container benchmark-nestjs-nginx-1  Starting
 Container benchmark-nestjs-nginx-1  Started
 Container benchmark-nestjs-app-1  Waiting
 Container benchmark-nestjs-nginx-1  Waiting
 Container benchmark-postgres-1  Waiting
 Container benchmark-postgres-1  Healthy
 Container benchmark-nestjs-app-1  Healthy
 Container benchmark-nestjs-nginx-1  Healthy
[3/32] nestjs smoke/s3-h3-pilot-20261002 EP1 vu=2 rep=1 (about 75 min left)
 Container benchmark-nestjs-app-1  Restarting
 Container benchmark-nestjs-app-1  Started
 Container benchmark-nestjs-nginx-1  Restarting
 Container benchmark-nestjs-nginx-1  Started
 Container benchmark-postgres-1  Running
 Container benchmark-nestjs-app-1  Running
 Container benchmark-nestjs-nginx-1  Running
 Container benchmark-postgres-1  Waiting
 Container benchmark-postgres-1  Healthy
 Container benchmark-nestjs-nginx-1  Waiting
 Container benchmark-postgres-1  Waiting
 Container benchmark-nestjs-app-1  Waiting
 Container benchmark-postgres-1  Healthy
 Container benchmark-nestjs-app-1  Healthy
 Container benchmark-nestjs-nginx-1  Healthy
Oct 02, 2026 9:54:25 PM java.util.prefs.FileSystemPreferences$1 run
INFO: Created user preferences directory.
Oct 02, 2026 9:55:29 PM java.util.prefs.FileSystemPreferences$1 run
INFO: Created user preferences directory.
Stopping nestjs-app nestjs-nginx so only laravel uses the CPUs
 Container benchmark-nestjs-nginx-1  Stopping
 Container benchmark-nestjs-nginx-1  Stopped
 Container benchmark-nestjs-app-1  Stopping
 Container benchmark-nestjs-app-1  Stopped
 Container benchmark-postgres-1  Running
 Container benchmark-postgres-1  Waiting
 Container benchmark-postgres-1  Healthy
 Container benchmark-laravel-app-1  Starting
 Container benchmark-laravel-app-1  Started
 Container benchmark-laravel-nginx-1  Starting
 Container benchmark-laravel-nginx-1  Started
 Container benchmark-laravel-app-1  Waiting
 Container benchmark-laravel-nginx-1  Waiting
 Container benchmark-postgres-1  Waiting
 Container benchmark-postgres-1  Healthy
 Container benchmark-laravel-app-1  Healthy
 Container benchmark-laravel-nginx-1  Healthy
[4/32] laravel smoke/s3-h3-pilot-20261002 EP1 vu=2 rep=1 (about 72 min left)
 Container benchmark-laravel-app-1  Restarting
 Container benchmark-laravel-app-1  Started
 Container benchmark-laravel-nginx-1  Restarting
 Container benchmark-laravel-nginx-1  Started
 Container benchmark-postgres-1  Running
 Container benchmark-laravel-app-1  Running
 Container benchmark-laravel-nginx-1  Running
 Container benchmark-postgres-1  Waiting
 Container benchmark-postgres-1  Healthy
 Container benchmark-postgres-1  Waiting
 Container benchmark-laravel-app-1  Waiting
 Container benchmark-laravel-nginx-1  Waiting
 Container benchmark-laravel-app-1  Healthy
 Container benchmark-postgres-1  Healthy
 Container benchmark-laravel-nginx-1  Healthy
Oct 02, 2026 9:56:52 PM java.util.prefs.FileSystemPreferences$1 run
INFO: Created user preferences directory.
Oct 02, 2026 9:57:57 PM java.util.prefs.FileSystemPreferences$1 run
INFO: Created user preferences directory.
Stopping laravel-app laravel-nginx so only nestjs uses the CPUs
 Container benchmark-laravel-nginx-1  Stopping
 Container benchmark-laravel-nginx-1  Stopped
 Container benchmark-laravel-app-1  Stopping
 Container benchmark-laravel-app-1  Stopped
 Container benchmark-postgres-1  Running
 Container benchmark-postgres-1  Waiting
 Container benchmark-postgres-1  Healthy
 Container benchmark-nestjs-app-1  Starting
 Container benchmark-nestjs-app-1  Started
 Container benchmark-nestjs-nginx-1  Starting
 Container benchmark-nestjs-nginx-1  Started
 Container benchmark-nestjs-nginx-1  Waiting
 Container benchmark-postgres-1  Waiting
 Container benchmark-nestjs-app-1  Waiting
 Container benchmark-postgres-1  Healthy
 Container benchmark-nestjs-app-1  Healthy
 Container benchmark-nestjs-nginx-1  Healthy
[5/32] nestjs smoke/s3-h3-pilot-20261002 EP1 vu=4 rep=1 (about 70 min left)
 Container benchmark-nestjs-app-1  Restarting
 Container benchmark-nestjs-app-1  Started
 Container benchmark-nestjs-nginx-1  Restarting
 Container benchmark-nestjs-nginx-1  Started
 Container benchmark-postgres-1  Running
 Container benchmark-nestjs-app-1  Running
 Container benchmark-nestjs-nginx-1  Running
 Container benchmark-postgres-1  Waiting
 Container benchmark-postgres-1  Healthy
 Container benchmark-nestjs-nginx-1  Waiting
 Container benchmark-postgres-1  Waiting
 Container benchmark-nestjs-app-1  Waiting
 Container benchmark-postgres-1  Healthy
 Container benchmark-nestjs-app-1  Healthy
 Container benchmark-nestjs-nginx-1  Healthy
Oct 02, 2026 9:59:22 PM java.util.prefs.FileSystemPreferences$1 run
INFO: Created user preferences directory.
Oct 02, 2026 10:00:28 PM java.util.prefs.FileSystemPreferences$1 run
INFO: Created user preferences directory.
Stopping nestjs-app nestjs-nginx so only laravel uses the CPUs
 Container benchmark-nestjs-nginx-1  Stopping
 Container benchmark-nestjs-nginx-1  Stopped
 Container benchmark-nestjs-app-1  Stopping
 Container benchmark-nestjs-app-1  Stopped
 Container benchmark-postgres-1  Running
 Container benchmark-postgres-1  Waiting
 Container benchmark-postgres-1  Healthy
 Container benchmark-laravel-app-1  Starting
 Container benchmark-laravel-app-1  Started
 Container benchmark-laravel-nginx-1  Starting
 Container benchmark-laravel-nginx-1  Started
 Container benchmark-laravel-nginx-1  Waiting
 Container benchmark-postgres-1  Waiting
 Container benchmark-laravel-app-1  Waiting
 Container benchmark-postgres-1  Healthy
 Container benchmark-laravel-app-1  Healthy
 Container benchmark-laravel-nginx-1  Healthy
[6/32] laravel smoke/s3-h3-pilot-20261002 EP1 vu=4 rep=1 (about 67 min left)
 Container benchmark-laravel-app-1  Restarting
 Container benchmark-laravel-app-1  Started
 Container benchmark-laravel-nginx-1  Restarting
 Container benchmark-laravel-nginx-1  Started
 Container benchmark-postgres-1  Running
 Container benchmark-laravel-app-1  Running
 Container benchmark-laravel-nginx-1  Running
 Container benchmark-postgres-1  Waiting
 Container benchmark-postgres-1  Healthy
 Container benchmark-postgres-1  Waiting
 Container benchmark-laravel-app-1  Waiting
 Container benchmark-laravel-nginx-1  Waiting
 Container benchmark-postgres-1  Healthy
 Container benchmark-laravel-app-1  Healthy
 Container benchmark-laravel-nginx-1  Healthy
Oct 02, 2026 10:01:51 PM java.util.prefs.FileSystemPreferences$1 run
INFO: Created user preferences directory.
Oct 02, 2026 10:02:57 PM java.util.prefs.FileSystemPreferences$1 run
INFO: Created user preferences directory.
Stopping laravel-app laravel-nginx so only nestjs uses the CPUs
 Container benchmark-laravel-nginx-1  Stopping
 Container benchmark-laravel-nginx-1  Stopped
 Container benchmark-laravel-app-1  Stopping
 Container benchmark-laravel-app-1  Stopped
 Container benchmark-postgres-1  Running
 Container benchmark-postgres-1  Waiting
 Container benchmark-postgres-1  Healthy
 Container benchmark-nestjs-app-1  Starting
 Container benchmark-nestjs-app-1  Started
 Container benchmark-nestjs-nginx-1  Starting
 Container benchmark-nestjs-nginx-1  Started
 Container benchmark-nestjs-app-1  Waiting
 Container benchmark-nestjs-nginx-1  Waiting
 Container benchmark-postgres-1  Waiting
 Container benchmark-postgres-1  Healthy
 Container benchmark-nestjs-app-1  Healthy
 Container benchmark-nestjs-nginx-1  Healthy
[7/32] nestjs smoke/s3-h3-pilot-20261002 EP1 vu=10 rep=1 (about 65 min left)
 Container benchmark-nestjs-app-1  Restarting
 Container benchmark-nestjs-app-1  Started
 Container benchmark-nestjs-nginx-1  Restarting
 Container benchmark-nestjs-nginx-1  Started
 Container benchmark-postgres-1  Running
 Container benchmark-nestjs-app-1  Running
 Container benchmark-nestjs-nginx-1  Running
 Container benchmark-postgres-1  Waiting
 Container benchmark-postgres-1  Healthy
 Container benchmark-nestjs-nginx-1  Waiting
 Container benchmark-postgres-1  Waiting
 Container benchmark-nestjs-app-1  Waiting
 Container benchmark-nestjs-app-1  Healthy
 Container benchmark-postgres-1  Healthy
 Container benchmark-nestjs-nginx-1  Healthy
Oct 02, 2026 10:04:21 PM java.util.prefs.FileSystemPreferences$1 run
INFO: Created user preferences directory.
Oct 02, 2026 10:05:27 PM java.util.prefs.FileSystemPreferences$1 run
INFO: Created user preferences directory.
Stopping nestjs-app nestjs-nginx so only laravel uses the CPUs
 Container benchmark-nestjs-nginx-1  Stopping
 Container benchmark-nestjs-nginx-1  Stopped
 Container benchmark-nestjs-app-1  Stopping
 Container benchmark-nestjs-app-1  Stopped
 Container benchmark-postgres-1  Running
 Container benchmark-postgres-1  Waiting
 Container benchmark-postgres-1  Healthy
 Container benchmark-laravel-app-1  Starting
 Container benchmark-laravel-app-1  Started
 Container benchmark-laravel-nginx-1  Starting
 Container benchmark-laravel-nginx-1  Started
 Container benchmark-postgres-1  Waiting
 Container benchmark-laravel-app-1  Waiting
 Container benchmark-laravel-nginx-1  Waiting
 Container benchmark-laravel-app-1  Healthy
 Container benchmark-postgres-1  Healthy
 Container benchmark-laravel-nginx-1  Healthy
[8/32] laravel smoke/s3-h3-pilot-20261002 EP1 vu=10 rep=1 (about 62 min left)
 Container benchmark-laravel-app-1  Restarting
 Container benchmark-laravel-app-1  Started
 Container benchmark-laravel-nginx-1  Restarting
 Container benchmark-laravel-nginx-1  Started
 Container benchmark-postgres-1  Running
 Container benchmark-laravel-app-1  Running
 Container benchmark-laravel-nginx-1  Running
 Container benchmark-postgres-1  Waiting
 Container benchmark-postgres-1  Healthy
 Container benchmark-laravel-nginx-1  Waiting
 Container benchmark-postgres-1  Waiting
 Container benchmark-laravel-app-1  Waiting
 Container benchmark-laravel-app-1  Healthy
 Container benchmark-postgres-1  Healthy
 Container benchmark-laravel-nginx-1  Healthy
Oct 02, 2026 10:06:49 PM java.util.prefs.FileSystemPreferences$1 run
INFO: Created user preferences directory.
Oct 02, 2026 10:07:54 PM java.util.prefs.FileSystemPreferences$1 run
INFO: Created user preferences directory.
Stopping laravel-app laravel-nginx so only nestjs uses the CPUs
 Container benchmark-laravel-nginx-1  Stopping
 Container benchmark-laravel-nginx-1  Stopped
 Container benchmark-laravel-app-1  Stopping
 Container benchmark-laravel-app-1  Stopped
 Container benchmark-postgres-1  Running
 Container benchmark-postgres-1  Waiting
 Container benchmark-postgres-1  Healthy
 Container benchmark-nestjs-app-1  Starting
 Container benchmark-nestjs-app-1  Started
 Container benchmark-nestjs-nginx-1  Starting
 Container benchmark-nestjs-nginx-1  Started
 Container benchmark-nestjs-app-1  Waiting
 Container benchmark-nestjs-nginx-1  Waiting
 Container benchmark-postgres-1  Waiting
 Container benchmark-postgres-1  Healthy
 Container benchmark-nestjs-app-1  Healthy
 Container benchmark-nestjs-nginx-1  Healthy
[9/32] nestjs smoke/s3-h3-pilot-20261002 EP4 vu=1 rep=1 (about 60 min left)
 Container benchmark-nestjs-app-1  Restarting
 Container benchmark-nestjs-app-1  Started
 Container benchmark-nestjs-nginx-1  Restarting
 Container benchmark-nestjs-nginx-1  Started
 Container benchmark-postgres-1  Running
 Container benchmark-nestjs-app-1  Running
 Container benchmark-nestjs-nginx-1  Running
 Container benchmark-postgres-1  Waiting
 Container benchmark-postgres-1  Healthy
 Container benchmark-nestjs-nginx-1  Waiting
 Container benchmark-postgres-1  Waiting
 Container benchmark-nestjs-app-1  Waiting
 Container benchmark-postgres-1  Healthy
 Container benchmark-nestjs-app-1  Healthy
 Container benchmark-nestjs-nginx-1  Healthy
Oct 02, 2026 10:09:19 PM java.util.prefs.FileSystemPreferences$1 run
INFO: Created user preferences directory.
Oct 02, 2026 10:10:23 PM java.util.prefs.FileSystemPreferences$1 run
INFO: Created user preferences directory.
Stopping nestjs-app nestjs-nginx so only laravel uses the CPUs
 Container benchmark-nestjs-nginx-1  Stopping
 Container benchmark-nestjs-nginx-1  Stopped
 Container benchmark-nestjs-app-1  Stopping
 Container benchmark-nestjs-app-1  Stopped
 Container benchmark-postgres-1  Running
 Container benchmark-postgres-1  Waiting
 Container benchmark-postgres-1  Healthy
 Container benchmark-laravel-app-1  Starting
 Container benchmark-laravel-app-1  Started
 Container benchmark-laravel-nginx-1  Starting
 Container benchmark-laravel-nginx-1  Started
 Container benchmark-postgres-1  Waiting
 Container benchmark-laravel-app-1  Waiting
 Container benchmark-laravel-nginx-1  Waiting
 Container benchmark-laravel-app-1  Healthy
 Container benchmark-postgres-1  Healthy
 Container benchmark-laravel-nginx-1  Healthy
[10/32] laravel smoke/s3-h3-pilot-20261002 EP4 vu=1 rep=1 (about 57 min left)
 Container benchmark-laravel-app-1  Restarting
 Container benchmark-laravel-app-1  Started
 Container benchmark-laravel-nginx-1  Restarting
 Container benchmark-laravel-nginx-1  Started
 Container benchmark-postgres-1  Running
 Container benchmark-laravel-app-1  Running
 Container benchmark-laravel-nginx-1  Running
 Container benchmark-postgres-1  Waiting
 Container benchmark-postgres-1  Healthy
 Container benchmark-laravel-app-1  Waiting
 Container benchmark-laravel-nginx-1  Waiting
 Container benchmark-postgres-1  Waiting
 Container benchmark-laravel-app-1  Healthy
 Container benchmark-postgres-1  Healthy
 Container benchmark-laravel-nginx-1  Healthy
Oct 02, 2026 10:11:47 PM java.util.prefs.FileSystemPreferences$1 run
INFO: Created user preferences directory.
Oct 02, 2026 10:12:52 PM java.util.prefs.FileSystemPreferences$1 run
INFO: Created user preferences directory.
Stopping laravel-app laravel-nginx so only nestjs uses the CPUs
 Container benchmark-laravel-nginx-1  Stopping
 Container benchmark-laravel-nginx-1  Stopped
 Container benchmark-laravel-app-1  Stopping
 Container benchmark-laravel-app-1  Stopped
 Container benchmark-postgres-1  Running
 Container benchmark-postgres-1  Waiting
 Container benchmark-postgres-1  Healthy
 Container benchmark-nestjs-app-1  Starting
 Container benchmark-nestjs-app-1  Started
 Container benchmark-nestjs-nginx-1  Starting
 Container benchmark-nestjs-nginx-1  Started
 Container benchmark-postgres-1  Waiting
 Container benchmark-nestjs-app-1  Waiting
 Container benchmark-nestjs-nginx-1  Waiting
 Container benchmark-postgres-1  Healthy
 Container benchmark-nestjs-app-1  Healthy
 Container benchmark-nestjs-nginx-1  Healthy
[11/32] nestjs smoke/s3-h3-pilot-20261002 EP4 vu=2 rep=1 (about 55 min left)
 Container benchmark-nestjs-app-1  Restarting
 Container benchmark-nestjs-app-1  Started
 Container benchmark-nestjs-nginx-1  Restarting
 Container benchmark-nestjs-nginx-1  Started
 Container benchmark-postgres-1  Running
 Container benchmark-nestjs-app-1  Running
 Container benchmark-nestjs-nginx-1  Running
 Container benchmark-postgres-1  Waiting
 Container benchmark-postgres-1  Healthy
 Container benchmark-nestjs-app-1  Waiting
 Container benchmark-nestjs-nginx-1  Waiting
 Container benchmark-postgres-1  Waiting
 Container benchmark-nestjs-app-1  Healthy
 Container benchmark-postgres-1  Healthy
 Container benchmark-nestjs-nginx-1  Healthy
Oct 02, 2026 10:14:16 PM java.util.prefs.FileSystemPreferences$1 run
INFO: Created user preferences directory.
Oct 02, 2026 10:15:20 PM java.util.prefs.FileSystemPreferences$1 run
INFO: Created user preferences directory.
Stopping nestjs-app nestjs-nginx so only laravel uses the CPUs
 Container benchmark-nestjs-nginx-1  Stopping
 Container benchmark-nestjs-nginx-1  Stopped
 Container benchmark-nestjs-app-1  Stopping
 Container benchmark-nestjs-app-1  Stopped
 Container benchmark-postgres-1  Running
 Container benchmark-postgres-1  Waiting
 Container benchmark-postgres-1  Healthy
 Container benchmark-laravel-app-1  Starting
 Container benchmark-laravel-app-1  Started
 Container benchmark-laravel-nginx-1  Starting
 Container benchmark-laravel-nginx-1  Started
 Container benchmark-postgres-1  Waiting
 Container benchmark-laravel-app-1  Waiting
 Container benchmark-laravel-nginx-1  Waiting
 Container benchmark-postgres-1  Healthy
 Container benchmark-laravel-app-1  Healthy
 Container benchmark-laravel-nginx-1  Healthy
[12/32] laravel smoke/s3-h3-pilot-20261002 EP4 vu=2 rep=1 (about 52 min left)
 Container benchmark-laravel-app-1  Restarting
 Container benchmark-laravel-app-1  Started
 Container benchmark-laravel-nginx-1  Restarting
 Container benchmark-laravel-nginx-1  Started
 Container benchmark-postgres-1  Running
 Container benchmark-laravel-app-1  Running
 Container benchmark-laravel-nginx-1  Running
 Container benchmark-postgres-1  Waiting
 Container benchmark-postgres-1  Healthy
 Container benchmark-laravel-nginx-1  Waiting
 Container benchmark-postgres-1  Waiting
 Container benchmark-laravel-app-1  Waiting
 Container benchmark-postgres-1  Healthy
 Container benchmark-laravel-app-1  Healthy
 Container benchmark-laravel-nginx-1  Healthy
Oct 02, 2026 10:16:43 PM java.util.prefs.FileSystemPreferences$1 run
INFO: Created user preferences directory.
Oct 02, 2026 10:17:49 PM java.util.prefs.FileSystemPreferences$1 run
INFO: Created user preferences directory.
Stopping laravel-app laravel-nginx so only nestjs uses the CPUs
 Container benchmark-laravel-nginx-1  Stopping
 Container benchmark-laravel-nginx-1  Stopped
 Container benchmark-laravel-app-1  Stopping
 Container benchmark-laravel-app-1  Stopped
 Container benchmark-postgres-1  Running
 Container benchmark-postgres-1  Waiting
 Container benchmark-postgres-1  Healthy
 Container benchmark-nestjs-app-1  Starting
 Container benchmark-nestjs-app-1  Started
 Container benchmark-nestjs-nginx-1  Starting
 Container benchmark-nestjs-nginx-1  Started
 Container benchmark-nestjs-app-1  Waiting
 Container benchmark-nestjs-nginx-1  Waiting
 Container benchmark-postgres-1  Waiting
 Container benchmark-postgres-1  Healthy
 Container benchmark-nestjs-app-1  Healthy
 Container benchmark-nestjs-nginx-1  Healthy
[13/32] nestjs smoke/s3-h3-pilot-20261002 EP4 vu=4 rep=1 (about 50 min left)
 Container benchmark-nestjs-app-1  Restarting
 Container benchmark-nestjs-app-1  Started
 Container benchmark-nestjs-nginx-1  Restarting
 Container benchmark-nestjs-nginx-1  Started
 Container benchmark-postgres-1  Running
 Container benchmark-nestjs-app-1  Running
 Container benchmark-nestjs-nginx-1  Running
 Container benchmark-postgres-1  Waiting
 Container benchmark-postgres-1  Healthy
 Container benchmark-nestjs-app-1  Waiting
 Container benchmark-nestjs-nginx-1  Waiting
 Container benchmark-postgres-1  Waiting
 Container benchmark-nestjs-app-1  Healthy
 Container benchmark-postgres-1  Healthy
 Container benchmark-nestjs-nginx-1  Healthy
Oct 02, 2026 10:19:13 PM java.util.prefs.FileSystemPreferences$1 run
INFO: Created user preferences directory.
Oct 02, 2026 10:20:18 PM java.util.prefs.FileSystemPreferences$1 run
INFO: Created user preferences directory.
Stopping nestjs-app nestjs-nginx so only laravel uses the CPUs
 Container benchmark-nestjs-nginx-1  Stopping
 Container benchmark-nestjs-nginx-1  Stopped
 Container benchmark-nestjs-app-1  Stopping
 Container benchmark-nestjs-app-1  Stopped
 Container benchmark-postgres-1  Running
 Container benchmark-postgres-1  Waiting
 Container benchmark-postgres-1  Healthy
 Container benchmark-laravel-app-1  Starting
 Container benchmark-laravel-app-1  Started
 Container benchmark-laravel-nginx-1  Starting
 Container benchmark-laravel-nginx-1  Started
 Container benchmark-postgres-1  Waiting
 Container benchmark-laravel-app-1  Waiting
 Container benchmark-laravel-nginx-1  Waiting
 Container benchmark-postgres-1  Healthy
 Container benchmark-laravel-app-1  Healthy
 Container benchmark-laravel-nginx-1  Healthy
[14/32] laravel smoke/s3-h3-pilot-20261002 EP4 vu=4 rep=1 (about 47 min left)
 Container benchmark-laravel-app-1  Restarting
 Container benchmark-laravel-app-1  Started
 Container benchmark-laravel-nginx-1  Restarting
 Container benchmark-laravel-nginx-1  Started
 Container benchmark-postgres-1  Running
 Container benchmark-laravel-app-1  Running
 Container benchmark-laravel-nginx-1  Running
 Container benchmark-postgres-1  Waiting
 Container benchmark-postgres-1  Healthy
 Container benchmark-laravel-nginx-1  Waiting
 Container benchmark-postgres-1  Waiting
 Container benchmark-laravel-app-1  Waiting
 Container benchmark-laravel-app-1  Healthy
 Container benchmark-postgres-1  Healthy
 Container benchmark-laravel-nginx-1  Healthy
Oct 02, 2026 10:21:42 PM java.util.prefs.FileSystemPreferences$1 run
INFO: Created user preferences directory.
Oct 02, 2026 10:22:47 PM java.util.prefs.FileSystemPreferences$1 run
INFO: Created user preferences directory.
Stopping laravel-app laravel-nginx so only nestjs uses the CPUs
 Container benchmark-laravel-nginx-1  Stopping
 Container benchmark-laravel-nginx-1  Stopped
 Container benchmark-laravel-app-1  Stopping
 Container benchmark-laravel-app-1  Stopped
 Container benchmark-postgres-1  Running
 Container benchmark-postgres-1  Waiting
 Container benchmark-postgres-1  Healthy
 Container benchmark-nestjs-app-1  Starting
 Container benchmark-nestjs-app-1  Started
 Container benchmark-nestjs-nginx-1  Starting
 Container benchmark-nestjs-nginx-1  Started
 Container benchmark-postgres-1  Waiting
 Container benchmark-nestjs-app-1  Waiting
 Container benchmark-nestjs-nginx-1  Waiting
 Container benchmark-postgres-1  Healthy
 Container benchmark-nestjs-app-1  Healthy
 Container benchmark-nestjs-nginx-1  Healthy
[15/32] nestjs smoke/s3-h3-pilot-20261002 EP4 vu=10 rep=1 (about 45 min left)
 Container benchmark-nestjs-app-1  Restarting
 Container benchmark-nestjs-app-1  Started
 Container benchmark-nestjs-nginx-1  Restarting
 Container benchmark-nestjs-nginx-1  Started
 Container benchmark-postgres-1  Running
 Container benchmark-nestjs-app-1  Running
 Container benchmark-nestjs-nginx-1  Running
 Container benchmark-postgres-1  Waiting
 Container benchmark-postgres-1  Healthy
 Container benchmark-nestjs-nginx-1  Waiting
 Container benchmark-postgres-1  Waiting
 Container benchmark-nestjs-app-1  Waiting
 Container benchmark-postgres-1  Healthy
 Container benchmark-nestjs-app-1  Healthy
 Container benchmark-nestjs-nginx-1  Healthy
Oct 02, 2026 10:24:12 PM java.util.prefs.FileSystemPreferences$1 run
INFO: Created user preferences directory.
Oct 02, 2026 10:25:16 PM java.util.prefs.FileSystemPreferences$1 run
INFO: Created user preferences directory.
Stopping nestjs-app nestjs-nginx so only laravel uses the CPUs
 Container benchmark-nestjs-nginx-1  Stopping
 Container benchmark-nestjs-nginx-1  Stopped
 Container benchmark-nestjs-app-1  Stopping
 Container benchmark-nestjs-app-1  Stopped
 Container benchmark-postgres-1  Running
 Container benchmark-postgres-1  Waiting
 Container benchmark-postgres-1  Healthy
 Container benchmark-laravel-app-1  Starting
 Container benchmark-laravel-app-1  Started
 Container benchmark-laravel-nginx-1  Starting
 Container benchmark-laravel-nginx-1  Started
 Container benchmark-postgres-1  Waiting
 Container benchmark-laravel-app-1  Waiting
 Container benchmark-laravel-nginx-1  Waiting
 Container benchmark-laravel-app-1  Healthy
 Container benchmark-postgres-1  Healthy
 Container benchmark-laravel-nginx-1  Healthy
[16/32] laravel smoke/s3-h3-pilot-20261002 EP4 vu=10 rep=1 (about 42 min left)
 Container benchmark-laravel-app-1  Restarting
 Container benchmark-laravel-app-1  Started
 Container benchmark-laravel-nginx-1  Restarting
 Container benchmark-laravel-nginx-1  Started
 Container benchmark-postgres-1  Running
 Container benchmark-laravel-app-1  Running
 Container benchmark-laravel-nginx-1  Running
 Container benchmark-postgres-1  Waiting
 Container benchmark-postgres-1  Healthy
 Container benchmark-laravel-app-1  Waiting
 Container benchmark-laravel-nginx-1  Waiting
 Container benchmark-postgres-1  Waiting
 Container benchmark-laravel-app-1  Healthy
 Container benchmark-postgres-1  Healthy
 Container benchmark-laravel-nginx-1  Healthy
Oct 02, 2026 10:26:40 PM java.util.prefs.FileSystemPreferences$1 run
INFO: Created user preferences directory.
Oct 02, 2026 10:27:45 PM java.util.prefs.FileSystemPreferences$1 run
INFO: Created user preferences directory.
Stopping laravel-app laravel-nginx so only nestjs uses the CPUs
 Container benchmark-laravel-nginx-1  Stopping
 Container benchmark-laravel-nginx-1  Stopped
 Container benchmark-laravel-app-1  Stopping
 Container benchmark-laravel-app-1  Stopped
 Container benchmark-postgres-1  Running
 Container benchmark-postgres-1  Waiting
 Container benchmark-postgres-1  Healthy
 Container benchmark-nestjs-app-1  Starting
 Container benchmark-nestjs-app-1  Started
 Container benchmark-nestjs-nginx-1  Starting
 Container benchmark-nestjs-nginx-1  Started
 Container benchmark-nestjs-nginx-1  Waiting
 Container benchmark-postgres-1  Waiting
 Container benchmark-nestjs-app-1  Waiting
 Container benchmark-postgres-1  Healthy
 Container benchmark-nestjs-app-1  Healthy
 Container benchmark-nestjs-nginx-1  Healthy
[17/32] nestjs smoke/s3-h3-pilot-20261002 EP5 vu=1 rep=1 (about 40 min left)
 Container benchmark-nestjs-app-1  Restarting
 Container benchmark-nestjs-app-1  Started
 Container benchmark-nestjs-nginx-1  Restarting
 Container benchmark-nestjs-nginx-1  Started
 Container benchmark-postgres-1  Running
 Container benchmark-nestjs-app-1  Running
 Container benchmark-nestjs-nginx-1  Running
 Container benchmark-postgres-1  Waiting
 Container benchmark-postgres-1  Healthy
 Container benchmark-nestjs-app-1  Waiting
 Container benchmark-nestjs-nginx-1  Waiting
 Container benchmark-postgres-1  Waiting
 Container benchmark-nestjs-app-1  Healthy
 Container benchmark-postgres-1  Healthy
 Container benchmark-nestjs-nginx-1  Healthy
Oct 02, 2026 10:29:09 PM java.util.prefs.FileSystemPreferences$1 run
INFO: Created user preferences directory.
Oct 02, 2026 10:30:14 PM java.util.prefs.FileSystemPreferences$1 run
INFO: Created user preferences directory.
Stopping nestjs-app nestjs-nginx so only laravel uses the CPUs
 Container benchmark-nestjs-nginx-1  Stopping
 Container benchmark-nestjs-nginx-1  Stopped
 Container benchmark-nestjs-app-1  Stopping
 Container benchmark-nestjs-app-1  Stopped
 Container benchmark-postgres-1  Running
 Container benchmark-postgres-1  Waiting
 Container benchmark-postgres-1  Healthy
 Container benchmark-laravel-app-1  Starting
 Container benchmark-laravel-app-1  Started
 Container benchmark-laravel-nginx-1  Starting
 Container benchmark-laravel-nginx-1  Started
 Container benchmark-postgres-1  Waiting
 Container benchmark-laravel-app-1  Waiting
 Container benchmark-laravel-nginx-1  Waiting
 Container benchmark-laravel-app-1  Healthy
 Container benchmark-postgres-1  Healthy
 Container benchmark-laravel-nginx-1  Healthy
[18/32] laravel smoke/s3-h3-pilot-20261002 EP5 vu=1 rep=1 (about 37 min left)
 Container benchmark-laravel-app-1  Restarting
 Container benchmark-laravel-app-1  Started
 Container benchmark-laravel-nginx-1  Restarting
 Container benchmark-laravel-nginx-1  Started
 Container benchmark-postgres-1  Running
 Container benchmark-laravel-app-1  Running
 Container benchmark-laravel-nginx-1  Running
 Container benchmark-postgres-1  Waiting
 Container benchmark-postgres-1  Healthy
 Container benchmark-laravel-app-1  Waiting
 Container benchmark-laravel-nginx-1  Waiting
 Container benchmark-postgres-1  Waiting
 Container benchmark-laravel-app-1  Healthy
 Container benchmark-postgres-1  Healthy
 Container benchmark-laravel-nginx-1  Healthy
Oct 02, 2026 10:31:39 PM java.util.prefs.FileSystemPreferences$1 run
INFO: Created user preferences directory.
Oct 02, 2026 10:32:44 PM java.util.prefs.FileSystemPreferences$1 run
INFO: Created user preferences directory.
Stopping laravel-app laravel-nginx so only nestjs uses the CPUs
 Container benchmark-laravel-nginx-1  Stopping
 Container benchmark-laravel-nginx-1  Stopped
 Container benchmark-laravel-app-1  Stopping
 Container benchmark-laravel-app-1  Stopped
 Container benchmark-postgres-1  Running
 Container benchmark-postgres-1  Waiting
 Container benchmark-postgres-1  Healthy
 Container benchmark-nestjs-app-1  Starting
 Container benchmark-nestjs-app-1  Started
 Container benchmark-nestjs-nginx-1  Starting
 Container benchmark-nestjs-nginx-1  Started
 Container benchmark-nestjs-nginx-1  Waiting
 Container benchmark-postgres-1  Waiting
 Container benchmark-nestjs-app-1  Waiting
 Container benchmark-nestjs-app-1  Healthy
 Container benchmark-postgres-1  Healthy
 Container benchmark-nestjs-nginx-1  Healthy
[19/32] nestjs smoke/s3-h3-pilot-20261002 EP5 vu=2 rep=1 (about 35 min left)
 Container benchmark-nestjs-app-1  Restarting
 Container benchmark-nestjs-app-1  Started
 Container benchmark-nestjs-nginx-1  Restarting
 Container benchmark-nestjs-nginx-1  Started
 Container benchmark-postgres-1  Running
 Container benchmark-nestjs-app-1  Running
 Container benchmark-nestjs-nginx-1  Running
 Container benchmark-postgres-1  Waiting
 Container benchmark-postgres-1  Healthy
 Container benchmark-nestjs-app-1  Waiting
 Container benchmark-nestjs-nginx-1  Waiting
 Container benchmark-postgres-1  Waiting
 Container benchmark-postgres-1  Healthy
 Container benchmark-nestjs-app-1  Healthy
 Container benchmark-nestjs-nginx-1  Healthy
Oct 02, 2026 10:34:08 PM java.util.prefs.FileSystemPreferences$1 run
INFO: Created user preferences directory.
Oct 02, 2026 10:35:13 PM java.util.prefs.FileSystemPreferences$1 run
INFO: Created user preferences directory.
Stopping nestjs-app nestjs-nginx so only laravel uses the CPUs
 Container benchmark-nestjs-nginx-1  Stopping
 Container benchmark-nestjs-nginx-1  Stopped
 Container benchmark-nestjs-app-1  Stopping
 Container benchmark-nestjs-app-1  Stopped
 Container benchmark-postgres-1  Running
 Container benchmark-postgres-1  Waiting
 Container benchmark-postgres-1  Healthy
 Container benchmark-laravel-app-1  Starting
 Container benchmark-laravel-app-1  Started
 Container benchmark-laravel-nginx-1  Starting
 Container benchmark-laravel-nginx-1  Started
 Container benchmark-laravel-app-1  Waiting
 Container benchmark-laravel-nginx-1  Waiting
 Container benchmark-postgres-1  Waiting
 Container benchmark-postgres-1  Healthy
 Container benchmark-laravel-app-1  Healthy
 Container benchmark-laravel-nginx-1  Healthy
[20/32] laravel smoke/s3-h3-pilot-20261002 EP5 vu=2 rep=1 (about 32 min left)
 Container benchmark-laravel-app-1  Restarting
 Container benchmark-laravel-app-1  Started
 Container benchmark-laravel-nginx-1  Restarting
 Container benchmark-laravel-nginx-1  Started
 Container benchmark-postgres-1  Running
 Container benchmark-laravel-app-1  Running
 Container benchmark-laravel-nginx-1  Running
 Container benchmark-postgres-1  Waiting
 Container benchmark-postgres-1  Healthy
 Container benchmark-postgres-1  Waiting
 Container benchmark-laravel-app-1  Waiting
 Container benchmark-laravel-nginx-1  Waiting
 Container benchmark-laravel-app-1  Healthy
 Container benchmark-postgres-1  Healthy
 Container benchmark-laravel-nginx-1  Healthy
Oct 02, 2026 10:36:37 PM java.util.prefs.FileSystemPreferences$1 run
INFO: Created user preferences directory.
Oct 02, 2026 10:37:42 PM java.util.prefs.FileSystemPreferences$1 run
INFO: Created user preferences directory.
Stopping laravel-app laravel-nginx so only nestjs uses the CPUs
 Container benchmark-laravel-nginx-1  Stopping
 Container benchmark-laravel-nginx-1  Stopped
 Container benchmark-laravel-app-1  Stopping
 Container benchmark-laravel-app-1  Stopped
 Container benchmark-postgres-1  Running
 Container benchmark-postgres-1  Waiting
 Container benchmark-postgres-1  Healthy
 Container benchmark-nestjs-app-1  Starting
 Container benchmark-nestjs-app-1  Started
 Container benchmark-nestjs-nginx-1  Starting
 Container benchmark-nestjs-nginx-1  Started
 Container benchmark-nestjs-app-1  Waiting
 Container benchmark-nestjs-nginx-1  Waiting
 Container benchmark-postgres-1  Waiting
 Container benchmark-postgres-1  Healthy
 Container benchmark-nestjs-app-1  Healthy
 Container benchmark-nestjs-nginx-1  Healthy
[21/32] nestjs smoke/s3-h3-pilot-20261002 EP5 vu=4 rep=1 (about 30 min left)
 Container benchmark-nestjs-app-1  Restarting
 Container benchmark-nestjs-app-1  Started
 Container benchmark-nestjs-nginx-1  Restarting
 Container benchmark-nestjs-nginx-1  Started
 Container benchmark-postgres-1  Running
 Container benchmark-nestjs-app-1  Running
 Container benchmark-nestjs-nginx-1  Running
 Container benchmark-postgres-1  Waiting
 Container benchmark-postgres-1  Healthy
 Container benchmark-nestjs-app-1  Waiting
 Container benchmark-nestjs-nginx-1  Waiting
 Container benchmark-postgres-1  Waiting
 Container benchmark-nestjs-app-1  Healthy
 Container benchmark-postgres-1  Healthy
 Container benchmark-nestjs-nginx-1  Healthy
Oct 02, 2026 10:39:07 PM java.util.prefs.FileSystemPreferences$1 run
INFO: Created user preferences directory.
Oct 02, 2026 10:40:13 PM java.util.prefs.FileSystemPreferences$1 run
INFO: Created user preferences directory.
Stopping nestjs-app nestjs-nginx so only laravel uses the CPUs
 Container benchmark-nestjs-nginx-1  Stopping
 Container benchmark-nestjs-nginx-1  Stopped
 Container benchmark-nestjs-app-1  Stopping
 Container benchmark-nestjs-app-1  Stopped
 Container benchmark-postgres-1  Running
 Container benchmark-postgres-1  Waiting
 Container benchmark-postgres-1  Healthy
 Container benchmark-laravel-app-1  Starting
 Container benchmark-laravel-app-1  Started
 Container benchmark-laravel-nginx-1  Starting
 Container benchmark-laravel-nginx-1  Started
 Container benchmark-laravel-app-1  Waiting
 Container benchmark-laravel-nginx-1  Waiting
 Container benchmark-postgres-1  Waiting
 Container benchmark-laravel-app-1  Healthy
 Container benchmark-postgres-1  Healthy
 Container benchmark-laravel-nginx-1  Healthy
[22/32] laravel smoke/s3-h3-pilot-20261002 EP5 vu=4 rep=1 (about 27 min left)
 Container benchmark-laravel-app-1  Restarting
 Container benchmark-laravel-app-1  Started
 Container benchmark-laravel-nginx-1  Restarting
 Container benchmark-laravel-nginx-1  Started
 Container benchmark-postgres-1  Running
 Container benchmark-laravel-app-1  Running
 Container benchmark-laravel-nginx-1  Running
 Container benchmark-postgres-1  Waiting
 Container benchmark-postgres-1  Healthy
 Container benchmark-laravel-nginx-1  Waiting
 Container benchmark-postgres-1  Waiting
 Container benchmark-laravel-app-1  Waiting
 Container benchmark-postgres-1  Healthy
 Container benchmark-laravel-app-1  Healthy
 Container benchmark-laravel-nginx-1  Healthy
Oct 02, 2026 10:41:35 PM java.util.prefs.FileSystemPreferences$1 run
INFO: Created user preferences directory.
Oct 02, 2026 10:42:40 PM java.util.prefs.FileSystemPreferences$1 run
INFO: Created user preferences directory.
Stopping laravel-app laravel-nginx so only nestjs uses the CPUs
 Container benchmark-laravel-nginx-1  Stopping
 Container benchmark-laravel-nginx-1  Stopped
 Container benchmark-laravel-app-1  Stopping
 Container benchmark-laravel-app-1  Stopped
 Container benchmark-postgres-1  Running
 Container benchmark-postgres-1  Waiting
 Container benchmark-postgres-1  Healthy
 Container benchmark-nestjs-app-1  Starting
 Container benchmark-nestjs-app-1  Started
 Container benchmark-nestjs-nginx-1  Starting
 Container benchmark-nestjs-nginx-1  Started
 Container benchmark-nestjs-app-1  Waiting
 Container benchmark-nestjs-nginx-1  Waiting
 Container benchmark-postgres-1  Waiting
 Container benchmark-nestjs-app-1  Healthy
 Container benchmark-postgres-1  Healthy
 Container benchmark-nestjs-nginx-1  Healthy
[23/32] nestjs smoke/s3-h3-pilot-20261002 EP5 vu=10 rep=1 (about 25 min left)
 Container benchmark-nestjs-app-1  Restarting
 Container benchmark-nestjs-app-1  Started
 Container benchmark-nestjs-nginx-1  Restarting
 Container benchmark-nestjs-nginx-1  Started
 Container benchmark-postgres-1  Running
 Container benchmark-nestjs-app-1  Running
 Container benchmark-nestjs-nginx-1  Running
 Container benchmark-postgres-1  Waiting
 Container benchmark-postgres-1  Healthy
 Container benchmark-nestjs-app-1  Waiting
 Container benchmark-nestjs-nginx-1  Waiting
 Container benchmark-postgres-1  Waiting
 Container benchmark-postgres-1  Healthy
 Container benchmark-nestjs-app-1  Healthy
 Container benchmark-nestjs-nginx-1  Healthy
Oct 02, 2026 10:44:05 PM java.util.prefs.FileSystemPreferences$1 run
INFO: Created user preferences directory.
Oct 02, 2026 10:45:10 PM java.util.prefs.FileSystemPreferences$1 run
INFO: Created user preferences directory.
Stopping nestjs-app nestjs-nginx so only laravel uses the CPUs
 Container benchmark-nestjs-nginx-1  Stopping
 Container benchmark-nestjs-nginx-1  Stopped
 Container benchmark-nestjs-app-1  Stopping
 Container benchmark-nestjs-app-1  Stopped
 Container benchmark-postgres-1  Running
 Container benchmark-postgres-1  Waiting
 Container benchmark-postgres-1  Healthy
 Container benchmark-laravel-app-1  Starting
 Container benchmark-laravel-app-1  Started
 Container benchmark-laravel-nginx-1  Starting
 Container benchmark-laravel-nginx-1  Started
 Container benchmark-laravel-nginx-1  Waiting
 Container benchmark-postgres-1  Waiting
 Container benchmark-laravel-app-1  Waiting
 Container benchmark-laravel-app-1  Healthy
 Container benchmark-postgres-1  Healthy
 Container benchmark-laravel-nginx-1  Healthy
[24/32] laravel smoke/s3-h3-pilot-20261002 EP5 vu=10 rep=1 (about 22 min left)
 Container benchmark-laravel-app-1  Restarting
 Container benchmark-laravel-app-1  Started
 Container benchmark-laravel-nginx-1  Restarting
 Container benchmark-laravel-nginx-1  Started
 Container benchmark-postgres-1  Running
 Container benchmark-laravel-app-1  Running
 Container benchmark-laravel-nginx-1  Running
 Container benchmark-postgres-1  Waiting
 Container benchmark-postgres-1  Healthy
 Container benchmark-laravel-app-1  Waiting
 Container benchmark-laravel-nginx-1  Waiting
 Container benchmark-postgres-1  Waiting
 Container benchmark-laravel-app-1  Healthy
 Container benchmark-postgres-1  Healthy
 Container benchmark-laravel-nginx-1  Healthy
Oct 02, 2026 10:46:34 PM java.util.prefs.FileSystemPreferences$1 run
INFO: Created user preferences directory.
Oct 02, 2026 10:47:39 PM java.util.prefs.FileSystemPreferences$1 run
INFO: Created user preferences directory.
Stopping laravel-app laravel-nginx so only nestjs uses the CPUs
 Container benchmark-laravel-nginx-1  Stopping
 Container benchmark-laravel-nginx-1  Stopped
 Container benchmark-laravel-app-1  Stopping
 Container benchmark-laravel-app-1  Stopped
 Container benchmark-postgres-1  Running
 Container benchmark-postgres-1  Waiting
 Container benchmark-postgres-1  Healthy
 Container benchmark-nestjs-app-1  Starting
 Container benchmark-nestjs-app-1  Started
 Container benchmark-nestjs-nginx-1  Starting
 Container benchmark-nestjs-nginx-1  Started
 Container benchmark-nestjs-app-1  Waiting
 Container benchmark-nestjs-nginx-1  Waiting
 Container benchmark-postgres-1  Waiting
 Container benchmark-postgres-1  Healthy
 Container benchmark-nestjs-app-1  Healthy
 Container benchmark-nestjs-nginx-1  Healthy
[25/32] nestjs smoke/s3-h3-pilot-20261002 EP6 vu=1 rep=1 (about 20 min left)
 Container benchmark-nestjs-app-1  Restarting
 Container benchmark-nestjs-app-1  Started
 Container benchmark-nestjs-nginx-1  Restarting
 Container benchmark-nestjs-nginx-1  Started
 Container benchmark-postgres-1  Running
 Container benchmark-nestjs-app-1  Running
 Container benchmark-nestjs-nginx-1  Running
 Container benchmark-postgres-1  Waiting
 Container benchmark-postgres-1  Healthy
 Container benchmark-postgres-1  Waiting
 Container benchmark-nestjs-app-1  Waiting
 Container benchmark-nestjs-nginx-1  Waiting
 Container benchmark-postgres-1  Healthy
 Container benchmark-nestjs-app-1  Healthy
 Container benchmark-nestjs-nginx-1  Healthy
Oct 02, 2026 10:49:04 PM java.util.prefs.FileSystemPreferences$1 run
INFO: Created user preferences directory.
Oct 02, 2026 10:50:09 PM java.util.prefs.FileSystemPreferences$1 run
INFO: Created user preferences directory.
Stopping nestjs-app nestjs-nginx so only laravel uses the CPUs
 Container benchmark-nestjs-nginx-1  Stopping
 Container benchmark-nestjs-nginx-1  Stopped
 Container benchmark-nestjs-app-1  Stopping
 Container benchmark-nestjs-app-1  Stopped
 Container benchmark-postgres-1  Running
 Container benchmark-postgres-1  Waiting
 Container benchmark-postgres-1  Healthy
 Container benchmark-laravel-app-1  Starting
 Container benchmark-laravel-app-1  Started
 Container benchmark-laravel-nginx-1  Starting
 Container benchmark-laravel-nginx-1  Started
 Container benchmark-laravel-app-1  Waiting
 Container benchmark-laravel-nginx-1  Waiting
 Container benchmark-postgres-1  Waiting
 Container benchmark-postgres-1  Healthy
 Container benchmark-laravel-app-1  Healthy
 Container benchmark-laravel-nginx-1  Healthy
[26/32] laravel smoke/s3-h3-pilot-20261002 EP6 vu=1 rep=1 (about 17 min left)
 Container benchmark-laravel-app-1  Restarting
 Container benchmark-laravel-app-1  Started
 Container benchmark-laravel-nginx-1  Restarting
 Container benchmark-laravel-nginx-1  Started
 Container benchmark-postgres-1  Running
 Container benchmark-laravel-app-1  Running
 Container benchmark-laravel-nginx-1  Running
 Container benchmark-postgres-1  Waiting
 Container benchmark-postgres-1  Healthy
 Container benchmark-laravel-nginx-1  Waiting
 Container benchmark-postgres-1  Waiting
 Container benchmark-laravel-app-1  Waiting
 Container benchmark-postgres-1  Healthy
 Container benchmark-laravel-app-1  Healthy
 Container benchmark-laravel-nginx-1  Healthy
Oct 02, 2026 10:51:32 PM java.util.prefs.FileSystemPreferences$1 run
INFO: Created user preferences directory.
Oct 02, 2026 10:52:39 PM java.util.prefs.FileSystemPreferences$1 run
INFO: Created user preferences directory.
Stopping laravel-app laravel-nginx so only nestjs uses the CPUs
 Container benchmark-laravel-nginx-1  Stopping
 Container benchmark-laravel-nginx-1  Stopped
 Container benchmark-laravel-app-1  Stopping
 Container benchmark-laravel-app-1  Stopped
 Container benchmark-postgres-1  Running
 Container benchmark-postgres-1  Waiting
 Container benchmark-postgres-1  Healthy
 Container benchmark-nestjs-app-1  Starting
 Container benchmark-nestjs-app-1  Started
 Container benchmark-nestjs-nginx-1  Starting
 Container benchmark-nestjs-nginx-1  Started
 Container benchmark-postgres-1  Waiting
 Container benchmark-nestjs-app-1  Waiting
 Container benchmark-nestjs-nginx-1  Waiting
 Container benchmark-postgres-1  Healthy
 Container benchmark-nestjs-app-1  Healthy
 Container benchmark-nestjs-nginx-1  Healthy
[27/32] nestjs smoke/s3-h3-pilot-20261002 EP6 vu=2 rep=1 (about 15 min left)
 Container benchmark-nestjs-app-1  Restarting
 Container benchmark-nestjs-app-1  Started
 Container benchmark-nestjs-nginx-1  Restarting
 Container benchmark-nestjs-nginx-1  Started
 Container benchmark-postgres-1  Running
 Container benchmark-nestjs-app-1  Running
 Container benchmark-nestjs-nginx-1  Running
 Container benchmark-postgres-1  Waiting
 Container benchmark-postgres-1  Healthy
 Container benchmark-nestjs-nginx-1  Waiting
 Container benchmark-postgres-1  Waiting
 Container benchmark-nestjs-app-1  Waiting
 Container benchmark-nestjs-app-1  Healthy
 Container benchmark-postgres-1  Healthy
 Container benchmark-nestjs-nginx-1  Healthy
Oct 02, 2026 10:54:02 PM java.util.prefs.FileSystemPreferences$1 run
INFO: Created user preferences directory.
Oct 02, 2026 10:55:07 PM java.util.prefs.FileSystemPreferences$1 run
INFO: Created user preferences directory.
Stopping nestjs-app nestjs-nginx so only laravel uses the CPUs
 Container benchmark-nestjs-nginx-1  Stopping
 Container benchmark-nestjs-nginx-1  Stopped
 Container benchmark-nestjs-app-1  Stopping
 Container benchmark-nestjs-app-1  Stopped
 Container benchmark-postgres-1  Running
 Container benchmark-postgres-1  Waiting
 Container benchmark-postgres-1  Healthy
 Container benchmark-laravel-app-1  Starting
 Container benchmark-laravel-app-1  Started
 Container benchmark-laravel-nginx-1  Starting
 Container benchmark-laravel-nginx-1  Started
 Container benchmark-laravel-nginx-1  Waiting
 Container benchmark-postgres-1  Waiting
 Container benchmark-laravel-app-1  Waiting
 Container benchmark-postgres-1  Healthy
 Container benchmark-laravel-app-1  Healthy
 Container benchmark-laravel-nginx-1  Healthy
[28/32] laravel smoke/s3-h3-pilot-20261002 EP6 vu=2 rep=1 (about 12 min left)
 Container benchmark-laravel-app-1  Restarting
 Container benchmark-laravel-app-1  Started
 Container benchmark-laravel-nginx-1  Restarting
 Container benchmark-laravel-nginx-1  Started
 Container benchmark-postgres-1  Running
 Container benchmark-laravel-app-1  Running
 Container benchmark-laravel-nginx-1  Running
 Container benchmark-postgres-1  Waiting
 Container benchmark-postgres-1  Healthy
 Container benchmark-postgres-1  Waiting
 Container benchmark-laravel-app-1  Waiting
 Container benchmark-laravel-nginx-1  Waiting
 Container benchmark-laravel-app-1  Healthy
 Container benchmark-postgres-1  Healthy
 Container benchmark-laravel-nginx-1  Healthy
Oct 02, 2026 10:56:31 PM java.util.prefs.FileSystemPreferences$1 run
INFO: Created user preferences directory.
Oct 02, 2026 10:57:36 PM java.util.prefs.FileSystemPreferences$1 run
INFO: Created user preferences directory.
Stopping laravel-app laravel-nginx so only nestjs uses the CPUs
 Container benchmark-laravel-nginx-1  Stopping
 Container benchmark-laravel-nginx-1  Stopped
 Container benchmark-laravel-app-1  Stopping
 Container benchmark-laravel-app-1  Stopped
 Container benchmark-postgres-1  Running
 Container benchmark-postgres-1  Waiting
 Container benchmark-postgres-1  Healthy
 Container benchmark-nestjs-app-1  Starting
 Container benchmark-nestjs-app-1  Started
 Container benchmark-nestjs-nginx-1  Starting
 Container benchmark-nestjs-nginx-1  Started
 Container benchmark-nestjs-nginx-1  Waiting
 Container benchmark-postgres-1  Waiting
 Container benchmark-nestjs-app-1  Waiting
 Container benchmark-postgres-1  Healthy
 Container benchmark-nestjs-app-1  Healthy
 Container benchmark-nestjs-nginx-1  Healthy
[29/32] nestjs smoke/s3-h3-pilot-20261002 EP6 vu=4 rep=1 (about 10 min left)
 Container benchmark-nestjs-app-1  Restarting
 Container benchmark-nestjs-app-1  Started
 Container benchmark-nestjs-nginx-1  Restarting
 Container benchmark-nestjs-nginx-1  Started
 Container benchmark-postgres-1  Running
 Container benchmark-nestjs-app-1  Running
 Container benchmark-nestjs-nginx-1  Running
 Container benchmark-postgres-1  Waiting
 Container benchmark-postgres-1  Healthy
 Container benchmark-postgres-1  Waiting
 Container benchmark-nestjs-app-1  Waiting
 Container benchmark-nestjs-nginx-1  Waiting
 Container benchmark-nestjs-app-1  Healthy
 Container benchmark-postgres-1  Healthy
 Container benchmark-nestjs-nginx-1  Healthy
Oct 02, 2026 10:59:00 PM java.util.prefs.FileSystemPreferences$1 run
INFO: Created user preferences directory.
Oct 02, 2026 11:00:05 PM java.util.prefs.FileSystemPreferences$1 run
INFO: Created user preferences directory.
Stopping nestjs-app nestjs-nginx so only laravel uses the CPUs
 Container benchmark-nestjs-nginx-1  Stopping
 Container benchmark-nestjs-nginx-1  Stopped
 Container benchmark-nestjs-app-1  Stopping
 Container benchmark-nestjs-app-1  Stopped
 Container benchmark-postgres-1  Running
 Container benchmark-postgres-1  Waiting
 Container benchmark-postgres-1  Healthy
 Container benchmark-laravel-app-1  Starting
 Container benchmark-laravel-app-1  Started
 Container benchmark-laravel-nginx-1  Starting
 Container benchmark-laravel-nginx-1  Started
 Container benchmark-laravel-nginx-1  Waiting
 Container benchmark-postgres-1  Waiting
 Container benchmark-laravel-app-1  Waiting
 Container benchmark-postgres-1  Healthy
 Container benchmark-laravel-app-1  Healthy
 Container benchmark-laravel-nginx-1  Healthy
[30/32] laravel smoke/s3-h3-pilot-20261002 EP6 vu=4 rep=1 (about 7 min left)
 Container benchmark-laravel-app-1  Restarting
 Container benchmark-laravel-app-1  Started
 Container benchmark-laravel-nginx-1  Restarting
 Container benchmark-laravel-nginx-1  Started
 Container benchmark-postgres-1  Running
 Container benchmark-laravel-app-1  Running
 Container benchmark-laravel-nginx-1  Running
 Container benchmark-postgres-1  Waiting
 Container benchmark-postgres-1  Healthy
 Container benchmark-laravel-app-1  Waiting
 Container benchmark-laravel-nginx-1  Waiting
 Container benchmark-postgres-1  Waiting
 Container benchmark-laravel-app-1  Healthy
 Container benchmark-postgres-1  Healthy
 Container benchmark-laravel-nginx-1  Healthy
Oct 02, 2026 11:01:29 PM java.util.prefs.FileSystemPreferences$1 run
INFO: Created user preferences directory.
Oct 02, 2026 11:02:34 PM java.util.prefs.FileSystemPreferences$1 run
INFO: Created user preferences directory.
Stopping laravel-app laravel-nginx so only nestjs uses the CPUs
 Container benchmark-laravel-nginx-1  Stopping
 Container benchmark-laravel-nginx-1  Stopped
 Container benchmark-laravel-app-1  Stopping
 Container benchmark-laravel-app-1  Stopped
 Container benchmark-postgres-1  Running
 Container benchmark-postgres-1  Waiting
 Container benchmark-postgres-1  Healthy
 Container benchmark-nestjs-app-1  Starting
 Container benchmark-nestjs-app-1  Started
 Container benchmark-nestjs-nginx-1  Starting
 Container benchmark-nestjs-nginx-1  Started
 Container benchmark-postgres-1  Waiting
 Container benchmark-nestjs-app-1  Waiting
 Container benchmark-nestjs-nginx-1  Waiting
 Container benchmark-nestjs-app-1  Healthy
 Container benchmark-postgres-1  Healthy
 Container benchmark-nestjs-nginx-1  Healthy
[31/32] nestjs smoke/s3-h3-pilot-20261002 EP6 vu=10 rep=1 (about 5 min left)
 Container benchmark-nestjs-app-1  Restarting
 Container benchmark-nestjs-app-1  Started
 Container benchmark-nestjs-nginx-1  Restarting
 Container benchmark-nestjs-nginx-1  Started
 Container benchmark-postgres-1  Running
 Container benchmark-nestjs-app-1  Running
 Container benchmark-nestjs-nginx-1  Running
 Container benchmark-postgres-1  Waiting
 Container benchmark-postgres-1  Healthy
 Container benchmark-nestjs-nginx-1  Waiting
 Container benchmark-postgres-1  Waiting
 Container benchmark-nestjs-app-1  Waiting
 Container benchmark-nestjs-app-1  Healthy
 Container benchmark-postgres-1  Healthy
 Container benchmark-nestjs-nginx-1  Healthy
Oct 02, 2026 11:03:57 PM java.util.prefs.FileSystemPreferences$1 run
INFO: Created user preferences directory.
Oct 02, 2026 11:05:02 PM java.util.prefs.FileSystemPreferences$1 run
INFO: Created user preferences directory.
Stopping nestjs-app nestjs-nginx so only laravel uses the CPUs
 Container benchmark-nestjs-nginx-1  Stopping
 Container benchmark-nestjs-nginx-1  Stopped
 Container benchmark-nestjs-app-1  Stopping
 Container benchmark-nestjs-app-1  Stopped
 Container benchmark-postgres-1  Running
 Container benchmark-postgres-1  Waiting
 Container benchmark-postgres-1  Healthy
 Container benchmark-laravel-app-1  Starting
 Container benchmark-laravel-app-1  Started
 Container benchmark-laravel-nginx-1  Starting
 Container benchmark-laravel-nginx-1  Started
 Container benchmark-postgres-1  Waiting
 Container benchmark-laravel-app-1  Waiting
 Container benchmark-laravel-nginx-1  Waiting
 Container benchmark-postgres-1  Healthy
 Container benchmark-laravel-app-1  Healthy
 Container benchmark-laravel-nginx-1  Healthy
[32/32] laravel smoke/s3-h3-pilot-20261002 EP6 vu=10 rep=1 (about 2 min left)
 Container benchmark-laravel-app-1  Restarting
 Container benchmark-laravel-app-1  Started
 Container benchmark-laravel-nginx-1  Restarting
 Container benchmark-laravel-nginx-1  Started
 Container benchmark-postgres-1  Running
 Container benchmark-laravel-app-1  Running
 Container benchmark-laravel-nginx-1  Running
 Container benchmark-postgres-1  Waiting
 Container benchmark-postgres-1  Healthy
 Container benchmark-postgres-1  Waiting
 Container benchmark-laravel-app-1  Waiting
 Container benchmark-laravel-nginx-1  Waiting
 Container benchmark-laravel-app-1  Healthy
 Container benchmark-postgres-1  Healthy
 Container benchmark-laravel-nginx-1  Healthy
Oct 02, 2026 11:06:26 PM java.util.prefs.FileSystemPreferences$1 run
INFO: Created user preferences directory.
Oct 02, 2026 11:07:31 PM java.util.prefs.FileSystemPreferences$1 run
INFO: Created user preferences directory.
Done: results/smoke/s3-h3-pilot-20261002/
