2026-10-01 20:39:53,906 INFO o.a.j.u.JMeterUtils: Setting Locale to en_EN
2026-10-01 20:39:53,927 INFO o.a.j.JMeter: Loading user properties from: /opt/jmeter/bin/user.properties
2026-10-01 20:39:53,927 INFO o.a.j.JMeter: Loading system properties from: /opt/jmeter/bin/system.properties
2026-10-01 20:39:53,928 INFO o.a.j.JMeter: Loading additional properties from: /tests/run.properties
2026-10-01 20:39:53,928 INFO o.a.j.JMeter: Loading additional properties from: /tests/data/ranges.properties
2026-10-01 20:39:53,928 INFO o.a.j.JMeter: Setting JMeter property: host=nestjs-nginx
2026-10-01 20:39:53,928 INFO o.a.j.JMeter: Setting JMeter property: port=80
2026-10-01 20:39:53,928 INFO o.a.j.JMeter: Setting JMeter property: rampup=10
2026-10-01 20:39:53,928 INFO o.a.j.JMeter: Setting JMeter property: endpoint=EP9
2026-10-01 20:39:53,928 INFO o.a.j.JMeter: Setting JMeter property: users=10
2026-10-01 20:39:53,928 INFO o.a.j.JMeter: Setting JMeter property: duration=20
2026-10-01 20:39:53,928 INFO o.a.j.JMeter: Setting JMeter property: ep9.start=2026-10-21
2026-10-01 20:39:53,928 INFO o.a.j.JMeter: Setting JMeter property: ep9.offset=100000000
2026-10-01 20:39:53,933 INFO o.a.j.JMeter: Copyright (c) 1998-2024 The Apache Software Foundation
2026-10-01 20:39:53,933 INFO o.a.j.JMeter: Version 5.6.3
2026-10-01 20:39:53,934 INFO o.a.j.JMeter: java.version=21.0.12.1
2026-10-01 20:39:53,934 INFO o.a.j.JMeter: java.vm.name=OpenJDK 64-Bit Server VM
2026-10-01 20:39:53,934 INFO o.a.j.JMeter: os.name=Linux
2026-10-01 20:39:53,934 INFO o.a.j.JMeter: os.arch=amd64
2026-10-01 20:39:53,934 INFO o.a.j.JMeter: os.version=6.6.87.2-microsoft-standard-WSL2
2026-10-01 20:39:53,934 INFO o.a.j.JMeter: file.encoding=UTF-8
2026-10-01 20:39:53,934 INFO o.a.j.JMeter: java.awt.headless=true
2026-10-01 20:39:53,934 INFO o.a.j.JMeter: Max memory     =4294967296
2026-10-01 20:39:53,934 INFO o.a.j.JMeter: Available Processors =12
2026-10-01 20:39:53,944 INFO o.a.j.JMeter: Default Locale=English (EN)
2026-10-01 20:39:53,945 INFO o.a.j.JMeter: JMeter  Locale=English (EN)
2026-10-01 20:39:53,945 INFO o.a.j.JMeter: JMeterHome=/opt/jmeter
2026-10-01 20:39:53,945 INFO o.a.j.JMeter: user.dir  =/tests
2026-10-01 20:39:53,945 INFO o.a.j.JMeter: PWD       =/tests
2026-10-01 20:39:53,946 INFO o.a.j.JMeter: IP: 172.19.0.5 Name: b4c1156442c4 FullName: b4c1156442c4
2026-10-01 20:39:53,959 INFO o.a.j.s.FileServer: Default base='/tests'
2026-10-01 20:39:53,961 INFO o.a.j.s.FileServer: Set new base='/tests'
2026-10-01 20:39:54,121 INFO o.a.j.s.SaveService: Testplan (JMX) version: 2.2. Testlog (JTL) version: 2.2
2026-10-01 20:39:54,143 INFO o.a.j.s.SaveService: Using SaveService properties version 5.0
2026-10-01 20:39:54,146 INFO o.a.j.s.SaveService: Using SaveService properties file encoding UTF-8
2026-10-01 20:39:54,149 INFO o.a.j.s.SaveService: Loading file: /tests/s2.jmx
2026-10-01 20:39:54,192 INFO o.a.j.p.h.s.HTTPSamplerBase: Parser for text/html is org.apache.jmeter.protocol.http.parser.LagartoBasedHtmlParser
2026-10-01 20:39:54,192 INFO o.a.j.p.h.s.HTTPSamplerBase: Parser for application/xhtml+xml is org.apache.jmeter.protocol.http.parser.LagartoBasedHtmlParser
2026-10-01 20:39:54,192 INFO o.a.j.p.h.s.HTTPSamplerBase: Parser for application/xml is org.apache.jmeter.protocol.http.parser.LagartoBasedHtmlParser
2026-10-01 20:39:54,192 INFO o.a.j.p.h.s.HTTPSamplerBase: Parser for text/xml is org.apache.jmeter.protocol.http.parser.LagartoBasedHtmlParser
2026-10-01 20:39:54,192 INFO o.a.j.p.h.s.HTTPSamplerBase: Parser for text/vnd.wap.wml is org.apache.jmeter.protocol.http.parser.RegexpHTMLParser
2026-10-01 20:39:54,193 INFO o.a.j.p.h.s.HTTPSamplerBase: Parser for text/css is org.apache.jmeter.protocol.http.parser.CssParser
2026-10-01 20:39:54,236 INFO o.a.j.JMeter: Creating summariser <summary>
2026-10-01 20:39:54,251 INFO o.a.j.e.StandardJMeterEngine: Running the test!
2026-10-01 20:39:54,252 INFO o.a.j.s.SampleEvent: List of sample_variables: []
2026-10-01 20:39:54,252 INFO o.a.j.s.SampleEvent: List of sample_variables: []
2026-10-01 20:39:54,256 INFO o.a.j.e.u.CompoundVariable: Note: Function class names must contain the string: '.functions.'
2026-10-01 20:39:54,256 INFO o.a.j.e.u.CompoundVariable: Note: Function class names must not contain the string: '.gui.'
2026-10-01 20:39:54,468 INFO o.a.j.JMeter: Running test (1790887194468)
2026-10-01 20:39:54,470 INFO o.a.j.e.StandardJMeterEngine: Starting setUp thread groups
2026-10-01 20:39:54,470 INFO o.a.j.e.StandardJMeterEngine: Starting setUp ThreadGroup: 1 : setUp - login 
2026-10-01 20:39:54,470 INFO o.a.j.e.StandardJMeterEngine: Starting 1 threads for group setUp - login.
2026-10-01 20:39:54,470 INFO o.a.j.e.StandardJMeterEngine: Test will stop abruptly on error
2026-10-01 20:39:54,470 INFO o.a.j.t.ThreadGroup: Starting thread group... number=1 threads=1 ramp-up=1 delayedStart=false
2026-10-01 20:39:54,473 INFO o.a.j.t.ThreadGroup: Started thread group number 1
2026-10-01 20:39:54,473 INFO o.a.j.e.StandardJMeterEngine: Waiting for all setup thread groups to exit
2026-10-01 20:39:54,474 INFO o.a.j.t.JMeterThread: Thread started: setUp - login 1-1
2026-10-01 20:39:54,490 INFO o.a.j.p.h.s.HTTPHCAbstractImpl: Local host = b4c1156442c4
2026-10-01 20:39:54,494 INFO o.a.j.p.h.s.HTTPHC4Impl: HTTP request retry count = 0
2026-10-01 20:39:54,495 INFO o.a.j.s.SampleResult: Note: Sample TimeStamps are START times
2026-10-01 20:39:54,495 INFO o.a.j.s.SampleResult: sampleresult.default.encoding is set to UTF-8
2026-10-01 20:39:54,495 INFO o.a.j.s.SampleResult: sampleresult.useNanoTime=true
2026-10-01 20:39:54,495 INFO o.a.j.s.SampleResult: sampleresult.nanoThreadSleep=5000
2026-10-01 20:39:55,221 INFO o.a.j.t.JMeterThread: Thread is done: setUp - login 1-1
2026-10-01 20:39:55,221 INFO o.a.j.t.JMeterThread: Thread finished: setUp - login 1-1
2026-10-01 20:39:55,222 INFO o.a.j.e.StandardJMeterEngine: All Setup Threads have ended
2026-10-01 20:39:55,245 INFO o.a.j.e.StandardJMeterEngine: Starting ThreadGroup: 1 : S2
2026-10-01 20:39:55,245 INFO o.a.j.e.StandardJMeterEngine: Starting 10 threads for group S2.
2026-10-01 20:39:55,245 INFO o.a.j.e.StandardJMeterEngine: Thread will continue on error
2026-10-01 20:39:55,246 INFO o.a.j.t.ThreadGroup: Starting thread group... number=1 threads=10 ramp-up=10 delayedStart=false
2026-10-01 20:39:55,255 INFO o.a.j.t.ThreadGroup: Started thread group number 1
2026-10-01 20:39:55,256 INFO o.a.j.e.StandardJMeterEngine: All thread groups have been started
2026-10-01 20:39:55,256 INFO o.a.j.t.JMeterThread: Thread started: S2 1-1
2026-10-01 20:39:55,257 INFO o.a.j.s.FileServer: Stored: /tests/data/available_menu_items.csv
2026-10-01 20:39:56,256 INFO o.a.j.t.JMeterThread: Thread started: S2 1-2
2026-10-01 20:39:57,254 INFO o.a.j.t.JMeterThread: Thread started: S2 1-3
2026-10-01 20:39:58,253 INFO o.a.j.t.JMeterThread: Thread started: S2 1-4
2026-10-01 20:39:59,253 INFO o.a.j.t.JMeterThread: Thread started: S2 1-5
2026-10-01 20:40:00,001 INFO o.a.j.r.Summariser: summary +   2976 in 00:00:06 =  538.0/s Avg:     4 Min:     3 Max:   270 Err:     0 (0.00%) Active: 5 Started: 5 Finished: 0
2026-10-01 20:40:00,252 INFO o.a.j.t.JMeterThread: Thread started: S2 1-6
2026-10-01 20:40:01,250 INFO o.a.j.t.JMeterThread: Thread started: S2 1-7
2026-10-01 20:40:02,250 INFO o.a.j.t.JMeterThread: Thread started: S2 1-8
2026-10-01 20:40:03,249 INFO o.a.j.t.JMeterThread: Thread started: S2 1-9
2026-10-01 20:40:04,248 INFO o.a.j.t.JMeterThread: Thread started: S2 1-10
2026-10-01 20:40:15,248 INFO o.a.j.t.JMeterThread: Stopping because end time detected by thread: S2 1-1
2026-10-01 20:40:15,248 INFO o.a.j.t.JMeterThread: Thread finished: S2 1-1
2026-10-01 20:40:15,249 INFO o.a.j.t.JMeterThread: Stopping because end time detected by thread: S2 1-2
2026-10-01 20:40:15,249 INFO o.a.j.t.JMeterThread: Thread finished: S2 1-2
2026-10-01 20:40:15,250 INFO o.a.j.t.JMeterThread: Stopping because end time detected by thread: S2 1-5
2026-10-01 20:40:15,250 INFO o.a.j.t.JMeterThread: Thread finished: S2 1-5
2026-10-01 20:40:15,251 INFO o.a.j.t.JMeterThread: Stopping because end time detected by thread: S2 1-3
2026-10-01 20:40:15,251 INFO o.a.j.t.JMeterThread: Thread finished: S2 1-3
2026-10-01 20:40:15,252 INFO o.a.j.t.JMeterThread: Stopping because end time detected by thread: S2 1-6
2026-10-01 20:40:15,252 INFO o.a.j.t.JMeterThread: Thread finished: S2 1-6
2026-10-01 20:40:15,253 INFO o.a.j.t.JMeterThread: Stopping because end time detected by thread: S2 1-4
2026-10-01 20:40:15,253 INFO o.a.j.t.JMeterThread: Thread finished: S2 1-4
2026-10-01 20:40:15,254 INFO o.a.j.t.JMeterThread: Stopping because end time detected by thread: S2 1-8
2026-10-01 20:40:15,254 INFO o.a.j.t.JMeterThread: Thread finished: S2 1-8
2026-10-01 20:40:15,255 INFO o.a.j.t.JMeterThread: Stopping because end time detected by thread: S2 1-7
2026-10-01 20:40:15,255 INFO o.a.j.t.JMeterThread: Thread finished: S2 1-7
2026-10-01 20:40:15,256 INFO o.a.j.t.JMeterThread: Stopping because end time detected by thread: S2 1-10
2026-10-01 20:40:15,256 INFO o.a.j.t.JMeterThread: Stopping because end time detected by thread: S2 1-9
2026-10-01 20:40:15,256 INFO o.a.j.t.JMeterThread: Thread finished: S2 1-10
2026-10-01 20:40:15,256 INFO o.a.j.t.JMeterThread: Thread finished: S2 1-9
2026-10-01 20:40:15,257 INFO o.a.j.e.StandardJMeterEngine: Notifying test listeners of end of test
2026-10-01 20:40:15,257 INFO o.a.j.s.FileServer: Close: /tests/data/available_menu_items.csv
2026-10-01 20:40:15,259 INFO o.a.j.r.Summariser: summary +  27643 in 00:00:15 = 1811.6/s Avg:     5 Min:     3 Max:    31 Err:     0 (0.00%) Active: 0 Started: 10 Finished: 10
2026-10-01 20:40:15,259 INFO o.a.j.r.Summariser: summary =  30619 in 00:00:21 = 1472.7/s Avg:     5 Min:     3 Max:   270 Err:     0 (0.00%)
