2026-10-02 23:01:29,499 INFO o.a.j.u.JMeterUtils: Setting Locale to en_EN
2026-10-02 23:01:29,519 INFO o.a.j.JMeter: Loading user properties from: /opt/jmeter/bin/user.properties
2026-10-02 23:01:29,520 INFO o.a.j.JMeter: Loading system properties from: /opt/jmeter/bin/system.properties
2026-10-02 23:01:29,520 INFO o.a.j.JMeter: Loading additional properties from: /tests/run.properties
2026-10-02 23:01:29,520 INFO o.a.j.JMeter: Loading additional properties from: /tests/data/ranges.properties
2026-10-02 23:01:29,520 INFO o.a.j.JMeter: Setting JMeter property: host=laravel-nginx
2026-10-02 23:01:29,520 INFO o.a.j.JMeter: Setting JMeter property: port=80
2026-10-02 23:01:29,520 INFO o.a.j.JMeter: Setting JMeter property: rampup=1
2026-10-02 23:01:29,520 INFO o.a.j.JMeter: Setting JMeter property: endpoint=EP6
2026-10-02 23:01:29,521 INFO o.a.j.JMeter: Setting JMeter property: users=4
2026-10-02 23:01:29,521 INFO o.a.j.JMeter: Setting JMeter property: duration=60
2026-10-02 23:01:29,525 INFO o.a.j.JMeter: Copyright (c) 1998-2024 The Apache Software Foundation
2026-10-02 23:01:29,525 INFO o.a.j.JMeter: Version 5.6.3
2026-10-02 23:01:29,525 INFO o.a.j.JMeter: java.version=21.0.12.1
2026-10-02 23:01:29,525 INFO o.a.j.JMeter: java.vm.name=OpenJDK 64-Bit Server VM
2026-10-02 23:01:29,525 INFO o.a.j.JMeter: os.name=Linux
2026-10-02 23:01:29,525 INFO o.a.j.JMeter: os.arch=amd64
2026-10-02 23:01:29,525 INFO o.a.j.JMeter: os.version=6.6.87.2-microsoft-standard-WSL2
2026-10-02 23:01:29,525 INFO o.a.j.JMeter: file.encoding=UTF-8
2026-10-02 23:01:29,526 INFO o.a.j.JMeter: java.awt.headless=true
2026-10-02 23:01:29,526 INFO o.a.j.JMeter: Max memory     =4294967296
2026-10-02 23:01:29,526 INFO o.a.j.JMeter: Available Processors =12
2026-10-02 23:01:29,533 INFO o.a.j.JMeter: Default Locale=English (EN)
2026-10-02 23:01:29,533 INFO o.a.j.JMeter: JMeter  Locale=English (EN)
2026-10-02 23:01:29,533 INFO o.a.j.JMeter: JMeterHome=/opt/jmeter
2026-10-02 23:01:29,534 INFO o.a.j.JMeter: user.dir  =/tests
2026-10-02 23:01:29,534 INFO o.a.j.JMeter: PWD       =/tests
2026-10-02 23:01:29,534 INFO o.a.j.JMeter: IP: 172.19.0.5 Name: c455ebdafd7a FullName: c455ebdafd7a
2026-10-02 23:01:29,544 INFO o.a.j.s.FileServer: Default base='/tests'
2026-10-02 23:01:29,545 INFO o.a.j.s.FileServer: Set new base='/tests'
2026-10-02 23:01:29,709 INFO o.a.j.s.SaveService: Testplan (JMX) version: 2.2. Testlog (JTL) version: 2.2
2026-10-02 23:01:29,732 INFO o.a.j.s.SaveService: Using SaveService properties version 5.0
2026-10-02 23:01:29,735 INFO o.a.j.s.SaveService: Using SaveService properties file encoding UTF-8
2026-10-02 23:01:29,738 INFO o.a.j.s.SaveService: Loading file: /tests/s3.jmx
2026-10-02 23:01:29,780 INFO o.a.j.p.h.s.HTTPSamplerBase: Parser for text/html is org.apache.jmeter.protocol.http.parser.LagartoBasedHtmlParser
2026-10-02 23:01:29,780 INFO o.a.j.p.h.s.HTTPSamplerBase: Parser for application/xhtml+xml is org.apache.jmeter.protocol.http.parser.LagartoBasedHtmlParser
2026-10-02 23:01:29,780 INFO o.a.j.p.h.s.HTTPSamplerBase: Parser for application/xml is org.apache.jmeter.protocol.http.parser.LagartoBasedHtmlParser
2026-10-02 23:01:29,780 INFO o.a.j.p.h.s.HTTPSamplerBase: Parser for text/xml is org.apache.jmeter.protocol.http.parser.LagartoBasedHtmlParser
2026-10-02 23:01:29,781 INFO o.a.j.p.h.s.HTTPSamplerBase: Parser for text/vnd.wap.wml is org.apache.jmeter.protocol.http.parser.RegexpHTMLParser
2026-10-02 23:01:29,781 INFO o.a.j.p.h.s.HTTPSamplerBase: Parser for text/css is org.apache.jmeter.protocol.http.parser.CssParser
2026-10-02 23:01:29,822 INFO o.a.j.JMeter: Creating summariser <summary>
2026-10-02 23:01:29,831 INFO o.a.j.e.StandardJMeterEngine: Running the test!
2026-10-02 23:01:29,832 INFO o.a.j.s.SampleEvent: List of sample_variables: []
2026-10-02 23:01:29,832 INFO o.a.j.s.SampleEvent: List of sample_variables: []
2026-10-02 23:01:29,836 INFO o.a.j.e.u.CompoundVariable: Note: Function class names must contain the string: '.functions.'
2026-10-02 23:01:29,836 INFO o.a.j.e.u.CompoundVariable: Note: Function class names must not contain the string: '.gui.'
2026-10-02 23:01:30,044 INFO o.a.j.JMeter: Running test (1790982090044)
2026-10-02 23:01:30,046 INFO o.a.j.e.StandardJMeterEngine: Starting setUp thread groups
2026-10-02 23:01:30,046 INFO o.a.j.e.StandardJMeterEngine: Starting setUp ThreadGroup: 1 : setUp - login 
2026-10-02 23:01:30,046 INFO o.a.j.e.StandardJMeterEngine: Starting 1 threads for group setUp - login.
2026-10-02 23:01:30,046 INFO o.a.j.e.StandardJMeterEngine: Test will stop abruptly on error
2026-10-02 23:01:30,046 INFO o.a.j.t.ThreadGroup: Starting thread group... number=1 threads=1 ramp-up=1 delayedStart=false
2026-10-02 23:01:30,049 INFO o.a.j.t.ThreadGroup: Started thread group number 1
2026-10-02 23:01:30,050 INFO o.a.j.e.StandardJMeterEngine: Waiting for all setup thread groups to exit
2026-10-02 23:01:30,051 INFO o.a.j.t.JMeterThread: Thread started: setUp - login 1-1
2026-10-02 23:01:30,062 INFO o.a.j.p.h.s.HTTPHCAbstractImpl: Local host = c455ebdafd7a
2026-10-02 23:01:30,066 INFO o.a.j.p.h.s.HTTPHC4Impl: HTTP request retry count = 0
2026-10-02 23:01:30,067 INFO o.a.j.s.SampleResult: Note: Sample TimeStamps are START times
2026-10-02 23:01:30,067 INFO o.a.j.s.SampleResult: sampleresult.default.encoding is set to UTF-8
2026-10-02 23:01:30,067 INFO o.a.j.s.SampleResult: sampleresult.useNanoTime=true
2026-10-02 23:01:30,068 INFO o.a.j.s.SampleResult: sampleresult.nanoThreadSleep=5000
2026-10-02 23:01:30,874 INFO o.a.j.r.Summariser: summary +      1 in 00:00:01 =    1.2/s Avg:   293 Min:   293 Max:   293 Err:     0 (0.00%) Active: 1 Started: 1 Finished: 0
2026-10-02 23:01:30,875 INFO o.a.j.t.JMeterThread: Thread is done: setUp - login 1-1
2026-10-02 23:01:30,875 INFO o.a.j.t.JMeterThread: Thread finished: setUp - login 1-1
2026-10-02 23:01:30,876 INFO o.a.j.e.StandardJMeterEngine: All Setup Threads have ended
2026-10-02 23:01:30,903 INFO o.a.j.e.StandardJMeterEngine: Starting ThreadGroup: 1 : S3
2026-10-02 23:01:30,903 INFO o.a.j.e.StandardJMeterEngine: Starting 4 threads for group S3.
2026-10-02 23:01:30,903 INFO o.a.j.e.StandardJMeterEngine: Thread will continue on error
2026-10-02 23:01:30,904 INFO o.a.j.t.ThreadGroup: Starting thread group... number=1 threads=4 ramp-up=1 delayedStart=false
2026-10-02 23:01:30,907 INFO o.a.j.t.JMeterThread: Thread started: S3 1-1
2026-10-02 23:01:30,910 INFO o.a.j.t.ThreadGroup: Started thread group number 1
2026-10-02 23:01:30,910 INFO o.a.j.e.StandardJMeterEngine: All thread groups have been started
2026-10-02 23:01:31,157 INFO o.a.j.t.JMeterThread: Thread started: S3 1-2
2026-10-02 23:01:31,406 INFO o.a.j.t.JMeterThread: Thread started: S3 1-3
2026-10-02 23:01:31,655 INFO o.a.j.t.JMeterThread: Thread started: S3 1-4
2026-10-02 23:02:00,128 INFO o.a.j.r.Summariser: summary +    688 in 00:00:29 =   23.5/s Avg:   159 Min:   131 Max:   243 Err:     0 (0.00%) Active: 4 Started: 4 Finished: 0
2026-10-02 23:02:00,129 INFO o.a.j.r.Summariser: summary =    689 in 00:00:30 =   22.9/s Avg:   159 Min:   131 Max:   293 Err:     0 (0.00%)
2026-10-02 23:02:30,530 INFO o.a.j.r.Summariser: summary +    732 in 00:00:30 =   24.1/s Avg:   159 Min:   134 Max:   234 Err:     0 (0.00%) Active: 4 Started: 4 Finished: 0
2026-10-02 23:02:30,530 INFO o.a.j.r.Summariser: summary =   1421 in 00:01:00 =   23.5/s Avg:   159 Min:   131 Max:   293 Err:     0 (0.00%)
2026-10-02 23:02:30,943 INFO o.a.j.t.JMeterThread: Stopping because end time detected by thread: S3 1-2
2026-10-02 23:02:30,944 INFO o.a.j.t.JMeterThread: Thread finished: S3 1-2
2026-10-02 23:02:31,015 INFO o.a.j.t.JMeterThread: Stopping because end time detected by thread: S3 1-3
2026-10-02 23:02:31,015 INFO o.a.j.t.JMeterThread: Thread finished: S3 1-3
2026-10-02 23:02:31,050 INFO o.a.j.t.JMeterThread: Stopping because end time detected by thread: S3 1-1
2026-10-02 23:02:31,050 INFO o.a.j.t.JMeterThread: Thread finished: S3 1-1
2026-10-02 23:02:31,088 INFO o.a.j.t.JMeterThread: Stopping because end time detected by thread: S3 1-4
2026-10-02 23:02:31,089 INFO o.a.j.t.JMeterThread: Thread finished: S3 1-4
2026-10-02 23:02:31,089 INFO o.a.j.e.StandardJMeterEngine: Notifying test listeners of end of test
2026-10-02 23:02:31,091 INFO o.a.j.r.Summariser: summary +     14 in 00:00:01 =   25.0/s Avg:   163 Min:   142 Max:   196 Err:     0 (0.00%) Active: 0 Started: 4 Finished: 4
2026-10-02 23:02:31,091 INFO o.a.j.r.Summariser: summary =   1435 in 00:01:01 =   23.5/s Avg:   159 Min:   131 Max:   293 Err:     0 (0.00%)
