2026-10-01 20:02:14,272 INFO o.a.j.u.JMeterUtils: Setting Locale to en_EN
2026-10-01 20:02:14,295 INFO o.a.j.JMeter: Loading user properties from: /opt/jmeter/bin/user.properties
2026-10-01 20:02:14,295 INFO o.a.j.JMeter: Loading system properties from: /opt/jmeter/bin/system.properties
2026-10-01 20:02:14,296 INFO o.a.j.JMeter: Loading additional properties from: /tests/run.properties
2026-10-01 20:02:14,296 INFO o.a.j.JMeter: Loading additional properties from: /tests/data/ranges.properties
2026-10-01 20:02:14,296 INFO o.a.j.JMeter: Setting JMeter property: host=laravel-nginx
2026-10-01 20:02:14,296 INFO o.a.j.JMeter: Setting JMeter property: port=80
2026-10-01 20:02:14,296 INFO o.a.j.JMeter: Setting JMeter property: rampup=10
2026-10-01 20:02:14,296 INFO o.a.j.JMeter: Setting JMeter property: endpoint=EP1
2026-10-01 20:02:14,296 INFO o.a.j.JMeter: Setting JMeter property: users=10
2026-10-01 20:02:14,296 INFO o.a.j.JMeter: Setting JMeter property: duration=10
2026-10-01 20:02:14,303 INFO o.a.j.JMeter: Copyright (c) 1998-2024 The Apache Software Foundation
2026-10-01 20:02:14,303 INFO o.a.j.JMeter: Version 5.6.3
2026-10-01 20:02:14,303 INFO o.a.j.JMeter: java.version=21.0.12.1
2026-10-01 20:02:14,303 INFO o.a.j.JMeter: java.vm.name=OpenJDK 64-Bit Server VM
2026-10-01 20:02:14,303 INFO o.a.j.JMeter: os.name=Linux
2026-10-01 20:02:14,303 INFO o.a.j.JMeter: os.arch=amd64
2026-10-01 20:02:14,303 INFO o.a.j.JMeter: os.version=6.6.87.2-microsoft-standard-WSL2
2026-10-01 20:02:14,303 INFO o.a.j.JMeter: file.encoding=UTF-8
2026-10-01 20:02:14,303 INFO o.a.j.JMeter: java.awt.headless=true
2026-10-01 20:02:14,304 INFO o.a.j.JMeter: Max memory     =2147483648
2026-10-01 20:02:14,304 INFO o.a.j.JMeter: Available Processors =12
2026-10-01 20:02:14,311 INFO o.a.j.JMeter: Default Locale=English (EN)
2026-10-01 20:02:14,312 INFO o.a.j.JMeter: JMeter  Locale=English (EN)
2026-10-01 20:02:14,312 INFO o.a.j.JMeter: JMeterHome=/opt/jmeter
2026-10-01 20:02:14,312 INFO o.a.j.JMeter: user.dir  =/tests
2026-10-01 20:02:14,312 INFO o.a.j.JMeter: PWD       =/tests
2026-10-01 20:02:14,312 INFO o.a.j.JMeter: IP: 172.19.0.5 Name: aeace30a4b6a FullName: aeace30a4b6a
2026-10-01 20:02:14,322 INFO o.a.j.s.FileServer: Default base='/tests'
2026-10-01 20:02:14,324 INFO o.a.j.s.FileServer: Set new base='/tests'
2026-10-01 20:02:14,487 INFO o.a.j.s.SaveService: Testplan (JMX) version: 2.2. Testlog (JTL) version: 2.2
2026-10-01 20:02:14,512 INFO o.a.j.s.SaveService: Using SaveService properties version 5.0
2026-10-01 20:02:14,514 INFO o.a.j.s.SaveService: Using SaveService properties file encoding UTF-8
2026-10-01 20:02:14,517 INFO o.a.j.s.SaveService: Loading file: /tests/s1.jmx
2026-10-01 20:02:14,564 INFO o.a.j.p.h.s.HTTPSamplerBase: Parser for text/html is org.apache.jmeter.protocol.http.parser.LagartoBasedHtmlParser
2026-10-01 20:02:14,564 INFO o.a.j.p.h.s.HTTPSamplerBase: Parser for application/xhtml+xml is org.apache.jmeter.protocol.http.parser.LagartoBasedHtmlParser
2026-10-01 20:02:14,564 INFO o.a.j.p.h.s.HTTPSamplerBase: Parser for application/xml is org.apache.jmeter.protocol.http.parser.LagartoBasedHtmlParser
2026-10-01 20:02:14,564 INFO o.a.j.p.h.s.HTTPSamplerBase: Parser for text/xml is org.apache.jmeter.protocol.http.parser.LagartoBasedHtmlParser
2026-10-01 20:02:14,564 INFO o.a.j.p.h.s.HTTPSamplerBase: Parser for text/vnd.wap.wml is org.apache.jmeter.protocol.http.parser.RegexpHTMLParser
2026-10-01 20:02:14,564 INFO o.a.j.p.h.s.HTTPSamplerBase: Parser for text/css is org.apache.jmeter.protocol.http.parser.CssParser
2026-10-01 20:02:14,603 INFO o.a.j.JMeter: Creating summariser <summary>
2026-10-01 20:02:14,614 INFO o.a.j.e.StandardJMeterEngine: Running the test!
2026-10-01 20:02:14,614 INFO o.a.j.s.SampleEvent: List of sample_variables: []
2026-10-01 20:02:14,614 INFO o.a.j.s.SampleEvent: List of sample_variables: []
2026-10-01 20:02:14,618 INFO o.a.j.e.u.CompoundVariable: Note: Function class names must contain the string: '.functions.'
2026-10-01 20:02:14,618 INFO o.a.j.e.u.CompoundVariable: Note: Function class names must not contain the string: '.gui.'
2026-10-01 20:02:14,821 INFO o.a.j.JMeter: Running test (1790884934821)
2026-10-01 20:02:14,822 INFO o.a.j.e.StandardJMeterEngine: Starting setUp thread groups
2026-10-01 20:02:14,822 INFO o.a.j.e.StandardJMeterEngine: Starting setUp ThreadGroup: 1 : setUp - login 
2026-10-01 20:02:14,823 INFO o.a.j.e.StandardJMeterEngine: Starting 1 threads for group setUp - login.
2026-10-01 20:02:14,823 INFO o.a.j.e.StandardJMeterEngine: Test will stop abruptly on error
2026-10-01 20:02:14,823 INFO o.a.j.t.ThreadGroup: Starting thread group... number=1 threads=1 ramp-up=1 delayedStart=false
2026-10-01 20:02:14,826 INFO o.a.j.t.ThreadGroup: Started thread group number 1
2026-10-01 20:02:14,826 INFO o.a.j.e.StandardJMeterEngine: Waiting for all setup thread groups to exit
2026-10-01 20:02:14,828 INFO o.a.j.t.JMeterThread: Thread started: setUp - login 1-1
2026-10-01 20:02:14,840 INFO o.a.j.p.h.s.HTTPHCAbstractImpl: Local host = aeace30a4b6a
2026-10-01 20:02:14,844 INFO o.a.j.p.h.s.HTTPHC4Impl: HTTP request retry count = 0
2026-10-01 20:02:14,846 INFO o.a.j.s.SampleResult: Note: Sample TimeStamps are START times
2026-10-01 20:02:14,846 INFO o.a.j.s.SampleResult: sampleresult.default.encoding is set to UTF-8
2026-10-01 20:02:14,846 INFO o.a.j.s.SampleResult: sampleresult.useNanoTime=true
2026-10-01 20:02:14,847 INFO o.a.j.s.SampleResult: sampleresult.nanoThreadSleep=5000
2026-10-01 20:02:15,670 INFO o.a.j.t.JMeterThread: Thread is done: setUp - login 1-1
2026-10-01 20:02:15,670 INFO o.a.j.t.JMeterThread: Thread finished: setUp - login 1-1
2026-10-01 20:02:15,671 INFO o.a.j.e.StandardJMeterEngine: All Setup Threads have ended
2026-10-01 20:02:15,691 INFO o.a.j.e.StandardJMeterEngine: Starting ThreadGroup: 1 : S1
2026-10-01 20:02:15,692 INFO o.a.j.e.StandardJMeterEngine: Starting 10 threads for group S1.
2026-10-01 20:02:15,692 INFO o.a.j.e.StandardJMeterEngine: Thread will continue on error
2026-10-01 20:02:15,692 INFO o.a.j.t.ThreadGroup: Starting thread group... number=1 threads=10 ramp-up=10 delayedStart=false
2026-10-01 20:02:15,694 INFO o.a.j.t.JMeterThread: Thread started: S1 1-1
2026-10-01 20:02:15,701 INFO o.a.j.t.ThreadGroup: Started thread group number 1
2026-10-01 20:02:15,701 INFO o.a.j.e.StandardJMeterEngine: All thread groups have been started
2026-10-01 20:02:16,695 INFO o.a.j.t.JMeterThread: Thread started: S1 1-2
2026-10-01 20:02:17,695 INFO o.a.j.t.JMeterThread: Thread started: S1 1-3
2026-10-01 20:02:18,693 INFO o.a.j.t.JMeterThread: Thread started: S1 1-4
2026-10-01 20:02:19,693 INFO o.a.j.t.JMeterThread: Thread started: S1 1-5
2026-10-01 20:02:20,693 INFO o.a.j.t.JMeterThread: Thread started: S1 1-6
2026-10-01 20:02:21,694 INFO o.a.j.t.JMeterThread: Thread started: S1 1-7
2026-10-01 20:02:22,694 INFO o.a.j.t.JMeterThread: Thread started: S1 1-8
2026-10-01 20:02:23,695 INFO o.a.j.t.JMeterThread: Thread started: S1 1-9
2026-10-01 20:02:24,694 INFO o.a.j.t.JMeterThread: Thread started: S1 1-10
2026-10-01 20:02:25,696 INFO o.a.j.t.JMeterThread: Stopping because end time detected by thread: S1 1-4
2026-10-01 20:02:25,696 INFO o.a.j.t.JMeterThread: Stopping because end time detected by thread: S1 1-3
2026-10-01 20:02:25,696 INFO o.a.j.t.JMeterThread: Thread finished: S1 1-4
2026-10-01 20:02:25,696 INFO o.a.j.t.JMeterThread: Thread finished: S1 1-3
2026-10-01 20:02:25,697 INFO o.a.j.t.JMeterThread: Stopping because end time detected by thread: S1 1-1
2026-10-01 20:02:25,697 INFO o.a.j.t.JMeterThread: Thread finished: S1 1-1
2026-10-01 20:02:25,704 INFO o.a.j.t.JMeterThread: Stopping because end time detected by thread: S1 1-8
2026-10-01 20:02:25,704 INFO o.a.j.t.JMeterThread: Thread finished: S1 1-8
2026-10-01 20:02:25,705 INFO o.a.j.t.JMeterThread: Stopping because end time detected by thread: S1 1-9
2026-10-01 20:02:25,705 INFO o.a.j.t.JMeterThread: Stopping because end time detected by thread: S1 1-6
2026-10-01 20:02:25,705 INFO o.a.j.t.JMeterThread: Stopping because end time detected by thread: S1 1-5
2026-10-01 20:02:25,705 INFO o.a.j.t.JMeterThread: Thread finished: S1 1-9
2026-10-01 20:02:25,705 INFO o.a.j.t.JMeterThread: Thread finished: S1 1-6
2026-10-01 20:02:25,705 INFO o.a.j.t.JMeterThread: Thread finished: S1 1-5
2026-10-01 20:02:25,714 INFO o.a.j.t.JMeterThread: Stopping because end time detected by thread: S1 1-10
2026-10-01 20:02:25,714 INFO o.a.j.t.JMeterThread: Stopping because end time detected by thread: S1 1-7
2026-10-01 20:02:25,714 INFO o.a.j.t.JMeterThread: Thread finished: S1 1-10
2026-10-01 20:02:25,714 INFO o.a.j.t.JMeterThread: Thread finished: S1 1-7
2026-10-01 20:02:25,715 INFO o.a.j.t.JMeterThread: Stopping because end time detected by thread: S1 1-2
2026-10-01 20:02:25,715 INFO o.a.j.t.JMeterThread: Thread finished: S1 1-2
2026-10-01 20:02:25,715 INFO o.a.j.e.StandardJMeterEngine: Notifying test listeners of end of test
2026-10-01 20:02:25,719 INFO o.a.j.r.Summariser: summary =   4573 in 00:00:11 =  419.7/s Avg:    14 Min:     6 Max:   323 Err:     0 (0.00%)
