2026-10-05 20:08:12,123 INFO o.a.j.u.JMeterUtils: Setting Locale to en_EN
2026-10-05 20:08:12,143 INFO o.a.j.JMeter: Loading user properties from: /opt/jmeter/bin/user.properties
2026-10-05 20:08:12,144 INFO o.a.j.JMeter: Loading system properties from: /opt/jmeter/bin/system.properties
2026-10-05 20:08:12,144 INFO o.a.j.JMeter: Loading additional properties from: /tests/run.properties
2026-10-05 20:08:12,144 INFO o.a.j.JMeter: Loading additional properties from: /tests/data/ranges.properties
2026-10-05 20:08:12,145 INFO o.a.j.JMeter: Setting JMeter property: host=laravel-nginx
2026-10-05 20:08:12,145 INFO o.a.j.JMeter: Setting JMeter property: port=80
2026-10-05 20:08:12,145 INFO o.a.j.JMeter: Setting JMeter property: rampup=1
2026-10-05 20:08:12,145 INFO o.a.j.JMeter: Setting JMeter property: endpoint=EP2
2026-10-05 20:08:12,145 INFO o.a.j.JMeter: Setting JMeter property: users=10
2026-10-05 20:08:12,145 INFO o.a.j.JMeter: Setting JMeter property: duration=60
2026-10-05 20:08:12,151 INFO o.a.j.JMeter: Copyright (c) 1998-2024 The Apache Software Foundation
2026-10-05 20:08:12,151 INFO o.a.j.JMeter: Version 5.6.3
2026-10-05 20:08:12,151 INFO o.a.j.JMeter: java.version=21.0.12.1
2026-10-05 20:08:12,151 INFO o.a.j.JMeter: java.vm.name=OpenJDK 64-Bit Server VM
2026-10-05 20:08:12,151 INFO o.a.j.JMeter: os.name=Linux
2026-10-05 20:08:12,151 INFO o.a.j.JMeter: os.arch=amd64
2026-10-05 20:08:12,151 INFO o.a.j.JMeter: os.version=6.6.87.2-microsoft-standard-WSL2
2026-10-05 20:08:12,152 INFO o.a.j.JMeter: file.encoding=UTF-8
2026-10-05 20:08:12,152 INFO o.a.j.JMeter: java.awt.headless=true
2026-10-05 20:08:12,152 INFO o.a.j.JMeter: Max memory     =4294967296
2026-10-05 20:08:12,152 INFO o.a.j.JMeter: Available Processors =12
2026-10-05 20:08:12,161 INFO o.a.j.JMeter: Default Locale=English (EN)
2026-10-05 20:08:12,161 INFO o.a.j.JMeter: JMeter  Locale=English (EN)
2026-10-05 20:08:12,161 INFO o.a.j.JMeter: JMeterHome=/opt/jmeter
2026-10-05 20:08:12,161 INFO o.a.j.JMeter: user.dir  =/tests
2026-10-05 20:08:12,161 INFO o.a.j.JMeter: PWD       =/tests
2026-10-05 20:08:12,162 INFO o.a.j.JMeter: IP: 172.19.0.5 Name: 1482121c4584 FullName: 1482121c4584
2026-10-05 20:08:12,170 INFO o.a.j.s.FileServer: Default base='/tests'
2026-10-05 20:08:12,171 INFO o.a.j.s.FileServer: Set new base='/tests'
2026-10-05 20:08:12,310 INFO o.a.j.s.SaveService: Testplan (JMX) version: 2.2. Testlog (JTL) version: 2.2
2026-10-05 20:08:12,329 INFO o.a.j.s.SaveService: Using SaveService properties version 5.0
2026-10-05 20:08:12,332 INFO o.a.j.s.SaveService: Using SaveService properties file encoding UTF-8
2026-10-05 20:08:12,335 INFO o.a.j.s.SaveService: Loading file: /tests/s1.jmx
2026-10-05 20:08:12,375 INFO o.a.j.p.h.s.HTTPSamplerBase: Parser for text/html is org.apache.jmeter.protocol.http.parser.LagartoBasedHtmlParser
2026-10-05 20:08:12,375 INFO o.a.j.p.h.s.HTTPSamplerBase: Parser for application/xhtml+xml is org.apache.jmeter.protocol.http.parser.LagartoBasedHtmlParser
2026-10-05 20:08:12,375 INFO o.a.j.p.h.s.HTTPSamplerBase: Parser for application/xml is org.apache.jmeter.protocol.http.parser.LagartoBasedHtmlParser
2026-10-05 20:08:12,375 INFO o.a.j.p.h.s.HTTPSamplerBase: Parser for text/xml is org.apache.jmeter.protocol.http.parser.LagartoBasedHtmlParser
2026-10-05 20:08:12,375 INFO o.a.j.p.h.s.HTTPSamplerBase: Parser for text/vnd.wap.wml is org.apache.jmeter.protocol.http.parser.RegexpHTMLParser
2026-10-05 20:08:12,375 INFO o.a.j.p.h.s.HTTPSamplerBase: Parser for text/css is org.apache.jmeter.protocol.http.parser.CssParser
2026-10-05 20:08:12,409 INFO o.a.j.JMeter: Creating summariser <summary>
2026-10-05 20:08:12,421 INFO o.a.j.e.StandardJMeterEngine: Running the test!
2026-10-05 20:08:12,422 INFO o.a.j.s.SampleEvent: List of sample_variables: []
2026-10-05 20:08:12,422 INFO o.a.j.s.SampleEvent: List of sample_variables: []
2026-10-05 20:08:12,425 INFO o.a.j.e.u.CompoundVariable: Note: Function class names must contain the string: '.functions.'
2026-10-05 20:08:12,425 INFO o.a.j.e.u.CompoundVariable: Note: Function class names must not contain the string: '.gui.'
2026-10-05 20:08:12,610 INFO o.a.j.JMeter: Running test (1791230892610)
2026-10-05 20:08:12,611 INFO o.a.j.e.StandardJMeterEngine: Starting setUp thread groups
2026-10-05 20:08:12,611 INFO o.a.j.e.StandardJMeterEngine: Starting setUp ThreadGroup: 1 : setUp - login 
2026-10-05 20:08:12,612 INFO o.a.j.e.StandardJMeterEngine: Starting 1 threads for group setUp - login.
2026-10-05 20:08:12,612 INFO o.a.j.e.StandardJMeterEngine: Test will stop abruptly on error
2026-10-05 20:08:12,612 INFO o.a.j.t.ThreadGroup: Starting thread group... number=1 threads=1 ramp-up=1 delayedStart=false
2026-10-05 20:08:12,614 INFO o.a.j.t.ThreadGroup: Started thread group number 1
2026-10-05 20:08:12,614 INFO o.a.j.e.StandardJMeterEngine: Waiting for all setup thread groups to exit
2026-10-05 20:08:12,615 INFO o.a.j.t.JMeterThread: Thread started: setUp - login 1-1
2026-10-05 20:08:12,626 INFO o.a.j.p.h.s.HTTPHCAbstractImpl: Local host = 1482121c4584
2026-10-05 20:08:12,630 INFO o.a.j.p.h.s.HTTPHC4Impl: HTTP request retry count = 0
2026-10-05 20:08:12,631 INFO o.a.j.s.SampleResult: Note: Sample TimeStamps are START times
2026-10-05 20:08:12,631 INFO o.a.j.s.SampleResult: sampleresult.default.encoding is set to UTF-8
2026-10-05 20:08:12,631 INFO o.a.j.s.SampleResult: sampleresult.useNanoTime=true
2026-10-05 20:08:12,631 INFO o.a.j.s.SampleResult: sampleresult.nanoThreadSleep=5000
2026-10-05 20:08:13,220 INFO o.a.j.t.JMeterThread: Thread is done: setUp - login 1-1
2026-10-05 20:08:13,220 INFO o.a.j.t.JMeterThread: Thread finished: setUp - login 1-1
2026-10-05 20:08:13,221 INFO o.a.j.e.StandardJMeterEngine: All Setup Threads have ended
2026-10-05 20:08:13,241 INFO o.a.j.e.StandardJMeterEngine: Starting ThreadGroup: 1 : S1
2026-10-05 20:08:13,241 INFO o.a.j.e.StandardJMeterEngine: Starting 10 threads for group S1.
2026-10-05 20:08:13,241 INFO o.a.j.e.StandardJMeterEngine: Thread will continue on error
2026-10-05 20:08:13,242 INFO o.a.j.t.ThreadGroup: Starting thread group... number=1 threads=10 ramp-up=1 delayedStart=false
2026-10-05 20:08:13,243 INFO o.a.j.t.JMeterThread: Thread started: S1 1-1
2026-10-05 20:08:13,250 INFO o.a.j.t.ThreadGroup: Started thread group number 1
2026-10-05 20:08:13,250 INFO o.a.j.e.StandardJMeterEngine: All thread groups have been started
2026-10-05 20:08:13,344 INFO o.a.j.t.JMeterThread: Thread started: S1 1-2
2026-10-05 20:08:13,444 INFO o.a.j.t.JMeterThread: Thread started: S1 1-3
2026-10-05 20:08:13,543 INFO o.a.j.t.JMeterThread: Thread started: S1 1-4
2026-10-05 20:08:13,644 INFO o.a.j.t.JMeterThread: Thread started: S1 1-5
2026-10-05 20:08:13,743 INFO o.a.j.t.JMeterThread: Thread started: S1 1-6
2026-10-05 20:08:13,843 INFO o.a.j.t.JMeterThread: Thread started: S1 1-7
2026-10-05 20:08:13,944 INFO o.a.j.t.JMeterThread: Thread started: S1 1-8
2026-10-05 20:08:14,043 INFO o.a.j.t.JMeterThread: Thread started: S1 1-9
2026-10-05 20:08:14,143 INFO o.a.j.t.JMeterThread: Thread started: S1 1-10
2026-10-05 20:08:30,001 INFO o.a.j.r.Summariser: summary +   8526 in 00:00:17 =  490.3/s Avg:    18 Min:     6 Max:   198 Err:     0 (0.00%) Active: 10 Started: 10 Finished: 0
2026-10-05 20:09:00,000 INFO o.a.j.r.Summariser: summary +  15683 in 00:00:30 =  522.8/s Avg:    19 Min:    13 Max:    38 Err:     0 (0.00%) Active: 10 Started: 10 Finished: 0
2026-10-05 20:09:00,001 INFO o.a.j.r.Summariser: summary =  24209 in 00:00:47 =  510.8/s Avg:    19 Min:     6 Max:   198 Err:     0 (0.00%)
2026-10-05 20:09:13,247 INFO o.a.j.t.JMeterThread: Stopping because end time detected by thread: S1 1-7
2026-10-05 20:09:13,247 INFO o.a.j.t.JMeterThread: Thread finished: S1 1-7
2026-10-05 20:09:13,250 INFO o.a.j.t.JMeterThread: Stopping because end time detected by thread: S1 1-1
2026-10-05 20:09:13,250 INFO o.a.j.t.JMeterThread: Thread finished: S1 1-1
2026-10-05 20:09:13,251 INFO o.a.j.t.JMeterThread: Stopping because end time detected by thread: S1 1-6
2026-10-05 20:09:13,252 INFO o.a.j.t.JMeterThread: Thread finished: S1 1-6
2026-10-05 20:09:13,254 INFO o.a.j.t.JMeterThread: Stopping because end time detected by thread: S1 1-8
2026-10-05 20:09:13,254 INFO o.a.j.t.JMeterThread: Thread finished: S1 1-8
2026-10-05 20:09:13,256 INFO o.a.j.t.JMeterThread: Stopping because end time detected by thread: S1 1-4
2026-10-05 20:09:13,256 INFO o.a.j.t.JMeterThread: Thread finished: S1 1-4
2026-10-05 20:09:13,259 INFO o.a.j.t.JMeterThread: Stopping because end time detected by thread: S1 1-5
2026-10-05 20:09:13,259 INFO o.a.j.t.JMeterThread: Stopping because end time detected by thread: S1 1-3
2026-10-05 20:09:13,259 INFO o.a.j.t.JMeterThread: Thread finished: S1 1-5
2026-10-05 20:09:13,259 INFO o.a.j.t.JMeterThread: Thread finished: S1 1-3
2026-10-05 20:09:13,261 INFO o.a.j.t.JMeterThread: Stopping because end time detected by thread: S1 1-2
2026-10-05 20:09:13,261 INFO o.a.j.t.JMeterThread: Thread finished: S1 1-2
2026-10-05 20:09:13,263 INFO o.a.j.t.JMeterThread: Stopping because end time detected by thread: S1 1-10
2026-10-05 20:09:13,263 INFO o.a.j.t.JMeterThread: Thread finished: S1 1-10
2026-10-05 20:09:13,266 INFO o.a.j.t.JMeterThread: Stopping because end time detected by thread: S1 1-9
2026-10-05 20:09:13,266 INFO o.a.j.t.JMeterThread: Thread finished: S1 1-9
2026-10-05 20:09:13,267 INFO o.a.j.e.StandardJMeterEngine: Notifying test listeners of end of test
2026-10-05 20:09:13,269 INFO o.a.j.r.Summariser: summary +   7019 in 00:00:13 =  529.0/s Avg:    18 Min:    13 Max:    39 Err:     0 (0.00%) Active: 0 Started: 10 Finished: 10
2026-10-05 20:09:13,269 INFO o.a.j.r.Summariser: summary =  31228 in 00:01:01 =  514.8/s Avg:    18 Min:     6 Max:   198 Err:     0 (0.00%)
