2026-10-05 20:07:07,465 INFO o.a.j.u.JMeterUtils: Setting Locale to en_EN
2026-10-05 20:07:07,483 INFO o.a.j.JMeter: Loading user properties from: /opt/jmeter/bin/user.properties
2026-10-05 20:07:07,483 INFO o.a.j.JMeter: Loading system properties from: /opt/jmeter/bin/system.properties
2026-10-05 20:07:07,484 INFO o.a.j.JMeter: Loading additional properties from: /tests/run.properties
2026-10-05 20:07:07,484 INFO o.a.j.JMeter: Loading additional properties from: /tests/data/ranges.properties
2026-10-05 20:07:07,484 INFO o.a.j.JMeter: Setting JMeter property: host=laravel-nginx
2026-10-05 20:07:07,484 INFO o.a.j.JMeter: Setting JMeter property: port=80
2026-10-05 20:07:07,484 INFO o.a.j.JMeter: Setting JMeter property: rampup=1
2026-10-05 20:07:07,484 INFO o.a.j.JMeter: Setting JMeter property: endpoint=EP2
2026-10-05 20:07:07,484 INFO o.a.j.JMeter: Setting JMeter property: users=10
2026-10-05 20:07:07,484 INFO o.a.j.JMeter: Setting JMeter property: duration=60
2026-10-05 20:07:07,488 INFO o.a.j.JMeter: Copyright (c) 1998-2024 The Apache Software Foundation
2026-10-05 20:07:07,489 INFO o.a.j.JMeter: Version 5.6.3
2026-10-05 20:07:07,489 INFO o.a.j.JMeter: java.version=21.0.12.1
2026-10-05 20:07:07,489 INFO o.a.j.JMeter: java.vm.name=OpenJDK 64-Bit Server VM
2026-10-05 20:07:07,489 INFO o.a.j.JMeter: os.name=Linux
2026-10-05 20:07:07,489 INFO o.a.j.JMeter: os.arch=amd64
2026-10-05 20:07:07,489 INFO o.a.j.JMeter: os.version=6.6.87.2-microsoft-standard-WSL2
2026-10-05 20:07:07,489 INFO o.a.j.JMeter: file.encoding=UTF-8
2026-10-05 20:07:07,489 INFO o.a.j.JMeter: java.awt.headless=true
2026-10-05 20:07:07,489 INFO o.a.j.JMeter: Max memory     =4294967296
2026-10-05 20:07:07,489 INFO o.a.j.JMeter: Available Processors =12
2026-10-05 20:07:07,497 INFO o.a.j.JMeter: Default Locale=English (EN)
2026-10-05 20:07:07,497 INFO o.a.j.JMeter: JMeter  Locale=English (EN)
2026-10-05 20:07:07,498 INFO o.a.j.JMeter: JMeterHome=/opt/jmeter
2026-10-05 20:07:07,498 INFO o.a.j.JMeter: user.dir  =/tests
2026-10-05 20:07:07,498 INFO o.a.j.JMeter: PWD       =/tests
2026-10-05 20:07:07,498 INFO o.a.j.JMeter: IP: 172.19.0.5 Name: 36704a63460b FullName: 36704a63460b
2026-10-05 20:07:07,508 INFO o.a.j.s.FileServer: Default base='/tests'
2026-10-05 20:07:07,509 INFO o.a.j.s.FileServer: Set new base='/tests'
2026-10-05 20:07:07,642 INFO o.a.j.s.SaveService: Testplan (JMX) version: 2.2. Testlog (JTL) version: 2.2
2026-10-05 20:07:07,662 INFO o.a.j.s.SaveService: Using SaveService properties version 5.0
2026-10-05 20:07:07,664 INFO o.a.j.s.SaveService: Using SaveService properties file encoding UTF-8
2026-10-05 20:07:07,667 INFO o.a.j.s.SaveService: Loading file: /tests/s1.jmx
2026-10-05 20:07:07,706 INFO o.a.j.p.h.s.HTTPSamplerBase: Parser for text/html is org.apache.jmeter.protocol.http.parser.LagartoBasedHtmlParser
2026-10-05 20:07:07,706 INFO o.a.j.p.h.s.HTTPSamplerBase: Parser for application/xhtml+xml is org.apache.jmeter.protocol.http.parser.LagartoBasedHtmlParser
2026-10-05 20:07:07,706 INFO o.a.j.p.h.s.HTTPSamplerBase: Parser for application/xml is org.apache.jmeter.protocol.http.parser.LagartoBasedHtmlParser
2026-10-05 20:07:07,706 INFO o.a.j.p.h.s.HTTPSamplerBase: Parser for text/xml is org.apache.jmeter.protocol.http.parser.LagartoBasedHtmlParser
2026-10-05 20:07:07,706 INFO o.a.j.p.h.s.HTTPSamplerBase: Parser for text/vnd.wap.wml is org.apache.jmeter.protocol.http.parser.RegexpHTMLParser
2026-10-05 20:07:07,706 INFO o.a.j.p.h.s.HTTPSamplerBase: Parser for text/css is org.apache.jmeter.protocol.http.parser.CssParser
2026-10-05 20:07:07,739 INFO o.a.j.JMeter: Creating summariser <summary>
2026-10-05 20:07:07,751 INFO o.a.j.e.StandardJMeterEngine: Running the test!
2026-10-05 20:07:07,751 INFO o.a.j.s.SampleEvent: List of sample_variables: []
2026-10-05 20:07:07,751 INFO o.a.j.s.SampleEvent: List of sample_variables: []
2026-10-05 20:07:07,754 INFO o.a.j.e.u.CompoundVariable: Note: Function class names must contain the string: '.functions.'
2026-10-05 20:07:07,755 INFO o.a.j.e.u.CompoundVariable: Note: Function class names must not contain the string: '.gui.'
2026-10-05 20:07:07,939 INFO o.a.j.JMeter: Running test (1791230827939)
2026-10-05 20:07:07,940 INFO o.a.j.e.StandardJMeterEngine: Starting setUp thread groups
2026-10-05 20:07:07,940 INFO o.a.j.e.StandardJMeterEngine: Starting setUp ThreadGroup: 1 : setUp - login 
2026-10-05 20:07:07,941 INFO o.a.j.e.StandardJMeterEngine: Starting 1 threads for group setUp - login.
2026-10-05 20:07:07,941 INFO o.a.j.e.StandardJMeterEngine: Test will stop abruptly on error
2026-10-05 20:07:07,941 INFO o.a.j.t.ThreadGroup: Starting thread group... number=1 threads=1 ramp-up=1 delayedStart=false
2026-10-05 20:07:07,943 INFO o.a.j.t.ThreadGroup: Started thread group number 1
2026-10-05 20:07:07,943 INFO o.a.j.e.StandardJMeterEngine: Waiting for all setup thread groups to exit
2026-10-05 20:07:07,944 INFO o.a.j.t.JMeterThread: Thread started: setUp - login 1-1
2026-10-05 20:07:07,953 INFO o.a.j.p.h.s.HTTPHCAbstractImpl: Local host = 36704a63460b
2026-10-05 20:07:07,957 INFO o.a.j.p.h.s.HTTPHC4Impl: HTTP request retry count = 0
2026-10-05 20:07:07,958 INFO o.a.j.s.SampleResult: Note: Sample TimeStamps are START times
2026-10-05 20:07:07,958 INFO o.a.j.s.SampleResult: sampleresult.default.encoding is set to UTF-8
2026-10-05 20:07:07,959 INFO o.a.j.s.SampleResult: sampleresult.useNanoTime=true
2026-10-05 20:07:07,959 INFO o.a.j.s.SampleResult: sampleresult.nanoThreadSleep=5000
2026-10-05 20:07:08,634 INFO o.a.j.t.JMeterThread: Thread is done: setUp - login 1-1
2026-10-05 20:07:08,634 INFO o.a.j.t.JMeterThread: Thread finished: setUp - login 1-1
2026-10-05 20:07:08,635 INFO o.a.j.e.StandardJMeterEngine: All Setup Threads have ended
2026-10-05 20:07:08,655 INFO o.a.j.e.StandardJMeterEngine: Starting ThreadGroup: 1 : S1
2026-10-05 20:07:08,656 INFO o.a.j.e.StandardJMeterEngine: Starting 10 threads for group S1.
2026-10-05 20:07:08,656 INFO o.a.j.e.StandardJMeterEngine: Thread will continue on error
2026-10-05 20:07:08,656 INFO o.a.j.t.ThreadGroup: Starting thread group... number=1 threads=10 ramp-up=1 delayedStart=false
2026-10-05 20:07:08,658 INFO o.a.j.t.JMeterThread: Thread started: S1 1-1
2026-10-05 20:07:08,664 INFO o.a.j.t.ThreadGroup: Started thread group number 1
2026-10-05 20:07:08,664 INFO o.a.j.e.StandardJMeterEngine: All thread groups have been started
2026-10-05 20:07:08,758 INFO o.a.j.t.JMeterThread: Thread started: S1 1-2
2026-10-05 20:07:08,857 INFO o.a.j.t.JMeterThread: Thread started: S1 1-3
2026-10-05 20:07:08,957 INFO o.a.j.t.JMeterThread: Thread started: S1 1-4
2026-10-05 20:07:09,057 INFO o.a.j.t.JMeterThread: Thread started: S1 1-5
2026-10-05 20:07:09,157 INFO o.a.j.t.JMeterThread: Thread started: S1 1-6
2026-10-05 20:07:09,258 INFO o.a.j.t.JMeterThread: Thread started: S1 1-7
2026-10-05 20:07:09,357 INFO o.a.j.t.JMeterThread: Thread started: S1 1-8
2026-10-05 20:07:09,457 INFO o.a.j.t.JMeterThread: Thread started: S1 1-9
2026-10-05 20:07:09,558 INFO o.a.j.t.JMeterThread: Thread started: S1 1-10
2026-10-05 20:07:30,005 INFO o.a.j.r.Summariser: summary +  10926 in 00:00:22 =  495.2/s Avg:    19 Min:     7 Max:   283 Err:     0 (0.00%) Active: 10 Started: 10 Finished: 0
2026-10-05 20:08:00,002 INFO o.a.j.r.Summariser: summary +  15807 in 00:00:30 =  527.0/s Avg:    18 Min:    14 Max:    32 Err:     0 (0.00%) Active: 10 Started: 10 Finished: 0
2026-10-05 20:08:00,002 INFO o.a.j.r.Summariser: summary =  26733 in 00:00:52 =  513.5/s Avg:    18 Min:     7 Max:   283 Err:     0 (0.00%)
2026-10-05 20:08:08,659 INFO o.a.j.t.JMeterThread: Stopping because end time detected by thread: S1 1-3
2026-10-05 20:08:08,659 INFO o.a.j.t.JMeterThread: Stopping because end time detected by thread: S1 1-2
2026-10-05 20:08:08,659 INFO o.a.j.t.JMeterThread: Thread finished: S1 1-3
2026-10-05 20:08:08,659 INFO o.a.j.t.JMeterThread: Thread finished: S1 1-2
2026-10-05 20:08:08,660 INFO o.a.j.t.JMeterThread: Stopping because end time detected by thread: S1 1-5
2026-10-05 20:08:08,660 INFO o.a.j.t.JMeterThread: Thread finished: S1 1-5
2026-10-05 20:08:08,666 INFO o.a.j.t.JMeterThread: Stopping because end time detected by thread: S1 1-1
2026-10-05 20:08:08,667 INFO o.a.j.t.JMeterThread: Thread finished: S1 1-1
2026-10-05 20:08:08,667 INFO o.a.j.t.JMeterThread: Stopping because end time detected by thread: S1 1-4
2026-10-05 20:08:08,668 INFO o.a.j.t.JMeterThread: Thread finished: S1 1-4
2026-10-05 20:08:08,668 INFO o.a.j.t.JMeterThread: Stopping because end time detected by thread: S1 1-7
2026-10-05 20:08:08,668 INFO o.a.j.t.JMeterThread: Thread finished: S1 1-7
2026-10-05 20:08:08,668 INFO o.a.j.t.JMeterThread: Stopping because end time detected by thread: S1 1-10
2026-10-05 20:08:08,669 INFO o.a.j.t.JMeterThread: Thread finished: S1 1-10
2026-10-05 20:08:08,674 INFO o.a.j.t.JMeterThread: Stopping because end time detected by thread: S1 1-9
2026-10-05 20:08:08,674 INFO o.a.j.t.JMeterThread: Thread finished: S1 1-9
2026-10-05 20:08:08,676 INFO o.a.j.t.JMeterThread: Stopping because end time detected by thread: S1 1-6
2026-10-05 20:08:08,676 INFO o.a.j.t.JMeterThread: Thread finished: S1 1-6
2026-10-05 20:08:08,676 INFO o.a.j.t.JMeterThread: Stopping because end time detected by thread: S1 1-8
2026-10-05 20:08:08,676 INFO o.a.j.t.JMeterThread: Thread finished: S1 1-8
2026-10-05 20:08:08,676 INFO o.a.j.e.StandardJMeterEngine: Notifying test listeners of end of test
2026-10-05 20:08:08,679 INFO o.a.j.r.Summariser: summary +   4576 in 00:00:09 =  527.4/s Avg:    18 Min:    14 Max:    39 Err:     0 (0.00%) Active: 0 Started: 10 Finished: 10
2026-10-05 20:08:08,679 INFO o.a.j.r.Summariser: summary =  31309 in 00:01:01 =  515.5/s Avg:    18 Min:     7 Max:   283 Err:     0 (0.00%)
