2026-10-02 18:25:31,802 INFO o.a.j.u.JMeterUtils: Setting Locale to en_EN
2026-10-02 18:25:31,827 INFO o.a.j.JMeter: Loading user properties from: /opt/jmeter/bin/user.properties
2026-10-02 18:25:31,827 INFO o.a.j.JMeter: Loading system properties from: /opt/jmeter/bin/system.properties
2026-10-02 18:25:31,827 INFO o.a.j.JMeter: Loading additional properties from: /tests/run.properties
2026-10-02 18:25:31,827 INFO o.a.j.JMeter: Loading additional properties from: /tests/data/ranges.properties
2026-10-02 18:25:31,827 INFO o.a.j.JMeter: Setting JMeter property: host=nestjs-nginx
2026-10-02 18:25:31,828 INFO o.a.j.JMeter: Setting JMeter property: port=80
2026-10-02 18:25:31,828 INFO o.a.j.JMeter: Setting JMeter property: rampup=1
2026-10-02 18:25:31,828 INFO o.a.j.JMeter: Setting JMeter property: endpoint=EP1
2026-10-02 18:25:31,828 INFO o.a.j.JMeter: Setting JMeter property: users=4
2026-10-02 18:25:31,828 INFO o.a.j.JMeter: Setting JMeter property: duration=60
2026-10-02 18:25:31,833 INFO o.a.j.JMeter: Copyright (c) 1998-2024 The Apache Software Foundation
2026-10-02 18:25:31,833 INFO o.a.j.JMeter: Version 5.6.3
2026-10-02 18:25:31,833 INFO o.a.j.JMeter: java.version=21.0.12.1
2026-10-02 18:25:31,833 INFO o.a.j.JMeter: java.vm.name=OpenJDK 64-Bit Server VM
2026-10-02 18:25:31,833 INFO o.a.j.JMeter: os.name=Linux
2026-10-02 18:25:31,833 INFO o.a.j.JMeter: os.arch=amd64
2026-10-02 18:25:31,833 INFO o.a.j.JMeter: os.version=6.6.87.2-microsoft-standard-WSL2
2026-10-02 18:25:31,833 INFO o.a.j.JMeter: file.encoding=UTF-8
2026-10-02 18:25:31,833 INFO o.a.j.JMeter: java.awt.headless=true
2026-10-02 18:25:31,834 INFO o.a.j.JMeter: Max memory     =4294967296
2026-10-02 18:25:31,834 INFO o.a.j.JMeter: Available Processors =12
2026-10-02 18:25:31,841 INFO o.a.j.JMeter: Default Locale=English (EN)
2026-10-02 18:25:31,841 INFO o.a.j.JMeter: JMeter  Locale=English (EN)
2026-10-02 18:25:31,841 INFO o.a.j.JMeter: JMeterHome=/opt/jmeter
2026-10-02 18:25:31,841 INFO o.a.j.JMeter: user.dir  =/tests
2026-10-02 18:25:31,841 INFO o.a.j.JMeter: PWD       =/tests
2026-10-02 18:25:31,842 INFO o.a.j.JMeter: IP: 172.19.0.5 Name: 581bfcbf0e35 FullName: 581bfcbf0e35
2026-10-02 18:25:31,851 INFO o.a.j.s.FileServer: Default base='/tests'
2026-10-02 18:25:31,852 INFO o.a.j.s.FileServer: Set new base='/tests'
2026-10-02 18:25:32,002 INFO o.a.j.s.SaveService: Testplan (JMX) version: 2.2. Testlog (JTL) version: 2.2
2026-10-02 18:25:32,023 INFO o.a.j.s.SaveService: Using SaveService properties version 5.0
2026-10-02 18:25:32,026 INFO o.a.j.s.SaveService: Using SaveService properties file encoding UTF-8
2026-10-02 18:25:32,030 INFO o.a.j.s.SaveService: Loading file: /tests/s1.jmx
2026-10-02 18:25:32,072 INFO o.a.j.p.h.s.HTTPSamplerBase: Parser for text/html is org.apache.jmeter.protocol.http.parser.LagartoBasedHtmlParser
2026-10-02 18:25:32,072 INFO o.a.j.p.h.s.HTTPSamplerBase: Parser for application/xhtml+xml is org.apache.jmeter.protocol.http.parser.LagartoBasedHtmlParser
2026-10-02 18:25:32,072 INFO o.a.j.p.h.s.HTTPSamplerBase: Parser for application/xml is org.apache.jmeter.protocol.http.parser.LagartoBasedHtmlParser
2026-10-02 18:25:32,072 INFO o.a.j.p.h.s.HTTPSamplerBase: Parser for text/xml is org.apache.jmeter.protocol.http.parser.LagartoBasedHtmlParser
2026-10-02 18:25:32,072 INFO o.a.j.p.h.s.HTTPSamplerBase: Parser for text/vnd.wap.wml is org.apache.jmeter.protocol.http.parser.RegexpHTMLParser
2026-10-02 18:25:32,072 INFO o.a.j.p.h.s.HTTPSamplerBase: Parser for text/css is org.apache.jmeter.protocol.http.parser.CssParser
2026-10-02 18:25:32,111 INFO o.a.j.JMeter: Creating summariser <summary>
2026-10-02 18:25:32,125 INFO o.a.j.e.StandardJMeterEngine: Running the test!
2026-10-02 18:25:32,126 INFO o.a.j.s.SampleEvent: List of sample_variables: []
2026-10-02 18:25:32,126 INFO o.a.j.s.SampleEvent: List of sample_variables: []
2026-10-02 18:25:32,129 INFO o.a.j.e.u.CompoundVariable: Note: Function class names must contain the string: '.functions.'
2026-10-02 18:25:32,129 INFO o.a.j.e.u.CompoundVariable: Note: Function class names must not contain the string: '.gui.'
2026-10-02 18:25:32,331 INFO o.a.j.JMeter: Running test (1790965532331)
2026-10-02 18:25:32,332 INFO o.a.j.e.StandardJMeterEngine: Starting setUp thread groups
2026-10-02 18:25:32,332 INFO o.a.j.e.StandardJMeterEngine: Starting setUp ThreadGroup: 1 : setUp - login 
2026-10-02 18:25:32,333 INFO o.a.j.e.StandardJMeterEngine: Starting 1 threads for group setUp - login.
2026-10-02 18:25:32,333 INFO o.a.j.e.StandardJMeterEngine: Test will stop abruptly on error
2026-10-02 18:25:32,333 INFO o.a.j.t.ThreadGroup: Starting thread group... number=1 threads=1 ramp-up=1 delayedStart=false
2026-10-02 18:25:32,336 INFO o.a.j.t.ThreadGroup: Started thread group number 1
2026-10-02 18:25:32,336 INFO o.a.j.e.StandardJMeterEngine: Waiting for all setup thread groups to exit
2026-10-02 18:25:32,337 INFO o.a.j.t.JMeterThread: Thread started: setUp - login 1-1
2026-10-02 18:25:32,348 INFO o.a.j.p.h.s.HTTPHCAbstractImpl: Local host = 581bfcbf0e35
2026-10-02 18:25:32,352 INFO o.a.j.p.h.s.HTTPHC4Impl: HTTP request retry count = 0
2026-10-02 18:25:32,353 INFO o.a.j.s.SampleResult: Note: Sample TimeStamps are START times
2026-10-02 18:25:32,353 INFO o.a.j.s.SampleResult: sampleresult.default.encoding is set to UTF-8
2026-10-02 18:25:32,354 INFO o.a.j.s.SampleResult: sampleresult.useNanoTime=true
2026-10-02 18:25:32,354 INFO o.a.j.s.SampleResult: sampleresult.nanoThreadSleep=5000
2026-10-02 18:25:33,072 INFO o.a.j.r.Summariser: summary +      1 in 00:00:01 =    1.4/s Avg:   278 Min:   278 Max:   278 Err:     0 (0.00%) Active: 1 Started: 1 Finished: 0
2026-10-02 18:25:33,072 INFO o.a.j.t.JMeterThread: Thread is done: setUp - login 1-1
2026-10-02 18:25:33,073 INFO o.a.j.t.JMeterThread: Thread finished: setUp - login 1-1
2026-10-02 18:25:33,074 INFO o.a.j.e.StandardJMeterEngine: All Setup Threads have ended
2026-10-02 18:25:33,097 INFO o.a.j.e.StandardJMeterEngine: Starting ThreadGroup: 1 : S1
2026-10-02 18:25:33,097 INFO o.a.j.e.StandardJMeterEngine: Starting 4 threads for group S1.
2026-10-02 18:25:33,097 INFO o.a.j.e.StandardJMeterEngine: Thread will continue on error
2026-10-02 18:25:33,097 INFO o.a.j.t.ThreadGroup: Starting thread group... number=1 threads=4 ramp-up=1 delayedStart=false
2026-10-02 18:25:33,100 INFO o.a.j.t.JMeterThread: Thread started: S1 1-1
2026-10-02 18:25:33,102 INFO o.a.j.t.ThreadGroup: Started thread group number 1
2026-10-02 18:25:33,102 INFO o.a.j.e.StandardJMeterEngine: All thread groups have been started
2026-10-02 18:25:33,349 INFO o.a.j.t.JMeterThread: Thread started: S1 1-2
2026-10-02 18:25:33,598 INFO o.a.j.t.JMeterThread: Thread started: S1 1-3
2026-10-02 18:25:33,849 INFO o.a.j.t.JMeterThread: Thread started: S1 1-4
2026-10-02 18:26:00,000 INFO o.a.j.r.Summariser: summary +  58715 in 00:00:27 = 2180.4/s Avg:     1 Min:     1 Max:    28 Err:     0 (0.00%) Active: 4 Started: 4 Finished: 0
2026-10-02 18:26:00,001 INFO o.a.j.r.Summariser: summary =  58716 in 00:00:28 = 2122.1/s Avg:     1 Min:     1 Max:   278 Err:     0 (0.00%)
2026-10-02 18:26:30,000 INFO o.a.j.r.Summariser: summary +  84608 in 00:00:30 = 2820.3/s Avg:     1 Min:     1 Max:    15 Err:     0 (0.00%) Active: 4 Started: 4 Finished: 0
2026-10-02 18:26:30,001 INFO o.a.j.r.Summariser: summary = 143324 in 00:00:58 = 2485.3/s Avg:     1 Min:     1 Max:   278 Err:     0 (0.00%)
2026-10-02 18:26:33,097 INFO o.a.j.t.JMeterThread: Stopping because end time detected by thread: S1 1-1
2026-10-02 18:26:33,097 INFO o.a.j.t.JMeterThread: Thread finished: S1 1-1
2026-10-02 18:26:33,099 INFO o.a.j.t.JMeterThread: Stopping because end time detected by thread: S1 1-2
2026-10-02 18:26:33,099 INFO o.a.j.t.JMeterThread: Thread finished: S1 1-2
2026-10-02 18:26:33,101 INFO o.a.j.t.JMeterThread: Stopping because end time detected by thread: S1 1-4
2026-10-02 18:26:33,101 INFO o.a.j.t.JMeterThread: Stopping because end time detected by thread: S1 1-3
2026-10-02 18:26:33,102 INFO o.a.j.t.JMeterThread: Thread finished: S1 1-4
2026-10-02 18:26:33,102 INFO o.a.j.t.JMeterThread: Thread finished: S1 1-3
2026-10-02 18:26:33,102 INFO o.a.j.e.StandardJMeterEngine: Notifying test listeners of end of test
2026-10-02 18:26:33,104 INFO o.a.j.r.Summariser: summary +   9116 in 00:00:03 = 2936.9/s Avg:     1 Min:     1 Max:     6 Err:     0 (0.00%) Active: 0 Started: 4 Finished: 4
2026-10-02 18:26:33,105 INFO o.a.j.r.Summariser: summary = 152440 in 00:01:01 = 2508.4/s Avg:     1 Min:     1 Max:   278 Err:     0 (0.00%)
