2026-10-02 18:24:26,812 INFO o.a.j.u.JMeterUtils: Setting Locale to en_EN
2026-10-02 18:24:26,834 INFO o.a.j.JMeter: Loading user properties from: /opt/jmeter/bin/user.properties
2026-10-02 18:24:26,834 INFO o.a.j.JMeter: Loading system properties from: /opt/jmeter/bin/system.properties
2026-10-02 18:24:26,834 INFO o.a.j.JMeter: Loading additional properties from: /tests/run.properties
2026-10-02 18:24:26,835 INFO o.a.j.JMeter: Loading additional properties from: /tests/data/ranges.properties
2026-10-02 18:24:26,835 INFO o.a.j.JMeter: Setting JMeter property: host=nestjs-nginx
2026-10-02 18:24:26,835 INFO o.a.j.JMeter: Setting JMeter property: port=80
2026-10-02 18:24:26,835 INFO o.a.j.JMeter: Setting JMeter property: rampup=1
2026-10-02 18:24:26,835 INFO o.a.j.JMeter: Setting JMeter property: endpoint=EP1
2026-10-02 18:24:26,835 INFO o.a.j.JMeter: Setting JMeter property: users=4
2026-10-02 18:24:26,835 INFO o.a.j.JMeter: Setting JMeter property: duration=60
2026-10-02 18:24:26,840 INFO o.a.j.JMeter: Copyright (c) 1998-2024 The Apache Software Foundation
2026-10-02 18:24:26,840 INFO o.a.j.JMeter: Version 5.6.3
2026-10-02 18:24:26,840 INFO o.a.j.JMeter: java.version=21.0.12.1
2026-10-02 18:24:26,840 INFO o.a.j.JMeter: java.vm.name=OpenJDK 64-Bit Server VM
2026-10-02 18:24:26,841 INFO o.a.j.JMeter: os.name=Linux
2026-10-02 18:24:26,841 INFO o.a.j.JMeter: os.arch=amd64
2026-10-02 18:24:26,841 INFO o.a.j.JMeter: os.version=6.6.87.2-microsoft-standard-WSL2
2026-10-02 18:24:26,841 INFO o.a.j.JMeter: file.encoding=UTF-8
2026-10-02 18:24:26,841 INFO o.a.j.JMeter: java.awt.headless=true
2026-10-02 18:24:26,841 INFO o.a.j.JMeter: Max memory     =4294967296
2026-10-02 18:24:26,841 INFO o.a.j.JMeter: Available Processors =12
2026-10-02 18:24:26,848 INFO o.a.j.JMeter: Default Locale=English (EN)
2026-10-02 18:24:26,848 INFO o.a.j.JMeter: JMeter  Locale=English (EN)
2026-10-02 18:24:26,848 INFO o.a.j.JMeter: JMeterHome=/opt/jmeter
2026-10-02 18:24:26,848 INFO o.a.j.JMeter: user.dir  =/tests
2026-10-02 18:24:26,849 INFO o.a.j.JMeter: PWD       =/tests
2026-10-02 18:24:26,849 INFO o.a.j.JMeter: IP: 172.19.0.5 Name: da1a816c5251 FullName: da1a816c5251
2026-10-02 18:24:26,859 INFO o.a.j.s.FileServer: Default base='/tests'
2026-10-02 18:24:26,860 INFO o.a.j.s.FileServer: Set new base='/tests'
2026-10-02 18:24:27,009 INFO o.a.j.s.SaveService: Testplan (JMX) version: 2.2. Testlog (JTL) version: 2.2
2026-10-02 18:24:27,032 INFO o.a.j.s.SaveService: Using SaveService properties version 5.0
2026-10-02 18:24:27,034 INFO o.a.j.s.SaveService: Using SaveService properties file encoding UTF-8
2026-10-02 18:24:27,037 INFO o.a.j.s.SaveService: Loading file: /tests/s1.jmx
2026-10-02 18:24:27,080 INFO o.a.j.p.h.s.HTTPSamplerBase: Parser for text/html is org.apache.jmeter.protocol.http.parser.LagartoBasedHtmlParser
2026-10-02 18:24:27,081 INFO o.a.j.p.h.s.HTTPSamplerBase: Parser for application/xhtml+xml is org.apache.jmeter.protocol.http.parser.LagartoBasedHtmlParser
2026-10-02 18:24:27,081 INFO o.a.j.p.h.s.HTTPSamplerBase: Parser for application/xml is org.apache.jmeter.protocol.http.parser.LagartoBasedHtmlParser
2026-10-02 18:24:27,081 INFO o.a.j.p.h.s.HTTPSamplerBase: Parser for text/xml is org.apache.jmeter.protocol.http.parser.LagartoBasedHtmlParser
2026-10-02 18:24:27,081 INFO o.a.j.p.h.s.HTTPSamplerBase: Parser for text/vnd.wap.wml is org.apache.jmeter.protocol.http.parser.RegexpHTMLParser
2026-10-02 18:24:27,081 INFO o.a.j.p.h.s.HTTPSamplerBase: Parser for text/css is org.apache.jmeter.protocol.http.parser.CssParser
2026-10-02 18:24:27,119 INFO o.a.j.JMeter: Creating summariser <summary>
2026-10-02 18:24:27,129 INFO o.a.j.e.StandardJMeterEngine: Running the test!
2026-10-02 18:24:27,130 INFO o.a.j.s.SampleEvent: List of sample_variables: []
2026-10-02 18:24:27,130 INFO o.a.j.s.SampleEvent: List of sample_variables: []
2026-10-02 18:24:27,133 INFO o.a.j.e.u.CompoundVariable: Note: Function class names must contain the string: '.functions.'
2026-10-02 18:24:27,133 INFO o.a.j.e.u.CompoundVariable: Note: Function class names must not contain the string: '.gui.'
2026-10-02 18:24:27,354 INFO o.a.j.JMeter: Running test (1790965467354)
2026-10-02 18:24:27,356 INFO o.a.j.e.StandardJMeterEngine: Starting setUp thread groups
2026-10-02 18:24:27,356 INFO o.a.j.e.StandardJMeterEngine: Starting setUp ThreadGroup: 1 : setUp - login 
2026-10-02 18:24:27,356 INFO o.a.j.e.StandardJMeterEngine: Starting 1 threads for group setUp - login.
2026-10-02 18:24:27,356 INFO o.a.j.e.StandardJMeterEngine: Test will stop abruptly on error
2026-10-02 18:24:27,356 INFO o.a.j.t.ThreadGroup: Starting thread group... number=1 threads=1 ramp-up=1 delayedStart=false
2026-10-02 18:24:27,359 INFO o.a.j.t.ThreadGroup: Started thread group number 1
2026-10-02 18:24:27,359 INFO o.a.j.e.StandardJMeterEngine: Waiting for all setup thread groups to exit
2026-10-02 18:24:27,360 INFO o.a.j.t.JMeterThread: Thread started: setUp - login 1-1
2026-10-02 18:24:27,372 INFO o.a.j.p.h.s.HTTPHCAbstractImpl: Local host = da1a816c5251
2026-10-02 18:24:27,375 INFO o.a.j.p.h.s.HTTPHC4Impl: HTTP request retry count = 0
2026-10-02 18:24:27,376 INFO o.a.j.s.SampleResult: Note: Sample TimeStamps are START times
2026-10-02 18:24:27,376 INFO o.a.j.s.SampleResult: sampleresult.default.encoding is set to UTF-8
2026-10-02 18:24:27,377 INFO o.a.j.s.SampleResult: sampleresult.useNanoTime=true
2026-10-02 18:24:27,377 INFO o.a.j.s.SampleResult: sampleresult.nanoThreadSleep=5000
2026-10-02 18:24:28,159 INFO o.a.j.t.JMeterThread: Thread is done: setUp - login 1-1
2026-10-02 18:24:28,159 INFO o.a.j.t.JMeterThread: Thread finished: setUp - login 1-1
2026-10-02 18:24:28,160 INFO o.a.j.e.StandardJMeterEngine: All Setup Threads have ended
2026-10-02 18:24:28,181 INFO o.a.j.e.StandardJMeterEngine: Starting ThreadGroup: 1 : S1
2026-10-02 18:24:28,182 INFO o.a.j.e.StandardJMeterEngine: Starting 4 threads for group S1.
2026-10-02 18:24:28,182 INFO o.a.j.e.StandardJMeterEngine: Thread will continue on error
2026-10-02 18:24:28,182 INFO o.a.j.t.ThreadGroup: Starting thread group... number=1 threads=4 ramp-up=1 delayedStart=false
2026-10-02 18:24:28,184 INFO o.a.j.t.JMeterThread: Thread started: S1 1-1
2026-10-02 18:24:28,187 INFO o.a.j.t.ThreadGroup: Started thread group number 1
2026-10-02 18:24:28,187 INFO o.a.j.e.StandardJMeterEngine: All thread groups have been started
2026-10-02 18:24:28,434 INFO o.a.j.t.JMeterThread: Thread started: S1 1-2
2026-10-02 18:24:28,684 INFO o.a.j.t.JMeterThread: Thread started: S1 1-3
2026-10-02 18:24:28,934 INFO o.a.j.t.JMeterThread: Thread started: S1 1-4
2026-10-02 18:24:30,001 INFO o.a.j.r.Summariser: summary +   2665 in 00:00:03 = 1007.2/s Avg:     2 Min:     1 Max:   306 Err:     0 (0.00%) Active: 4 Started: 4 Finished: 0
2026-10-02 18:25:00,000 INFO o.a.j.r.Summariser: summary +  80671 in 00:00:30 = 2689.0/s Avg:     1 Min:     1 Max:    17 Err:     0 (0.00%) Active: 4 Started: 4 Finished: 0
2026-10-02 18:25:00,001 INFO o.a.j.r.Summariser: summary =  83336 in 00:00:33 = 2552.7/s Avg:     1 Min:     1 Max:   306 Err:     0 (0.00%)
2026-10-02 18:25:28,183 INFO o.a.j.t.JMeterThread: Stopping because end time detected by thread: S1 1-1
2026-10-02 18:25:28,184 INFO o.a.j.t.JMeterThread: Thread finished: S1 1-1
2026-10-02 18:25:28,185 INFO o.a.j.t.JMeterThread: Stopping because end time detected by thread: S1 1-3
2026-10-02 18:25:28,185 INFO o.a.j.t.JMeterThread: Thread finished: S1 1-3
2026-10-02 18:25:28,185 INFO o.a.j.t.JMeterThread: Stopping because end time detected by thread: S1 1-2
2026-10-02 18:25:28,185 INFO o.a.j.t.JMeterThread: Thread finished: S1 1-2
2026-10-02 18:25:28,187 INFO o.a.j.t.JMeterThread: Stopping because end time detected by thread: S1 1-4
2026-10-02 18:25:28,187 INFO o.a.j.t.JMeterThread: Thread finished: S1 1-4
2026-10-02 18:25:28,187 INFO o.a.j.e.StandardJMeterEngine: Notifying test listeners of end of test
2026-10-02 18:25:28,189 INFO o.a.j.r.Summariser: summary +  77312 in 00:00:28 = 2742.6/s Avg:     1 Min:     1 Max:    16 Err:     0 (0.00%) Active: 0 Started: 4 Finished: 4
2026-10-02 18:25:28,189 INFO o.a.j.r.Summariser: summary = 160648 in 00:01:01 = 2640.7/s Avg:     1 Min:     1 Max:   306 Err:     0 (0.00%)
