2026-10-07 19:09:51,842 INFO o.a.j.u.JMeterUtils: Setting Locale to en_EN
2026-10-07 19:09:51,862 INFO o.a.j.JMeter: Loading user properties from: /opt/jmeter/bin/user.properties
2026-10-07 19:09:51,862 INFO o.a.j.JMeter: Loading system properties from: /opt/jmeter/bin/system.properties
2026-10-07 19:09:51,862 INFO o.a.j.JMeter: Loading additional properties from: /tests/run.properties
2026-10-07 19:09:51,862 INFO o.a.j.JMeter: Loading additional properties from: /tests/data/ranges.properties
2026-10-07 19:09:51,862 INFO o.a.j.JMeter: Setting JMeter property: host=nestjs-nginx
2026-10-07 19:09:51,862 INFO o.a.j.JMeter: Setting JMeter property: port=80
2026-10-07 19:09:51,863 INFO o.a.j.JMeter: Setting JMeter property: rampup=10
2026-10-07 19:09:51,863 INFO o.a.j.JMeter: Setting JMeter property: endpoint=EP1
2026-10-07 19:09:51,863 INFO o.a.j.JMeter: Setting JMeter property: users=10
2026-10-07 19:09:51,863 INFO o.a.j.JMeter: Setting JMeter property: duration=60
2026-10-07 19:09:51,867 INFO o.a.j.JMeter: Copyright (c) 1998-2024 The Apache Software Foundation
2026-10-07 19:09:51,868 INFO o.a.j.JMeter: Version 5.6.3
2026-10-07 19:09:51,868 INFO o.a.j.JMeter: java.version=21.0.12.1
2026-10-07 19:09:51,868 INFO o.a.j.JMeter: java.vm.name=OpenJDK 64-Bit Server VM
2026-10-07 19:09:51,868 INFO o.a.j.JMeter: os.name=Linux
2026-10-07 19:09:51,868 INFO o.a.j.JMeter: os.arch=amd64
2026-10-07 19:09:51,868 INFO o.a.j.JMeter: os.version=6.6.87.2-microsoft-standard-WSL2
2026-10-07 19:09:51,868 INFO o.a.j.JMeter: file.encoding=UTF-8
2026-10-07 19:09:51,868 INFO o.a.j.JMeter: java.awt.headless=true
2026-10-07 19:09:51,868 INFO o.a.j.JMeter: Max memory     =4294967296
2026-10-07 19:09:51,868 INFO o.a.j.JMeter: Available Processors =12
2026-10-07 19:09:51,875 INFO o.a.j.JMeter: Default Locale=English (EN)
2026-10-07 19:09:51,875 INFO o.a.j.JMeter: JMeter  Locale=English (EN)
2026-10-07 19:09:51,875 INFO o.a.j.JMeter: JMeterHome=/opt/jmeter
2026-10-07 19:09:51,875 INFO o.a.j.JMeter: user.dir  =/tests
2026-10-07 19:09:51,875 INFO o.a.j.JMeter: PWD       =/tests
2026-10-07 19:09:51,875 INFO o.a.j.JMeter: IP: 172.19.0.5 Name: 62a5ecc7bdfe FullName: 62a5ecc7bdfe
2026-10-07 19:09:51,885 INFO o.a.j.s.FileServer: Default base='/tests'
2026-10-07 19:09:51,886 INFO o.a.j.s.FileServer: Set new base='/tests'
2026-10-07 19:09:52,025 INFO o.a.j.s.SaveService: Testplan (JMX) version: 2.2. Testlog (JTL) version: 2.2
2026-10-07 19:09:52,045 INFO o.a.j.s.SaveService: Using SaveService properties version 5.0
2026-10-07 19:09:52,048 INFO o.a.j.s.SaveService: Using SaveService properties file encoding UTF-8
2026-10-07 19:09:52,050 INFO o.a.j.s.SaveService: Loading file: /tests/s3.jmx
2026-10-07 19:09:52,087 INFO o.a.j.p.h.s.HTTPSamplerBase: Parser for text/html is org.apache.jmeter.protocol.http.parser.LagartoBasedHtmlParser
2026-10-07 19:09:52,087 INFO o.a.j.p.h.s.HTTPSamplerBase: Parser for application/xhtml+xml is org.apache.jmeter.protocol.http.parser.LagartoBasedHtmlParser
2026-10-07 19:09:52,087 INFO o.a.j.p.h.s.HTTPSamplerBase: Parser for application/xml is org.apache.jmeter.protocol.http.parser.LagartoBasedHtmlParser
2026-10-07 19:09:52,087 INFO o.a.j.p.h.s.HTTPSamplerBase: Parser for text/xml is org.apache.jmeter.protocol.http.parser.LagartoBasedHtmlParser
2026-10-07 19:09:52,087 INFO o.a.j.p.h.s.HTTPSamplerBase: Parser for text/vnd.wap.wml is org.apache.jmeter.protocol.http.parser.RegexpHTMLParser
2026-10-07 19:09:52,088 INFO o.a.j.p.h.s.HTTPSamplerBase: Parser for text/css is org.apache.jmeter.protocol.http.parser.CssParser
2026-10-07 19:09:52,121 INFO o.a.j.JMeter: Creating summariser <summary>
2026-10-07 19:09:52,132 INFO o.a.j.e.StandardJMeterEngine: Running the test!
2026-10-07 19:09:52,133 INFO o.a.j.s.SampleEvent: List of sample_variables: []
2026-10-07 19:09:52,133 INFO o.a.j.s.SampleEvent: List of sample_variables: []
2026-10-07 19:09:52,136 INFO o.a.j.e.u.CompoundVariable: Note: Function class names must contain the string: '.functions.'
2026-10-07 19:09:52,136 INFO o.a.j.e.u.CompoundVariable: Note: Function class names must not contain the string: '.gui.'
2026-10-07 19:09:52,315 INFO o.a.j.JMeter: Running test (1791400192315)
2026-10-07 19:09:52,316 INFO o.a.j.e.StandardJMeterEngine: Starting setUp thread groups
2026-10-07 19:09:52,316 INFO o.a.j.e.StandardJMeterEngine: Starting setUp ThreadGroup: 1 : setUp - login 
2026-10-07 19:09:52,316 INFO o.a.j.e.StandardJMeterEngine: Starting 1 threads for group setUp - login.
2026-10-07 19:09:52,316 INFO o.a.j.e.StandardJMeterEngine: Test will stop abruptly on error
2026-10-07 19:09:52,316 INFO o.a.j.t.ThreadGroup: Starting thread group... number=1 threads=1 ramp-up=1 delayedStart=false
2026-10-07 19:09:52,319 INFO o.a.j.t.ThreadGroup: Started thread group number 1
2026-10-07 19:09:52,319 INFO o.a.j.e.StandardJMeterEngine: Waiting for all setup thread groups to exit
2026-10-07 19:09:52,320 INFO o.a.j.t.JMeterThread: Thread started: setUp - login 1-1
2026-10-07 19:09:52,329 INFO o.a.j.p.h.s.HTTPHCAbstractImpl: Local host = 62a5ecc7bdfe
2026-10-07 19:09:52,333 INFO o.a.j.p.h.s.HTTPHC4Impl: HTTP request retry count = 0
2026-10-07 19:09:52,334 INFO o.a.j.s.SampleResult: Note: Sample TimeStamps are START times
2026-10-07 19:09:52,334 INFO o.a.j.s.SampleResult: sampleresult.default.encoding is set to UTF-8
2026-10-07 19:09:52,334 INFO o.a.j.s.SampleResult: sampleresult.useNanoTime=true
2026-10-07 19:09:52,334 INFO o.a.j.s.SampleResult: sampleresult.nanoThreadSleep=5000
2026-10-07 19:09:52,982 INFO o.a.j.t.JMeterThread: Thread is done: setUp - login 1-1
2026-10-07 19:09:52,982 INFO o.a.j.t.JMeterThread: Thread finished: setUp - login 1-1
2026-10-07 19:09:52,983 INFO o.a.j.e.StandardJMeterEngine: All Setup Threads have ended
2026-10-07 19:09:53,005 INFO o.a.j.e.StandardJMeterEngine: Starting ThreadGroup: 1 : S3
2026-10-07 19:09:53,006 INFO o.a.j.e.StandardJMeterEngine: Starting 10 threads for group S3.
2026-10-07 19:09:53,006 INFO o.a.j.e.StandardJMeterEngine: Thread will continue on error
2026-10-07 19:09:53,006 INFO o.a.j.t.ThreadGroup: Starting thread group... number=1 threads=10 ramp-up=10 delayedStart=false
2026-10-07 19:09:53,009 INFO o.a.j.t.JMeterThread: Thread started: S3 1-1
2026-10-07 19:09:53,015 INFO o.a.j.t.ThreadGroup: Started thread group number 1
2026-10-07 19:09:53,015 INFO o.a.j.e.StandardJMeterEngine: All thread groups have been started
2026-10-07 19:09:54,008 INFO o.a.j.t.JMeterThread: Thread started: S3 1-2
2026-10-07 19:09:55,007 INFO o.a.j.t.JMeterThread: Thread started: S3 1-3
2026-10-07 19:09:56,007 INFO o.a.j.t.JMeterThread: Thread started: S3 1-4
2026-10-07 19:09:57,008 INFO o.a.j.t.JMeterThread: Thread started: S3 1-5
2026-10-07 19:09:58,007 INFO o.a.j.t.JMeterThread: Thread started: S3 1-6
2026-10-07 19:09:59,008 INFO o.a.j.t.JMeterThread: Thread started: S3 1-7
2026-10-07 19:10:00,001 INFO o.a.j.r.Summariser: summary +  17816 in 00:00:08 = 2318.3/s Avg:     1 Min:     1 Max:   263 Err:     0 (0.00%) Active: 7 Started: 7 Finished: 0
2026-10-07 19:10:00,008 INFO o.a.j.t.JMeterThread: Thread started: S3 1-8
2026-10-07 19:10:01,007 INFO o.a.j.t.JMeterThread: Thread started: S3 1-9
2026-10-07 19:10:02,170 INFO o.a.j.t.JMeterThread: Thread started: S3 1-10
2026-10-07 19:10:30,001 INFO o.a.j.r.Summariser: summary + 122964 in 00:00:30 = 4098.8/s Avg:     2 Min:     1 Max:    31 Err:     0 (0.00%) Active: 10 Started: 10 Finished: 0
2026-10-07 19:10:30,001 INFO o.a.j.r.Summariser: summary = 140780 in 00:00:38 = 3735.7/s Avg:     2 Min:     1 Max:   263 Err:     0 (0.00%)
2026-10-07 19:10:53,008 INFO o.a.j.t.JMeterThread: Stopping because end time detected by thread: S3 1-1
2026-10-07 19:10:53,008 INFO o.a.j.t.JMeterThread: Thread finished: S3 1-1
2026-10-07 19:10:53,009 INFO o.a.j.t.JMeterThread: Stopping because end time detected by thread: S3 1-2
2026-10-07 19:10:53,009 INFO o.a.j.t.JMeterThread: Thread finished: S3 1-2
2026-10-07 19:10:53,010 INFO o.a.j.t.JMeterThread: Stopping because end time detected by thread: S3 1-4
2026-10-07 19:10:53,010 INFO o.a.j.t.JMeterThread: Thread finished: S3 1-4
2026-10-07 19:10:53,011 INFO o.a.j.t.JMeterThread: Stopping because end time detected by thread: S3 1-5
2026-10-07 19:10:53,011 INFO o.a.j.t.JMeterThread: Stopping because end time detected by thread: S3 1-3
2026-10-07 19:10:53,011 INFO o.a.j.t.JMeterThread: Thread finished: S3 1-5
2026-10-07 19:10:53,011 INFO o.a.j.t.JMeterThread: Thread finished: S3 1-3
2026-10-07 19:10:53,012 INFO o.a.j.t.JMeterThread: Stopping because end time detected by thread: S3 1-8
2026-10-07 19:10:53,012 INFO o.a.j.t.JMeterThread: Stopping because end time detected by thread: S3 1-6
2026-10-07 19:10:53,012 INFO o.a.j.t.JMeterThread: Thread finished: S3 1-8
2026-10-07 19:10:53,012 INFO o.a.j.t.JMeterThread: Thread finished: S3 1-6
2026-10-07 19:10:53,012 INFO o.a.j.t.JMeterThread: Stopping because end time detected by thread: S3 1-7
2026-10-07 19:10:53,012 INFO o.a.j.t.JMeterThread: Thread finished: S3 1-7
2026-10-07 19:10:53,014 INFO o.a.j.t.JMeterThread: Stopping because end time detected by thread: S3 1-9
2026-10-07 19:10:53,014 INFO o.a.j.t.JMeterThread: Thread finished: S3 1-9
2026-10-07 19:10:53,014 INFO o.a.j.t.JMeterThread: Stopping because end time detected by thread: S3 1-10
2026-10-07 19:10:53,015 INFO o.a.j.t.JMeterThread: Thread finished: S3 1-10
2026-10-07 19:10:53,015 INFO o.a.j.e.StandardJMeterEngine: Notifying test listeners of end of test
2026-10-07 19:10:53,017 INFO o.a.j.r.Summariser: summary +  94950 in 00:00:23 = 4125.2/s Avg:     2 Min:     1 Max:    40 Err:     0 (0.00%) Active: 0 Started: 10 Finished: 10
2026-10-07 19:10:53,017 INFO o.a.j.r.Summariser: summary = 235730 in 00:01:01 = 3883.4/s Avg:     2 Min:     1 Max:   263 Err:     0 (0.00%)
