2026-10-07 19:08:47,018 INFO o.a.j.u.JMeterUtils: Setting Locale to en_EN
2026-10-07 19:08:47,037 INFO o.a.j.JMeter: Loading user properties from: /opt/jmeter/bin/user.properties
2026-10-07 19:08:47,037 INFO o.a.j.JMeter: Loading system properties from: /opt/jmeter/bin/system.properties
2026-10-07 19:08:47,037 INFO o.a.j.JMeter: Loading additional properties from: /tests/run.properties
2026-10-07 19:08:47,038 INFO o.a.j.JMeter: Loading additional properties from: /tests/data/ranges.properties
2026-10-07 19:08:47,038 INFO o.a.j.JMeter: Setting JMeter property: host=nestjs-nginx
2026-10-07 19:08:47,038 INFO o.a.j.JMeter: Setting JMeter property: port=80
2026-10-07 19:08:47,038 INFO o.a.j.JMeter: Setting JMeter property: rampup=10
2026-10-07 19:08:47,038 INFO o.a.j.JMeter: Setting JMeter property: endpoint=EP1
2026-10-07 19:08:47,038 INFO o.a.j.JMeter: Setting JMeter property: users=10
2026-10-07 19:08:47,038 INFO o.a.j.JMeter: Setting JMeter property: duration=60
2026-10-07 19:08:47,042 INFO o.a.j.JMeter: Copyright (c) 1998-2024 The Apache Software Foundation
2026-10-07 19:08:47,042 INFO o.a.j.JMeter: Version 5.6.3
2026-10-07 19:08:47,042 INFO o.a.j.JMeter: java.version=21.0.12.1
2026-10-07 19:08:47,042 INFO o.a.j.JMeter: java.vm.name=OpenJDK 64-Bit Server VM
2026-10-07 19:08:47,042 INFO o.a.j.JMeter: os.name=Linux
2026-10-07 19:08:47,042 INFO o.a.j.JMeter: os.arch=amd64
2026-10-07 19:08:47,043 INFO o.a.j.JMeter: os.version=6.6.87.2-microsoft-standard-WSL2
2026-10-07 19:08:47,043 INFO o.a.j.JMeter: file.encoding=UTF-8
2026-10-07 19:08:47,043 INFO o.a.j.JMeter: java.awt.headless=true
2026-10-07 19:08:47,043 INFO o.a.j.JMeter: Max memory     =4294967296
2026-10-07 19:08:47,043 INFO o.a.j.JMeter: Available Processors =12
2026-10-07 19:08:47,050 INFO o.a.j.JMeter: Default Locale=English (EN)
2026-10-07 19:08:47,050 INFO o.a.j.JMeter: JMeter  Locale=English (EN)
2026-10-07 19:08:47,050 INFO o.a.j.JMeter: JMeterHome=/opt/jmeter
2026-10-07 19:08:47,050 INFO o.a.j.JMeter: user.dir  =/tests
2026-10-07 19:08:47,050 INFO o.a.j.JMeter: PWD       =/tests
2026-10-07 19:08:47,050 INFO o.a.j.JMeter: IP: 172.19.0.5 Name: 676eab58fd6a FullName: 676eab58fd6a
2026-10-07 19:08:47,060 INFO o.a.j.s.FileServer: Default base='/tests'
2026-10-07 19:08:47,061 INFO o.a.j.s.FileServer: Set new base='/tests'
2026-10-07 19:08:47,206 INFO o.a.j.s.SaveService: Testplan (JMX) version: 2.2. Testlog (JTL) version: 2.2
2026-10-07 19:08:47,229 INFO o.a.j.s.SaveService: Using SaveService properties version 5.0
2026-10-07 19:08:47,232 INFO o.a.j.s.SaveService: Using SaveService properties file encoding UTF-8
2026-10-07 19:08:47,234 INFO o.a.j.s.SaveService: Loading file: /tests/s3.jmx
2026-10-07 19:08:47,274 INFO o.a.j.p.h.s.HTTPSamplerBase: Parser for text/html is org.apache.jmeter.protocol.http.parser.LagartoBasedHtmlParser
2026-10-07 19:08:47,274 INFO o.a.j.p.h.s.HTTPSamplerBase: Parser for application/xhtml+xml is org.apache.jmeter.protocol.http.parser.LagartoBasedHtmlParser
2026-10-07 19:08:47,274 INFO o.a.j.p.h.s.HTTPSamplerBase: Parser for application/xml is org.apache.jmeter.protocol.http.parser.LagartoBasedHtmlParser
2026-10-07 19:08:47,274 INFO o.a.j.p.h.s.HTTPSamplerBase: Parser for text/xml is org.apache.jmeter.protocol.http.parser.LagartoBasedHtmlParser
2026-10-07 19:08:47,274 INFO o.a.j.p.h.s.HTTPSamplerBase: Parser for text/vnd.wap.wml is org.apache.jmeter.protocol.http.parser.RegexpHTMLParser
2026-10-07 19:08:47,274 INFO o.a.j.p.h.s.HTTPSamplerBase: Parser for text/css is org.apache.jmeter.protocol.http.parser.CssParser
2026-10-07 19:08:47,310 INFO o.a.j.JMeter: Creating summariser <summary>
2026-10-07 19:08:47,324 INFO o.a.j.e.StandardJMeterEngine: Running the test!
2026-10-07 19:08:47,324 INFO o.a.j.s.SampleEvent: List of sample_variables: []
2026-10-07 19:08:47,324 INFO o.a.j.s.SampleEvent: List of sample_variables: []
2026-10-07 19:08:47,328 INFO o.a.j.e.u.CompoundVariable: Note: Function class names must contain the string: '.functions.'
2026-10-07 19:08:47,328 INFO o.a.j.e.u.CompoundVariable: Note: Function class names must not contain the string: '.gui.'
2026-10-07 19:08:47,529 INFO o.a.j.JMeter: Running test (1791400127529)
2026-10-07 19:08:47,530 INFO o.a.j.e.StandardJMeterEngine: Starting setUp thread groups
2026-10-07 19:08:47,530 INFO o.a.j.e.StandardJMeterEngine: Starting setUp ThreadGroup: 1 : setUp - login 
2026-10-07 19:08:47,530 INFO o.a.j.e.StandardJMeterEngine: Starting 1 threads for group setUp - login.
2026-10-07 19:08:47,530 INFO o.a.j.e.StandardJMeterEngine: Test will stop abruptly on error
2026-10-07 19:08:47,530 INFO o.a.j.t.ThreadGroup: Starting thread group... number=1 threads=1 ramp-up=1 delayedStart=false
2026-10-07 19:08:47,533 INFO o.a.j.t.ThreadGroup: Started thread group number 1
2026-10-07 19:08:47,533 INFO o.a.j.e.StandardJMeterEngine: Waiting for all setup thread groups to exit
2026-10-07 19:08:47,534 INFO o.a.j.t.JMeterThread: Thread started: setUp - login 1-1
2026-10-07 19:08:47,545 INFO o.a.j.p.h.s.HTTPHCAbstractImpl: Local host = 676eab58fd6a
2026-10-07 19:08:47,549 INFO o.a.j.p.h.s.HTTPHC4Impl: HTTP request retry count = 0
2026-10-07 19:08:47,550 INFO o.a.j.s.SampleResult: Note: Sample TimeStamps are START times
2026-10-07 19:08:47,550 INFO o.a.j.s.SampleResult: sampleresult.default.encoding is set to UTF-8
2026-10-07 19:08:47,550 INFO o.a.j.s.SampleResult: sampleresult.useNanoTime=true
2026-10-07 19:08:47,550 INFO o.a.j.s.SampleResult: sampleresult.nanoThreadSleep=5000
2026-10-07 19:08:48,266 INFO o.a.j.t.JMeterThread: Thread is done: setUp - login 1-1
2026-10-07 19:08:48,266 INFO o.a.j.t.JMeterThread: Thread finished: setUp - login 1-1
2026-10-07 19:08:48,267 INFO o.a.j.e.StandardJMeterEngine: All Setup Threads have ended
2026-10-07 19:08:48,288 INFO o.a.j.e.StandardJMeterEngine: Starting ThreadGroup: 1 : S3
2026-10-07 19:08:48,289 INFO o.a.j.e.StandardJMeterEngine: Starting 10 threads for group S3.
2026-10-07 19:08:48,289 INFO o.a.j.e.StandardJMeterEngine: Thread will continue on error
2026-10-07 19:08:48,289 INFO o.a.j.t.ThreadGroup: Starting thread group... number=1 threads=10 ramp-up=10 delayedStart=false
2026-10-07 19:08:48,291 INFO o.a.j.t.JMeterThread: Thread started: S3 1-1
2026-10-07 19:08:48,298 INFO o.a.j.t.ThreadGroup: Started thread group number 1
2026-10-07 19:08:48,298 INFO o.a.j.e.StandardJMeterEngine: All thread groups have been started
2026-10-07 19:08:49,291 INFO o.a.j.t.JMeterThread: Thread started: S3 1-2
2026-10-07 19:08:50,291 INFO o.a.j.t.JMeterThread: Thread started: S3 1-3
2026-10-07 19:08:51,292 INFO o.a.j.t.JMeterThread: Thread started: S3 1-4
2026-10-07 19:08:52,292 INFO o.a.j.t.JMeterThread: Thread started: S3 1-5
2026-10-07 19:08:53,290 INFO o.a.j.t.JMeterThread: Thread started: S3 1-6
2026-10-07 19:08:54,290 INFO o.a.j.t.JMeterThread: Thread started: S3 1-7
2026-10-07 19:08:55,290 INFO o.a.j.t.JMeterThread: Thread started: S3 1-8
2026-10-07 19:08:56,291 INFO o.a.j.t.JMeterThread: Thread started: S3 1-9
2026-10-07 19:08:57,292 INFO o.a.j.t.JMeterThread: Thread started: S3 1-10
2026-10-07 19:09:00,001 INFO o.a.j.r.Summariser: summary +  27722 in 00:00:12 = 2222.9/s Avg:     2 Min:     1 Max:   292 Err:     0 (0.00%) Active: 10 Started: 10 Finished: 0
2026-10-07 19:09:30,000 INFO o.a.j.r.Summariser: summary + 106368 in 00:00:30 = 3545.6/s Avg:     2 Min:     1 Max:    41 Err:     0 (0.00%) Active: 10 Started: 10 Finished: 0
2026-10-07 19:09:30,000 INFO o.a.j.r.Summariser: summary = 134090 in 00:00:42 = 3157.2/s Avg:     2 Min:     1 Max:   292 Err:     0 (0.00%)
2026-10-07 19:09:48,289 INFO o.a.j.t.JMeterThread: Stopping because end time detected by thread: S3 1-1
2026-10-07 19:09:48,289 INFO o.a.j.t.JMeterThread: Thread finished: S3 1-1
2026-10-07 19:09:48,291 INFO o.a.j.t.JMeterThread: Stopping because end time detected by thread: S3 1-2
2026-10-07 19:09:48,291 INFO o.a.j.t.JMeterThread: Thread finished: S3 1-2
2026-10-07 19:09:48,292 INFO o.a.j.t.JMeterThread: Stopping because end time detected by thread: S3 1-3
2026-10-07 19:09:48,292 INFO o.a.j.t.JMeterThread: Thread finished: S3 1-3
2026-10-07 19:09:48,293 INFO o.a.j.t.JMeterThread: Stopping because end time detected by thread: S3 1-5
2026-10-07 19:09:48,293 INFO o.a.j.t.JMeterThread: Thread finished: S3 1-5
2026-10-07 19:09:48,294 INFO o.a.j.t.JMeterThread: Stopping because end time detected by thread: S3 1-4
2026-10-07 19:09:48,294 INFO o.a.j.t.JMeterThread: Thread finished: S3 1-4
2026-10-07 19:09:48,295 INFO o.a.j.t.JMeterThread: Stopping because end time detected by thread: S3 1-6
2026-10-07 19:09:48,295 INFO o.a.j.t.JMeterThread: Thread finished: S3 1-6
2026-10-07 19:09:48,295 INFO o.a.j.t.JMeterThread: Stopping because end time detected by thread: S3 1-7
2026-10-07 19:09:48,295 INFO o.a.j.t.JMeterThread: Thread finished: S3 1-7
2026-10-07 19:09:48,297 INFO o.a.j.t.JMeterThread: Stopping because end time detected by thread: S3 1-8
2026-10-07 19:09:48,297 INFO o.a.j.t.JMeterThread: Thread finished: S3 1-8
2026-10-07 19:09:48,297 INFO o.a.j.t.JMeterThread: Stopping because end time detected by thread: S3 1-10
2026-10-07 19:09:48,297 INFO o.a.j.t.JMeterThread: Thread finished: S3 1-10
2026-10-07 19:09:48,298 INFO o.a.j.t.JMeterThread: Stopping because end time detected by thread: S3 1-9
2026-10-07 19:09:48,298 INFO o.a.j.t.JMeterThread: Thread finished: S3 1-9
2026-10-07 19:09:48,298 INFO o.a.j.e.StandardJMeterEngine: Notifying test listeners of end of test
2026-10-07 19:09:48,300 INFO o.a.j.r.Summariser: summary +  74690 in 00:00:18 = 4081.4/s Avg:     2 Min:     1 Max:    36 Err:     0 (0.00%) Active: 0 Started: 10 Finished: 10
2026-10-07 19:09:48,300 INFO o.a.j.r.Summariser: summary = 208780 in 00:01:01 = 3435.5/s Avg:     2 Min:     1 Max:   292 Err:     0 (0.00%)
