2026-10-07 19:14:48,276 INFO o.a.j.u.JMeterUtils: Setting Locale to en_EN
2026-10-07 19:14:48,301 INFO o.a.j.JMeter: Loading user properties from: /opt/jmeter/bin/user.properties
2026-10-07 19:14:48,302 INFO o.a.j.JMeter: Loading system properties from: /opt/jmeter/bin/system.properties
2026-10-07 19:14:48,302 INFO o.a.j.JMeter: Loading additional properties from: /tests/run.properties
2026-10-07 19:14:48,302 INFO o.a.j.JMeter: Loading additional properties from: /tests/data/ranges.properties
2026-10-07 19:14:48,302 INFO o.a.j.JMeter: Setting JMeter property: host=nestjs-nginx
2026-10-07 19:14:48,303 INFO o.a.j.JMeter: Setting JMeter property: port=80
2026-10-07 19:14:48,303 INFO o.a.j.JMeter: Setting JMeter property: rampup=10
2026-10-07 19:14:48,303 INFO o.a.j.JMeter: Setting JMeter property: endpoint=EP4
2026-10-07 19:14:48,303 INFO o.a.j.JMeter: Setting JMeter property: users=1
2026-10-07 19:14:48,303 INFO o.a.j.JMeter: Setting JMeter property: duration=60
2026-10-07 19:14:48,309 INFO o.a.j.JMeter: Copyright (c) 1998-2024 The Apache Software Foundation
2026-10-07 19:14:48,309 INFO o.a.j.JMeter: Version 5.6.3
2026-10-07 19:14:48,309 INFO o.a.j.JMeter: java.version=21.0.12.1
2026-10-07 19:14:48,309 INFO o.a.j.JMeter: java.vm.name=OpenJDK 64-Bit Server VM
2026-10-07 19:14:48,309 INFO o.a.j.JMeter: os.name=Linux
2026-10-07 19:14:48,309 INFO o.a.j.JMeter: os.arch=amd64
2026-10-07 19:14:48,309 INFO o.a.j.JMeter: os.version=6.6.87.2-microsoft-standard-WSL2
2026-10-07 19:14:48,309 INFO o.a.j.JMeter: file.encoding=UTF-8
2026-10-07 19:14:48,309 INFO o.a.j.JMeter: java.awt.headless=true
2026-10-07 19:14:48,310 INFO o.a.j.JMeter: Max memory     =4294967296
2026-10-07 19:14:48,310 INFO o.a.j.JMeter: Available Processors =12
2026-10-07 19:14:48,319 INFO o.a.j.JMeter: Default Locale=English (EN)
2026-10-07 19:14:48,320 INFO o.a.j.JMeter: JMeter  Locale=English (EN)
2026-10-07 19:14:48,320 INFO o.a.j.JMeter: JMeterHome=/opt/jmeter
2026-10-07 19:14:48,320 INFO o.a.j.JMeter: user.dir  =/tests
2026-10-07 19:14:48,320 INFO o.a.j.JMeter: PWD       =/tests
2026-10-07 19:14:48,320 INFO o.a.j.JMeter: IP: 172.19.0.5 Name: 1b441a78d2a4 FullName: 1b441a78d2a4
2026-10-07 19:14:48,330 INFO o.a.j.s.FileServer: Default base='/tests'
2026-10-07 19:14:48,331 INFO o.a.j.s.FileServer: Set new base='/tests'
2026-10-07 19:14:48,522 INFO o.a.j.s.SaveService: Testplan (JMX) version: 2.2. Testlog (JTL) version: 2.2
2026-10-07 19:14:48,548 INFO o.a.j.s.SaveService: Using SaveService properties version 5.0
2026-10-07 19:14:48,551 INFO o.a.j.s.SaveService: Using SaveService properties file encoding UTF-8
2026-10-07 19:14:48,555 INFO o.a.j.s.SaveService: Loading file: /tests/s3.jmx
2026-10-07 19:14:48,601 INFO o.a.j.p.h.s.HTTPSamplerBase: Parser for text/html is org.apache.jmeter.protocol.http.parser.LagartoBasedHtmlParser
2026-10-07 19:14:48,601 INFO o.a.j.p.h.s.HTTPSamplerBase: Parser for application/xhtml+xml is org.apache.jmeter.protocol.http.parser.LagartoBasedHtmlParser
2026-10-07 19:14:48,601 INFO o.a.j.p.h.s.HTTPSamplerBase: Parser for application/xml is org.apache.jmeter.protocol.http.parser.LagartoBasedHtmlParser
2026-10-07 19:14:48,601 INFO o.a.j.p.h.s.HTTPSamplerBase: Parser for text/xml is org.apache.jmeter.protocol.http.parser.LagartoBasedHtmlParser
2026-10-07 19:14:48,601 INFO o.a.j.p.h.s.HTTPSamplerBase: Parser for text/vnd.wap.wml is org.apache.jmeter.protocol.http.parser.RegexpHTMLParser
2026-10-07 19:14:48,601 INFO o.a.j.p.h.s.HTTPSamplerBase: Parser for text/css is org.apache.jmeter.protocol.http.parser.CssParser
2026-10-07 19:14:48,641 INFO o.a.j.JMeter: Creating summariser <summary>
2026-10-07 19:14:48,654 INFO o.a.j.e.StandardJMeterEngine: Running the test!
2026-10-07 19:14:48,655 INFO o.a.j.s.SampleEvent: List of sample_variables: []
2026-10-07 19:14:48,655 INFO o.a.j.s.SampleEvent: List of sample_variables: []
2026-10-07 19:14:48,660 INFO o.a.j.e.u.CompoundVariable: Note: Function class names must contain the string: '.functions.'
2026-10-07 19:14:48,660 INFO o.a.j.e.u.CompoundVariable: Note: Function class names must not contain the string: '.gui.'
2026-10-07 19:14:48,866 INFO o.a.j.JMeter: Running test (1791400488866)
2026-10-07 19:14:48,867 INFO o.a.j.e.StandardJMeterEngine: Starting setUp thread groups
2026-10-07 19:14:48,867 INFO o.a.j.e.StandardJMeterEngine: Starting setUp ThreadGroup: 1 : setUp - login 
2026-10-07 19:14:48,867 INFO o.a.j.e.StandardJMeterEngine: Starting 1 threads for group setUp - login.
2026-10-07 19:14:48,867 INFO o.a.j.e.StandardJMeterEngine: Test will stop abruptly on error
2026-10-07 19:14:48,867 INFO o.a.j.t.ThreadGroup: Starting thread group... number=1 threads=1 ramp-up=1 delayedStart=false
2026-10-07 19:14:48,870 INFO o.a.j.t.ThreadGroup: Started thread group number 1
2026-10-07 19:14:48,870 INFO o.a.j.e.StandardJMeterEngine: Waiting for all setup thread groups to exit
2026-10-07 19:14:48,871 INFO o.a.j.t.JMeterThread: Thread started: setUp - login 1-1
2026-10-07 19:14:48,882 INFO o.a.j.p.h.s.HTTPHCAbstractImpl: Local host = 1b441a78d2a4
2026-10-07 19:14:48,886 INFO o.a.j.p.h.s.HTTPHC4Impl: HTTP request retry count = 0
2026-10-07 19:14:48,887 INFO o.a.j.s.SampleResult: Note: Sample TimeStamps are START times
2026-10-07 19:14:48,887 INFO o.a.j.s.SampleResult: sampleresult.default.encoding is set to UTF-8
2026-10-07 19:14:48,887 INFO o.a.j.s.SampleResult: sampleresult.useNanoTime=true
2026-10-07 19:14:48,887 INFO o.a.j.s.SampleResult: sampleresult.nanoThreadSleep=5000
2026-10-07 19:14:49,590 INFO o.a.j.t.JMeterThread: Thread is done: setUp - login 1-1
2026-10-07 19:14:49,590 INFO o.a.j.t.JMeterThread: Thread finished: setUp - login 1-1
2026-10-07 19:14:49,591 INFO o.a.j.e.StandardJMeterEngine: All Setup Threads have ended
2026-10-07 19:14:49,619 INFO o.a.j.e.StandardJMeterEngine: Starting ThreadGroup: 1 : S3
2026-10-07 19:14:49,619 INFO o.a.j.e.StandardJMeterEngine: Starting 1 threads for group S3.
2026-10-07 19:14:49,620 INFO o.a.j.e.StandardJMeterEngine: Thread will continue on error
2026-10-07 19:14:49,620 INFO o.a.j.t.ThreadGroup: Starting thread group... number=1 threads=1 ramp-up=10 delayedStart=false
2026-10-07 19:14:49,622 INFO o.a.j.t.ThreadGroup: Started thread group number 1
2026-10-07 19:14:49,622 INFO o.a.j.e.StandardJMeterEngine: All thread groups have been started
2026-10-07 19:14:49,623 INFO o.a.j.t.JMeterThread: Thread started: S3 1-1
2026-10-07 19:15:00,002 INFO o.a.j.r.Summariser: summary +   3404 in 00:00:11 =  305.7/s Avg:     2 Min:     2 Max:   281 Err:     0 (0.00%) Active: 1 Started: 1 Finished: 0
2026-10-07 19:15:30,002 INFO o.a.j.r.Summariser: summary +  10761 in 00:00:30 =  358.7/s Avg:     2 Min:     2 Max:    20 Err:     0 (0.00%) Active: 1 Started: 1 Finished: 0
2026-10-07 19:15:30,003 INFO o.a.j.r.Summariser: summary =  14165 in 00:00:41 =  344.3/s Avg:     2 Min:     2 Max:   281 Err:     0 (0.00%)
2026-10-07 19:15:49,622 INFO o.a.j.t.JMeterThread: Stopping because end time detected by thread: S3 1-1
2026-10-07 19:15:49,622 INFO o.a.j.t.JMeterThread: Thread finished: S3 1-1
2026-10-07 19:15:49,622 INFO o.a.j.e.StandardJMeterEngine: Notifying test listeners of end of test
2026-10-07 19:15:49,625 INFO o.a.j.r.Summariser: summary +   7425 in 00:00:20 =  378.4/s Avg:     2 Min:     2 Max:    19 Err:     0 (0.00%) Active: 0 Started: 1 Finished: 1
2026-10-07 19:15:49,625 INFO o.a.j.r.Summariser: summary =  21590 in 00:01:01 =  355.3/s Avg:     2 Min:     2 Max:   281 Err:     0 (0.00%)
