2026-10-02 19:00:04,323 INFO o.a.j.u.JMeterUtils: Setting Locale to en_EN
2026-10-02 19:00:04,342 INFO o.a.j.JMeter: Loading user properties from: /opt/jmeter/bin/user.properties
2026-10-02 19:00:04,342 INFO o.a.j.JMeter: Loading system properties from: /opt/jmeter/bin/system.properties
2026-10-02 19:00:04,343 INFO o.a.j.JMeter: Loading additional properties from: /tests/run.properties
2026-10-02 19:00:04,343 INFO o.a.j.JMeter: Loading additional properties from: /tests/data/ranges.properties
2026-10-02 19:00:04,343 INFO o.a.j.JMeter: Setting JMeter property: host=laravel-nginx
2026-10-02 19:00:04,343 INFO o.a.j.JMeter: Setting JMeter property: port=80
2026-10-02 19:00:04,343 INFO o.a.j.JMeter: Setting JMeter property: rampup=1
2026-10-02 19:00:04,343 INFO o.a.j.JMeter: Setting JMeter property: endpoint=EP8
2026-10-02 19:00:04,343 INFO o.a.j.JMeter: Setting JMeter property: users=2
2026-10-02 19:00:04,343 INFO o.a.j.JMeter: Setting JMeter property: duration=60
2026-10-02 19:00:04,348 INFO o.a.j.JMeter: Copyright (c) 1998-2024 The Apache Software Foundation
2026-10-02 19:00:04,348 INFO o.a.j.JMeter: Version 5.6.3
2026-10-02 19:00:04,348 INFO o.a.j.JMeter: java.version=21.0.12.1
2026-10-02 19:00:04,349 INFO o.a.j.JMeter: java.vm.name=OpenJDK 64-Bit Server VM
2026-10-02 19:00:04,349 INFO o.a.j.JMeter: os.name=Linux
2026-10-02 19:00:04,349 INFO o.a.j.JMeter: os.arch=amd64
2026-10-02 19:00:04,349 INFO o.a.j.JMeter: os.version=6.6.87.2-microsoft-standard-WSL2
2026-10-02 19:00:04,349 INFO o.a.j.JMeter: file.encoding=UTF-8
2026-10-02 19:00:04,349 INFO o.a.j.JMeter: java.awt.headless=true
2026-10-02 19:00:04,349 INFO o.a.j.JMeter: Max memory     =4294967296
2026-10-02 19:00:04,349 INFO o.a.j.JMeter: Available Processors =12
2026-10-02 19:00:04,356 INFO o.a.j.JMeter: Default Locale=English (EN)
2026-10-02 19:00:04,357 INFO o.a.j.JMeter: JMeter  Locale=English (EN)
2026-10-02 19:00:04,357 INFO o.a.j.JMeter: JMeterHome=/opt/jmeter
2026-10-02 19:00:04,357 INFO o.a.j.JMeter: user.dir  =/tests
2026-10-02 19:00:04,357 INFO o.a.j.JMeter: PWD       =/tests
2026-10-02 19:00:04,357 INFO o.a.j.JMeter: IP: 172.19.0.5 Name: ffacd2f0916e FullName: ffacd2f0916e
2026-10-02 19:00:04,369 INFO o.a.j.s.FileServer: Default base='/tests'
2026-10-02 19:00:04,371 INFO o.a.j.s.FileServer: Set new base='/tests'
2026-10-02 19:00:04,521 INFO o.a.j.s.SaveService: Testplan (JMX) version: 2.2. Testlog (JTL) version: 2.2
2026-10-02 19:00:04,543 INFO o.a.j.s.SaveService: Using SaveService properties version 5.0
2026-10-02 19:00:04,546 INFO o.a.j.s.SaveService: Using SaveService properties file encoding UTF-8
2026-10-02 19:00:04,549 INFO o.a.j.s.SaveService: Loading file: /tests/s1.jmx
2026-10-02 19:00:04,592 INFO o.a.j.p.h.s.HTTPSamplerBase: Parser for text/html is org.apache.jmeter.protocol.http.parser.LagartoBasedHtmlParser
2026-10-02 19:00:04,592 INFO o.a.j.p.h.s.HTTPSamplerBase: Parser for application/xhtml+xml is org.apache.jmeter.protocol.http.parser.LagartoBasedHtmlParser
2026-10-02 19:00:04,592 INFO o.a.j.p.h.s.HTTPSamplerBase: Parser for application/xml is org.apache.jmeter.protocol.http.parser.LagartoBasedHtmlParser
2026-10-02 19:00:04,592 INFO o.a.j.p.h.s.HTTPSamplerBase: Parser for text/xml is org.apache.jmeter.protocol.http.parser.LagartoBasedHtmlParser
2026-10-02 19:00:04,592 INFO o.a.j.p.h.s.HTTPSamplerBase: Parser for text/vnd.wap.wml is org.apache.jmeter.protocol.http.parser.RegexpHTMLParser
2026-10-02 19:00:04,593 INFO o.a.j.p.h.s.HTTPSamplerBase: Parser for text/css is org.apache.jmeter.protocol.http.parser.CssParser
2026-10-02 19:00:04,630 INFO o.a.j.JMeter: Creating summariser <summary>
2026-10-02 19:00:04,643 INFO o.a.j.e.StandardJMeterEngine: Running the test!
2026-10-02 19:00:04,644 INFO o.a.j.s.SampleEvent: List of sample_variables: []
2026-10-02 19:00:04,644 INFO o.a.j.s.SampleEvent: List of sample_variables: []
2026-10-02 19:00:04,648 INFO o.a.j.e.u.CompoundVariable: Note: Function class names must contain the string: '.functions.'
2026-10-02 19:00:04,648 INFO o.a.j.e.u.CompoundVariable: Note: Function class names must not contain the string: '.gui.'
2026-10-02 19:00:04,857 INFO o.a.j.JMeter: Running test (1790967604857)
2026-10-02 19:00:04,859 INFO o.a.j.e.StandardJMeterEngine: Starting setUp thread groups
2026-10-02 19:00:04,859 INFO o.a.j.e.StandardJMeterEngine: Starting setUp ThreadGroup: 1 : setUp - login 
2026-10-02 19:00:04,859 INFO o.a.j.e.StandardJMeterEngine: Starting 1 threads for group setUp - login.
2026-10-02 19:00:04,859 INFO o.a.j.e.StandardJMeterEngine: Test will stop abruptly on error
2026-10-02 19:00:04,859 INFO o.a.j.t.ThreadGroup: Starting thread group... number=1 threads=1 ramp-up=1 delayedStart=false
2026-10-02 19:00:04,862 INFO o.a.j.t.ThreadGroup: Started thread group number 1
2026-10-02 19:00:04,862 INFO o.a.j.e.StandardJMeterEngine: Waiting for all setup thread groups to exit
2026-10-02 19:00:04,863 INFO o.a.j.t.JMeterThread: Thread started: setUp - login 1-1
2026-10-02 19:00:04,874 INFO o.a.j.p.h.s.HTTPHCAbstractImpl: Local host = ffacd2f0916e
2026-10-02 19:00:04,879 INFO o.a.j.p.h.s.HTTPHC4Impl: HTTP request retry count = 0
2026-10-02 19:00:04,880 INFO o.a.j.s.SampleResult: Note: Sample TimeStamps are START times
2026-10-02 19:00:04,880 INFO o.a.j.s.SampleResult: sampleresult.default.encoding is set to UTF-8
2026-10-02 19:00:04,880 INFO o.a.j.s.SampleResult: sampleresult.useNanoTime=true
2026-10-02 19:00:04,880 INFO o.a.j.s.SampleResult: sampleresult.nanoThreadSleep=5000
2026-10-02 19:00:05,528 INFO o.a.j.r.Summariser: summary +      1 in 00:00:01 =    1.5/s Avg:   205 Min:   205 Max:   205 Err:     0 (0.00%) Active: 1 Started: 1 Finished: 0
2026-10-02 19:00:05,528 INFO o.a.j.t.JMeterThread: Thread is done: setUp - login 1-1
2026-10-02 19:00:05,528 INFO o.a.j.t.JMeterThread: Thread finished: setUp - login 1-1
2026-10-02 19:00:05,529 INFO o.a.j.e.StandardJMeterEngine: All Setup Threads have ended
2026-10-02 19:00:05,551 INFO o.a.j.e.StandardJMeterEngine: Starting ThreadGroup: 1 : S1
2026-10-02 19:00:05,551 INFO o.a.j.e.StandardJMeterEngine: Starting 2 threads for group S1.
2026-10-02 19:00:05,551 INFO o.a.j.e.StandardJMeterEngine: Thread will continue on error
2026-10-02 19:00:05,551 INFO o.a.j.t.ThreadGroup: Starting thread group... number=1 threads=2 ramp-up=1 delayedStart=false
2026-10-02 19:00:05,553 INFO o.a.j.t.JMeterThread: Thread started: S1 1-1
2026-10-02 19:00:05,554 INFO o.a.j.t.ThreadGroup: Started thread group number 1
2026-10-02 19:00:05,554 INFO o.a.j.e.StandardJMeterEngine: All thread groups have been started
2026-10-02 19:00:06,054 INFO o.a.j.t.JMeterThread: Thread started: S1 1-2
2026-10-02 19:00:30,004 INFO o.a.j.r.Summariser: summary +   6524 in 00:00:24 =  266.5/s Avg:     7 Min:     4 Max:    41 Err:     0 (0.00%) Active: 2 Started: 2 Finished: 0
2026-10-02 19:00:30,004 INFO o.a.j.r.Summariser: summary =   6525 in 00:00:25 =  259.5/s Avg:     7 Min:     4 Max:   205 Err:     0 (0.00%)
2026-10-02 19:01:00,001 INFO o.a.j.r.Summariser: summary +   8041 in 00:00:30 =  268.1/s Avg:     7 Min:     4 Max:    35 Err:     0 (0.00%) Active: 2 Started: 2 Finished: 0
2026-10-02 19:01:00,001 INFO o.a.j.r.Summariser: summary =  14566 in 00:00:55 =  264.1/s Avg:     7 Min:     4 Max:   205 Err:     0 (0.00%)
2026-10-02 19:01:05,551 INFO o.a.j.t.JMeterThread: Stopping because end time detected by thread: S1 1-1
2026-10-02 19:01:05,551 INFO o.a.j.t.JMeterThread: Thread finished: S1 1-1
2026-10-02 19:01:05,557 INFO o.a.j.t.JMeterThread: Stopping because end time detected by thread: S1 1-2
2026-10-02 19:01:05,557 INFO o.a.j.t.JMeterThread: Thread finished: S1 1-2
2026-10-02 19:01:05,558 INFO o.a.j.e.StandardJMeterEngine: Notifying test listeners of end of test
2026-10-02 19:01:05,560 INFO o.a.j.r.Summariser: summary +   1621 in 00:00:06 =  291.6/s Avg:     6 Min:     4 Max:    13 Err:     0 (0.00%) Active: 0 Started: 2 Finished: 2
2026-10-02 19:01:05,560 INFO o.a.j.r.Summariser: summary =  16187 in 00:01:01 =  266.7/s Avg:     7 Min:     4 Max:   205 Err:     0 (0.00%)
