2026-10-02 18:58:59,616 INFO o.a.j.u.JMeterUtils: Setting Locale to en_EN
2026-10-02 18:58:59,636 INFO o.a.j.JMeter: Loading user properties from: /opt/jmeter/bin/user.properties
2026-10-02 18:58:59,637 INFO o.a.j.JMeter: Loading system properties from: /opt/jmeter/bin/system.properties
2026-10-02 18:58:59,637 INFO o.a.j.JMeter: Loading additional properties from: /tests/run.properties
2026-10-02 18:58:59,637 INFO o.a.j.JMeter: Loading additional properties from: /tests/data/ranges.properties
2026-10-02 18:58:59,637 INFO o.a.j.JMeter: Setting JMeter property: host=laravel-nginx
2026-10-02 18:58:59,638 INFO o.a.j.JMeter: Setting JMeter property: port=80
2026-10-02 18:58:59,638 INFO o.a.j.JMeter: Setting JMeter property: rampup=1
2026-10-02 18:58:59,638 INFO o.a.j.JMeter: Setting JMeter property: endpoint=EP8
2026-10-02 18:58:59,638 INFO o.a.j.JMeter: Setting JMeter property: users=2
2026-10-02 18:58:59,638 INFO o.a.j.JMeter: Setting JMeter property: duration=60
2026-10-02 18:58:59,644 INFO o.a.j.JMeter: Copyright (c) 1998-2024 The Apache Software Foundation
2026-10-02 18:58:59,644 INFO o.a.j.JMeter: Version 5.6.3
2026-10-02 18:58:59,644 INFO o.a.j.JMeter: java.version=21.0.12.1
2026-10-02 18:58:59,644 INFO o.a.j.JMeter: java.vm.name=OpenJDK 64-Bit Server VM
2026-10-02 18:58:59,644 INFO o.a.j.JMeter: os.name=Linux
2026-10-02 18:58:59,645 INFO o.a.j.JMeter: os.arch=amd64
2026-10-02 18:58:59,645 INFO o.a.j.JMeter: os.version=6.6.87.2-microsoft-standard-WSL2
2026-10-02 18:58:59,645 INFO o.a.j.JMeter: file.encoding=UTF-8
2026-10-02 18:58:59,645 INFO o.a.j.JMeter: java.awt.headless=true
2026-10-02 18:58:59,645 INFO o.a.j.JMeter: Max memory     =4294967296
2026-10-02 18:58:59,645 INFO o.a.j.JMeter: Available Processors =12
2026-10-02 18:58:59,652 INFO o.a.j.JMeter: Default Locale=English (EN)
2026-10-02 18:58:59,652 INFO o.a.j.JMeter: JMeter  Locale=English (EN)
2026-10-02 18:58:59,652 INFO o.a.j.JMeter: JMeterHome=/opt/jmeter
2026-10-02 18:58:59,652 INFO o.a.j.JMeter: user.dir  =/tests
2026-10-02 18:58:59,653 INFO o.a.j.JMeter: PWD       =/tests
2026-10-02 18:58:59,653 INFO o.a.j.JMeter: IP: 172.19.0.5 Name: c097d3bf3bb3 FullName: c097d3bf3bb3
2026-10-02 18:58:59,663 INFO o.a.j.s.FileServer: Default base='/tests'
2026-10-02 18:58:59,664 INFO o.a.j.s.FileServer: Set new base='/tests'
2026-10-02 18:58:59,834 INFO o.a.j.s.SaveService: Testplan (JMX) version: 2.2. Testlog (JTL) version: 2.2
2026-10-02 18:58:59,857 INFO o.a.j.s.SaveService: Using SaveService properties version 5.0
2026-10-02 18:58:59,860 INFO o.a.j.s.SaveService: Using SaveService properties file encoding UTF-8
2026-10-02 18:58:59,864 INFO o.a.j.s.SaveService: Loading file: /tests/s1.jmx
2026-10-02 18:58:59,908 INFO o.a.j.p.h.s.HTTPSamplerBase: Parser for text/html is org.apache.jmeter.protocol.http.parser.LagartoBasedHtmlParser
2026-10-02 18:58:59,908 INFO o.a.j.p.h.s.HTTPSamplerBase: Parser for application/xhtml+xml is org.apache.jmeter.protocol.http.parser.LagartoBasedHtmlParser
2026-10-02 18:58:59,908 INFO o.a.j.p.h.s.HTTPSamplerBase: Parser for application/xml is org.apache.jmeter.protocol.http.parser.LagartoBasedHtmlParser
2026-10-02 18:58:59,908 INFO o.a.j.p.h.s.HTTPSamplerBase: Parser for text/xml is org.apache.jmeter.protocol.http.parser.LagartoBasedHtmlParser
2026-10-02 18:58:59,908 INFO o.a.j.p.h.s.HTTPSamplerBase: Parser for text/vnd.wap.wml is org.apache.jmeter.protocol.http.parser.RegexpHTMLParser
2026-10-02 18:58:59,908 INFO o.a.j.p.h.s.HTTPSamplerBase: Parser for text/css is org.apache.jmeter.protocol.http.parser.CssParser
2026-10-02 18:58:59,948 INFO o.a.j.JMeter: Creating summariser <summary>
2026-10-02 18:58:59,958 INFO o.a.j.e.StandardJMeterEngine: Running the test!
2026-10-02 18:58:59,959 INFO o.a.j.s.SampleEvent: List of sample_variables: []
2026-10-02 18:58:59,959 INFO o.a.j.s.SampleEvent: List of sample_variables: []
2026-10-02 18:58:59,962 INFO o.a.j.e.u.CompoundVariable: Note: Function class names must contain the string: '.functions.'
2026-10-02 18:58:59,962 INFO o.a.j.e.u.CompoundVariable: Note: Function class names must not contain the string: '.gui.'
2026-10-02 18:59:00,167 INFO o.a.j.JMeter: Running test (1790967540167)
2026-10-02 18:59:00,169 INFO o.a.j.e.StandardJMeterEngine: Starting setUp thread groups
2026-10-02 18:59:00,169 INFO o.a.j.e.StandardJMeterEngine: Starting setUp ThreadGroup: 1 : setUp - login 
2026-10-02 18:59:00,169 INFO o.a.j.e.StandardJMeterEngine: Starting 1 threads for group setUp - login.
2026-10-02 18:59:00,169 INFO o.a.j.e.StandardJMeterEngine: Test will stop abruptly on error
2026-10-02 18:59:00,169 INFO o.a.j.t.ThreadGroup: Starting thread group... number=1 threads=1 ramp-up=1 delayedStart=false
2026-10-02 18:59:00,172 INFO o.a.j.t.ThreadGroup: Started thread group number 1
2026-10-02 18:59:00,173 INFO o.a.j.e.StandardJMeterEngine: Waiting for all setup thread groups to exit
2026-10-02 18:59:00,174 INFO o.a.j.t.JMeterThread: Thread started: setUp - login 1-1
2026-10-02 18:59:00,185 INFO o.a.j.p.h.s.HTTPHCAbstractImpl: Local host = c097d3bf3bb3
2026-10-02 18:59:00,188 INFO o.a.j.p.h.s.HTTPHC4Impl: HTTP request retry count = 0
2026-10-02 18:59:00,189 INFO o.a.j.s.SampleResult: Note: Sample TimeStamps are START times
2026-10-02 18:59:00,190 INFO o.a.j.s.SampleResult: sampleresult.default.encoding is set to UTF-8
2026-10-02 18:59:00,190 INFO o.a.j.s.SampleResult: sampleresult.useNanoTime=true
2026-10-02 18:59:00,190 INFO o.a.j.s.SampleResult: sampleresult.nanoThreadSleep=5000
2026-10-02 18:59:00,944 INFO o.a.j.r.Summariser: summary +      1 in 00:00:01 =    1.3/s Avg:   297 Min:   297 Max:   297 Err:     0 (0.00%) Active: 1 Started: 1 Finished: 0
2026-10-02 18:59:00,945 INFO o.a.j.t.JMeterThread: Thread is done: setUp - login 1-1
2026-10-02 18:59:00,945 INFO o.a.j.t.JMeterThread: Thread finished: setUp - login 1-1
2026-10-02 18:59:00,946 INFO o.a.j.e.StandardJMeterEngine: All Setup Threads have ended
2026-10-02 18:59:00,969 INFO o.a.j.e.StandardJMeterEngine: Starting ThreadGroup: 1 : S1
2026-10-02 18:59:00,969 INFO o.a.j.e.StandardJMeterEngine: Starting 2 threads for group S1.
2026-10-02 18:59:00,969 INFO o.a.j.e.StandardJMeterEngine: Thread will continue on error
2026-10-02 18:59:00,969 INFO o.a.j.t.ThreadGroup: Starting thread group... number=1 threads=2 ramp-up=1 delayedStart=false
2026-10-02 18:59:00,972 INFO o.a.j.t.JMeterThread: Thread started: S1 1-1
2026-10-02 18:59:00,972 INFO o.a.j.t.ThreadGroup: Started thread group number 1
2026-10-02 18:59:00,972 INFO o.a.j.e.StandardJMeterEngine: All thread groups have been started
2026-10-02 18:59:01,471 INFO o.a.j.t.JMeterThread: Thread started: S1 1-2
2026-10-02 18:59:30,002 INFO o.a.j.r.Summariser: summary +   7196 in 00:00:29 =  247.6/s Avg:     7 Min:     4 Max:    42 Err:     0 (0.00%) Active: 2 Started: 2 Finished: 0
2026-10-02 18:59:30,003 INFO o.a.j.r.Summariser: summary =   7197 in 00:00:30 =  241.2/s Avg:     7 Min:     4 Max:   297 Err:     0 (0.00%)
2026-10-02 19:00:00,002 INFO o.a.j.r.Summariser: summary +   8592 in 00:00:30 =  286.4/s Avg:     6 Min:     4 Max:    30 Err:     0 (0.00%) Active: 2 Started: 2 Finished: 0
2026-10-02 19:00:00,002 INFO o.a.j.r.Summariser: summary =  15789 in 00:01:00 =  263.9/s Avg:     7 Min:     4 Max:   297 Err:     0 (0.00%)
2026-10-02 19:00:00,975 INFO o.a.j.t.JMeterThread: Stopping because end time detected by thread: S1 1-1
2026-10-02 19:00:00,975 INFO o.a.j.t.JMeterThread: Thread finished: S1 1-1
2026-10-02 19:00:00,976 INFO o.a.j.t.JMeterThread: Stopping because end time detected by thread: S1 1-2
2026-10-02 19:00:00,976 INFO o.a.j.t.JMeterThread: Thread finished: S1 1-2
2026-10-02 19:00:00,976 INFO o.a.j.e.StandardJMeterEngine: Notifying test listeners of end of test
2026-10-02 19:00:00,979 INFO o.a.j.r.Summariser: summary +    292 in 00:00:01 =  298.9/s Avg:     6 Min:     4 Max:    12 Err:     0 (0.00%) Active: 0 Started: 2 Finished: 2
2026-10-02 19:00:00,979 INFO o.a.j.r.Summariser: summary =  16081 in 00:01:01 =  264.4/s Avg:     7 Min:     4 Max:   297 Err:     0 (0.00%)
