2026-10-07 19:06:18,069 INFO o.a.j.u.JMeterUtils: Setting Locale to en_EN
2026-10-07 19:06:18,088 INFO o.a.j.JMeter: Loading user properties from: /opt/jmeter/bin/user.properties
2026-10-07 19:06:18,089 INFO o.a.j.JMeter: Loading system properties from: /opt/jmeter/bin/system.properties
2026-10-07 19:06:18,089 INFO o.a.j.JMeter: Loading additional properties from: /tests/run.properties
2026-10-07 19:06:18,089 INFO o.a.j.JMeter: Loading additional properties from: /tests/data/ranges.properties
2026-10-07 19:06:18,089 INFO o.a.j.JMeter: Setting JMeter property: host=laravel-nginx
2026-10-07 19:06:18,090 INFO o.a.j.JMeter: Setting JMeter property: port=80
2026-10-07 19:06:18,090 INFO o.a.j.JMeter: Setting JMeter property: rampup=10
2026-10-07 19:06:18,090 INFO o.a.j.JMeter: Setting JMeter property: endpoint=EP1
2026-10-07 19:06:18,090 INFO o.a.j.JMeter: Setting JMeter property: users=4
2026-10-07 19:06:18,090 INFO o.a.j.JMeter: Setting JMeter property: duration=60
2026-10-07 19:06:18,094 INFO o.a.j.JMeter: Copyright (c) 1998-2024 The Apache Software Foundation
2026-10-07 19:06:18,094 INFO o.a.j.JMeter: Version 5.6.3
2026-10-07 19:06:18,094 INFO o.a.j.JMeter: java.version=21.0.12.1
2026-10-07 19:06:18,094 INFO o.a.j.JMeter: java.vm.name=OpenJDK 64-Bit Server VM
2026-10-07 19:06:18,094 INFO o.a.j.JMeter: os.name=Linux
2026-10-07 19:06:18,094 INFO o.a.j.JMeter: os.arch=amd64
2026-10-07 19:06:18,094 INFO o.a.j.JMeter: os.version=6.6.87.2-microsoft-standard-WSL2
2026-10-07 19:06:18,094 INFO o.a.j.JMeter: file.encoding=UTF-8
2026-10-07 19:06:18,094 INFO o.a.j.JMeter: java.awt.headless=true
2026-10-07 19:06:18,095 INFO o.a.j.JMeter: Max memory     =4294967296
2026-10-07 19:06:18,095 INFO o.a.j.JMeter: Available Processors =12
2026-10-07 19:06:18,101 INFO o.a.j.JMeter: Default Locale=English (EN)
2026-10-07 19:06:18,101 INFO o.a.j.JMeter: JMeter  Locale=English (EN)
2026-10-07 19:06:18,101 INFO o.a.j.JMeter: JMeterHome=/opt/jmeter
2026-10-07 19:06:18,102 INFO o.a.j.JMeter: user.dir  =/tests
2026-10-07 19:06:18,102 INFO o.a.j.JMeter: PWD       =/tests
2026-10-07 19:06:18,102 INFO o.a.j.JMeter: IP: 172.19.0.5 Name: a1e51f2f930a FullName: a1e51f2f930a
2026-10-07 19:06:18,111 INFO o.a.j.s.FileServer: Default base='/tests'
2026-10-07 19:06:18,112 INFO o.a.j.s.FileServer: Set new base='/tests'
2026-10-07 19:06:18,256 INFO o.a.j.s.SaveService: Testplan (JMX) version: 2.2. Testlog (JTL) version: 2.2
2026-10-07 19:06:18,277 INFO o.a.j.s.SaveService: Using SaveService properties version 5.0
2026-10-07 19:06:18,279 INFO o.a.j.s.SaveService: Using SaveService properties file encoding UTF-8
2026-10-07 19:06:18,283 INFO o.a.j.s.SaveService: Loading file: /tests/s3.jmx
2026-10-07 19:06:18,325 INFO o.a.j.p.h.s.HTTPSamplerBase: Parser for text/html is org.apache.jmeter.protocol.http.parser.LagartoBasedHtmlParser
2026-10-07 19:06:18,325 INFO o.a.j.p.h.s.HTTPSamplerBase: Parser for application/xhtml+xml is org.apache.jmeter.protocol.http.parser.LagartoBasedHtmlParser
2026-10-07 19:06:18,325 INFO o.a.j.p.h.s.HTTPSamplerBase: Parser for application/xml is org.apache.jmeter.protocol.http.parser.LagartoBasedHtmlParser
2026-10-07 19:06:18,326 INFO o.a.j.p.h.s.HTTPSamplerBase: Parser for text/xml is org.apache.jmeter.protocol.http.parser.LagartoBasedHtmlParser
2026-10-07 19:06:18,326 INFO o.a.j.p.h.s.HTTPSamplerBase: Parser for text/vnd.wap.wml is org.apache.jmeter.protocol.http.parser.RegexpHTMLParser
2026-10-07 19:06:18,326 INFO o.a.j.p.h.s.HTTPSamplerBase: Parser for text/css is org.apache.jmeter.protocol.http.parser.CssParser
2026-10-07 19:06:18,362 INFO o.a.j.JMeter: Creating summariser <summary>
2026-10-07 19:06:18,375 INFO o.a.j.e.StandardJMeterEngine: Running the test!
2026-10-07 19:06:18,376 INFO o.a.j.s.SampleEvent: List of sample_variables: []
2026-10-07 19:06:18,376 INFO o.a.j.s.SampleEvent: List of sample_variables: []
2026-10-07 19:06:18,379 INFO o.a.j.e.u.CompoundVariable: Note: Function class names must contain the string: '.functions.'
2026-10-07 19:06:18,380 INFO o.a.j.e.u.CompoundVariable: Note: Function class names must not contain the string: '.gui.'
2026-10-07 19:06:18,584 INFO o.a.j.JMeter: Running test (1791399978584)
2026-10-07 19:06:18,585 INFO o.a.j.e.StandardJMeterEngine: Starting setUp thread groups
2026-10-07 19:06:18,586 INFO o.a.j.e.StandardJMeterEngine: Starting setUp ThreadGroup: 1 : setUp - login 
2026-10-07 19:06:18,586 INFO o.a.j.e.StandardJMeterEngine: Starting 1 threads for group setUp - login.
2026-10-07 19:06:18,586 INFO o.a.j.e.StandardJMeterEngine: Test will stop abruptly on error
2026-10-07 19:06:18,586 INFO o.a.j.t.ThreadGroup: Starting thread group... number=1 threads=1 ramp-up=1 delayedStart=false
2026-10-07 19:06:18,589 INFO o.a.j.t.ThreadGroup: Started thread group number 1
2026-10-07 19:06:18,589 INFO o.a.j.e.StandardJMeterEngine: Waiting for all setup thread groups to exit
2026-10-07 19:06:18,590 INFO o.a.j.t.JMeterThread: Thread started: setUp - login 1-1
2026-10-07 19:06:18,603 INFO o.a.j.p.h.s.HTTPHCAbstractImpl: Local host = a1e51f2f930a
2026-10-07 19:06:18,608 INFO o.a.j.p.h.s.HTTPHC4Impl: HTTP request retry count = 0
2026-10-07 19:06:18,609 INFO o.a.j.s.SampleResult: Note: Sample TimeStamps are START times
2026-10-07 19:06:18,610 INFO o.a.j.s.SampleResult: sampleresult.default.encoding is set to UTF-8
2026-10-07 19:06:18,610 INFO o.a.j.s.SampleResult: sampleresult.useNanoTime=true
2026-10-07 19:06:18,610 INFO o.a.j.s.SampleResult: sampleresult.nanoThreadSleep=5000
2026-10-07 19:06:19,364 INFO o.a.j.t.JMeterThread: Thread is done: setUp - login 1-1
2026-10-07 19:06:19,364 INFO o.a.j.t.JMeterThread: Thread finished: setUp - login 1-1
2026-10-07 19:06:19,365 INFO o.a.j.e.StandardJMeterEngine: All Setup Threads have ended
2026-10-07 19:06:19,387 INFO o.a.j.e.StandardJMeterEngine: Starting ThreadGroup: 1 : S3
2026-10-07 19:06:19,387 INFO o.a.j.e.StandardJMeterEngine: Starting 4 threads for group S3.
2026-10-07 19:06:19,388 INFO o.a.j.e.StandardJMeterEngine: Thread will continue on error
2026-10-07 19:06:19,388 INFO o.a.j.t.ThreadGroup: Starting thread group... number=1 threads=4 ramp-up=10 delayedStart=false
2026-10-07 19:06:19,390 INFO o.a.j.t.JMeterThread: Thread started: S3 1-1
2026-10-07 19:06:19,392 INFO o.a.j.t.ThreadGroup: Started thread group number 1
2026-10-07 19:06:19,392 INFO o.a.j.e.StandardJMeterEngine: All thread groups have been started
2026-10-07 19:06:21,890 INFO o.a.j.t.JMeterThread: Thread started: S3 1-2
2026-10-07 19:06:24,390 INFO o.a.j.t.JMeterThread: Thread started: S3 1-3
2026-10-07 19:06:26,890 INFO o.a.j.t.JMeterThread: Thread started: S3 1-4
2026-10-07 19:06:30,005 INFO o.a.j.r.Summariser: summary +   3881 in 00:00:11 =  339.8/s Avg:     6 Min:     5 Max:   293 Err:     0 (0.00%) Active: 4 Started: 4 Finished: 0
2026-10-07 19:07:00,003 INFO o.a.j.r.Summariser: summary +  17574 in 00:00:30 =  585.8/s Avg:     6 Min:     5 Max:    19 Err:     0 (0.00%) Active: 4 Started: 4 Finished: 0
2026-10-07 19:07:00,004 INFO o.a.j.r.Summariser: summary =  21455 in 00:00:41 =  518.0/s Avg:     6 Min:     5 Max:   293 Err:     0 (0.00%)
2026-10-07 19:07:19,389 INFO o.a.j.t.JMeterThread: Stopping because end time detected by thread: S3 1-1
2026-10-07 19:07:19,389 INFO o.a.j.t.JMeterThread: Thread finished: S3 1-1
2026-10-07 19:07:19,390 INFO o.a.j.t.JMeterThread: Stopping because end time detected by thread: S3 1-2
2026-10-07 19:07:19,390 INFO o.a.j.t.JMeterThread: Thread finished: S3 1-2
2026-10-07 19:07:19,395 INFO o.a.j.t.JMeterThread: Stopping because end time detected by thread: S3 1-4
2026-10-07 19:07:19,395 INFO o.a.j.t.JMeterThread: Stopping because end time detected by thread: S3 1-3
2026-10-07 19:07:19,395 INFO o.a.j.t.JMeterThread: Thread finished: S3 1-4
2026-10-07 19:07:19,395 INFO o.a.j.t.JMeterThread: Thread finished: S3 1-3
2026-10-07 19:07:19,395 INFO o.a.j.e.StandardJMeterEngine: Notifying test listeners of end of test
2026-10-07 19:07:19,397 INFO o.a.j.r.Summariser: summary +  11266 in 00:00:19 =  580.9/s Avg:     6 Min:     5 Max:    32 Err:     0 (0.00%) Active: 0 Started: 4 Finished: 4
2026-10-07 19:07:19,398 INFO o.a.j.r.Summariser: summary =  32721 in 00:01:01 =  538.1/s Avg:     6 Min:     5 Max:   293 Err:     0 (0.00%)
