2026-10-02 22:16:43,483 INFO o.a.j.u.JMeterUtils: Setting Locale to en_EN
2026-10-02 22:16:43,504 INFO o.a.j.JMeter: Loading user properties from: /opt/jmeter/bin/user.properties
2026-10-02 22:16:43,504 INFO o.a.j.JMeter: Loading system properties from: /opt/jmeter/bin/system.properties
2026-10-02 22:16:43,504 INFO o.a.j.JMeter: Loading additional properties from: /tests/run.properties
2026-10-02 22:16:43,504 INFO o.a.j.JMeter: Loading additional properties from: /tests/data/ranges.properties
2026-10-02 22:16:43,505 INFO o.a.j.JMeter: Setting JMeter property: host=laravel-nginx
2026-10-02 22:16:43,505 INFO o.a.j.JMeter: Setting JMeter property: port=80
2026-10-02 22:16:43,505 INFO o.a.j.JMeter: Setting JMeter property: rampup=1
2026-10-02 22:16:43,505 INFO o.a.j.JMeter: Setting JMeter property: endpoint=EP4
2026-10-02 22:16:43,505 INFO o.a.j.JMeter: Setting JMeter property: users=2
2026-10-02 22:16:43,505 INFO o.a.j.JMeter: Setting JMeter property: duration=60
2026-10-02 22:16:43,510 INFO o.a.j.JMeter: Copyright (c) 1998-2024 The Apache Software Foundation
2026-10-02 22:16:43,510 INFO o.a.j.JMeter: Version 5.6.3
2026-10-02 22:16:43,511 INFO o.a.j.JMeter: java.version=21.0.12.1
2026-10-02 22:16:43,511 INFO o.a.j.JMeter: java.vm.name=OpenJDK 64-Bit Server VM
2026-10-02 22:16:43,511 INFO o.a.j.JMeter: os.name=Linux
2026-10-02 22:16:43,511 INFO o.a.j.JMeter: os.arch=amd64
2026-10-02 22:16:43,511 INFO o.a.j.JMeter: os.version=6.6.87.2-microsoft-standard-WSL2
2026-10-02 22:16:43,511 INFO o.a.j.JMeter: file.encoding=UTF-8
2026-10-02 22:16:43,511 INFO o.a.j.JMeter: java.awt.headless=true
2026-10-02 22:16:43,511 INFO o.a.j.JMeter: Max memory     =4294967296
2026-10-02 22:16:43,511 INFO o.a.j.JMeter: Available Processors =12
2026-10-02 22:16:43,519 INFO o.a.j.JMeter: Default Locale=English (EN)
2026-10-02 22:16:43,520 INFO o.a.j.JMeter: JMeter  Locale=English (EN)
2026-10-02 22:16:43,520 INFO o.a.j.JMeter: JMeterHome=/opt/jmeter
2026-10-02 22:16:43,520 INFO o.a.j.JMeter: user.dir  =/tests
2026-10-02 22:16:43,520 INFO o.a.j.JMeter: PWD       =/tests
2026-10-02 22:16:43,520 INFO o.a.j.JMeter: IP: 172.19.0.5 Name: 53bc4e38ef00 FullName: 53bc4e38ef00
2026-10-02 22:16:43,530 INFO o.a.j.s.FileServer: Default base='/tests'
2026-10-02 22:16:43,532 INFO o.a.j.s.FileServer: Set new base='/tests'
2026-10-02 22:16:43,696 INFO o.a.j.s.SaveService: Testplan (JMX) version: 2.2. Testlog (JTL) version: 2.2
2026-10-02 22:16:43,718 INFO o.a.j.s.SaveService: Using SaveService properties version 5.0
2026-10-02 22:16:43,720 INFO o.a.j.s.SaveService: Using SaveService properties file encoding UTF-8
2026-10-02 22:16:43,723 INFO o.a.j.s.SaveService: Loading file: /tests/s3.jmx
2026-10-02 22:16:43,763 INFO o.a.j.p.h.s.HTTPSamplerBase: Parser for text/html is org.apache.jmeter.protocol.http.parser.LagartoBasedHtmlParser
2026-10-02 22:16:43,764 INFO o.a.j.p.h.s.HTTPSamplerBase: Parser for application/xhtml+xml is org.apache.jmeter.protocol.http.parser.LagartoBasedHtmlParser
2026-10-02 22:16:43,764 INFO o.a.j.p.h.s.HTTPSamplerBase: Parser for application/xml is org.apache.jmeter.protocol.http.parser.LagartoBasedHtmlParser
2026-10-02 22:16:43,764 INFO o.a.j.p.h.s.HTTPSamplerBase: Parser for text/xml is org.apache.jmeter.protocol.http.parser.LagartoBasedHtmlParser
2026-10-02 22:16:43,764 INFO o.a.j.p.h.s.HTTPSamplerBase: Parser for text/vnd.wap.wml is org.apache.jmeter.protocol.http.parser.RegexpHTMLParser
2026-10-02 22:16:43,764 INFO o.a.j.p.h.s.HTTPSamplerBase: Parser for text/css is org.apache.jmeter.protocol.http.parser.CssParser
2026-10-02 22:16:43,803 INFO o.a.j.JMeter: Creating summariser <summary>
2026-10-02 22:16:43,813 INFO o.a.j.e.StandardJMeterEngine: Running the test!
2026-10-02 22:16:43,814 INFO o.a.j.s.SampleEvent: List of sample_variables: []
2026-10-02 22:16:43,814 INFO o.a.j.s.SampleEvent: List of sample_variables: []
2026-10-02 22:16:43,817 INFO o.a.j.e.u.CompoundVariable: Note: Function class names must contain the string: '.functions.'
2026-10-02 22:16:43,818 INFO o.a.j.e.u.CompoundVariable: Note: Function class names must not contain the string: '.gui.'
2026-10-02 22:16:44,044 INFO o.a.j.JMeter: Running test (1790979404044)
2026-10-02 22:16:44,046 INFO o.a.j.e.StandardJMeterEngine: Starting setUp thread groups
2026-10-02 22:16:44,046 INFO o.a.j.e.StandardJMeterEngine: Starting setUp ThreadGroup: 1 : setUp - login 
2026-10-02 22:16:44,047 INFO o.a.j.e.StandardJMeterEngine: Starting 1 threads for group setUp - login.
2026-10-02 22:16:44,047 INFO o.a.j.e.StandardJMeterEngine: Test will stop abruptly on error
2026-10-02 22:16:44,047 INFO o.a.j.t.ThreadGroup: Starting thread group... number=1 threads=1 ramp-up=1 delayedStart=false
2026-10-02 22:16:44,050 INFO o.a.j.t.ThreadGroup: Started thread group number 1
2026-10-02 22:16:44,050 INFO o.a.j.e.StandardJMeterEngine: Waiting for all setup thread groups to exit
2026-10-02 22:16:44,051 INFO o.a.j.t.JMeterThread: Thread started: setUp - login 1-1
2026-10-02 22:16:44,065 INFO o.a.j.p.h.s.HTTPHCAbstractImpl: Local host = 53bc4e38ef00
2026-10-02 22:16:44,071 INFO o.a.j.p.h.s.HTTPHC4Impl: HTTP request retry count = 0
2026-10-02 22:16:44,072 INFO o.a.j.s.SampleResult: Note: Sample TimeStamps are START times
2026-10-02 22:16:44,072 INFO o.a.j.s.SampleResult: sampleresult.default.encoding is set to UTF-8
2026-10-02 22:16:44,073 INFO o.a.j.s.SampleResult: sampleresult.useNanoTime=true
2026-10-02 22:16:44,073 INFO o.a.j.s.SampleResult: sampleresult.nanoThreadSleep=5000
2026-10-02 22:16:44,925 INFO o.a.j.t.JMeterThread: Thread is done: setUp - login 1-1
2026-10-02 22:16:44,925 INFO o.a.j.t.JMeterThread: Thread finished: setUp - login 1-1
2026-10-02 22:16:44,926 INFO o.a.j.e.StandardJMeterEngine: All Setup Threads have ended
2026-10-02 22:16:44,950 INFO o.a.j.e.StandardJMeterEngine: Starting ThreadGroup: 1 : S3
2026-10-02 22:16:44,951 INFO o.a.j.e.StandardJMeterEngine: Starting 2 threads for group S3.
2026-10-02 22:16:44,951 INFO o.a.j.e.StandardJMeterEngine: Thread will continue on error
2026-10-02 22:16:44,951 INFO o.a.j.t.ThreadGroup: Starting thread group... number=1 threads=2 ramp-up=1 delayedStart=false
2026-10-02 22:16:44,954 INFO o.a.j.t.JMeterThread: Thread started: S3 1-1
2026-10-02 22:16:44,954 INFO o.a.j.t.ThreadGroup: Started thread group number 1
2026-10-02 22:16:44,954 INFO o.a.j.e.StandardJMeterEngine: All thread groups have been started
2026-10-02 22:16:45,453 INFO o.a.j.t.JMeterThread: Thread started: S3 1-2
2026-10-02 22:17:00,009 INFO o.a.j.r.Summariser: summary +   2553 in 00:00:16 =  159.9/s Avg:    10 Min:     8 Max:   320 Err:     0 (0.00%) Active: 2 Started: 2 Finished: 0
2026-10-02 22:17:30,009 INFO o.a.j.r.Summariser: summary +   5375 in 00:00:30 =  179.2/s Avg:    10 Min:     8 Max:    33 Err:     0 (0.00%) Active: 2 Started: 2 Finished: 0
2026-10-02 22:17:30,009 INFO o.a.j.r.Summariser: summary =   7928 in 00:00:46 =  172.5/s Avg:    10 Min:     8 Max:   320 Err:     0 (0.00%)
2026-10-02 22:17:44,961 INFO o.a.j.t.JMeterThread: Stopping because end time detected by thread: S3 1-2
2026-10-02 22:17:44,961 INFO o.a.j.t.JMeterThread: Thread finished: S3 1-2
2026-10-02 22:17:44,961 INFO o.a.j.t.JMeterThread: Stopping because end time detected by thread: S3 1-1
2026-10-02 22:17:44,961 INFO o.a.j.t.JMeterThread: Thread finished: S3 1-1
2026-10-02 22:17:44,961 INFO o.a.j.e.StandardJMeterEngine: Notifying test listeners of end of test
2026-10-02 22:17:44,963 INFO o.a.j.r.Summariser: summary +   3009 in 00:00:15 =  201.2/s Avg:     9 Min:     7 Max:    20 Err:     0 (0.00%) Active: 0 Started: 2 Finished: 2
2026-10-02 22:17:44,964 INFO o.a.j.r.Summariser: summary =  10937 in 00:01:01 =  179.5/s Avg:    10 Min:     7 Max:   320 Err:     0 (0.00%)
