2026-10-05 20:03:17,579 INFO o.a.j.u.JMeterUtils: Setting Locale to en_EN
2026-10-05 20:03:17,597 INFO o.a.j.JMeter: Loading user properties from: /opt/jmeter/bin/user.properties
2026-10-05 20:03:17,597 INFO o.a.j.JMeter: Loading system properties from: /opt/jmeter/bin/system.properties
2026-10-05 20:03:17,597 INFO o.a.j.JMeter: Loading additional properties from: /tests/run.properties
2026-10-05 20:03:17,598 INFO o.a.j.JMeter: Loading additional properties from: /tests/data/ranges.properties
2026-10-05 20:03:17,598 INFO o.a.j.JMeter: Setting JMeter property: host=laravel-nginx
2026-10-05 20:03:17,598 INFO o.a.j.JMeter: Setting JMeter property: port=80
2026-10-05 20:03:17,598 INFO o.a.j.JMeter: Setting JMeter property: rampup=1
2026-10-05 20:03:17,598 INFO o.a.j.JMeter: Setting JMeter property: endpoint=EP2
2026-10-05 20:03:17,598 INFO o.a.j.JMeter: Setting JMeter property: users=4
2026-10-05 20:03:17,598 INFO o.a.j.JMeter: Setting JMeter property: duration=60
2026-10-05 20:03:17,603 INFO o.a.j.JMeter: Copyright (c) 1998-2024 The Apache Software Foundation
2026-10-05 20:03:17,603 INFO o.a.j.JMeter: Version 5.6.3
2026-10-05 20:03:17,604 INFO o.a.j.JMeter: java.version=21.0.12.1
2026-10-05 20:03:17,604 INFO o.a.j.JMeter: java.vm.name=OpenJDK 64-Bit Server VM
2026-10-05 20:03:17,604 INFO o.a.j.JMeter: os.name=Linux
2026-10-05 20:03:17,604 INFO o.a.j.JMeter: os.arch=amd64
2026-10-05 20:03:17,604 INFO o.a.j.JMeter: os.version=6.6.87.2-microsoft-standard-WSL2
2026-10-05 20:03:17,604 INFO o.a.j.JMeter: file.encoding=UTF-8
2026-10-05 20:03:17,604 INFO o.a.j.JMeter: java.awt.headless=true
2026-10-05 20:03:17,604 INFO o.a.j.JMeter: Max memory     =4294967296
2026-10-05 20:03:17,604 INFO o.a.j.JMeter: Available Processors =12
2026-10-05 20:03:17,613 INFO o.a.j.JMeter: Default Locale=English (EN)
2026-10-05 20:03:17,613 INFO o.a.j.JMeter: JMeter  Locale=English (EN)
2026-10-05 20:03:17,613 INFO o.a.j.JMeter: JMeterHome=/opt/jmeter
2026-10-05 20:03:17,613 INFO o.a.j.JMeter: user.dir  =/tests
2026-10-05 20:03:17,614 INFO o.a.j.JMeter: PWD       =/tests
2026-10-05 20:03:17,614 INFO o.a.j.JMeter: IP: 172.19.0.5 Name: 292981eb7ef2 FullName: 292981eb7ef2
2026-10-05 20:03:17,626 INFO o.a.j.s.FileServer: Default base='/tests'
2026-10-05 20:03:17,627 INFO o.a.j.s.FileServer: Set new base='/tests'
2026-10-05 20:03:17,763 INFO o.a.j.s.SaveService: Testplan (JMX) version: 2.2. Testlog (JTL) version: 2.2
2026-10-05 20:03:17,785 INFO o.a.j.s.SaveService: Using SaveService properties version 5.0
2026-10-05 20:03:17,787 INFO o.a.j.s.SaveService: Using SaveService properties file encoding UTF-8
2026-10-05 20:03:17,791 INFO o.a.j.s.SaveService: Loading file: /tests/s1.jmx
2026-10-05 20:03:17,830 INFO o.a.j.p.h.s.HTTPSamplerBase: Parser for text/html is org.apache.jmeter.protocol.http.parser.LagartoBasedHtmlParser
2026-10-05 20:03:17,830 INFO o.a.j.p.h.s.HTTPSamplerBase: Parser for application/xhtml+xml is org.apache.jmeter.protocol.http.parser.LagartoBasedHtmlParser
2026-10-05 20:03:17,830 INFO o.a.j.p.h.s.HTTPSamplerBase: Parser for application/xml is org.apache.jmeter.protocol.http.parser.LagartoBasedHtmlParser
2026-10-05 20:03:17,830 INFO o.a.j.p.h.s.HTTPSamplerBase: Parser for text/xml is org.apache.jmeter.protocol.http.parser.LagartoBasedHtmlParser
2026-10-05 20:03:17,830 INFO o.a.j.p.h.s.HTTPSamplerBase: Parser for text/vnd.wap.wml is org.apache.jmeter.protocol.http.parser.RegexpHTMLParser
2026-10-05 20:03:17,830 INFO o.a.j.p.h.s.HTTPSamplerBase: Parser for text/css is org.apache.jmeter.protocol.http.parser.CssParser
2026-10-05 20:03:17,864 INFO o.a.j.JMeter: Creating summariser <summary>
2026-10-05 20:03:17,877 INFO o.a.j.e.StandardJMeterEngine: Running the test!
2026-10-05 20:03:17,877 INFO o.a.j.s.SampleEvent: List of sample_variables: []
2026-10-05 20:03:17,877 INFO o.a.j.s.SampleEvent: List of sample_variables: []
2026-10-05 20:03:17,880 INFO o.a.j.e.u.CompoundVariable: Note: Function class names must contain the string: '.functions.'
2026-10-05 20:03:17,880 INFO o.a.j.e.u.CompoundVariable: Note: Function class names must not contain the string: '.gui.'
2026-10-05 20:03:18,064 INFO o.a.j.JMeter: Running test (1791230598064)
2026-10-05 20:03:18,065 INFO o.a.j.e.StandardJMeterEngine: Starting setUp thread groups
2026-10-05 20:03:18,065 INFO o.a.j.e.StandardJMeterEngine: Starting setUp ThreadGroup: 1 : setUp - login 
2026-10-05 20:03:18,065 INFO o.a.j.e.StandardJMeterEngine: Starting 1 threads for group setUp - login.
2026-10-05 20:03:18,066 INFO o.a.j.e.StandardJMeterEngine: Test will stop abruptly on error
2026-10-05 20:03:18,066 INFO o.a.j.t.ThreadGroup: Starting thread group... number=1 threads=1 ramp-up=1 delayedStart=false
2026-10-05 20:03:18,068 INFO o.a.j.t.ThreadGroup: Started thread group number 1
2026-10-05 20:03:18,068 INFO o.a.j.e.StandardJMeterEngine: Waiting for all setup thread groups to exit
2026-10-05 20:03:18,069 INFO o.a.j.t.JMeterThread: Thread started: setUp - login 1-1
2026-10-05 20:03:18,079 INFO o.a.j.p.h.s.HTTPHCAbstractImpl: Local host = 292981eb7ef2
2026-10-05 20:03:18,083 INFO o.a.j.p.h.s.HTTPHC4Impl: HTTP request retry count = 0
2026-10-05 20:03:18,083 INFO o.a.j.s.SampleResult: Note: Sample TimeStamps are START times
2026-10-05 20:03:18,084 INFO o.a.j.s.SampleResult: sampleresult.default.encoding is set to UTF-8
2026-10-05 20:03:18,084 INFO o.a.j.s.SampleResult: sampleresult.useNanoTime=true
2026-10-05 20:03:18,084 INFO o.a.j.s.SampleResult: sampleresult.nanoThreadSleep=5000
2026-10-05 20:03:18,675 INFO o.a.j.t.JMeterThread: Thread is done: setUp - login 1-1
2026-10-05 20:03:18,675 INFO o.a.j.t.JMeterThread: Thread finished: setUp - login 1-1
2026-10-05 20:03:18,676 INFO o.a.j.e.StandardJMeterEngine: All Setup Threads have ended
2026-10-05 20:03:18,696 INFO o.a.j.e.StandardJMeterEngine: Starting ThreadGroup: 1 : S1
2026-10-05 20:03:18,697 INFO o.a.j.e.StandardJMeterEngine: Starting 4 threads for group S1.
2026-10-05 20:03:18,697 INFO o.a.j.e.StandardJMeterEngine: Thread will continue on error
2026-10-05 20:03:18,697 INFO o.a.j.t.ThreadGroup: Starting thread group... number=1 threads=4 ramp-up=1 delayedStart=false
2026-10-05 20:03:18,699 INFO o.a.j.t.JMeterThread: Thread started: S1 1-1
2026-10-05 20:03:18,701 INFO o.a.j.t.ThreadGroup: Started thread group number 1
2026-10-05 20:03:18,702 INFO o.a.j.e.StandardJMeterEngine: All thread groups have been started
2026-10-05 20:03:18,949 INFO o.a.j.t.JMeterThread: Thread started: S1 1-2
2026-10-05 20:03:19,198 INFO o.a.j.t.JMeterThread: Thread started: S1 1-3
2026-10-05 20:03:19,448 INFO o.a.j.t.JMeterThread: Thread started: S1 1-4
2026-10-05 20:03:30,001 INFO o.a.j.r.Summariser: summary +   5559 in 00:00:12 =  465.7/s Avg:     7 Min:     5 Max:   203 Err:     0 (0.00%) Active: 4 Started: 4 Finished: 0
2026-10-05 20:04:00,003 INFO o.a.j.r.Summariser: summary +  15600 in 00:00:30 =  520.0/s Avg:     7 Min:     5 Max:    13 Err:     0 (0.00%) Active: 4 Started: 4 Finished: 0
2026-10-05 20:04:00,003 INFO o.a.j.r.Summariser: summary =  21159 in 00:00:42 =  504.5/s Avg:     7 Min:     5 Max:   203 Err:     0 (0.00%)
2026-10-05 20:04:18,697 INFO o.a.j.t.JMeterThread: Stopping because end time detected by thread: S1 1-1
2026-10-05 20:04:18,697 INFO o.a.j.t.JMeterThread: Thread finished: S1 1-1
2026-10-05 20:04:18,700 INFO o.a.j.t.JMeterThread: Stopping because end time detected by thread: S1 1-3
2026-10-05 20:04:18,700 INFO o.a.j.t.JMeterThread: Thread finished: S1 1-3
2026-10-05 20:04:18,702 INFO o.a.j.t.JMeterThread: Stopping because end time detected by thread: S1 1-2
2026-10-05 20:04:18,702 INFO o.a.j.t.JMeterThread: Thread finished: S1 1-2
2026-10-05 20:04:18,707 INFO o.a.j.t.JMeterThread: Stopping because end time detected by thread: S1 1-4
2026-10-05 20:04:18,707 INFO o.a.j.t.JMeterThread: Thread finished: S1 1-4
2026-10-05 20:04:18,707 INFO o.a.j.e.StandardJMeterEngine: Notifying test listeners of end of test
2026-10-05 20:04:18,710 INFO o.a.j.r.Summariser: summary +   9768 in 00:00:19 =  522.2/s Avg:     7 Min:     5 Max:    17 Err:     0 (0.00%) Active: 0 Started: 4 Finished: 4
2026-10-05 20:04:18,710 INFO o.a.j.r.Summariser: summary =  30927 in 00:01:01 =  510.0/s Avg:     7 Min:     5 Max:   203 Err:     0 (0.00%)
