2026-10-05 20:02:12,881 INFO o.a.j.u.JMeterUtils: Setting Locale to en_EN
2026-10-05 20:02:12,905 INFO o.a.j.JMeter: Loading user properties from: /opt/jmeter/bin/user.properties
2026-10-05 20:02:12,905 INFO o.a.j.JMeter: Loading system properties from: /opt/jmeter/bin/system.properties
2026-10-05 20:02:12,905 INFO o.a.j.JMeter: Loading additional properties from: /tests/run.properties
2026-10-05 20:02:12,906 INFO o.a.j.JMeter: Loading additional properties from: /tests/data/ranges.properties
2026-10-05 20:02:12,906 INFO o.a.j.JMeter: Setting JMeter property: host=laravel-nginx
2026-10-05 20:02:12,906 INFO o.a.j.JMeter: Setting JMeter property: port=80
2026-10-05 20:02:12,906 INFO o.a.j.JMeter: Setting JMeter property: rampup=1
2026-10-05 20:02:12,906 INFO o.a.j.JMeter: Setting JMeter property: endpoint=EP2
2026-10-05 20:02:12,906 INFO o.a.j.JMeter: Setting JMeter property: users=4
2026-10-05 20:02:12,907 INFO o.a.j.JMeter: Setting JMeter property: duration=60
2026-10-05 20:02:12,911 INFO o.a.j.JMeter: Copyright (c) 1998-2024 The Apache Software Foundation
2026-10-05 20:02:12,911 INFO o.a.j.JMeter: Version 5.6.3
2026-10-05 20:02:12,911 INFO o.a.j.JMeter: java.version=21.0.12.1
2026-10-05 20:02:12,911 INFO o.a.j.JMeter: java.vm.name=OpenJDK 64-Bit Server VM
2026-10-05 20:02:12,911 INFO o.a.j.JMeter: os.name=Linux
2026-10-05 20:02:12,911 INFO o.a.j.JMeter: os.arch=amd64
2026-10-05 20:02:12,911 INFO o.a.j.JMeter: os.version=6.6.87.2-microsoft-standard-WSL2
2026-10-05 20:02:12,911 INFO o.a.j.JMeter: file.encoding=UTF-8
2026-10-05 20:02:12,911 INFO o.a.j.JMeter: java.awt.headless=true
2026-10-05 20:02:12,911 INFO o.a.j.JMeter: Max memory     =4294967296
2026-10-05 20:02:12,912 INFO o.a.j.JMeter: Available Processors =12
2026-10-05 20:02:12,918 INFO o.a.j.JMeter: Default Locale=English (EN)
2026-10-05 20:02:12,918 INFO o.a.j.JMeter: JMeter  Locale=English (EN)
2026-10-05 20:02:12,918 INFO o.a.j.JMeter: JMeterHome=/opt/jmeter
2026-10-05 20:02:12,918 INFO o.a.j.JMeter: user.dir  =/tests
2026-10-05 20:02:12,918 INFO o.a.j.JMeter: PWD       =/tests
2026-10-05 20:02:12,919 INFO o.a.j.JMeter: IP: 172.19.0.5 Name: 74e220ad4e6c FullName: 74e220ad4e6c
2026-10-05 20:02:12,927 INFO o.a.j.s.FileServer: Default base='/tests'
2026-10-05 20:02:12,928 INFO o.a.j.s.FileServer: Set new base='/tests'
2026-10-05 20:02:13,090 INFO o.a.j.s.SaveService: Testplan (JMX) version: 2.2. Testlog (JTL) version: 2.2
2026-10-05 20:02:13,110 INFO o.a.j.s.SaveService: Using SaveService properties version 5.0
2026-10-05 20:02:13,113 INFO o.a.j.s.SaveService: Using SaveService properties file encoding UTF-8
2026-10-05 20:02:13,116 INFO o.a.j.s.SaveService: Loading file: /tests/s1.jmx
2026-10-05 20:02:13,157 INFO o.a.j.p.h.s.HTTPSamplerBase: Parser for text/html is org.apache.jmeter.protocol.http.parser.LagartoBasedHtmlParser
2026-10-05 20:02:13,157 INFO o.a.j.p.h.s.HTTPSamplerBase: Parser for application/xhtml+xml is org.apache.jmeter.protocol.http.parser.LagartoBasedHtmlParser
2026-10-05 20:02:13,157 INFO o.a.j.p.h.s.HTTPSamplerBase: Parser for application/xml is org.apache.jmeter.protocol.http.parser.LagartoBasedHtmlParser
2026-10-05 20:02:13,157 INFO o.a.j.p.h.s.HTTPSamplerBase: Parser for text/xml is org.apache.jmeter.protocol.http.parser.LagartoBasedHtmlParser
2026-10-05 20:02:13,157 INFO o.a.j.p.h.s.HTTPSamplerBase: Parser for text/vnd.wap.wml is org.apache.jmeter.protocol.http.parser.RegexpHTMLParser
2026-10-05 20:02:13,157 INFO o.a.j.p.h.s.HTTPSamplerBase: Parser for text/css is org.apache.jmeter.protocol.http.parser.CssParser
2026-10-05 20:02:13,193 INFO o.a.j.JMeter: Creating summariser <summary>
2026-10-05 20:02:13,205 INFO o.a.j.e.StandardJMeterEngine: Running the test!
2026-10-05 20:02:13,206 INFO o.a.j.s.SampleEvent: List of sample_variables: []
2026-10-05 20:02:13,206 INFO o.a.j.s.SampleEvent: List of sample_variables: []
2026-10-05 20:02:13,209 INFO o.a.j.e.u.CompoundVariable: Note: Function class names must contain the string: '.functions.'
2026-10-05 20:02:13,209 INFO o.a.j.e.u.CompoundVariable: Note: Function class names must not contain the string: '.gui.'
2026-10-05 20:02:13,406 INFO o.a.j.JMeter: Running test (1791230533406)
2026-10-05 20:02:13,408 INFO o.a.j.e.StandardJMeterEngine: Starting setUp thread groups
2026-10-05 20:02:13,408 INFO o.a.j.e.StandardJMeterEngine: Starting setUp ThreadGroup: 1 : setUp - login 
2026-10-05 20:02:13,408 INFO o.a.j.e.StandardJMeterEngine: Starting 1 threads for group setUp - login.
2026-10-05 20:02:13,408 INFO o.a.j.e.StandardJMeterEngine: Test will stop abruptly on error
2026-10-05 20:02:13,408 INFO o.a.j.t.ThreadGroup: Starting thread group... number=1 threads=1 ramp-up=1 delayedStart=false
2026-10-05 20:02:13,410 INFO o.a.j.t.ThreadGroup: Started thread group number 1
2026-10-05 20:02:13,411 INFO o.a.j.e.StandardJMeterEngine: Waiting for all setup thread groups to exit
2026-10-05 20:02:13,412 INFO o.a.j.t.JMeterThread: Thread started: setUp - login 1-1
2026-10-05 20:02:13,422 INFO o.a.j.p.h.s.HTTPHCAbstractImpl: Local host = 74e220ad4e6c
2026-10-05 20:02:13,426 INFO o.a.j.p.h.s.HTTPHC4Impl: HTTP request retry count = 0
2026-10-05 20:02:13,427 INFO o.a.j.s.SampleResult: Note: Sample TimeStamps are START times
2026-10-05 20:02:13,427 INFO o.a.j.s.SampleResult: sampleresult.default.encoding is set to UTF-8
2026-10-05 20:02:13,427 INFO o.a.j.s.SampleResult: sampleresult.useNanoTime=true
2026-10-05 20:02:13,427 INFO o.a.j.s.SampleResult: sampleresult.nanoThreadSleep=5000
2026-10-05 20:02:14,137 INFO o.a.j.t.JMeterThread: Thread is done: setUp - login 1-1
2026-10-05 20:02:14,137 INFO o.a.j.t.JMeterThread: Thread finished: setUp - login 1-1
2026-10-05 20:02:14,138 INFO o.a.j.e.StandardJMeterEngine: All Setup Threads have ended
2026-10-05 20:02:14,159 INFO o.a.j.e.StandardJMeterEngine: Starting ThreadGroup: 1 : S1
2026-10-05 20:02:14,160 INFO o.a.j.e.StandardJMeterEngine: Starting 4 threads for group S1.
2026-10-05 20:02:14,160 INFO o.a.j.e.StandardJMeterEngine: Thread will continue on error
2026-10-05 20:02:14,160 INFO o.a.j.t.ThreadGroup: Starting thread group... number=1 threads=4 ramp-up=1 delayedStart=false
2026-10-05 20:02:14,162 INFO o.a.j.t.JMeterThread: Thread started: S1 1-1
2026-10-05 20:02:14,165 INFO o.a.j.t.ThreadGroup: Started thread group number 1
2026-10-05 20:02:14,165 INFO o.a.j.e.StandardJMeterEngine: All thread groups have been started
2026-10-05 20:02:14,413 INFO o.a.j.t.JMeterThread: Thread started: S1 1-2
2026-10-05 20:02:14,662 INFO o.a.j.t.JMeterThread: Thread started: S1 1-3
2026-10-05 20:02:14,983 INFO o.a.j.t.JMeterThread: Thread started: S1 1-4
2026-10-05 20:02:30,001 INFO o.a.j.r.Summariser: summary +   7030 in 00:00:17 =  423.6/s Avg:     8 Min:     6 Max:   290 Err:     0 (0.00%) Active: 4 Started: 4 Finished: 0
2026-10-05 20:03:00,004 INFO o.a.j.r.Summariser: summary +  14126 in 00:00:30 =  470.8/s Avg:     8 Min:     5 Max:    73 Err:     0 (0.00%) Active: 4 Started: 4 Finished: 0
2026-10-05 20:03:00,005 INFO o.a.j.r.Summariser: summary =  21156 in 00:00:47 =  454.0/s Avg:     8 Min:     5 Max:   290 Err:     0 (0.00%)
2026-10-05 20:03:14,161 INFO o.a.j.t.JMeterThread: Stopping because end time detected by thread: S1 1-2
2026-10-05 20:03:14,161 INFO o.a.j.t.JMeterThread: Thread finished: S1 1-2
2026-10-05 20:03:14,163 INFO o.a.j.t.JMeterThread: Stopping because end time detected by thread: S1 1-1
2026-10-05 20:03:14,164 INFO o.a.j.t.JMeterThread: Thread finished: S1 1-1
2026-10-05 20:03:14,166 INFO o.a.j.t.JMeterThread: Stopping because end time detected by thread: S1 1-3
2026-10-05 20:03:14,167 INFO o.a.j.t.JMeterThread: Thread finished: S1 1-3
2026-10-05 20:03:14,168 INFO o.a.j.t.JMeterThread: Stopping because end time detected by thread: S1 1-4
2026-10-05 20:03:14,168 INFO o.a.j.t.JMeterThread: Thread finished: S1 1-4
2026-10-05 20:03:14,168 INFO o.a.j.e.StandardJMeterEngine: Notifying test listeners of end of test
2026-10-05 20:03:14,171 INFO o.a.j.r.Summariser: summary +   7206 in 00:00:14 =  508.6/s Avg:     7 Min:     5 Max:    20 Err:     0 (0.00%) Active: 0 Started: 4 Finished: 4
2026-10-05 20:03:14,171 INFO o.a.j.r.Summariser: summary =  28362 in 00:01:01 =  466.7/s Avg:     8 Min:     5 Max:   290 Err:     0 (0.00%)
