2026-10-01 20:52:40,310 INFO o.a.j.u.JMeterUtils: Setting Locale to en_EN
2026-10-01 20:52:40,330 INFO o.a.j.JMeter: Loading user properties from: /opt/jmeter/bin/user.properties
2026-10-01 20:52:40,330 INFO o.a.j.JMeter: Loading system properties from: /opt/jmeter/bin/system.properties
2026-10-01 20:52:40,330 INFO o.a.j.JMeter: Loading additional properties from: /tests/run.properties
2026-10-01 20:52:40,331 INFO o.a.j.JMeter: Loading additional properties from: /tests/data/ranges.properties
2026-10-01 20:52:40,331 INFO o.a.j.JMeter: Setting JMeter property: host=nestjs-nginx
2026-10-01 20:52:40,331 INFO o.a.j.JMeter: Setting JMeter property: port=80
2026-10-01 20:52:40,331 INFO o.a.j.JMeter: Setting JMeter property: rampup=10
2026-10-01 20:52:40,331 INFO o.a.j.JMeter: Setting JMeter property: endpoint=EP4
2026-10-01 20:52:40,331 INFO o.a.j.JMeter: Setting JMeter property: users=10
2026-10-01 20:52:40,331 INFO o.a.j.JMeter: Setting JMeter property: duration=20
2026-10-01 20:52:40,335 INFO o.a.j.JMeter: Copyright (c) 1998-2024 The Apache Software Foundation
2026-10-01 20:52:40,335 INFO o.a.j.JMeter: Version 5.6.3
2026-10-01 20:52:40,336 INFO o.a.j.JMeter: java.version=21.0.12.1
2026-10-01 20:52:40,336 INFO o.a.j.JMeter: java.vm.name=OpenJDK 64-Bit Server VM
2026-10-01 20:52:40,336 INFO o.a.j.JMeter: os.name=Linux
2026-10-01 20:52:40,336 INFO o.a.j.JMeter: os.arch=amd64
2026-10-01 20:52:40,336 INFO o.a.j.JMeter: os.version=6.6.87.2-microsoft-standard-WSL2
2026-10-01 20:52:40,336 INFO o.a.j.JMeter: file.encoding=UTF-8
2026-10-01 20:52:40,336 INFO o.a.j.JMeter: java.awt.headless=true
2026-10-01 20:52:40,336 INFO o.a.j.JMeter: Max memory     =4294967296
2026-10-01 20:52:40,336 INFO o.a.j.JMeter: Available Processors =12
2026-10-01 20:52:40,343 INFO o.a.j.JMeter: Default Locale=English (EN)
2026-10-01 20:52:40,343 INFO o.a.j.JMeter: JMeter  Locale=English (EN)
2026-10-01 20:52:40,343 INFO o.a.j.JMeter: JMeterHome=/opt/jmeter
2026-10-01 20:52:40,344 INFO o.a.j.JMeter: user.dir  =/tests
2026-10-01 20:52:40,344 INFO o.a.j.JMeter: PWD       =/tests
2026-10-01 20:52:40,344 INFO o.a.j.JMeter: IP: 172.19.0.5 Name: ef90ec29e2ea FullName: ef90ec29e2ea
2026-10-01 20:52:40,353 INFO o.a.j.s.FileServer: Default base='/tests'
2026-10-01 20:52:40,355 INFO o.a.j.s.FileServer: Set new base='/tests'
2026-10-01 20:52:40,514 INFO o.a.j.s.SaveService: Testplan (JMX) version: 2.2. Testlog (JTL) version: 2.2
2026-10-01 20:52:40,538 INFO o.a.j.s.SaveService: Using SaveService properties version 5.0
2026-10-01 20:52:40,540 INFO o.a.j.s.SaveService: Using SaveService properties file encoding UTF-8
2026-10-01 20:52:40,544 INFO o.a.j.s.SaveService: Loading file: /tests/s3.jmx
2026-10-01 20:52:40,591 INFO o.a.j.p.h.s.HTTPSamplerBase: Parser for text/html is org.apache.jmeter.protocol.http.parser.LagartoBasedHtmlParser
2026-10-01 20:52:40,591 INFO o.a.j.p.h.s.HTTPSamplerBase: Parser for application/xhtml+xml is org.apache.jmeter.protocol.http.parser.LagartoBasedHtmlParser
2026-10-01 20:52:40,591 INFO o.a.j.p.h.s.HTTPSamplerBase: Parser for application/xml is org.apache.jmeter.protocol.http.parser.LagartoBasedHtmlParser
2026-10-01 20:52:40,591 INFO o.a.j.p.h.s.HTTPSamplerBase: Parser for text/xml is org.apache.jmeter.protocol.http.parser.LagartoBasedHtmlParser
2026-10-01 20:52:40,591 INFO o.a.j.p.h.s.HTTPSamplerBase: Parser for text/vnd.wap.wml is org.apache.jmeter.protocol.http.parser.RegexpHTMLParser
2026-10-01 20:52:40,592 INFO o.a.j.p.h.s.HTTPSamplerBase: Parser for text/css is org.apache.jmeter.protocol.http.parser.CssParser
2026-10-01 20:52:40,635 INFO o.a.j.JMeter: Creating summariser <summary>
2026-10-01 20:52:40,651 INFO o.a.j.e.StandardJMeterEngine: Running the test!
2026-10-01 20:52:40,652 INFO o.a.j.s.SampleEvent: List of sample_variables: []
2026-10-01 20:52:40,652 INFO o.a.j.s.SampleEvent: List of sample_variables: []
2026-10-01 20:52:40,656 INFO o.a.j.e.u.CompoundVariable: Note: Function class names must contain the string: '.functions.'
2026-10-01 20:52:40,656 INFO o.a.j.e.u.CompoundVariable: Note: Function class names must not contain the string: '.gui.'
2026-10-01 20:52:40,872 INFO o.a.j.JMeter: Running test (1790887960872)
2026-10-01 20:52:40,873 INFO o.a.j.e.StandardJMeterEngine: Starting setUp thread groups
2026-10-01 20:52:40,873 INFO o.a.j.e.StandardJMeterEngine: Starting setUp ThreadGroup: 1 : setUp - login 
2026-10-01 20:52:40,873 INFO o.a.j.e.StandardJMeterEngine: Starting 1 threads for group setUp - login.
2026-10-01 20:52:40,873 INFO o.a.j.e.StandardJMeterEngine: Test will stop abruptly on error
2026-10-01 20:52:40,873 INFO o.a.j.t.ThreadGroup: Starting thread group... number=1 threads=1 ramp-up=1 delayedStart=false
2026-10-01 20:52:40,876 INFO o.a.j.t.ThreadGroup: Started thread group number 1
2026-10-01 20:52:40,877 INFO o.a.j.e.StandardJMeterEngine: Waiting for all setup thread groups to exit
2026-10-01 20:52:40,878 INFO o.a.j.t.JMeterThread: Thread started: setUp - login 1-1
2026-10-01 20:52:40,890 INFO o.a.j.p.h.s.HTTPHCAbstractImpl: Local host = ef90ec29e2ea
2026-10-01 20:52:40,895 INFO o.a.j.p.h.s.HTTPHC4Impl: HTTP request retry count = 0
2026-10-01 20:52:40,896 INFO o.a.j.s.SampleResult: Note: Sample TimeStamps are START times
2026-10-01 20:52:40,896 INFO o.a.j.s.SampleResult: sampleresult.default.encoding is set to UTF-8
2026-10-01 20:52:40,896 INFO o.a.j.s.SampleResult: sampleresult.useNanoTime=true
2026-10-01 20:52:40,896 INFO o.a.j.s.SampleResult: sampleresult.nanoThreadSleep=5000
2026-10-01 20:52:41,625 INFO o.a.j.t.JMeterThread: Thread is done: setUp - login 1-1
2026-10-01 20:52:41,625 INFO o.a.j.t.JMeterThread: Thread finished: setUp - login 1-1
2026-10-01 20:52:41,626 INFO o.a.j.e.StandardJMeterEngine: All Setup Threads have ended
2026-10-01 20:52:41,650 INFO o.a.j.e.StandardJMeterEngine: Starting ThreadGroup: 1 : S3
2026-10-01 20:52:41,650 INFO o.a.j.e.StandardJMeterEngine: Starting 10 threads for group S3.
2026-10-01 20:52:41,650 INFO o.a.j.e.StandardJMeterEngine: Thread will continue on error
2026-10-01 20:52:41,650 INFO o.a.j.t.ThreadGroup: Starting thread group... number=1 threads=10 ramp-up=10 delayedStart=false
2026-10-01 20:52:41,652 INFO o.a.j.t.JMeterThread: Thread started: S3 1-1
2026-10-01 20:52:41,658 INFO o.a.j.t.ThreadGroup: Started thread group number 1
2026-10-01 20:52:41,659 INFO o.a.j.e.StandardJMeterEngine: All thread groups have been started
2026-10-01 20:52:42,653 INFO o.a.j.t.JMeterThread: Thread started: S3 1-2
2026-10-01 20:52:43,652 INFO o.a.j.t.JMeterThread: Thread started: S3 1-3
2026-10-01 20:52:44,652 INFO o.a.j.t.JMeterThread: Thread started: S3 1-4
2026-10-01 20:52:45,651 INFO o.a.j.t.JMeterThread: Thread started: S3 1-5
2026-10-01 20:52:46,651 INFO o.a.j.t.JMeterThread: Thread started: S3 1-6
2026-10-01 20:52:47,652 INFO o.a.j.t.JMeterThread: Thread started: S3 1-7
2026-10-01 20:52:48,652 INFO o.a.j.t.JMeterThread: Thread started: S3 1-8
2026-10-01 20:52:49,652 INFO o.a.j.t.JMeterThread: Thread started: S3 1-9
2026-10-01 20:52:50,651 INFO o.a.j.t.JMeterThread: Thread started: S3 1-10
2026-10-01 20:53:00,002 INFO o.a.j.r.Summariser: summary +  27325 in 00:00:19 = 1428.5/s Avg:     5 Min:     2 Max:   278 Err:     0 (0.00%) Active: 10 Started: 10 Finished: 0
2026-10-01 20:53:01,652 INFO o.a.j.t.JMeterThread: Stopping because end time detected by thread: S3 1-3
2026-10-01 20:53:01,652 INFO o.a.j.t.JMeterThread: Thread finished: S3 1-3
2026-10-01 20:53:01,653 INFO o.a.j.t.JMeterThread: Stopping because end time detected by thread: S3 1-1
2026-10-01 20:53:01,653 INFO o.a.j.t.JMeterThread: Thread finished: S3 1-1
2026-10-01 20:53:01,654 INFO o.a.j.t.JMeterThread: Stopping because end time detected by thread: S3 1-2
2026-10-01 20:53:01,654 INFO o.a.j.t.JMeterThread: Thread finished: S3 1-2
2026-10-01 20:53:01,657 INFO o.a.j.t.JMeterThread: Stopping because end time detected by thread: S3 1-8
2026-10-01 20:53:01,657 INFO o.a.j.t.JMeterThread: Thread finished: S3 1-8
2026-10-01 20:53:01,657 INFO o.a.j.t.JMeterThread: Stopping because end time detected by thread: S3 1-6
2026-10-01 20:53:01,657 INFO o.a.j.t.JMeterThread: Thread finished: S3 1-6
2026-10-01 20:53:01,658 INFO o.a.j.t.JMeterThread: Stopping because end time detected by thread: S3 1-10
2026-10-01 20:53:01,659 INFO o.a.j.t.JMeterThread: Thread finished: S3 1-10
2026-10-01 20:53:01,659 INFO o.a.j.t.JMeterThread: Stopping because end time detected by thread: S3 1-7
2026-10-01 20:53:01,659 INFO o.a.j.t.JMeterThread: Thread finished: S3 1-7
2026-10-01 20:53:01,659 INFO o.a.j.t.JMeterThread: Stopping because end time detected by thread: S3 1-4
2026-10-01 20:53:01,659 INFO o.a.j.t.JMeterThread: Thread finished: S3 1-4
2026-10-01 20:53:01,659 INFO o.a.j.t.JMeterThread: Stopping because end time detected by thread: S3 1-5
2026-10-01 20:53:01,659 INFO o.a.j.t.JMeterThread: Thread finished: S3 1-5
2026-10-01 20:53:01,661 INFO o.a.j.t.JMeterThread: Stopping because end time detected by thread: S3 1-9
2026-10-01 20:53:01,662 INFO o.a.j.t.JMeterThread: Thread finished: S3 1-9
2026-10-01 20:53:01,662 INFO o.a.j.e.StandardJMeterEngine: Notifying test listeners of end of test
2026-10-01 20:53:01,665 INFO o.a.j.r.Summariser: summary +   3133 in 00:00:02 = 1881.7/s Avg:     5 Min:     3 Max:    20 Err:     0 (0.00%) Active: 0 Started: 10 Finished: 10
2026-10-01 20:53:01,665 INFO o.a.j.r.Summariser: summary =  30458 in 00:00:21 = 1464.7/s Avg:     5 Min:     2 Max:   278 Err:     0 (0.00%)
