2026-10-06 08:24:11,731 INFO o.a.j.u.JMeterUtils: Setting Locale to en_EN
2026-10-06 08:24:11,750 INFO o.a.j.JMeter: Loading user properties from: /opt/jmeter/bin/user.properties
2026-10-06 08:24:11,751 INFO o.a.j.JMeter: Loading system properties from: /opt/jmeter/bin/system.properties
2026-10-06 08:24:11,751 INFO o.a.j.JMeter: Loading additional properties from: /tests/run.properties
2026-10-06 08:24:11,751 INFO o.a.j.JMeter: Loading additional properties from: /tests/data/ranges.properties
2026-10-06 08:24:11,751 INFO o.a.j.JMeter: Setting JMeter property: host=nestjs-nginx
2026-10-06 08:24:11,751 INFO o.a.j.JMeter: Setting JMeter property: port=80
2026-10-06 08:24:11,751 INFO o.a.j.JMeter: Setting JMeter property: rampup=10
2026-10-06 08:24:11,751 INFO o.a.j.JMeter: Setting JMeter property: endpoint=EP7
2026-10-06 08:24:11,752 INFO o.a.j.JMeter: Setting JMeter property: users=200
2026-10-06 08:24:11,752 INFO o.a.j.JMeter: Setting JMeter property: duration=60
2026-10-06 08:24:11,756 INFO o.a.j.JMeter: Copyright (c) 1998-2024 The Apache Software Foundation
2026-10-06 08:24:11,756 INFO o.a.j.JMeter: Version 5.6.3
2026-10-06 08:24:11,756 INFO o.a.j.JMeter: java.version=21.0.12.1
2026-10-06 08:24:11,756 INFO o.a.j.JMeter: java.vm.name=OpenJDK 64-Bit Server VM
2026-10-06 08:24:11,757 INFO o.a.j.JMeter: os.name=Linux
2026-10-06 08:24:11,757 INFO o.a.j.JMeter: os.arch=amd64
2026-10-06 08:24:11,757 INFO o.a.j.JMeter: os.version=6.6.87.2-microsoft-standard-WSL2
2026-10-06 08:24:11,757 INFO o.a.j.JMeter: file.encoding=UTF-8
2026-10-06 08:24:11,757 INFO o.a.j.JMeter: java.awt.headless=true
2026-10-06 08:24:11,757 INFO o.a.j.JMeter: Max memory     =4294967296
2026-10-06 08:24:11,757 INFO o.a.j.JMeter: Available Processors =12
2026-10-06 08:24:11,764 INFO o.a.j.JMeter: Default Locale=English (EN)
2026-10-06 08:24:11,765 INFO o.a.j.JMeter: JMeter  Locale=English (EN)
2026-10-06 08:24:11,765 INFO o.a.j.JMeter: JMeterHome=/opt/jmeter
2026-10-06 08:24:11,765 INFO o.a.j.JMeter: user.dir  =/tests
2026-10-06 08:24:11,765 INFO o.a.j.JMeter: PWD       =/tests
2026-10-06 08:24:11,765 INFO o.a.j.JMeter: IP: 172.19.0.5 Name: 0f8ac1107ac1 FullName: 0f8ac1107ac1
2026-10-06 08:24:11,776 INFO o.a.j.s.FileServer: Default base='/tests'
2026-10-06 08:24:11,777 INFO o.a.j.s.FileServer: Set new base='/tests'
2026-10-06 08:24:11,942 INFO o.a.j.s.SaveService: Testplan (JMX) version: 2.2. Testlog (JTL) version: 2.2
2026-10-06 08:24:11,964 INFO o.a.j.s.SaveService: Using SaveService properties version 5.0
2026-10-06 08:24:11,966 INFO o.a.j.s.SaveService: Using SaveService properties file encoding UTF-8
2026-10-06 08:24:11,969 INFO o.a.j.s.SaveService: Loading file: /tests/s2.jmx
2026-10-06 08:24:12,013 INFO o.a.j.p.h.s.HTTPSamplerBase: Parser for text/html is org.apache.jmeter.protocol.http.parser.LagartoBasedHtmlParser
2026-10-06 08:24:12,013 INFO o.a.j.p.h.s.HTTPSamplerBase: Parser for application/xhtml+xml is org.apache.jmeter.protocol.http.parser.LagartoBasedHtmlParser
2026-10-06 08:24:12,013 INFO o.a.j.p.h.s.HTTPSamplerBase: Parser for application/xml is org.apache.jmeter.protocol.http.parser.LagartoBasedHtmlParser
2026-10-06 08:24:12,013 INFO o.a.j.p.h.s.HTTPSamplerBase: Parser for text/xml is org.apache.jmeter.protocol.http.parser.LagartoBasedHtmlParser
2026-10-06 08:24:12,013 INFO o.a.j.p.h.s.HTTPSamplerBase: Parser for text/vnd.wap.wml is org.apache.jmeter.protocol.http.parser.RegexpHTMLParser
2026-10-06 08:24:12,014 INFO o.a.j.p.h.s.HTTPSamplerBase: Parser for text/css is org.apache.jmeter.protocol.http.parser.CssParser
2026-10-06 08:24:12,054 INFO o.a.j.JMeter: Creating summariser <summary>
2026-10-06 08:24:12,068 INFO o.a.j.e.StandardJMeterEngine: Running the test!
2026-10-06 08:24:12,069 INFO o.a.j.s.SampleEvent: List of sample_variables: []
2026-10-06 08:24:12,069 INFO o.a.j.s.SampleEvent: List of sample_variables: []
2026-10-06 08:24:12,073 INFO o.a.j.e.u.CompoundVariable: Note: Function class names must contain the string: '.functions.'
2026-10-06 08:24:12,073 INFO o.a.j.e.u.CompoundVariable: Note: Function class names must not contain the string: '.gui.'
2026-10-06 08:24:12,278 INFO o.a.j.JMeter: Running test (1791275052278)
2026-10-06 08:24:12,279 INFO o.a.j.e.StandardJMeterEngine: Starting setUp thread groups
2026-10-06 08:24:12,279 INFO o.a.j.e.StandardJMeterEngine: Starting setUp ThreadGroup: 1 : setUp - login 
2026-10-06 08:24:12,279 INFO o.a.j.e.StandardJMeterEngine: Starting 1 threads for group setUp - login.
2026-10-06 08:24:12,279 INFO o.a.j.e.StandardJMeterEngine: Test will stop abruptly on error
2026-10-06 08:24:12,279 INFO o.a.j.t.ThreadGroup: Starting thread group... number=1 threads=1 ramp-up=1 delayedStart=false
2026-10-06 08:24:12,282 INFO o.a.j.t.ThreadGroup: Started thread group number 1
2026-10-06 08:24:12,282 INFO o.a.j.e.StandardJMeterEngine: Waiting for all setup thread groups to exit
2026-10-06 08:24:12,284 INFO o.a.j.t.JMeterThread: Thread started: setUp - login 1-1
2026-10-06 08:24:12,295 INFO o.a.j.p.h.s.HTTPHCAbstractImpl: Local host = 0f8ac1107ac1
2026-10-06 08:24:12,299 INFO o.a.j.p.h.s.HTTPHC4Impl: HTTP request retry count = 0
2026-10-06 08:24:12,300 INFO o.a.j.s.SampleResult: Note: Sample TimeStamps are START times
2026-10-06 08:24:12,300 INFO o.a.j.s.SampleResult: sampleresult.default.encoding is set to UTF-8
2026-10-06 08:24:12,301 INFO o.a.j.s.SampleResult: sampleresult.useNanoTime=true
2026-10-06 08:24:12,301 INFO o.a.j.s.SampleResult: sampleresult.nanoThreadSleep=5000
2026-10-06 08:24:13,040 INFO o.a.j.t.JMeterThread: Thread is done: setUp - login 1-1
2026-10-06 08:24:13,040 INFO o.a.j.t.JMeterThread: Thread finished: setUp - login 1-1
2026-10-06 08:24:13,041 INFO o.a.j.e.StandardJMeterEngine: All Setup Threads have ended
2026-10-06 08:24:13,064 INFO o.a.j.e.StandardJMeterEngine: Starting ThreadGroup: 1 : S2
2026-10-06 08:24:13,064 INFO o.a.j.e.StandardJMeterEngine: Starting 200 threads for group S2.
2026-10-06 08:24:13,064 INFO o.a.j.e.StandardJMeterEngine: Thread will continue on error
2026-10-06 08:24:13,064 INFO o.a.j.t.ThreadGroup: Starting thread group... number=1 threads=200 ramp-up=10 delayedStart=false
2026-10-06 08:24:13,075 INFO o.a.j.t.JMeterThread: Thread started: S2 1-1
2026-10-06 08:24:13,076 INFO o.a.j.s.FileServer: Stored: /tests/data/available_menu_items.csv
2026-10-06 08:24:13,123 INFO o.a.j.t.JMeterThread: Thread started: S2 1-2
2026-10-06 08:24:13,172 INFO o.a.j.t.JMeterThread: Thread started: S2 1-3
2026-10-06 08:24:13,190 INFO o.a.j.t.ThreadGroup: Started thread group number 1
2026-10-06 08:24:13,190 INFO o.a.j.e.StandardJMeterEngine: All thread groups have been started
2026-10-06 08:24:13,221 INFO o.a.j.t.JMeterThread: Thread started: S2 1-4
2026-10-06 08:24:13,270 INFO o.a.j.t.JMeterThread: Thread started: S2 1-5
2026-10-06 08:24:13,320 INFO o.a.j.t.JMeterThread: Thread started: S2 1-6
2026-10-06 08:24:13,368 INFO o.a.j.t.JMeterThread: Thread started: S2 1-7
2026-10-06 08:24:13,417 INFO o.a.j.t.JMeterThread: Thread started: S2 1-8
2026-10-06 08:24:13,466 INFO o.a.j.t.JMeterThread: Thread started: S2 1-9
2026-10-06 08:24:13,516 INFO o.a.j.t.JMeterThread: Thread started: S2 1-10
2026-10-06 08:24:13,566 INFO o.a.j.t.JMeterThread: Thread started: S2 1-11
2026-10-06 08:24:13,616 INFO o.a.j.t.JMeterThread: Thread started: S2 1-12
2026-10-06 08:24:13,665 INFO o.a.j.t.JMeterThread: Thread started: S2 1-13
2026-10-06 08:24:13,716 INFO o.a.j.t.JMeterThread: Thread started: S2 1-14
2026-10-06 08:24:13,765 INFO o.a.j.t.JMeterThread: Thread started: S2 1-15
2026-10-06 08:24:13,816 INFO o.a.j.t.JMeterThread: Thread started: S2 1-16
2026-10-06 08:24:13,866 INFO o.a.j.t.JMeterThread: Thread started: S2 1-17
2026-10-06 08:24:13,916 INFO o.a.j.t.JMeterThread: Thread started: S2 1-18
2026-10-06 08:24:13,966 INFO o.a.j.t.JMeterThread: Thread started: S2 1-19
2026-10-06 08:24:14,016 INFO o.a.j.t.JMeterThread: Thread started: S2 1-20
2026-10-06 08:24:14,065 INFO o.a.j.t.JMeterThread: Thread started: S2 1-21
2026-10-06 08:24:14,116 INFO o.a.j.t.JMeterThread: Thread started: S2 1-22
2026-10-06 08:24:14,166 INFO o.a.j.t.JMeterThread: Thread started: S2 1-23
2026-10-06 08:24:14,216 INFO o.a.j.t.JMeterThread: Thread started: S2 1-24
2026-10-06 08:24:14,266 INFO o.a.j.t.JMeterThread: Thread started: S2 1-25
2026-10-06 08:24:14,316 INFO o.a.j.t.JMeterThread: Thread started: S2 1-26
2026-10-06 08:24:14,365 INFO o.a.j.t.JMeterThread: Thread started: S2 1-27
2026-10-06 08:24:14,416 INFO o.a.j.t.JMeterThread: Thread started: S2 1-28
2026-10-06 08:24:14,465 INFO o.a.j.t.JMeterThread: Thread started: S2 1-29
2026-10-06 08:24:14,515 INFO o.a.j.t.JMeterThread: Thread started: S2 1-30
2026-10-06 08:24:14,566 INFO o.a.j.t.JMeterThread: Thread started: S2 1-31
2026-10-06 08:24:14,615 INFO o.a.j.t.JMeterThread: Thread started: S2 1-32
2026-10-06 08:24:14,666 INFO o.a.j.t.JMeterThread: Thread started: S2 1-33
2026-10-06 08:24:14,715 INFO o.a.j.t.JMeterThread: Thread started: S2 1-34
2026-10-06 08:24:14,765 INFO o.a.j.t.JMeterThread: Thread started: S2 1-35
2026-10-06 08:24:14,815 INFO o.a.j.t.JMeterThread: Thread started: S2 1-36
2026-10-06 08:24:14,864 INFO o.a.j.t.JMeterThread: Thread started: S2 1-37
2026-10-06 08:24:14,915 INFO o.a.j.t.JMeterThread: Thread started: S2 1-38
2026-10-06 08:24:14,966 INFO o.a.j.t.JMeterThread: Thread started: S2 1-39
2026-10-06 08:24:15,015 INFO o.a.j.t.JMeterThread: Thread started: S2 1-40
2026-10-06 08:24:15,065 INFO o.a.j.t.JMeterThread: Thread started: S2 1-41
2026-10-06 08:24:15,115 INFO o.a.j.t.JMeterThread: Thread started: S2 1-42
2026-10-06 08:24:15,165 INFO o.a.j.t.JMeterThread: Thread started: S2 1-43
2026-10-06 08:24:15,215 INFO o.a.j.t.JMeterThread: Thread started: S2 1-44
2026-10-06 08:24:15,264 INFO o.a.j.t.JMeterThread: Thread started: S2 1-45
2026-10-06 08:24:15,316 INFO o.a.j.t.JMeterThread: Thread started: S2 1-46
2026-10-06 08:24:15,364 INFO o.a.j.t.JMeterThread: Thread started: S2 1-47
2026-10-06 08:24:15,415 INFO o.a.j.t.JMeterThread: Thread started: S2 1-48
2026-10-06 08:24:15,465 INFO o.a.j.t.JMeterThread: Thread started: S2 1-49
2026-10-06 08:24:15,515 INFO o.a.j.t.JMeterThread: Thread started: S2 1-50
2026-10-06 08:24:15,565 INFO o.a.j.t.JMeterThread: Thread started: S2 1-51
2026-10-06 08:24:15,615 INFO o.a.j.t.JMeterThread: Thread started: S2 1-52
2026-10-06 08:24:15,666 INFO o.a.j.t.JMeterThread: Thread started: S2 1-53
2026-10-06 08:24:15,716 INFO o.a.j.t.JMeterThread: Thread started: S2 1-54
2026-10-06 08:24:15,765 INFO o.a.j.t.JMeterThread: Thread started: S2 1-55
2026-10-06 08:24:15,815 INFO o.a.j.t.JMeterThread: Thread started: S2 1-56
2026-10-06 08:24:15,866 INFO o.a.j.t.JMeterThread: Thread started: S2 1-57
2026-10-06 08:24:15,915 INFO o.a.j.t.JMeterThread: Thread started: S2 1-58
2026-10-06 08:24:15,965 INFO o.a.j.t.JMeterThread: Thread started: S2 1-59
2026-10-06 08:24:16,015 INFO o.a.j.t.JMeterThread: Thread started: S2 1-60
2026-10-06 08:24:16,066 INFO o.a.j.t.JMeterThread: Thread started: S2 1-61
2026-10-06 08:24:16,115 INFO o.a.j.t.JMeterThread: Thread started: S2 1-62
2026-10-06 08:24:16,164 INFO o.a.j.t.JMeterThread: Thread started: S2 1-63
2026-10-06 08:24:16,216 INFO o.a.j.t.JMeterThread: Thread started: S2 1-64
2026-10-06 08:24:16,264 INFO o.a.j.t.JMeterThread: Thread started: S2 1-65
2026-10-06 08:24:16,316 INFO o.a.j.t.JMeterThread: Thread started: S2 1-66
2026-10-06 08:24:16,366 INFO o.a.j.t.JMeterThread: Thread started: S2 1-67
2026-10-06 08:24:16,415 INFO o.a.j.t.JMeterThread: Thread started: S2 1-68
2026-10-06 08:24:16,465 INFO o.a.j.t.JMeterThread: Thread started: S2 1-69
2026-10-06 08:24:16,515 INFO o.a.j.t.JMeterThread: Thread started: S2 1-70
2026-10-06 08:24:16,564 INFO o.a.j.t.JMeterThread: Thread started: S2 1-71
2026-10-06 08:24:16,616 INFO o.a.j.t.JMeterThread: Thread started: S2 1-72
2026-10-06 08:24:16,664 INFO o.a.j.t.JMeterThread: Thread started: S2 1-73
2026-10-06 08:24:16,715 INFO o.a.j.t.JMeterThread: Thread started: S2 1-74
2026-10-06 08:24:16,765 INFO o.a.j.t.JMeterThread: Thread started: S2 1-75
2026-10-06 08:24:16,815 INFO o.a.j.t.JMeterThread: Thread started: S2 1-76
2026-10-06 08:24:16,865 INFO o.a.j.t.JMeterThread: Thread started: S2 1-77
2026-10-06 08:24:16,915 INFO o.a.j.t.JMeterThread: Thread started: S2 1-78
2026-10-06 08:24:16,965 INFO o.a.j.t.JMeterThread: Thread started: S2 1-79
2026-10-06 08:24:17,014 INFO o.a.j.t.JMeterThread: Thread started: S2 1-80
2026-10-06 08:24:17,065 INFO o.a.j.t.JMeterThread: Thread started: S2 1-81
2026-10-06 08:24:17,116 INFO o.a.j.t.JMeterThread: Thread started: S2 1-82
2026-10-06 08:24:17,165 INFO o.a.j.t.JMeterThread: Thread started: S2 1-83
2026-10-06 08:24:17,215 INFO o.a.j.t.JMeterThread: Thread started: S2 1-84
2026-10-06 08:24:17,266 INFO o.a.j.t.JMeterThread: Thread started: S2 1-85
2026-10-06 08:24:17,315 INFO o.a.j.t.JMeterThread: Thread started: S2 1-86
2026-10-06 08:24:17,365 INFO o.a.j.t.JMeterThread: Thread started: S2 1-87
2026-10-06 08:24:17,416 INFO o.a.j.t.JMeterThread: Thread started: S2 1-88
2026-10-06 08:24:17,467 INFO o.a.j.t.JMeterThread: Thread started: S2 1-89
2026-10-06 08:24:17,515 INFO o.a.j.t.JMeterThread: Thread started: S2 1-90
2026-10-06 08:24:17,564 INFO o.a.j.t.JMeterThread: Thread started: S2 1-91
2026-10-06 08:24:17,616 INFO o.a.j.t.JMeterThread: Thread started: S2 1-92
2026-10-06 08:24:17,664 INFO o.a.j.t.JMeterThread: Thread started: S2 1-93
2026-10-06 08:24:17,715 INFO o.a.j.t.JMeterThread: Thread started: S2 1-94
2026-10-06 08:24:17,765 INFO o.a.j.t.JMeterThread: Thread started: S2 1-95
2026-10-06 08:24:17,815 INFO o.a.j.t.JMeterThread: Thread started: S2 1-96
2026-10-06 08:24:17,866 INFO o.a.j.t.JMeterThread: Thread started: S2 1-97
2026-10-06 08:24:17,916 INFO o.a.j.t.JMeterThread: Thread started: S2 1-98
2026-10-06 08:24:17,965 INFO o.a.j.t.JMeterThread: Thread started: S2 1-99
2026-10-06 08:24:18,015 INFO o.a.j.t.JMeterThread: Thread started: S2 1-100
2026-10-06 08:24:18,065 INFO o.a.j.t.JMeterThread: Thread started: S2 1-101
2026-10-06 08:24:18,115 INFO o.a.j.t.JMeterThread: Thread started: S2 1-102
2026-10-06 08:24:18,165 INFO o.a.j.t.JMeterThread: Thread started: S2 1-103
2026-10-06 08:24:18,216 INFO o.a.j.t.JMeterThread: Thread started: S2 1-104
2026-10-06 08:24:18,266 INFO o.a.j.t.JMeterThread: Thread started: S2 1-105
2026-10-06 08:24:18,314 INFO o.a.j.t.JMeterThread: Thread started: S2 1-106
2026-10-06 08:24:18,365 INFO o.a.j.t.JMeterThread: Thread started: S2 1-107
2026-10-06 08:24:18,416 INFO o.a.j.t.JMeterThread: Thread started: S2 1-108
2026-10-06 08:24:18,467 INFO o.a.j.t.JMeterThread: Thread started: S2 1-109
2026-10-06 08:24:18,516 INFO o.a.j.t.JMeterThread: Thread started: S2 1-110
2026-10-06 08:24:18,566 INFO o.a.j.t.JMeterThread: Thread started: S2 1-111
2026-10-06 08:24:18,615 INFO o.a.j.t.JMeterThread: Thread started: S2 1-112
2026-10-06 08:24:18,665 INFO o.a.j.t.JMeterThread: Thread started: S2 1-113
2026-10-06 08:24:18,715 INFO o.a.j.t.JMeterThread: Thread started: S2 1-114
2026-10-06 08:24:18,765 INFO o.a.j.t.JMeterThread: Thread started: S2 1-115
2026-10-06 08:24:18,814 INFO o.a.j.t.JMeterThread: Thread started: S2 1-116
2026-10-06 08:24:18,865 INFO o.a.j.t.JMeterThread: Thread started: S2 1-117
2026-10-06 08:24:18,915 INFO o.a.j.t.JMeterThread: Thread started: S2 1-118
2026-10-06 08:24:18,965 INFO o.a.j.t.JMeterThread: Thread started: S2 1-119
2026-10-06 08:24:19,014 INFO o.a.j.t.JMeterThread: Thread started: S2 1-120
2026-10-06 08:24:19,066 INFO o.a.j.t.JMeterThread: Thread started: S2 1-121
2026-10-06 08:24:19,115 INFO o.a.j.t.JMeterThread: Thread started: S2 1-122
2026-10-06 08:24:19,165 INFO o.a.j.t.JMeterThread: Thread started: S2 1-123
2026-10-06 08:24:19,215 INFO o.a.j.t.JMeterThread: Thread started: S2 1-124
2026-10-06 08:24:19,265 INFO o.a.j.t.JMeterThread: Thread started: S2 1-125
2026-10-06 08:24:19,319 INFO o.a.j.t.JMeterThread: Thread started: S2 1-126
2026-10-06 08:24:19,366 INFO o.a.j.t.JMeterThread: Thread started: S2 1-127
2026-10-06 08:24:19,415 INFO o.a.j.t.JMeterThread: Thread started: S2 1-128
2026-10-06 08:24:19,466 INFO o.a.j.t.JMeterThread: Thread started: S2 1-129
2026-10-06 08:24:19,515 INFO o.a.j.t.JMeterThread: Thread started: S2 1-130
2026-10-06 08:24:19,566 INFO o.a.j.t.JMeterThread: Thread started: S2 1-131
2026-10-06 08:24:19,615 INFO o.a.j.t.JMeterThread: Thread started: S2 1-132
2026-10-06 08:24:19,667 INFO o.a.j.t.JMeterThread: Thread started: S2 1-133
2026-10-06 08:24:19,716 INFO o.a.j.t.JMeterThread: Thread started: S2 1-134
2026-10-06 08:24:19,765 INFO o.a.j.t.JMeterThread: Thread started: S2 1-135
2026-10-06 08:24:19,815 INFO o.a.j.t.JMeterThread: Thread started: S2 1-136
2026-10-06 08:24:19,864 INFO o.a.j.t.JMeterThread: Thread started: S2 1-137
2026-10-06 08:24:19,915 INFO o.a.j.t.JMeterThread: Thread started: S2 1-138
2026-10-06 08:24:19,966 INFO o.a.j.t.JMeterThread: Thread started: S2 1-139
2026-10-06 08:24:20,015 INFO o.a.j.t.JMeterThread: Thread started: S2 1-140
2026-10-06 08:24:20,065 INFO o.a.j.t.JMeterThread: Thread started: S2 1-141
2026-10-06 08:24:20,115 INFO o.a.j.t.JMeterThread: Thread started: S2 1-142
2026-10-06 08:24:20,164 INFO o.a.j.t.JMeterThread: Thread started: S2 1-143
2026-10-06 08:24:20,215 INFO o.a.j.t.JMeterThread: Thread started: S2 1-144
2026-10-06 08:24:20,264 INFO o.a.j.t.JMeterThread: Thread started: S2 1-145
2026-10-06 08:24:20,315 INFO o.a.j.t.JMeterThread: Thread started: S2 1-146
2026-10-06 08:24:20,365 INFO o.a.j.t.JMeterThread: Thread started: S2 1-147
2026-10-06 08:24:20,415 INFO o.a.j.t.JMeterThread: Thread started: S2 1-148
2026-10-06 08:24:20,466 INFO o.a.j.t.JMeterThread: Thread started: S2 1-149
2026-10-06 08:24:20,515 INFO o.a.j.t.JMeterThread: Thread started: S2 1-150
2026-10-06 08:24:20,565 INFO o.a.j.t.JMeterThread: Thread started: S2 1-151
2026-10-06 08:24:20,615 INFO o.a.j.t.JMeterThread: Thread started: S2 1-152
2026-10-06 08:24:20,666 INFO o.a.j.t.JMeterThread: Thread started: S2 1-153
2026-10-06 08:24:20,715 INFO o.a.j.t.JMeterThread: Thread started: S2 1-154
2026-10-06 08:24:20,766 INFO o.a.j.t.JMeterThread: Thread started: S2 1-155
2026-10-06 08:24:20,815 INFO o.a.j.t.JMeterThread: Thread started: S2 1-156
2026-10-06 08:24:20,865 INFO o.a.j.t.JMeterThread: Thread started: S2 1-157
2026-10-06 08:24:20,915 INFO o.a.j.t.JMeterThread: Thread started: S2 1-158
2026-10-06 08:24:20,964 INFO o.a.j.t.JMeterThread: Thread started: S2 1-159
2026-10-06 08:24:21,016 INFO o.a.j.t.JMeterThread: Thread started: S2 1-160
2026-10-06 08:24:21,065 INFO o.a.j.t.JMeterThread: Thread started: S2 1-161
2026-10-06 08:24:21,116 INFO o.a.j.t.JMeterThread: Thread started: S2 1-162
2026-10-06 08:24:21,166 INFO o.a.j.t.JMeterThread: Thread started: S2 1-163
2026-10-06 08:24:21,216 INFO o.a.j.t.JMeterThread: Thread started: S2 1-164
2026-10-06 08:24:21,265 INFO o.a.j.t.JMeterThread: Thread started: S2 1-165
2026-10-06 08:24:21,316 INFO o.a.j.t.JMeterThread: Thread started: S2 1-166
2026-10-06 08:24:21,364 INFO o.a.j.t.JMeterThread: Thread started: S2 1-167
2026-10-06 08:24:21,415 INFO o.a.j.t.JMeterThread: Thread started: S2 1-168
2026-10-06 08:24:21,466 INFO o.a.j.t.JMeterThread: Thread started: S2 1-169
2026-10-06 08:24:21,514 INFO o.a.j.t.JMeterThread: Thread started: S2 1-170
2026-10-06 08:24:21,565 INFO o.a.j.t.JMeterThread: Thread started: S2 1-171
2026-10-06 08:24:21,614 INFO o.a.j.t.JMeterThread: Thread started: S2 1-172
2026-10-06 08:24:21,664 INFO o.a.j.t.JMeterThread: Thread started: S2 1-173
2026-10-06 08:24:21,715 INFO o.a.j.t.JMeterThread: Thread started: S2 1-174
2026-10-06 08:24:21,766 INFO o.a.j.t.JMeterThread: Thread started: S2 1-175
2026-10-06 08:24:21,815 INFO o.a.j.t.JMeterThread: Thread started: S2 1-176
2026-10-06 08:24:21,864 INFO o.a.j.t.JMeterThread: Thread started: S2 1-177
2026-10-06 08:24:21,915 INFO o.a.j.t.JMeterThread: Thread started: S2 1-178
2026-10-06 08:24:21,965 INFO o.a.j.t.JMeterThread: Thread started: S2 1-179
2026-10-06 08:24:22,015 INFO o.a.j.t.JMeterThread: Thread started: S2 1-180
2026-10-06 08:24:22,065 INFO o.a.j.t.JMeterThread: Thread started: S2 1-181
2026-10-06 08:24:22,115 INFO o.a.j.t.JMeterThread: Thread started: S2 1-182
2026-10-06 08:24:22,165 INFO o.a.j.t.JMeterThread: Thread started: S2 1-183
2026-10-06 08:24:22,216 INFO o.a.j.t.JMeterThread: Thread started: S2 1-184
2026-10-06 08:24:22,266 INFO o.a.j.t.JMeterThread: Thread started: S2 1-185
2026-10-06 08:24:22,315 INFO o.a.j.t.JMeterThread: Thread started: S2 1-186
2026-10-06 08:24:22,364 INFO o.a.j.t.JMeterThread: Thread started: S2 1-187
2026-10-06 08:24:22,415 INFO o.a.j.t.JMeterThread: Thread started: S2 1-188
2026-10-06 08:24:22,464 INFO o.a.j.t.JMeterThread: Thread started: S2 1-189
2026-10-06 08:24:22,515 INFO o.a.j.t.JMeterThread: Thread started: S2 1-190
2026-10-06 08:24:22,564 INFO o.a.j.t.JMeterThread: Thread started: S2 1-191
2026-10-06 08:24:22,615 INFO o.a.j.t.JMeterThread: Thread started: S2 1-192
2026-10-06 08:24:22,666 INFO o.a.j.t.JMeterThread: Thread started: S2 1-193
2026-10-06 08:24:22,717 INFO o.a.j.t.JMeterThread: Thread started: S2 1-194
2026-10-06 08:24:22,766 INFO o.a.j.t.JMeterThread: Thread started: S2 1-195
2026-10-06 08:24:22,816 INFO o.a.j.t.JMeterThread: Thread started: S2 1-196
2026-10-06 08:24:22,866 INFO o.a.j.t.JMeterThread: Thread started: S2 1-197
2026-10-06 08:24:22,915 INFO o.a.j.t.JMeterThread: Thread started: S2 1-198
2026-10-06 08:24:22,971 INFO o.a.j.t.JMeterThread: Thread started: S2 1-199
2026-10-06 08:24:23,021 INFO o.a.j.t.JMeterThread: Thread started: S2 1-200
2026-10-06 08:24:30,002 INFO o.a.j.r.Summariser: summary +  33670 in 00:00:18 = 1899.9/s Avg:    70 Min:     5 Max:   281 Err:     0 (0.00%) Active: 200 Started: 200 Finished: 0
2026-10-06 08:25:00,001 INFO o.a.j.r.Summariser: summary +  66370 in 00:00:30 = 2212.3/s Avg:    95 Min:    72 Max:   167 Err:     0 (0.00%) Active: 200 Started: 200 Finished: 0
2026-10-06 08:25:00,001 INFO o.a.j.r.Summariser: summary = 100040 in 00:00:48 = 2096.3/s Avg:    87 Min:     5 Max:   281 Err:     0 (0.00%)
2026-10-06 08:25:13,069 INFO o.a.j.t.JMeterThread: Stopping because end time detected by thread: S2 1-2
2026-10-06 08:25:13,069 INFO o.a.j.t.JMeterThread: Thread finished: S2 1-2
2026-10-06 08:25:13,071 INFO o.a.j.t.JMeterThread: Stopping because end time detected by thread: S2 1-7
2026-10-06 08:25:13,071 INFO o.a.j.t.JMeterThread: Stopping because end time detected by thread: S2 1-4
2026-10-06 08:25:13,072 INFO o.a.j.t.JMeterThread: Thread finished: S2 1-7
2026-10-06 08:25:13,072 INFO o.a.j.t.JMeterThread: Thread finished: S2 1-4
2026-10-06 08:25:13,086 INFO o.a.j.t.JMeterThread: Stopping because end time detected by thread: S2 1-14
2026-10-06 08:25:13,087 INFO o.a.j.t.JMeterThread: Thread finished: S2 1-14
2026-10-06 08:25:13,089 INFO o.a.j.t.JMeterThread: Stopping because end time detected by thread: S2 1-5
2026-10-06 08:25:13,089 INFO o.a.j.t.JMeterThread: Thread finished: S2 1-5
2026-10-06 08:25:13,093 INFO o.a.j.t.JMeterThread: Stopping because end time detected by thread: S2 1-25
2026-10-06 08:25:13,093 INFO o.a.j.t.JMeterThread: Thread finished: S2 1-25
2026-10-06 08:25:13,096 INFO o.a.j.t.JMeterThread: Stopping because end time detected by thread: S2 1-36
2026-10-06 08:25:13,097 INFO o.a.j.t.JMeterThread: Thread finished: S2 1-36
2026-10-06 08:25:13,099 INFO o.a.j.t.JMeterThread: Stopping because end time detected by thread: S2 1-21
2026-10-06 08:25:13,099 INFO o.a.j.t.JMeterThread: Thread finished: S2 1-21
2026-10-06 08:25:13,100 INFO o.a.j.t.JMeterThread: Stopping because end time detected by thread: S2 1-28
2026-10-06 08:25:13,100 INFO o.a.j.t.JMeterThread: Thread finished: S2 1-28
2026-10-06 08:25:13,107 INFO o.a.j.t.JMeterThread: Stopping because end time detected by thread: S2 1-16
2026-10-06 08:25:13,107 INFO o.a.j.t.JMeterThread: Thread finished: S2 1-16
2026-10-06 08:25:13,108 INFO o.a.j.t.JMeterThread: Stopping because end time detected by thread: S2 1-8
2026-10-06 08:25:13,108 INFO o.a.j.t.JMeterThread: Thread finished: S2 1-8
2026-10-06 08:25:13,110 INFO o.a.j.t.JMeterThread: Stopping because end time detected by thread: S2 1-33
2026-10-06 08:25:13,110 INFO o.a.j.t.JMeterThread: Thread finished: S2 1-33
2026-10-06 08:25:13,111 INFO o.a.j.t.JMeterThread: Stopping because end time detected by thread: S2 1-40
2026-10-06 08:25:13,111 INFO o.a.j.t.JMeterThread: Thread finished: S2 1-40
2026-10-06 08:25:13,111 INFO o.a.j.t.JMeterThread: Stopping because end time detected by thread: S2 1-11
2026-10-06 08:25:13,111 INFO o.a.j.t.JMeterThread: Thread finished: S2 1-11
2026-10-06 08:25:13,112 INFO o.a.j.t.JMeterThread: Stopping because end time detected by thread: S2 1-34
2026-10-06 08:25:13,112 INFO o.a.j.t.JMeterThread: Thread finished: S2 1-34
2026-10-06 08:25:13,113 INFO o.a.j.t.JMeterThread: Stopping because end time detected by thread: S2 1-17
2026-10-06 08:25:13,113 INFO o.a.j.t.JMeterThread: Stopping because end time detected by thread: S2 1-35
2026-10-06 08:25:13,113 INFO o.a.j.t.JMeterThread: Thread finished: S2 1-17
2026-10-06 08:25:13,113 INFO o.a.j.t.JMeterThread: Thread finished: S2 1-35
2026-10-06 08:25:13,115 INFO o.a.j.t.JMeterThread: Stopping because end time detected by thread: S2 1-42
2026-10-06 08:25:13,115 INFO o.a.j.t.JMeterThread: Thread finished: S2 1-42
2026-10-06 08:25:13,117 INFO o.a.j.t.JMeterThread: Stopping because end time detected by thread: S2 1-55
2026-10-06 08:25:13,117 INFO o.a.j.t.JMeterThread: Thread finished: S2 1-55
2026-10-06 08:25:13,117 INFO o.a.j.t.JMeterThread: Stopping because end time detected by thread: S2 1-75
2026-10-06 08:25:13,117 INFO o.a.j.t.JMeterThread: Thread finished: S2 1-75
2026-10-06 08:25:13,118 INFO o.a.j.t.JMeterThread: Stopping because end time detected by thread: S2 1-37
2026-10-06 08:25:13,118 INFO o.a.j.t.JMeterThread: Thread finished: S2 1-37
2026-10-06 08:25:13,120 INFO o.a.j.t.JMeterThread: Stopping because end time detected by thread: S2 1-15
2026-10-06 08:25:13,120 INFO o.a.j.t.JMeterThread: Thread finished: S2 1-15
2026-10-06 08:25:13,123 INFO o.a.j.t.JMeterThread: Stopping because end time detected by thread: S2 1-45
2026-10-06 08:25:13,123 INFO o.a.j.t.JMeterThread: Thread finished: S2 1-45
2026-10-06 08:25:13,124 INFO o.a.j.t.JMeterThread: Stopping because end time detected by thread: S2 1-1
2026-10-06 08:25:13,125 INFO o.a.j.t.JMeterThread: Thread finished: S2 1-1
2026-10-06 08:25:13,126 INFO o.a.j.t.JMeterThread: Stopping because end time detected by thread: S2 1-60
2026-10-06 08:25:13,126 INFO o.a.j.t.JMeterThread: Thread finished: S2 1-60
2026-10-06 08:25:13,128 INFO o.a.j.t.JMeterThread: Stopping because end time detected by thread: S2 1-72
2026-10-06 08:25:13,128 INFO o.a.j.t.JMeterThread: Thread finished: S2 1-72
2026-10-06 08:25:13,129 INFO o.a.j.t.JMeterThread: Stopping because end time detected by thread: S2 1-43
2026-10-06 08:25:13,129 INFO o.a.j.t.JMeterThread: Thread finished: S2 1-43
2026-10-06 08:25:13,130 INFO o.a.j.t.JMeterThread: Stopping because end time detected by thread: S2 1-95
2026-10-06 08:25:13,130 INFO o.a.j.t.JMeterThread: Stopping because end time detected by thread: S2 1-63
2026-10-06 08:25:13,130 INFO o.a.j.t.JMeterThread: Thread finished: S2 1-95
2026-10-06 08:25:13,130 INFO o.a.j.t.JMeterThread: Thread finished: S2 1-63
2026-10-06 08:25:13,130 INFO o.a.j.t.JMeterThread: Stopping because end time detected by thread: S2 1-10
2026-10-06 08:25:13,130 INFO o.a.j.t.JMeterThread: Thread finished: S2 1-10
2026-10-06 08:25:13,131 INFO o.a.j.t.JMeterThread: Stopping because end time detected by thread: S2 1-3
2026-10-06 08:25:13,131 INFO o.a.j.t.JMeterThread: Thread finished: S2 1-3
2026-10-06 08:25:13,131 INFO o.a.j.t.JMeterThread: Stopping because end time detected by thread: S2 1-18
2026-10-06 08:25:13,132 INFO o.a.j.t.JMeterThread: Thread finished: S2 1-18
2026-10-06 08:25:13,132 INFO o.a.j.t.JMeterThread: Stopping because end time detected by thread: S2 1-94
2026-10-06 08:25:13,132 INFO o.a.j.t.JMeterThread: Stopping because end time detected by thread: S2 1-57
2026-10-06 08:25:13,132 INFO o.a.j.t.JMeterThread: Thread finished: S2 1-94
2026-10-06 08:25:13,132 INFO o.a.j.t.JMeterThread: Thread finished: S2 1-57
2026-10-06 08:25:13,131 INFO o.a.j.t.JMeterThread: Stopping because end time detected by thread: S2 1-58
2026-10-06 08:25:13,132 INFO o.a.j.t.JMeterThread: Thread finished: S2 1-58
2026-10-06 08:25:13,132 INFO o.a.j.t.JMeterThread: Stopping because end time detected by thread: S2 1-104
2026-10-06 08:25:13,133 INFO o.a.j.t.JMeterThread: Thread finished: S2 1-104
2026-10-06 08:25:13,133 INFO o.a.j.t.JMeterThread: Stopping because end time detected by thread: S2 1-62
2026-10-06 08:25:13,133 INFO o.a.j.t.JMeterThread: Thread finished: S2 1-62
2026-10-06 08:25:13,134 INFO o.a.j.t.JMeterThread: Stopping because end time detected by thread: S2 1-26
2026-10-06 08:25:13,134 INFO o.a.j.t.JMeterThread: Thread finished: S2 1-26
2026-10-06 08:25:13,134 INFO o.a.j.t.JMeterThread: Stopping because end time detected by thread: S2 1-85
2026-10-06 08:25:13,134 INFO o.a.j.t.JMeterThread: Thread finished: S2 1-85
2026-10-06 08:25:13,134 INFO o.a.j.t.JMeterThread: Stopping because end time detected by thread: S2 1-71
2026-10-06 08:25:13,135 INFO o.a.j.t.JMeterThread: Thread finished: S2 1-71
2026-10-06 08:25:13,135 INFO o.a.j.t.JMeterThread: Stopping because end time detected by thread: S2 1-112
2026-10-06 08:25:13,135 INFO o.a.j.t.JMeterThread: Thread finished: S2 1-112
2026-10-06 08:25:13,135 INFO o.a.j.t.JMeterThread: Stopping because end time detected by thread: S2 1-13
2026-10-06 08:25:13,135 INFO o.a.j.t.JMeterThread: Thread finished: S2 1-13
2026-10-06 08:25:13,138 INFO o.a.j.t.JMeterThread: Stopping because end time detected by thread: S2 1-49
2026-10-06 08:25:13,138 INFO o.a.j.t.JMeterThread: Stopping because end time detected by thread: S2 1-76
2026-10-06 08:25:13,138 INFO o.a.j.t.JMeterThread: Thread finished: S2 1-49
2026-10-06 08:25:13,138 INFO o.a.j.t.JMeterThread: Thread finished: S2 1-76
2026-10-06 08:25:13,142 INFO o.a.j.t.JMeterThread: Stopping because end time detected by thread: S2 1-41
2026-10-06 08:25:13,142 INFO o.a.j.t.JMeterThread: Thread finished: S2 1-41
2026-10-06 08:25:13,142 INFO o.a.j.t.JMeterThread: Stopping because end time detected by thread: S2 1-73
2026-10-06 08:25:13,142 INFO o.a.j.t.JMeterThread: Stopping because end time detected by thread: S2 1-44
2026-10-06 08:25:13,142 INFO o.a.j.t.JMeterThread: Thread finished: S2 1-73
2026-10-06 08:25:13,142 INFO o.a.j.t.JMeterThread: Thread finished: S2 1-44
2026-10-06 08:25:13,143 INFO o.a.j.t.JMeterThread: Stopping because end time detected by thread: S2 1-80
2026-10-06 08:25:13,143 INFO o.a.j.t.JMeterThread: Thread finished: S2 1-80
2026-10-06 08:25:13,143 INFO o.a.j.t.JMeterThread: Stopping because end time detected by thread: S2 1-12
2026-10-06 08:25:13,143 INFO o.a.j.t.JMeterThread: Thread finished: S2 1-12
2026-10-06 08:25:13,145 INFO o.a.j.t.JMeterThread: Stopping because end time detected by thread: S2 1-117
2026-10-06 08:25:13,145 INFO o.a.j.t.JMeterThread: Thread finished: S2 1-117
2026-10-06 08:25:13,146 INFO o.a.j.t.JMeterThread: Stopping because end time detected by thread: S2 1-82
2026-10-06 08:25:13,146 INFO o.a.j.t.JMeterThread: Thread finished: S2 1-82
2026-10-06 08:25:13,147 INFO o.a.j.t.JMeterThread: Stopping because end time detected by thread: S2 1-79
2026-10-06 08:25:13,148 INFO o.a.j.t.JMeterThread: Thread finished: S2 1-79
2026-10-06 08:25:13,148 INFO o.a.j.t.JMeterThread: Stopping because end time detected by thread: S2 1-19
2026-10-06 08:25:13,148 INFO o.a.j.t.JMeterThread: Thread finished: S2 1-19
2026-10-06 08:25:13,149 INFO o.a.j.t.JMeterThread: Stopping because end time detected by thread: S2 1-105
2026-10-06 08:25:13,149 INFO o.a.j.t.JMeterThread: Thread finished: S2 1-105
2026-10-06 08:25:13,151 INFO o.a.j.t.JMeterThread: Stopping because end time detected by thread: S2 1-65
2026-10-06 08:25:13,151 INFO o.a.j.t.JMeterThread: Stopping because end time detected by thread: S2 1-99
2026-10-06 08:25:13,151 INFO o.a.j.t.JMeterThread: Thread finished: S2 1-65
2026-10-06 08:25:13,151 INFO o.a.j.t.JMeterThread: Thread finished: S2 1-99
2026-10-06 08:25:13,153 INFO o.a.j.t.JMeterThread: Stopping because end time detected by thread: S2 1-59
2026-10-06 08:25:13,153 INFO o.a.j.t.JMeterThread: Thread finished: S2 1-59
2026-10-06 08:25:13,153 INFO o.a.j.t.JMeterThread: Stopping because end time detected by thread: S2 1-110
2026-10-06 08:25:13,154 INFO o.a.j.t.JMeterThread: Thread finished: S2 1-110
2026-10-06 08:25:13,155 INFO o.a.j.t.JMeterThread: Stopping because end time detected by thread: S2 1-91
2026-10-06 08:25:13,155 INFO o.a.j.t.JMeterThread: Thread finished: S2 1-91
2026-10-06 08:25:13,155 INFO o.a.j.t.JMeterThread: Stopping because end time detected by thread: S2 1-9
2026-10-06 08:25:13,155 INFO o.a.j.t.JMeterThread: Thread finished: S2 1-9
2026-10-06 08:25:13,156 INFO o.a.j.t.JMeterThread: Stopping because end time detected by thread: S2 1-106
2026-10-06 08:25:13,156 INFO o.a.j.t.JMeterThread: Thread finished: S2 1-106
2026-10-06 08:25:13,156 INFO o.a.j.t.JMeterThread: Stopping because end time detected by thread: S2 1-23
2026-10-06 08:25:13,157 INFO o.a.j.t.JMeterThread: Thread finished: S2 1-23
2026-10-06 08:25:13,157 INFO o.a.j.t.JMeterThread: Stopping because end time detected by thread: S2 1-87
2026-10-06 08:25:13,157 INFO o.a.j.t.JMeterThread: Thread finished: S2 1-87
2026-10-06 08:25:13,157 INFO o.a.j.t.JMeterThread: Stopping because end time detected by thread: S2 1-38
2026-10-06 08:25:13,157 INFO o.a.j.t.JMeterThread: Thread finished: S2 1-38
2026-10-06 08:25:13,158 INFO o.a.j.t.JMeterThread: Stopping because end time detected by thread: S2 1-22
2026-10-06 08:25:13,158 INFO o.a.j.t.JMeterThread: Thread finished: S2 1-22
2026-10-06 08:25:13,158 INFO o.a.j.t.JMeterThread: Stopping because end time detected by thread: S2 1-20
2026-10-06 08:25:13,158 INFO o.a.j.t.JMeterThread: Thread finished: S2 1-20
2026-10-06 08:25:13,159 INFO o.a.j.t.JMeterThread: Stopping because end time detected by thread: S2 1-47
2026-10-06 08:25:13,159 INFO o.a.j.t.JMeterThread: Thread finished: S2 1-47
2026-10-06 08:25:13,160 INFO o.a.j.t.JMeterThread: Stopping because end time detected by thread: S2 1-155
2026-10-06 08:25:13,160 INFO o.a.j.t.JMeterThread: Thread finished: S2 1-155
2026-10-06 08:25:13,160 INFO o.a.j.t.JMeterThread: Stopping because end time detected by thread: S2 1-107
2026-10-06 08:25:13,160 INFO o.a.j.t.JMeterThread: Stopping because end time detected by thread: S2 1-64
2026-10-06 08:25:13,160 INFO o.a.j.t.JMeterThread: Thread finished: S2 1-107
2026-10-06 08:25:13,160 INFO o.a.j.t.JMeterThread: Thread finished: S2 1-64
2026-10-06 08:25:13,161 INFO o.a.j.t.JMeterThread: Stopping because end time detected by thread: S2 1-27
2026-10-06 08:25:13,161 INFO o.a.j.t.JMeterThread: Thread finished: S2 1-27
2026-10-06 08:25:13,162 INFO o.a.j.t.JMeterThread: Stopping because end time detected by thread: S2 1-96
2026-10-06 08:25:13,162 INFO o.a.j.t.JMeterThread: Stopping because end time detected by thread: S2 1-39
2026-10-06 08:25:13,162 INFO o.a.j.t.JMeterThread: Thread finished: S2 1-96
2026-10-06 08:25:13,163 INFO o.a.j.t.JMeterThread: Thread finished: S2 1-39
2026-10-06 08:25:13,163 INFO o.a.j.t.JMeterThread: Stopping because end time detected by thread: S2 1-86
2026-10-06 08:25:13,163 INFO o.a.j.t.JMeterThread: Stopping because end time detected by thread: S2 1-98
2026-10-06 08:25:13,163 INFO o.a.j.t.JMeterThread: Thread finished: S2 1-98
2026-10-06 08:25:13,163 INFO o.a.j.t.JMeterThread: Stopping because end time detected by thread: S2 1-103
2026-10-06 08:25:13,163 INFO o.a.j.t.JMeterThread: Thread finished: S2 1-103
2026-10-06 08:25:13,163 INFO o.a.j.t.JMeterThread: Thread finished: S2 1-86
2026-10-06 08:25:13,165 INFO o.a.j.t.JMeterThread: Stopping because end time detected by thread: S2 1-108
2026-10-06 08:25:13,165 INFO o.a.j.t.JMeterThread: Thread finished: S2 1-108
2026-10-06 08:25:13,166 INFO o.a.j.t.JMeterThread: Stopping because end time detected by thread: S2 1-51
2026-10-06 08:25:13,166 INFO o.a.j.t.JMeterThread: Thread finished: S2 1-51
2026-10-06 08:25:13,166 INFO o.a.j.t.JMeterThread: Stopping because end time detected by thread: S2 1-68
2026-10-06 08:25:13,166 INFO o.a.j.t.JMeterThread: Thread finished: S2 1-68
2026-10-06 08:25:13,167 INFO o.a.j.t.JMeterThread: Stopping because end time detected by thread: S2 1-31
2026-10-06 08:25:13,167 INFO o.a.j.t.JMeterThread: Thread finished: S2 1-31
2026-10-06 08:25:13,167 INFO o.a.j.t.JMeterThread: Stopping because end time detected by thread: S2 1-6
2026-10-06 08:25:13,167 INFO o.a.j.t.JMeterThread: Thread finished: S2 1-6
2026-10-06 08:25:13,168 INFO o.a.j.t.JMeterThread: Stopping because end time detected by thread: S2 1-77
2026-10-06 08:25:13,168 INFO o.a.j.t.JMeterThread: Thread finished: S2 1-77
2026-10-06 08:25:13,169 INFO o.a.j.t.JMeterThread: Stopping because end time detected by thread: S2 1-101
2026-10-06 08:25:13,169 INFO o.a.j.t.JMeterThread: Thread finished: S2 1-101
2026-10-06 08:25:13,169 INFO o.a.j.t.JMeterThread: Stopping because end time detected by thread: S2 1-24
2026-10-06 08:25:13,169 INFO o.a.j.t.JMeterThread: Stopping because end time detected by thread: S2 1-119
2026-10-06 08:25:13,169 INFO o.a.j.t.JMeterThread: Thread finished: S2 1-119
2026-10-06 08:25:13,169 INFO o.a.j.t.JMeterThread: Thread finished: S2 1-24
2026-10-06 08:25:13,170 INFO o.a.j.t.JMeterThread: Stopping because end time detected by thread: S2 1-84
2026-10-06 08:25:13,170 INFO o.a.j.t.JMeterThread: Thread finished: S2 1-84
2026-10-06 08:25:13,170 INFO o.a.j.t.JMeterThread: Stopping because end time detected by thread: S2 1-151
2026-10-06 08:25:13,170 INFO o.a.j.t.JMeterThread: Stopping because end time detected by thread: S2 1-30
2026-10-06 08:25:13,171 INFO o.a.j.t.JMeterThread: Thread finished: S2 1-151
2026-10-06 08:25:13,171 INFO o.a.j.t.JMeterThread: Thread finished: S2 1-30
2026-10-06 08:25:13,172 INFO o.a.j.t.JMeterThread: Stopping because end time detected by thread: S2 1-81
2026-10-06 08:25:13,172 INFO o.a.j.t.JMeterThread: Thread finished: S2 1-81
2026-10-06 08:25:13,172 INFO o.a.j.t.JMeterThread: Stopping because end time detected by thread: S2 1-29
2026-10-06 08:25:13,172 INFO o.a.j.t.JMeterThread: Thread finished: S2 1-29
2026-10-06 08:25:13,172 INFO o.a.j.t.JMeterThread: Stopping because end time detected by thread: S2 1-150
2026-10-06 08:25:13,173 INFO o.a.j.t.JMeterThread: Thread finished: S2 1-150
2026-10-06 08:25:13,173 INFO o.a.j.t.JMeterThread: Stopping because end time detected by thread: S2 1-61
2026-10-06 08:25:13,173 INFO o.a.j.t.JMeterThread: Thread finished: S2 1-61
2026-10-06 08:25:13,173 INFO o.a.j.t.JMeterThread: Stopping because end time detected by thread: S2 1-111
2026-10-06 08:25:13,173 INFO o.a.j.t.JMeterThread: Thread finished: S2 1-111
2026-10-06 08:25:13,173 INFO o.a.j.t.JMeterThread: Stopping because end time detected by thread: S2 1-115
2026-10-06 08:25:13,173 INFO o.a.j.t.JMeterThread: Thread finished: S2 1-115
2026-10-06 08:25:13,174 INFO o.a.j.t.JMeterThread: Stopping because end time detected by thread: S2 1-69
2026-10-06 08:25:13,174 INFO o.a.j.t.JMeterThread: Thread finished: S2 1-69
2026-10-06 08:25:13,174 INFO o.a.j.t.JMeterThread: Stopping because end time detected by thread: S2 1-48
2026-10-06 08:25:13,175 INFO o.a.j.t.JMeterThread: Thread finished: S2 1-48
2026-10-06 08:25:13,175 INFO o.a.j.t.JMeterThread: Stopping because end time detected by thread: S2 1-56
2026-10-06 08:25:13,175 INFO o.a.j.t.JMeterThread: Thread finished: S2 1-56
2026-10-06 08:25:13,175 INFO o.a.j.t.JMeterThread: Stopping because end time detected by thread: S2 1-46
2026-10-06 08:25:13,175 INFO o.a.j.t.JMeterThread: Thread finished: S2 1-46
2026-10-06 08:25:13,177 INFO o.a.j.t.JMeterThread: Stopping because end time detected by thread: S2 1-32
2026-10-06 08:25:13,177 INFO o.a.j.t.JMeterThread: Thread finished: S2 1-32
2026-10-06 08:25:13,180 INFO o.a.j.t.JMeterThread: Stopping because end time detected by thread: S2 1-130
2026-10-06 08:25:13,180 INFO o.a.j.t.JMeterThread: Stopping because end time detected by thread: S2 1-120
2026-10-06 08:25:13,181 INFO o.a.j.t.JMeterThread: Thread finished: S2 1-130
2026-10-06 08:25:13,181 INFO o.a.j.t.JMeterThread: Thread finished: S2 1-120
2026-10-06 08:25:13,181 INFO o.a.j.t.JMeterThread: Stopping because end time detected by thread: S2 1-121
2026-10-06 08:25:13,181 INFO o.a.j.t.JMeterThread: Thread finished: S2 1-121
2026-10-06 08:25:13,181 INFO o.a.j.t.JMeterThread: Stopping because end time detected by thread: S2 1-170
2026-10-06 08:25:13,181 INFO o.a.j.t.JMeterThread: Stopping because end time detected by thread: S2 1-50
2026-10-06 08:25:13,181 INFO o.a.j.t.JMeterThread: Thread finished: S2 1-170
2026-10-06 08:25:13,182 INFO o.a.j.t.JMeterThread: Thread finished: S2 1-50
2026-10-06 08:25:13,183 INFO o.a.j.t.JMeterThread: Stopping because end time detected by thread: S2 1-66
2026-10-06 08:25:13,183 INFO o.a.j.t.JMeterThread: Stopping because end time detected by thread: S2 1-118
2026-10-06 08:25:13,183 INFO o.a.j.t.JMeterThread: Stopping because end time detected by thread: S2 1-163
2026-10-06 08:25:13,183 INFO o.a.j.t.JMeterThread: Thread finished: S2 1-66
2026-10-06 08:25:13,183 INFO o.a.j.t.JMeterThread: Thread finished: S2 1-118
2026-10-06 08:25:13,183 INFO o.a.j.t.JMeterThread: Thread finished: S2 1-163
2026-10-06 08:25:13,183 INFO o.a.j.t.JMeterThread: Stopping because end time detected by thread: S2 1-83
2026-10-06 08:25:13,183 INFO o.a.j.t.JMeterThread: Thread finished: S2 1-83
2026-10-06 08:25:13,183 INFO o.a.j.t.JMeterThread: Stopping because end time detected by thread: S2 1-89
2026-10-06 08:25:13,184 INFO o.a.j.t.JMeterThread: Thread finished: S2 1-89
2026-10-06 08:25:13,185 INFO o.a.j.t.JMeterThread: Stopping because end time detected by thread: S2 1-181
2026-10-06 08:25:13,185 INFO o.a.j.t.JMeterThread: Thread finished: S2 1-181
2026-10-06 08:25:13,186 INFO o.a.j.t.JMeterThread: Stopping because end time detected by thread: S2 1-146
2026-10-06 08:25:13,186 INFO o.a.j.t.JMeterThread: Thread finished: S2 1-146
2026-10-06 08:25:13,187 INFO o.a.j.t.JMeterThread: Stopping because end time detected by thread: S2 1-190
2026-10-06 08:25:13,187 INFO o.a.j.t.JMeterThread: Thread finished: S2 1-190
2026-10-06 08:25:13,187 INFO o.a.j.t.JMeterThread: Stopping because end time detected by thread: S2 1-148
2026-10-06 08:25:13,188 INFO o.a.j.t.JMeterThread: Stopping because end time detected by thread: S2 1-52
2026-10-06 08:25:13,188 INFO o.a.j.t.JMeterThread: Thread finished: S2 1-148
2026-10-06 08:25:13,188 INFO o.a.j.t.JMeterThread: Thread finished: S2 1-52
2026-10-06 08:25:13,188 INFO o.a.j.t.JMeterThread: Stopping because end time detected by thread: S2 1-140
2026-10-06 08:25:13,188 INFO o.a.j.t.JMeterThread: Thread finished: S2 1-140
2026-10-06 08:25:13,188 INFO o.a.j.t.JMeterThread: Stopping because end time detected by thread: S2 1-142
2026-10-06 08:25:13,188 INFO o.a.j.t.JMeterThread: Thread finished: S2 1-142
2026-10-06 08:25:13,188 INFO o.a.j.t.JMeterThread: Stopping because end time detected by thread: S2 1-183
2026-10-06 08:25:13,189 INFO o.a.j.t.JMeterThread: Thread finished: S2 1-183
2026-10-06 08:25:13,189 INFO o.a.j.t.JMeterThread: Stopping because end time detected by thread: S2 1-53
2026-10-06 08:25:13,189 INFO o.a.j.t.JMeterThread: Thread finished: S2 1-53
2026-10-06 08:25:13,192 INFO o.a.j.t.JMeterThread: Stopping because end time detected by thread: S2 1-160
2026-10-06 08:25:13,192 INFO o.a.j.t.JMeterThread: Thread finished: S2 1-160
2026-10-06 08:25:13,192 INFO o.a.j.t.JMeterThread: Stopping because end time detected by thread: S2 1-158
2026-10-06 08:25:13,192 INFO o.a.j.t.JMeterThread: Thread finished: S2 1-158
2026-10-06 08:25:13,193 INFO o.a.j.t.JMeterThread: Stopping because end time detected by thread: S2 1-184
2026-10-06 08:25:13,193 INFO o.a.j.t.JMeterThread: Thread finished: S2 1-184
2026-10-06 08:25:13,193 INFO o.a.j.t.JMeterThread: Stopping because end time detected by thread: S2 1-92
2026-10-06 08:25:13,193 INFO o.a.j.t.JMeterThread: Thread finished: S2 1-92
2026-10-06 08:25:13,193 INFO o.a.j.t.JMeterThread: Stopping because end time detected by thread: S2 1-97
2026-10-06 08:25:13,194 INFO o.a.j.t.JMeterThread: Thread finished: S2 1-97
2026-10-06 08:25:13,194 INFO o.a.j.t.JMeterThread: Stopping because end time detected by thread: S2 1-114
2026-10-06 08:25:13,194 INFO o.a.j.t.JMeterThread: Stopping because end time detected by thread: S2 1-113
2026-10-06 08:25:13,194 INFO o.a.j.t.JMeterThread: Thread finished: S2 1-114
2026-10-06 08:25:13,194 INFO o.a.j.t.JMeterThread: Thread finished: S2 1-113
2026-10-06 08:25:13,194 INFO o.a.j.t.JMeterThread: Stopping because end time detected by thread: S2 1-78
2026-10-06 08:25:13,194 INFO o.a.j.t.JMeterThread: Stopping because end time detected by thread: S2 1-193
2026-10-06 08:25:13,194 INFO o.a.j.t.JMeterThread: Stopping because end time detected by thread: S2 1-100
2026-10-06 08:25:13,195 INFO o.a.j.t.JMeterThread: Thread finished: S2 1-100
2026-10-06 08:25:13,195 INFO o.a.j.t.JMeterThread: Thread finished: S2 1-193
2026-10-06 08:25:13,195 INFO o.a.j.t.JMeterThread: Stopping because end time detected by thread: S2 1-70
2026-10-06 08:25:13,195 INFO o.a.j.t.JMeterThread: Thread finished: S2 1-70
2026-10-06 08:25:13,195 INFO o.a.j.t.JMeterThread: Thread finished: S2 1-78
2026-10-06 08:25:13,195 INFO o.a.j.t.JMeterThread: Stopping because end time detected by thread: S2 1-189
2026-10-06 08:25:13,195 INFO o.a.j.t.JMeterThread: Thread finished: S2 1-189
2026-10-06 08:25:13,196 INFO o.a.j.t.JMeterThread: Stopping because end time detected by thread: S2 1-67
2026-10-06 08:25:13,197 INFO o.a.j.t.JMeterThread: Thread finished: S2 1-67
2026-10-06 08:25:13,197 INFO o.a.j.t.JMeterThread: Stopping because end time detected by thread: S2 1-54
2026-10-06 08:25:13,197 INFO o.a.j.t.JMeterThread: Thread finished: S2 1-54
2026-10-06 08:25:13,197 INFO o.a.j.t.JMeterThread: Stopping because end time detected by thread: S2 1-135
2026-10-06 08:25:13,197 INFO o.a.j.t.JMeterThread: Thread finished: S2 1-135
2026-10-06 08:25:13,197 INFO o.a.j.t.JMeterThread: Stopping because end time detected by thread: S2 1-173
2026-10-06 08:25:13,197 INFO o.a.j.t.JMeterThread: Thread finished: S2 1-173
2026-10-06 08:25:13,199 INFO o.a.j.t.JMeterThread: Stopping because end time detected by thread: S2 1-127
2026-10-06 08:25:13,199 INFO o.a.j.t.JMeterThread: Thread finished: S2 1-127
2026-10-06 08:25:13,199 INFO o.a.j.t.JMeterThread: Stopping because end time detected by thread: S2 1-88
2026-10-06 08:25:13,199 INFO o.a.j.t.JMeterThread: Thread finished: S2 1-88
2026-10-06 08:25:13,199 INFO o.a.j.t.JMeterThread: Stopping because end time detected by thread: S2 1-174
2026-10-06 08:25:13,199 INFO o.a.j.t.JMeterThread: Thread finished: S2 1-174
2026-10-06 08:25:13,200 INFO o.a.j.t.JMeterThread: Stopping because end time detected by thread: S2 1-177
2026-10-06 08:25:13,200 INFO o.a.j.t.JMeterThread: Thread finished: S2 1-177
2026-10-06 08:25:13,201 INFO o.a.j.t.JMeterThread: Stopping because end time detected by thread: S2 1-143
2026-10-06 08:25:13,201 INFO o.a.j.t.JMeterThread: Thread finished: S2 1-143
2026-10-06 08:25:13,203 INFO o.a.j.t.JMeterThread: Stopping because end time detected by thread: S2 1-195
2026-10-06 08:25:13,203 INFO o.a.j.t.JMeterThread: Stopping because end time detected by thread: S2 1-116
2026-10-06 08:25:13,203 INFO o.a.j.t.JMeterThread: Thread finished: S2 1-195
2026-10-06 08:25:13,203 INFO o.a.j.t.JMeterThread: Stopping because end time detected by thread: S2 1-159
2026-10-06 08:25:13,203 INFO o.a.j.t.JMeterThread: Thread finished: S2 1-116
2026-10-06 08:25:13,203 INFO o.a.j.t.JMeterThread: Thread finished: S2 1-159
2026-10-06 08:25:13,204 INFO o.a.j.t.JMeterThread: Stopping because end time detected by thread: S2 1-132
2026-10-06 08:25:13,204 INFO o.a.j.t.JMeterThread: Thread finished: S2 1-132
2026-10-06 08:25:13,206 INFO o.a.j.t.JMeterThread: Stopping because end time detected by thread: S2 1-168
2026-10-06 08:25:13,206 INFO o.a.j.t.JMeterThread: Thread finished: S2 1-168
2026-10-06 08:25:13,206 INFO o.a.j.t.JMeterThread: Stopping because end time detected by thread: S2 1-147
2026-10-06 08:25:13,206 INFO o.a.j.t.JMeterThread: Thread finished: S2 1-147
2026-10-06 08:25:13,207 INFO o.a.j.t.JMeterThread: Stopping because end time detected by thread: S2 1-131
2026-10-06 08:25:13,207 INFO o.a.j.t.JMeterThread: Thread finished: S2 1-131
2026-10-06 08:25:13,207 INFO o.a.j.t.JMeterThread: Stopping because end time detected by thread: S2 1-172
2026-10-06 08:25:13,207 INFO o.a.j.t.JMeterThread: Thread finished: S2 1-172
2026-10-06 08:25:13,208 INFO o.a.j.t.JMeterThread: Stopping because end time detected by thread: S2 1-128
2026-10-06 08:25:13,208 INFO o.a.j.t.JMeterThread: Thread finished: S2 1-128
2026-10-06 08:25:13,208 INFO o.a.j.t.JMeterThread: Stopping because end time detected by thread: S2 1-192
2026-10-06 08:25:13,208 INFO o.a.j.t.JMeterThread: Thread finished: S2 1-192
2026-10-06 08:25:13,208 INFO o.a.j.t.JMeterThread: Stopping because end time detected by thread: S2 1-90
2026-10-06 08:25:13,208 INFO o.a.j.t.JMeterThread: Thread finished: S2 1-90
2026-10-06 08:25:13,208 INFO o.a.j.t.JMeterThread: Stopping because end time detected by thread: S2 1-74
2026-10-06 08:25:13,208 INFO o.a.j.t.JMeterThread: Stopping because end time detected by thread: S2 1-102
2026-10-06 08:25:13,208 INFO o.a.j.t.JMeterThread: Thread finished: S2 1-102
2026-10-06 08:25:13,208 INFO o.a.j.t.JMeterThread: Thread finished: S2 1-74
2026-10-06 08:25:13,209 INFO o.a.j.t.JMeterThread: Stopping because end time detected by thread: S2 1-141
2026-10-06 08:25:13,209 INFO o.a.j.t.JMeterThread: Stopping because end time detected by thread: S2 1-138
2026-10-06 08:25:13,209 INFO o.a.j.t.JMeterThread: Thread finished: S2 1-141
2026-10-06 08:25:13,209 INFO o.a.j.t.JMeterThread: Stopping because end time detected by thread: S2 1-185
2026-10-06 08:25:13,209 INFO o.a.j.t.JMeterThread: Thread finished: S2 1-185
2026-10-06 08:25:13,209 INFO o.a.j.t.JMeterThread: Stopping because end time detected by thread: S2 1-162
2026-10-06 08:25:13,209 INFO o.a.j.t.JMeterThread: Thread finished: S2 1-162
2026-10-06 08:25:13,209 INFO o.a.j.t.JMeterThread: Thread finished: S2 1-138
2026-10-06 08:25:13,209 INFO o.a.j.t.JMeterThread: Stopping because end time detected by thread: S2 1-197
2026-10-06 08:25:13,210 INFO o.a.j.t.JMeterThread: Thread finished: S2 1-197
2026-10-06 08:25:13,210 INFO o.a.j.t.JMeterThread: Stopping because end time detected by thread: S2 1-123
2026-10-06 08:25:13,210 INFO o.a.j.t.JMeterThread: Thread finished: S2 1-123
2026-10-06 08:25:13,210 INFO o.a.j.t.JMeterThread: Stopping because end time detected by thread: S2 1-133
2026-10-06 08:25:13,210 INFO o.a.j.t.JMeterThread: Thread finished: S2 1-133
2026-10-06 08:25:13,211 INFO o.a.j.t.JMeterThread: Stopping because end time detected by thread: S2 1-171
2026-10-06 08:25:13,211 INFO o.a.j.t.JMeterThread: Thread finished: S2 1-171
2026-10-06 08:25:13,211 INFO o.a.j.t.JMeterThread: Stopping because end time detected by thread: S2 1-152
2026-10-06 08:25:13,211 INFO o.a.j.t.JMeterThread: Thread finished: S2 1-152
2026-10-06 08:25:13,213 INFO o.a.j.t.JMeterThread: Stopping because end time detected by thread: S2 1-137
2026-10-06 08:25:13,214 INFO o.a.j.t.JMeterThread: Thread finished: S2 1-137
2026-10-06 08:25:13,214 INFO o.a.j.t.JMeterThread: Stopping because end time detected by thread: S2 1-196
2026-10-06 08:25:13,214 INFO o.a.j.t.JMeterThread: Thread finished: S2 1-196
2026-10-06 08:25:13,214 INFO o.a.j.t.JMeterThread: Stopping because end time detected by thread: S2 1-180
2026-10-06 08:25:13,214 INFO o.a.j.t.JMeterThread: Stopping because end time detected by thread: S2 1-139
2026-10-06 08:25:13,214 INFO o.a.j.t.JMeterThread: Thread finished: S2 1-180
2026-10-06 08:25:13,214 INFO o.a.j.t.JMeterThread: Thread finished: S2 1-139
2026-10-06 08:25:13,214 INFO o.a.j.t.JMeterThread: Stopping because end time detected by thread: S2 1-124
2026-10-06 08:25:13,214 INFO o.a.j.t.JMeterThread: Thread finished: S2 1-124
2026-10-06 08:25:13,215 INFO o.a.j.t.JMeterThread: Stopping because end time detected by thread: S2 1-187
2026-10-06 08:25:13,215 INFO o.a.j.t.JMeterThread: Stopping because end time detected by thread: S2 1-109
2026-10-06 08:25:13,215 INFO o.a.j.t.JMeterThread: Thread finished: S2 1-187
2026-10-06 08:25:13,215 INFO o.a.j.t.JMeterThread: Stopping because end time detected by thread: S2 1-167
2026-10-06 08:25:13,215 INFO o.a.j.t.JMeterThread: Thread finished: S2 1-167
2026-10-06 08:25:13,215 INFO o.a.j.t.JMeterThread: Stopping because end time detected by thread: S2 1-178
2026-10-06 08:25:13,215 INFO o.a.j.t.JMeterThread: Thread finished: S2 1-178
2026-10-06 08:25:13,215 INFO o.a.j.t.JMeterThread: Stopping because end time detected by thread: S2 1-126
2026-10-06 08:25:13,215 INFO o.a.j.t.JMeterThread: Thread finished: S2 1-126
2026-10-06 08:25:13,216 INFO o.a.j.t.JMeterThread: Stopping because end time detected by thread: S2 1-166
2026-10-06 08:25:13,216 INFO o.a.j.t.JMeterThread: Thread finished: S2 1-166
2026-10-06 08:25:13,215 INFO o.a.j.t.JMeterThread: Stopping because end time detected by thread: S2 1-145
2026-10-06 08:25:13,215 INFO o.a.j.t.JMeterThread: Stopping because end time detected by thread: S2 1-165
2026-10-06 08:25:13,216 INFO o.a.j.t.JMeterThread: Thread finished: S2 1-145
2026-10-06 08:25:13,216 INFO o.a.j.t.JMeterThread: Thread finished: S2 1-165
2026-10-06 08:25:13,215 INFO o.a.j.t.JMeterThread: Stopping because end time detected by thread: S2 1-188
2026-10-06 08:25:13,215 INFO o.a.j.t.JMeterThread: Stopping because end time detected by thread: S2 1-93
2026-10-06 08:25:13,217 INFO o.a.j.t.JMeterThread: Thread finished: S2 1-93
2026-10-06 08:25:13,217 INFO o.a.j.t.JMeterThread: Stopping because end time detected by thread: S2 1-198
2026-10-06 08:25:13,217 INFO o.a.j.t.JMeterThread: Thread finished: S2 1-198
2026-10-06 08:25:13,215 INFO o.a.j.t.JMeterThread: Thread finished: S2 1-109
2026-10-06 08:25:13,215 INFO o.a.j.t.JMeterThread: Stopping because end time detected by thread: S2 1-175
2026-10-06 08:25:13,217 INFO o.a.j.t.JMeterThread: Stopping because end time detected by thread: S2 1-194
2026-10-06 08:25:13,217 INFO o.a.j.t.JMeterThread: Stopping because end time detected by thread: S2 1-169
2026-10-06 08:25:13,216 INFO o.a.j.t.JMeterThread: Thread finished: S2 1-188
2026-10-06 08:25:13,217 INFO o.a.j.t.JMeterThread: Thread finished: S2 1-194
2026-10-06 08:25:13,217 INFO o.a.j.t.JMeterThread: Thread finished: S2 1-175
2026-10-06 08:25:13,217 INFO o.a.j.t.JMeterThread: Thread finished: S2 1-169
2026-10-06 08:25:13,217 INFO o.a.j.t.JMeterThread: Stopping because end time detected by thread: S2 1-122
2026-10-06 08:25:13,218 INFO o.a.j.t.JMeterThread: Thread finished: S2 1-122
2026-10-06 08:25:13,218 INFO o.a.j.t.JMeterThread: Stopping because end time detected by thread: S2 1-144
2026-10-06 08:25:13,218 INFO o.a.j.t.JMeterThread: Thread finished: S2 1-144
2026-10-06 08:25:13,218 INFO o.a.j.t.JMeterThread: Stopping because end time detected by thread: S2 1-156
2026-10-06 08:25:13,218 INFO o.a.j.t.JMeterThread: Stopping because end time detected by thread: S2 1-154
2026-10-06 08:25:13,219 INFO o.a.j.t.JMeterThread: Thread finished: S2 1-154
2026-10-06 08:25:13,219 INFO o.a.j.t.JMeterThread: Stopping because end time detected by thread: S2 1-129
2026-10-06 08:25:13,219 INFO o.a.j.t.JMeterThread: Stopping because end time detected by thread: S2 1-125
2026-10-06 08:25:13,220 INFO o.a.j.t.JMeterThread: Stopping because end time detected by thread: S2 1-157
2026-10-06 08:25:13,220 INFO o.a.j.t.JMeterThread: Thread finished: S2 1-125
2026-10-06 08:25:13,220 INFO o.a.j.t.JMeterThread: Thread finished: S2 1-129
2026-10-06 08:25:13,220 INFO o.a.j.t.JMeterThread: Stopping because end time detected by thread: S2 1-134
2026-10-06 08:25:13,220 INFO o.a.j.t.JMeterThread: Thread finished: S2 1-157
2026-10-06 08:25:13,220 INFO o.a.j.t.JMeterThread: Thread finished: S2 1-134
2026-10-06 08:25:13,220 INFO o.a.j.t.JMeterThread: Stopping because end time detected by thread: S2 1-149
2026-10-06 08:25:13,221 INFO o.a.j.t.JMeterThread: Thread finished: S2 1-149
2026-10-06 08:25:13,221 INFO o.a.j.t.JMeterThread: Stopping because end time detected by thread: S2 1-182
2026-10-06 08:25:13,221 INFO o.a.j.t.JMeterThread: Thread finished: S2 1-182
2026-10-06 08:25:13,222 INFO o.a.j.t.JMeterThread: Stopping because end time detected by thread: S2 1-200
2026-10-06 08:25:13,218 INFO o.a.j.t.JMeterThread: Thread finished: S2 1-156
2026-10-06 08:25:13,222 INFO o.a.j.t.JMeterThread: Thread finished: S2 1-200
2026-10-06 08:25:13,223 INFO o.a.j.t.JMeterThread: Stopping because end time detected by thread: S2 1-161
2026-10-06 08:25:13,223 INFO o.a.j.t.JMeterThread: Stopping because end time detected by thread: S2 1-136
2026-10-06 08:25:13,223 INFO o.a.j.t.JMeterThread: Thread finished: S2 1-161
2026-10-06 08:25:13,223 INFO o.a.j.t.JMeterThread: Thread finished: S2 1-136
2026-10-06 08:25:13,223 INFO o.a.j.t.JMeterThread: Stopping because end time detected by thread: S2 1-153
2026-10-06 08:25:13,223 INFO o.a.j.t.JMeterThread: Stopping because end time detected by thread: S2 1-164
2026-10-06 08:25:13,224 INFO o.a.j.t.JMeterThread: Thread finished: S2 1-153
2026-10-06 08:25:13,224 INFO o.a.j.t.JMeterThread: Thread finished: S2 1-164
2026-10-06 08:25:13,224 INFO o.a.j.t.JMeterThread: Stopping because end time detected by thread: S2 1-191
2026-10-06 08:25:13,224 INFO o.a.j.t.JMeterThread: Stopping because end time detected by thread: S2 1-176
2026-10-06 08:25:13,224 INFO o.a.j.t.JMeterThread: Thread finished: S2 1-191
2026-10-06 08:25:13,224 INFO o.a.j.t.JMeterThread: Thread finished: S2 1-176
2026-10-06 08:25:13,224 INFO o.a.j.t.JMeterThread: Stopping because end time detected by thread: S2 1-199
2026-10-06 08:25:13,224 INFO o.a.j.t.JMeterThread: Thread finished: S2 1-199
2026-10-06 08:25:13,224 INFO o.a.j.t.JMeterThread: Stopping because end time detected by thread: S2 1-186
2026-10-06 08:25:13,224 INFO o.a.j.t.JMeterThread: Thread finished: S2 1-186
2026-10-06 08:25:13,225 INFO o.a.j.t.JMeterThread: Stopping because end time detected by thread: S2 1-179
2026-10-06 08:25:13,225 INFO o.a.j.t.JMeterThread: Thread finished: S2 1-179
2026-10-06 08:25:13,225 INFO o.a.j.e.StandardJMeterEngine: Notifying test listeners of end of test
2026-10-06 08:25:13,225 INFO o.a.j.s.FileServer: Close: /tests/data/available_menu_items.csv
2026-10-06 08:25:13,227 INFO o.a.j.r.Summariser: summary +  30905 in 00:00:13 = 2336.5/s Avg:    95 Min:    44 Max:   154 Err:     0 (0.00%) Active: 0 Started: 200 Finished: 200
2026-10-06 08:25:13,228 INFO o.a.j.r.Summariser: summary = 130945 in 00:01:01 = 2148.4/s Avg:    89 Min:     5 Max:   281 Err:     0 (0.00%)
