2026-10-06 08:23:06,610 INFO o.a.j.u.JMeterUtils: Setting Locale to en_EN
2026-10-06 08:23:06,631 INFO o.a.j.JMeter: Loading user properties from: /opt/jmeter/bin/user.properties
2026-10-06 08:23:06,631 INFO o.a.j.JMeter: Loading system properties from: /opt/jmeter/bin/system.properties
2026-10-06 08:23:06,632 INFO o.a.j.JMeter: Loading additional properties from: /tests/run.properties
2026-10-06 08:23:06,632 INFO o.a.j.JMeter: Loading additional properties from: /tests/data/ranges.properties
2026-10-06 08:23:06,632 INFO o.a.j.JMeter: Setting JMeter property: host=nestjs-nginx
2026-10-06 08:23:06,632 INFO o.a.j.JMeter: Setting JMeter property: port=80
2026-10-06 08:23:06,632 INFO o.a.j.JMeter: Setting JMeter property: rampup=10
2026-10-06 08:23:06,632 INFO o.a.j.JMeter: Setting JMeter property: endpoint=EP7
2026-10-06 08:23:06,632 INFO o.a.j.JMeter: Setting JMeter property: users=200
2026-10-06 08:23:06,632 INFO o.a.j.JMeter: Setting JMeter property: duration=60
2026-10-06 08:23:06,637 INFO o.a.j.JMeter: Copyright (c) 1998-2024 The Apache Software Foundation
2026-10-06 08:23:06,637 INFO o.a.j.JMeter: Version 5.6.3
2026-10-06 08:23:06,637 INFO o.a.j.JMeter: java.version=21.0.12.1
2026-10-06 08:23:06,637 INFO o.a.j.JMeter: java.vm.name=OpenJDK 64-Bit Server VM
2026-10-06 08:23:06,637 INFO o.a.j.JMeter: os.name=Linux
2026-10-06 08:23:06,637 INFO o.a.j.JMeter: os.arch=amd64
2026-10-06 08:23:06,637 INFO o.a.j.JMeter: os.version=6.6.87.2-microsoft-standard-WSL2
2026-10-06 08:23:06,637 INFO o.a.j.JMeter: file.encoding=UTF-8
2026-10-06 08:23:06,637 INFO o.a.j.JMeter: java.awt.headless=true
2026-10-06 08:23:06,637 INFO o.a.j.JMeter: Max memory     =4294967296
2026-10-06 08:23:06,637 INFO o.a.j.JMeter: Available Processors =12
2026-10-06 08:23:06,644 INFO o.a.j.JMeter: Default Locale=English (EN)
2026-10-06 08:23:06,644 INFO o.a.j.JMeter: JMeter  Locale=English (EN)
2026-10-06 08:23:06,644 INFO o.a.j.JMeter: JMeterHome=/opt/jmeter
2026-10-06 08:23:06,645 INFO o.a.j.JMeter: user.dir  =/tests
2026-10-06 08:23:06,645 INFO o.a.j.JMeter: PWD       =/tests
2026-10-06 08:23:06,645 INFO o.a.j.JMeter: IP: 172.19.0.5 Name: 63a167d0b47e FullName: 63a167d0b47e
2026-10-06 08:23:06,654 INFO o.a.j.s.FileServer: Default base='/tests'
2026-10-06 08:23:06,655 INFO o.a.j.s.FileServer: Set new base='/tests'
2026-10-06 08:23:06,807 INFO o.a.j.s.SaveService: Testplan (JMX) version: 2.2. Testlog (JTL) version: 2.2
2026-10-06 08:23:06,830 INFO o.a.j.s.SaveService: Using SaveService properties version 5.0
2026-10-06 08:23:06,832 INFO o.a.j.s.SaveService: Using SaveService properties file encoding UTF-8
2026-10-06 08:23:06,836 INFO o.a.j.s.SaveService: Loading file: /tests/s2.jmx
2026-10-06 08:23:06,877 INFO o.a.j.p.h.s.HTTPSamplerBase: Parser for text/html is org.apache.jmeter.protocol.http.parser.LagartoBasedHtmlParser
2026-10-06 08:23:06,877 INFO o.a.j.p.h.s.HTTPSamplerBase: Parser for application/xhtml+xml is org.apache.jmeter.protocol.http.parser.LagartoBasedHtmlParser
2026-10-06 08:23:06,877 INFO o.a.j.p.h.s.HTTPSamplerBase: Parser for application/xml is org.apache.jmeter.protocol.http.parser.LagartoBasedHtmlParser
2026-10-06 08:23:06,877 INFO o.a.j.p.h.s.HTTPSamplerBase: Parser for text/xml is org.apache.jmeter.protocol.http.parser.LagartoBasedHtmlParser
2026-10-06 08:23:06,877 INFO o.a.j.p.h.s.HTTPSamplerBase: Parser for text/vnd.wap.wml is org.apache.jmeter.protocol.http.parser.RegexpHTMLParser
2026-10-06 08:23:06,878 INFO o.a.j.p.h.s.HTTPSamplerBase: Parser for text/css is org.apache.jmeter.protocol.http.parser.CssParser
2026-10-06 08:23:06,920 INFO o.a.j.JMeter: Creating summariser <summary>
2026-10-06 08:23:06,934 INFO o.a.j.e.StandardJMeterEngine: Running the test!
2026-10-06 08:23:06,935 INFO o.a.j.s.SampleEvent: List of sample_variables: []
2026-10-06 08:23:06,935 INFO o.a.j.s.SampleEvent: List of sample_variables: []
2026-10-06 08:23:06,938 INFO o.a.j.e.u.CompoundVariable: Note: Function class names must contain the string: '.functions.'
2026-10-06 08:23:06,938 INFO o.a.j.e.u.CompoundVariable: Note: Function class names must not contain the string: '.gui.'
2026-10-06 08:23:07,140 INFO o.a.j.JMeter: Running test (1791274987140)
2026-10-06 08:23:07,141 INFO o.a.j.e.StandardJMeterEngine: Starting setUp thread groups
2026-10-06 08:23:07,141 INFO o.a.j.e.StandardJMeterEngine: Starting setUp ThreadGroup: 1 : setUp - login 
2026-10-06 08:23:07,141 INFO o.a.j.e.StandardJMeterEngine: Starting 1 threads for group setUp - login.
2026-10-06 08:23:07,141 INFO o.a.j.e.StandardJMeterEngine: Test will stop abruptly on error
2026-10-06 08:23:07,142 INFO o.a.j.t.ThreadGroup: Starting thread group... number=1 threads=1 ramp-up=1 delayedStart=false
2026-10-06 08:23:07,144 INFO o.a.j.t.ThreadGroup: Started thread group number 1
2026-10-06 08:23:07,144 INFO o.a.j.e.StandardJMeterEngine: Waiting for all setup thread groups to exit
2026-10-06 08:23:07,146 INFO o.a.j.t.JMeterThread: Thread started: setUp - login 1-1
2026-10-06 08:23:07,157 INFO o.a.j.p.h.s.HTTPHCAbstractImpl: Local host = 63a167d0b47e
2026-10-06 08:23:07,160 INFO o.a.j.p.h.s.HTTPHC4Impl: HTTP request retry count = 0
2026-10-06 08:23:07,162 INFO o.a.j.s.SampleResult: Note: Sample TimeStamps are START times
2026-10-06 08:23:07,162 INFO o.a.j.s.SampleResult: sampleresult.default.encoding is set to UTF-8
2026-10-06 08:23:07,162 INFO o.a.j.s.SampleResult: sampleresult.useNanoTime=true
2026-10-06 08:23:07,162 INFO o.a.j.s.SampleResult: sampleresult.nanoThreadSleep=5000
2026-10-06 08:23:07,895 INFO o.a.j.t.JMeterThread: Thread is done: setUp - login 1-1
2026-10-06 08:23:07,895 INFO o.a.j.t.JMeterThread: Thread finished: setUp - login 1-1
2026-10-06 08:23:07,896 INFO o.a.j.e.StandardJMeterEngine: All Setup Threads have ended
2026-10-06 08:23:07,919 INFO o.a.j.e.StandardJMeterEngine: Starting ThreadGroup: 1 : S2
2026-10-06 08:23:07,920 INFO o.a.j.e.StandardJMeterEngine: Starting 200 threads for group S2.
2026-10-06 08:23:07,920 INFO o.a.j.e.StandardJMeterEngine: Thread will continue on error
2026-10-06 08:23:07,920 INFO o.a.j.t.ThreadGroup: Starting thread group... number=1 threads=200 ramp-up=10 delayedStart=false
2026-10-06 08:23:07,930 INFO o.a.j.t.JMeterThread: Thread started: S2 1-1
2026-10-06 08:23:07,931 INFO o.a.j.s.FileServer: Stored: /tests/data/available_menu_items.csv
2026-10-06 08:23:07,979 INFO o.a.j.t.JMeterThread: Thread started: S2 1-2
2026-10-06 08:23:08,028 INFO o.a.j.t.JMeterThread: Thread started: S2 1-3
2026-10-06 08:23:08,029 INFO o.a.j.t.ThreadGroup: Started thread group number 1
2026-10-06 08:23:08,029 INFO o.a.j.e.StandardJMeterEngine: All thread groups have been started
2026-10-06 08:23:08,077 INFO o.a.j.t.JMeterThread: Thread started: S2 1-4
2026-10-06 08:23:08,127 INFO o.a.j.t.JMeterThread: Thread started: S2 1-5
2026-10-06 08:23:08,176 INFO o.a.j.t.JMeterThread: Thread started: S2 1-6
2026-10-06 08:23:08,225 INFO o.a.j.t.JMeterThread: Thread started: S2 1-7
2026-10-06 08:23:08,274 INFO o.a.j.t.JMeterThread: Thread started: S2 1-8
2026-10-06 08:23:08,323 INFO o.a.j.t.JMeterThread: Thread started: S2 1-9
2026-10-06 08:23:08,373 INFO o.a.j.t.JMeterThread: Thread started: S2 1-10
2026-10-06 08:23:08,421 INFO o.a.j.t.JMeterThread: Thread started: S2 1-11
2026-10-06 08:23:08,471 INFO o.a.j.t.JMeterThread: Thread started: S2 1-12
2026-10-06 08:23:08,522 INFO o.a.j.t.JMeterThread: Thread started: S2 1-13
2026-10-06 08:23:08,572 INFO o.a.j.t.JMeterThread: Thread started: S2 1-14
2026-10-06 08:23:08,622 INFO o.a.j.t.JMeterThread: Thread started: S2 1-15
2026-10-06 08:23:08,672 INFO o.a.j.t.JMeterThread: Thread started: S2 1-16
2026-10-06 08:23:08,723 INFO o.a.j.t.JMeterThread: Thread started: S2 1-17
2026-10-06 08:23:08,772 INFO o.a.j.t.JMeterThread: Thread started: S2 1-18
2026-10-06 08:23:08,823 INFO o.a.j.t.JMeterThread: Thread started: S2 1-19
2026-10-06 08:23:08,872 INFO o.a.j.t.JMeterThread: Thread started: S2 1-20
2026-10-06 08:23:08,922 INFO o.a.j.t.JMeterThread: Thread started: S2 1-21
2026-10-06 08:23:08,972 INFO o.a.j.t.JMeterThread: Thread started: S2 1-22
2026-10-06 08:23:09,022 INFO o.a.j.t.JMeterThread: Thread started: S2 1-23
2026-10-06 08:23:09,071 INFO o.a.j.t.JMeterThread: Thread started: S2 1-24
2026-10-06 08:23:09,121 INFO o.a.j.t.JMeterThread: Thread started: S2 1-25
2026-10-06 08:23:09,172 INFO o.a.j.t.JMeterThread: Thread started: S2 1-26
2026-10-06 08:23:09,221 INFO o.a.j.t.JMeterThread: Thread started: S2 1-27
2026-10-06 08:23:09,272 INFO o.a.j.t.JMeterThread: Thread started: S2 1-28
2026-10-06 08:23:09,322 INFO o.a.j.t.JMeterThread: Thread started: S2 1-29
2026-10-06 08:23:09,372 INFO o.a.j.t.JMeterThread: Thread started: S2 1-30
2026-10-06 08:23:09,421 INFO o.a.j.t.JMeterThread: Thread started: S2 1-31
2026-10-06 08:23:09,470 INFO o.a.j.t.JMeterThread: Thread started: S2 1-32
2026-10-06 08:23:09,521 INFO o.a.j.t.JMeterThread: Thread started: S2 1-33
2026-10-06 08:23:09,571 INFO o.a.j.t.JMeterThread: Thread started: S2 1-34
2026-10-06 08:23:09,621 INFO o.a.j.t.JMeterThread: Thread started: S2 1-35
2026-10-06 08:23:09,672 INFO o.a.j.t.JMeterThread: Thread started: S2 1-36
2026-10-06 08:23:09,721 INFO o.a.j.t.JMeterThread: Thread started: S2 1-37
2026-10-06 08:23:09,772 INFO o.a.j.t.JMeterThread: Thread started: S2 1-38
2026-10-06 08:23:09,821 INFO o.a.j.t.JMeterThread: Thread started: S2 1-39
2026-10-06 08:23:09,871 INFO o.a.j.t.JMeterThread: Thread started: S2 1-40
2026-10-06 08:23:09,921 INFO o.a.j.t.JMeterThread: Thread started: S2 1-41
2026-10-06 08:23:09,971 INFO o.a.j.t.JMeterThread: Thread started: S2 1-42
2026-10-06 08:23:10,021 INFO o.a.j.t.JMeterThread: Thread started: S2 1-43
2026-10-06 08:23:10,072 INFO o.a.j.t.JMeterThread: Thread started: S2 1-44
2026-10-06 08:23:10,122 INFO o.a.j.t.JMeterThread: Thread started: S2 1-45
2026-10-06 08:23:10,172 INFO o.a.j.t.JMeterThread: Thread started: S2 1-46
2026-10-06 08:23:10,221 INFO o.a.j.t.JMeterThread: Thread started: S2 1-47
2026-10-06 08:23:10,272 INFO o.a.j.t.JMeterThread: Thread started: S2 1-48
2026-10-06 08:23:10,321 INFO o.a.j.t.JMeterThread: Thread started: S2 1-49
2026-10-06 08:23:10,370 INFO o.a.j.t.JMeterThread: Thread started: S2 1-50
2026-10-06 08:23:10,422 INFO o.a.j.t.JMeterThread: Thread started: S2 1-51
2026-10-06 08:23:10,472 INFO o.a.j.t.JMeterThread: Thread started: S2 1-52
2026-10-06 08:23:10,521 INFO o.a.j.t.JMeterThread: Thread started: S2 1-53
2026-10-06 08:23:10,572 INFO o.a.j.t.JMeterThread: Thread started: S2 1-54
2026-10-06 08:23:10,621 INFO o.a.j.t.JMeterThread: Thread started: S2 1-55
2026-10-06 08:23:10,672 INFO o.a.j.t.JMeterThread: Thread started: S2 1-56
2026-10-06 08:23:10,721 INFO o.a.j.t.JMeterThread: Thread started: S2 1-57
2026-10-06 08:23:10,771 INFO o.a.j.t.JMeterThread: Thread started: S2 1-58
2026-10-06 08:23:10,822 INFO o.a.j.t.JMeterThread: Thread started: S2 1-59
2026-10-06 08:23:10,871 INFO o.a.j.t.JMeterThread: Thread started: S2 1-60
2026-10-06 08:23:10,922 INFO o.a.j.t.JMeterThread: Thread started: S2 1-61
2026-10-06 08:23:10,972 INFO o.a.j.t.JMeterThread: Thread started: S2 1-62
2026-10-06 08:23:11,021 INFO o.a.j.t.JMeterThread: Thread started: S2 1-63
2026-10-06 08:23:11,071 INFO o.a.j.t.JMeterThread: Thread started: S2 1-64
2026-10-06 08:23:11,121 INFO o.a.j.t.JMeterThread: Thread started: S2 1-65
2026-10-06 08:23:11,171 INFO o.a.j.t.JMeterThread: Thread started: S2 1-66
2026-10-06 08:23:11,221 INFO o.a.j.t.JMeterThread: Thread started: S2 1-67
2026-10-06 08:23:11,271 INFO o.a.j.t.JMeterThread: Thread started: S2 1-68
2026-10-06 08:23:11,321 INFO o.a.j.t.JMeterThread: Thread started: S2 1-69
2026-10-06 08:23:11,371 INFO o.a.j.t.JMeterThread: Thread started: S2 1-70
2026-10-06 08:23:11,421 INFO o.a.j.t.JMeterThread: Thread started: S2 1-71
2026-10-06 08:23:11,471 INFO o.a.j.t.JMeterThread: Thread started: S2 1-72
2026-10-06 08:23:11,521 INFO o.a.j.t.JMeterThread: Thread started: S2 1-73
2026-10-06 08:23:11,572 INFO o.a.j.t.JMeterThread: Thread started: S2 1-74
2026-10-06 08:23:11,621 INFO o.a.j.t.JMeterThread: Thread started: S2 1-75
2026-10-06 08:23:11,672 INFO o.a.j.t.JMeterThread: Thread started: S2 1-76
2026-10-06 08:23:11,722 INFO o.a.j.t.JMeterThread: Thread started: S2 1-77
2026-10-06 08:23:11,772 INFO o.a.j.t.JMeterThread: Thread started: S2 1-78
2026-10-06 08:23:11,825 INFO o.a.j.t.JMeterThread: Thread started: S2 1-79
2026-10-06 08:23:11,872 INFO o.a.j.t.JMeterThread: Thread started: S2 1-80
2026-10-06 08:23:11,921 INFO o.a.j.t.JMeterThread: Thread started: S2 1-81
2026-10-06 08:23:11,971 INFO o.a.j.t.JMeterThread: Thread started: S2 1-82
2026-10-06 08:23:12,021 INFO o.a.j.t.JMeterThread: Thread started: S2 1-83
2026-10-06 08:23:12,071 INFO o.a.j.t.JMeterThread: Thread started: S2 1-84
2026-10-06 08:23:12,120 INFO o.a.j.t.JMeterThread: Thread started: S2 1-85
2026-10-06 08:23:12,172 INFO o.a.j.t.JMeterThread: Thread started: S2 1-86
2026-10-06 08:23:12,222 INFO o.a.j.t.JMeterThread: Thread started: S2 1-87
2026-10-06 08:23:12,271 INFO o.a.j.t.JMeterThread: Thread started: S2 1-88
2026-10-06 08:23:12,321 INFO o.a.j.t.JMeterThread: Thread started: S2 1-89
2026-10-06 08:23:12,370 INFO o.a.j.t.JMeterThread: Thread started: S2 1-90
2026-10-06 08:23:12,421 INFO o.a.j.t.JMeterThread: Thread started: S2 1-91
2026-10-06 08:23:12,470 INFO o.a.j.t.JMeterThread: Thread started: S2 1-92
2026-10-06 08:23:12,521 INFO o.a.j.t.JMeterThread: Thread started: S2 1-93
2026-10-06 08:23:12,571 INFO o.a.j.t.JMeterThread: Thread started: S2 1-94
2026-10-06 08:23:12,621 INFO o.a.j.t.JMeterThread: Thread started: S2 1-95
2026-10-06 08:23:12,673 INFO o.a.j.t.JMeterThread: Thread started: S2 1-96
2026-10-06 08:23:12,721 INFO o.a.j.t.JMeterThread: Thread started: S2 1-97
2026-10-06 08:23:12,772 INFO o.a.j.t.JMeterThread: Thread started: S2 1-98
2026-10-06 08:23:12,820 INFO o.a.j.t.JMeterThread: Thread started: S2 1-99
2026-10-06 08:23:12,872 INFO o.a.j.t.JMeterThread: Thread started: S2 1-100
2026-10-06 08:23:12,921 INFO o.a.j.t.JMeterThread: Thread started: S2 1-101
2026-10-06 08:23:12,970 INFO o.a.j.t.JMeterThread: Thread started: S2 1-102
2026-10-06 08:23:13,021 INFO o.a.j.t.JMeterThread: Thread started: S2 1-103
2026-10-06 08:23:13,071 INFO o.a.j.t.JMeterThread: Thread started: S2 1-104
2026-10-06 08:23:13,120 INFO o.a.j.t.JMeterThread: Thread started: S2 1-105
2026-10-06 08:23:13,171 INFO o.a.j.t.JMeterThread: Thread started: S2 1-106
2026-10-06 08:23:13,221 INFO o.a.j.t.JMeterThread: Thread started: S2 1-107
2026-10-06 08:23:13,271 INFO o.a.j.t.JMeterThread: Thread started: S2 1-108
2026-10-06 08:23:13,322 INFO o.a.j.t.JMeterThread: Thread started: S2 1-109
2026-10-06 08:23:13,371 INFO o.a.j.t.JMeterThread: Thread started: S2 1-110
2026-10-06 08:23:13,422 INFO o.a.j.t.JMeterThread: Thread started: S2 1-111
2026-10-06 08:23:13,470 INFO o.a.j.t.JMeterThread: Thread started: S2 1-112
2026-10-06 08:23:13,521 INFO o.a.j.t.JMeterThread: Thread started: S2 1-113
2026-10-06 08:23:13,572 INFO o.a.j.t.JMeterThread: Thread started: S2 1-114
2026-10-06 08:23:13,620 INFO o.a.j.t.JMeterThread: Thread started: S2 1-115
2026-10-06 08:23:13,672 INFO o.a.j.t.JMeterThread: Thread started: S2 1-116
2026-10-06 08:23:13,722 INFO o.a.j.t.JMeterThread: Thread started: S2 1-117
2026-10-06 08:23:13,772 INFO o.a.j.t.JMeterThread: Thread started: S2 1-118
2026-10-06 08:23:13,822 INFO o.a.j.t.JMeterThread: Thread started: S2 1-119
2026-10-06 08:23:13,870 INFO o.a.j.t.JMeterThread: Thread started: S2 1-120
2026-10-06 08:23:13,921 INFO o.a.j.t.JMeterThread: Thread started: S2 1-121
2026-10-06 08:23:13,971 INFO o.a.j.t.JMeterThread: Thread started: S2 1-122
2026-10-06 08:23:14,022 INFO o.a.j.t.JMeterThread: Thread started: S2 1-123
2026-10-06 08:23:14,070 INFO o.a.j.t.JMeterThread: Thread started: S2 1-124
2026-10-06 08:23:14,121 INFO o.a.j.t.JMeterThread: Thread started: S2 1-125
2026-10-06 08:23:14,172 INFO o.a.j.t.JMeterThread: Thread started: S2 1-126
2026-10-06 08:23:14,221 INFO o.a.j.t.JMeterThread: Thread started: S2 1-127
2026-10-06 08:23:14,272 INFO o.a.j.t.JMeterThread: Thread started: S2 1-128
2026-10-06 08:23:14,322 INFO o.a.j.t.JMeterThread: Thread started: S2 1-129
2026-10-06 08:23:14,372 INFO o.a.j.t.JMeterThread: Thread started: S2 1-130
2026-10-06 08:23:14,421 INFO o.a.j.t.JMeterThread: Thread started: S2 1-131
2026-10-06 08:23:14,471 INFO o.a.j.t.JMeterThread: Thread started: S2 1-132
2026-10-06 08:23:14,522 INFO o.a.j.t.JMeterThread: Thread started: S2 1-133
2026-10-06 08:23:14,572 INFO o.a.j.t.JMeterThread: Thread started: S2 1-134
2026-10-06 08:23:14,621 INFO o.a.j.t.JMeterThread: Thread started: S2 1-135
2026-10-06 08:23:14,671 INFO o.a.j.t.JMeterThread: Thread started: S2 1-136
2026-10-06 08:23:14,720 INFO o.a.j.t.JMeterThread: Thread started: S2 1-137
2026-10-06 08:23:14,770 INFO o.a.j.t.JMeterThread: Thread started: S2 1-138
2026-10-06 08:23:14,822 INFO o.a.j.t.JMeterThread: Thread started: S2 1-139
2026-10-06 08:23:14,871 INFO o.a.j.t.JMeterThread: Thread started: S2 1-140
2026-10-06 08:23:14,921 INFO o.a.j.t.JMeterThread: Thread started: S2 1-141
2026-10-06 08:23:14,971 INFO o.a.j.t.JMeterThread: Thread started: S2 1-142
2026-10-06 08:23:15,021 INFO o.a.j.t.JMeterThread: Thread started: S2 1-143
2026-10-06 08:23:15,072 INFO o.a.j.t.JMeterThread: Thread started: S2 1-144
2026-10-06 08:23:15,122 INFO o.a.j.t.JMeterThread: Thread started: S2 1-145
2026-10-06 08:23:15,170 INFO o.a.j.t.JMeterThread: Thread started: S2 1-146
2026-10-06 08:23:15,221 INFO o.a.j.t.JMeterThread: Thread started: S2 1-147
2026-10-06 08:23:15,270 INFO o.a.j.t.JMeterThread: Thread started: S2 1-148
2026-10-06 08:23:15,321 INFO o.a.j.t.JMeterThread: Thread started: S2 1-149
2026-10-06 08:23:15,371 INFO o.a.j.t.JMeterThread: Thread started: S2 1-150
2026-10-06 08:23:15,420 INFO o.a.j.t.JMeterThread: Thread started: S2 1-151
2026-10-06 08:23:15,472 INFO o.a.j.t.JMeterThread: Thread started: S2 1-152
2026-10-06 08:23:15,522 INFO o.a.j.t.JMeterThread: Thread started: S2 1-153
2026-10-06 08:23:15,571 INFO o.a.j.t.JMeterThread: Thread started: S2 1-154
2026-10-06 08:23:15,621 INFO o.a.j.t.JMeterThread: Thread started: S2 1-155
2026-10-06 08:23:15,670 INFO o.a.j.t.JMeterThread: Thread started: S2 1-156
2026-10-06 08:23:15,722 INFO o.a.j.t.JMeterThread: Thread started: S2 1-157
2026-10-06 08:23:15,771 INFO o.a.j.t.JMeterThread: Thread started: S2 1-158
2026-10-06 08:23:15,822 INFO o.a.j.t.JMeterThread: Thread started: S2 1-159
2026-10-06 08:23:15,871 INFO o.a.j.t.JMeterThread: Thread started: S2 1-160
2026-10-06 08:23:15,921 INFO o.a.j.t.JMeterThread: Thread started: S2 1-161
2026-10-06 08:23:15,970 INFO o.a.j.t.JMeterThread: Thread started: S2 1-162
2026-10-06 08:23:16,021 INFO o.a.j.t.JMeterThread: Thread started: S2 1-163
2026-10-06 08:23:16,071 INFO o.a.j.t.JMeterThread: Thread started: S2 1-164
2026-10-06 08:23:16,125 INFO o.a.j.t.JMeterThread: Thread started: S2 1-165
2026-10-06 08:23:16,171 INFO o.a.j.t.JMeterThread: Thread started: S2 1-166
2026-10-06 08:23:16,221 INFO o.a.j.t.JMeterThread: Thread started: S2 1-167
2026-10-06 08:23:16,270 INFO o.a.j.t.JMeterThread: Thread started: S2 1-168
2026-10-06 08:23:16,322 INFO o.a.j.t.JMeterThread: Thread started: S2 1-169
2026-10-06 08:23:16,371 INFO o.a.j.t.JMeterThread: Thread started: S2 1-170
2026-10-06 08:23:16,420 INFO o.a.j.t.JMeterThread: Thread started: S2 1-171
2026-10-06 08:23:16,471 INFO o.a.j.t.JMeterThread: Thread started: S2 1-172
2026-10-06 08:23:16,520 INFO o.a.j.t.JMeterThread: Thread started: S2 1-173
2026-10-06 08:23:16,571 INFO o.a.j.t.JMeterThread: Thread started: S2 1-174
2026-10-06 08:23:16,621 INFO o.a.j.t.JMeterThread: Thread started: S2 1-175
2026-10-06 08:23:16,671 INFO o.a.j.t.JMeterThread: Thread started: S2 1-176
2026-10-06 08:23:16,722 INFO o.a.j.t.JMeterThread: Thread started: S2 1-177
2026-10-06 08:23:16,771 INFO o.a.j.t.JMeterThread: Thread started: S2 1-178
2026-10-06 08:23:16,821 INFO o.a.j.t.JMeterThread: Thread started: S2 1-179
2026-10-06 08:23:16,871 INFO o.a.j.t.JMeterThread: Thread started: S2 1-180
2026-10-06 08:23:16,921 INFO o.a.j.t.JMeterThread: Thread started: S2 1-181
2026-10-06 08:23:16,972 INFO o.a.j.t.JMeterThread: Thread started: S2 1-182
2026-10-06 08:23:17,022 INFO o.a.j.t.JMeterThread: Thread started: S2 1-183
2026-10-06 08:23:17,072 INFO o.a.j.t.JMeterThread: Thread started: S2 1-184
2026-10-06 08:23:17,121 INFO o.a.j.t.JMeterThread: Thread started: S2 1-185
2026-10-06 08:23:17,171 INFO o.a.j.t.JMeterThread: Thread started: S2 1-186
2026-10-06 08:23:17,221 INFO o.a.j.t.JMeterThread: Thread started: S2 1-187
2026-10-06 08:23:17,271 INFO o.a.j.t.JMeterThread: Thread started: S2 1-188
2026-10-06 08:23:17,320 INFO o.a.j.t.JMeterThread: Thread started: S2 1-189
2026-10-06 08:23:17,371 INFO o.a.j.t.JMeterThread: Thread started: S2 1-190
2026-10-06 08:23:17,420 INFO o.a.j.t.JMeterThread: Thread started: S2 1-191
2026-10-06 08:23:17,471 INFO o.a.j.t.JMeterThread: Thread started: S2 1-192
2026-10-06 08:23:17,521 INFO o.a.j.t.JMeterThread: Thread started: S2 1-193
2026-10-06 08:23:17,571 INFO o.a.j.t.JMeterThread: Thread started: S2 1-194
2026-10-06 08:23:17,622 INFO o.a.j.t.JMeterThread: Thread started: S2 1-195
2026-10-06 08:23:17,671 INFO o.a.j.t.JMeterThread: Thread started: S2 1-196
2026-10-06 08:23:17,721 INFO o.a.j.t.JMeterThread: Thread started: S2 1-197
2026-10-06 08:23:17,771 INFO o.a.j.t.JMeterThread: Thread started: S2 1-198
2026-10-06 08:23:17,821 INFO o.a.j.t.JMeterThread: Thread started: S2 1-199
2026-10-06 08:23:17,873 INFO o.a.j.t.JMeterThread: Thread started: S2 1-200
2026-10-06 08:23:30,001 INFO o.a.j.r.Summariser: summary +  39830 in 00:00:23 = 1742.3/s Avg:    85 Min:     5 Max:   308 Err:     0 (0.00%) Active: 200 Started: 200 Finished: 0
2026-10-06 08:24:00,000 INFO o.a.j.r.Summariser: summary +  64704 in 00:00:30 = 2156.8/s Avg:    97 Min:    72 Max:   190 Err:     0 (0.00%) Active: 200 Started: 200 Finished: 0
2026-10-06 08:24:00,001 INFO o.a.j.r.Summariser: summary = 104534 in 00:00:53 = 1977.6/s Avg:    93 Min:     5 Max:   308 Err:     0 (0.00%)
2026-10-06 08:24:07,941 INFO o.a.j.t.JMeterThread: Stopping because end time detected by thread: S2 1-10
2026-10-06 08:24:07,942 INFO o.a.j.t.JMeterThread: Stopping because end time detected by thread: S2 1-27
2026-10-06 08:24:07,942 INFO o.a.j.t.JMeterThread: Thread finished: S2 1-10
2026-10-06 08:24:07,942 INFO o.a.j.t.JMeterThread: Thread finished: S2 1-27
2026-10-06 08:24:07,945 INFO o.a.j.t.JMeterThread: Stopping because end time detected by thread: S2 1-3
2026-10-06 08:24:07,946 INFO o.a.j.t.JMeterThread: Thread finished: S2 1-3
2026-10-06 08:24:07,947 INFO o.a.j.t.JMeterThread: Stopping because end time detected by thread: S2 1-9
2026-10-06 08:24:07,947 INFO o.a.j.t.JMeterThread: Thread finished: S2 1-9
2026-10-06 08:24:07,947 INFO o.a.j.t.JMeterThread: Stopping because end time detected by thread: S2 1-21
2026-10-06 08:24:07,948 INFO o.a.j.t.JMeterThread: Thread finished: S2 1-21
2026-10-06 08:24:07,948 INFO o.a.j.t.JMeterThread: Stopping because end time detected by thread: S2 1-34
2026-10-06 08:24:07,949 INFO o.a.j.t.JMeterThread: Thread finished: S2 1-34
2026-10-06 08:24:07,950 INFO o.a.j.t.JMeterThread: Stopping because end time detected by thread: S2 1-25
2026-10-06 08:24:07,950 INFO o.a.j.t.JMeterThread: Thread finished: S2 1-25
2026-10-06 08:24:07,951 INFO o.a.j.t.JMeterThread: Stopping because end time detected by thread: S2 1-23
2026-10-06 08:24:07,951 INFO o.a.j.t.JMeterThread: Thread finished: S2 1-23
2026-10-06 08:24:07,952 INFO o.a.j.t.JMeterThread: Stopping because end time detected by thread: S2 1-37
2026-10-06 08:24:07,952 INFO o.a.j.t.JMeterThread: Thread finished: S2 1-37
2026-10-06 08:24:07,958 INFO o.a.j.t.JMeterThread: Stopping because end time detected by thread: S2 1-16
2026-10-06 08:24:07,958 INFO o.a.j.t.JMeterThread: Thread finished: S2 1-16
2026-10-06 08:24:07,961 INFO o.a.j.t.JMeterThread: Stopping because end time detected by thread: S2 1-22
2026-10-06 08:24:07,961 INFO o.a.j.t.JMeterThread: Thread finished: S2 1-22
2026-10-06 08:24:07,961 INFO o.a.j.t.JMeterThread: Stopping because end time detected by thread: S2 1-8
2026-10-06 08:24:07,961 INFO o.a.j.t.JMeterThread: Thread finished: S2 1-8
2026-10-06 08:24:07,962 INFO o.a.j.t.JMeterThread: Stopping because end time detected by thread: S2 1-55
2026-10-06 08:24:07,962 INFO o.a.j.t.JMeterThread: Thread finished: S2 1-55
2026-10-06 08:24:07,963 INFO o.a.j.t.JMeterThread: Stopping because end time detected by thread: S2 1-53
2026-10-06 08:24:07,963 INFO o.a.j.t.JMeterThread: Thread finished: S2 1-53
2026-10-06 08:24:07,964 INFO o.a.j.t.JMeterThread: Stopping because end time detected by thread: S2 1-62
2026-10-06 08:24:07,964 INFO o.a.j.t.JMeterThread: Thread finished: S2 1-62
2026-10-06 08:24:07,964 INFO o.a.j.t.JMeterThread: Stopping because end time detected by thread: S2 1-54
2026-10-06 08:24:07,964 INFO o.a.j.t.JMeterThread: Thread finished: S2 1-54
2026-10-06 08:24:07,965 INFO o.a.j.t.JMeterThread: Stopping because end time detected by thread: S2 1-2
2026-10-06 08:24:07,965 INFO o.a.j.t.JMeterThread: Thread finished: S2 1-2
2026-10-06 08:24:07,970 INFO o.a.j.t.JMeterThread: Stopping because end time detected by thread: S2 1-20
2026-10-06 08:24:07,970 INFO o.a.j.t.JMeterThread: Thread finished: S2 1-20
2026-10-06 08:24:07,970 INFO o.a.j.t.JMeterThread: Stopping because end time detected by thread: S2 1-38
2026-10-06 08:24:07,970 INFO o.a.j.t.JMeterThread: Thread finished: S2 1-38
2026-10-06 08:24:07,972 INFO o.a.j.t.JMeterThread: Stopping because end time detected by thread: S2 1-73
2026-10-06 08:24:07,972 INFO o.a.j.t.JMeterThread: Thread finished: S2 1-73
2026-10-06 08:24:07,973 INFO o.a.j.t.JMeterThread: Stopping because end time detected by thread: S2 1-42
2026-10-06 08:24:07,973 INFO o.a.j.t.JMeterThread: Thread finished: S2 1-42
2026-10-06 08:24:07,976 INFO o.a.j.t.JMeterThread: Stopping because end time detected by thread: S2 1-36
2026-10-06 08:24:07,976 INFO o.a.j.t.JMeterThread: Thread finished: S2 1-36
2026-10-06 08:24:07,976 INFO o.a.j.t.JMeterThread: Stopping because end time detected by thread: S2 1-61
2026-10-06 08:24:07,976 INFO o.a.j.t.JMeterThread: Thread finished: S2 1-61
2026-10-06 08:24:07,977 INFO o.a.j.t.JMeterThread: Stopping because end time detected by thread: S2 1-6
2026-10-06 08:24:07,977 INFO o.a.j.t.JMeterThread: Stopping because end time detected by thread: S2 1-78
2026-10-06 08:24:07,977 INFO o.a.j.t.JMeterThread: Thread finished: S2 1-6
2026-10-06 08:24:07,977 INFO o.a.j.t.JMeterThread: Thread finished: S2 1-78
2026-10-06 08:24:07,977 INFO o.a.j.t.JMeterThread: Stopping because end time detected by thread: S2 1-84
2026-10-06 08:24:07,977 INFO o.a.j.t.JMeterThread: Thread finished: S2 1-84
2026-10-06 08:24:07,979 INFO o.a.j.t.JMeterThread: Stopping because end time detected by thread: S2 1-60
2026-10-06 08:24:07,979 INFO o.a.j.t.JMeterThread: Thread finished: S2 1-60
2026-10-06 08:24:07,982 INFO o.a.j.t.JMeterThread: Stopping because end time detected by thread: S2 1-91
2026-10-06 08:24:07,982 INFO o.a.j.t.JMeterThread: Thread finished: S2 1-91
2026-10-06 08:24:07,982 INFO o.a.j.t.JMeterThread: Stopping because end time detected by thread: S2 1-63
2026-10-06 08:24:07,983 INFO o.a.j.t.JMeterThread: Thread finished: S2 1-63
2026-10-06 08:24:07,984 INFO o.a.j.t.JMeterThread: Stopping because end time detected by thread: S2 1-66
2026-10-06 08:24:07,984 INFO o.a.j.t.JMeterThread: Thread finished: S2 1-66
2026-10-06 08:24:07,985 INFO o.a.j.t.JMeterThread: Stopping because end time detected by thread: S2 1-67
2026-10-06 08:24:07,985 INFO o.a.j.t.JMeterThread: Stopping because end time detected by thread: S2 1-18
2026-10-06 08:24:07,985 INFO o.a.j.t.JMeterThread: Thread finished: S2 1-67
2026-10-06 08:24:07,985 INFO o.a.j.t.JMeterThread: Thread finished: S2 1-18
2026-10-06 08:24:07,985 INFO o.a.j.t.JMeterThread: Stopping because end time detected by thread: S2 1-4
2026-10-06 08:24:07,985 INFO o.a.j.t.JMeterThread: Thread finished: S2 1-4
2026-10-06 08:24:07,985 INFO o.a.j.t.JMeterThread: Stopping because end time detected by thread: S2 1-31
2026-10-06 08:24:07,985 INFO o.a.j.t.JMeterThread: Thread finished: S2 1-31
2026-10-06 08:24:07,987 INFO o.a.j.t.JMeterThread: Stopping because end time detected by thread: S2 1-71
2026-10-06 08:24:07,987 INFO o.a.j.t.JMeterThread: Thread finished: S2 1-71
2026-10-06 08:24:07,988 INFO o.a.j.t.JMeterThread: Stopping because end time detected by thread: S2 1-90
2026-10-06 08:24:07,988 INFO o.a.j.t.JMeterThread: Thread finished: S2 1-90
2026-10-06 08:24:07,989 INFO o.a.j.t.JMeterThread: Stopping because end time detected by thread: S2 1-89
2026-10-06 08:24:07,989 INFO o.a.j.t.JMeterThread: Thread finished: S2 1-89
2026-10-06 08:24:07,989 INFO o.a.j.t.JMeterThread: Stopping because end time detected by thread: S2 1-5
2026-10-06 08:24:07,989 INFO o.a.j.t.JMeterThread: Thread finished: S2 1-5
2026-10-06 08:24:07,989 INFO o.a.j.t.JMeterThread: Stopping because end time detected by thread: S2 1-92
2026-10-06 08:24:07,989 INFO o.a.j.t.JMeterThread: Thread finished: S2 1-92
2026-10-06 08:24:07,991 INFO o.a.j.t.JMeterThread: Stopping because end time detected by thread: S2 1-110
2026-10-06 08:24:07,991 INFO o.a.j.t.JMeterThread: Thread finished: S2 1-110
2026-10-06 08:24:07,993 INFO o.a.j.t.JMeterThread: Stopping because end time detected by thread: S2 1-45
2026-10-06 08:24:07,993 INFO o.a.j.t.JMeterThread: Thread finished: S2 1-45
2026-10-06 08:24:07,993 INFO o.a.j.t.JMeterThread: Stopping because end time detected by thread: S2 1-14
2026-10-06 08:24:07,993 INFO o.a.j.t.JMeterThread: Thread finished: S2 1-14
2026-10-06 08:24:07,993 INFO o.a.j.t.JMeterThread: Stopping because end time detected by thread: S2 1-81
2026-10-06 08:24:07,993 INFO o.a.j.t.JMeterThread: Thread finished: S2 1-81
2026-10-06 08:24:07,994 INFO o.a.j.t.JMeterThread: Stopping because end time detected by thread: S2 1-80
2026-10-06 08:24:07,995 INFO o.a.j.t.JMeterThread: Thread finished: S2 1-80
2026-10-06 08:24:07,995 INFO o.a.j.t.JMeterThread: Stopping because end time detected by thread: S2 1-1
2026-10-06 08:24:07,995 INFO o.a.j.t.JMeterThread: Thread finished: S2 1-1
2026-10-06 08:24:07,996 INFO o.a.j.t.JMeterThread: Stopping because end time detected by thread: S2 1-11
2026-10-06 08:24:07,996 INFO o.a.j.t.JMeterThread: Thread finished: S2 1-11
2026-10-06 08:24:07,996 INFO o.a.j.t.JMeterThread: Stopping because end time detected by thread: S2 1-117
2026-10-06 08:24:07,996 INFO o.a.j.t.JMeterThread: Thread finished: S2 1-117
2026-10-06 08:24:07,999 INFO o.a.j.t.JMeterThread: Stopping because end time detected by thread: S2 1-129
2026-10-06 08:24:07,999 INFO o.a.j.t.JMeterThread: Thread finished: S2 1-129
2026-10-06 08:24:07,999 INFO o.a.j.t.JMeterThread: Stopping because end time detected by thread: S2 1-65
2026-10-06 08:24:07,999 INFO o.a.j.t.JMeterThread: Thread finished: S2 1-65
2026-10-06 08:24:08,000 INFO o.a.j.t.JMeterThread: Stopping because end time detected by thread: S2 1-68
2026-10-06 08:24:08,000 INFO o.a.j.t.JMeterThread: Thread finished: S2 1-68
2026-10-06 08:24:08,000 INFO o.a.j.t.JMeterThread: Stopping because end time detected by thread: S2 1-50
2026-10-06 08:24:08,000 INFO o.a.j.t.JMeterThread: Thread finished: S2 1-50
2026-10-06 08:24:08,000 INFO o.a.j.t.JMeterThread: Stopping because end time detected by thread: S2 1-17
2026-10-06 08:24:08,000 INFO o.a.j.t.JMeterThread: Thread finished: S2 1-17
2026-10-06 08:24:08,000 INFO o.a.j.t.JMeterThread: Stopping because end time detected by thread: S2 1-7
2026-10-06 08:24:08,001 INFO o.a.j.t.JMeterThread: Thread finished: S2 1-7
2026-10-06 08:24:08,001 INFO o.a.j.t.JMeterThread: Stopping because end time detected by thread: S2 1-15
2026-10-06 08:24:08,001 INFO o.a.j.t.JMeterThread: Thread finished: S2 1-15
2026-10-06 08:24:08,001 INFO o.a.j.t.JMeterThread: Stopping because end time detected by thread: S2 1-26
2026-10-06 08:24:08,001 INFO o.a.j.t.JMeterThread: Thread finished: S2 1-26
2026-10-06 08:24:08,002 INFO o.a.j.t.JMeterThread: Stopping because end time detected by thread: S2 1-136
2026-10-06 08:24:08,002 INFO o.a.j.t.JMeterThread: Thread finished: S2 1-136
2026-10-06 08:24:08,004 INFO o.a.j.t.JMeterThread: Stopping because end time detected by thread: S2 1-30
2026-10-06 08:24:08,004 INFO o.a.j.t.JMeterThread: Thread finished: S2 1-30
2026-10-06 08:24:08,005 INFO o.a.j.t.JMeterThread: Stopping because end time detected by thread: S2 1-88
2026-10-06 08:24:08,005 INFO o.a.j.t.JMeterThread: Thread finished: S2 1-88
2026-10-06 08:24:08,005 INFO o.a.j.t.JMeterThread: Stopping because end time detected by thread: S2 1-70
2026-10-06 08:24:08,005 INFO o.a.j.t.JMeterThread: Thread finished: S2 1-70
2026-10-06 08:24:08,005 INFO o.a.j.t.JMeterThread: Stopping because end time detected by thread: S2 1-49
2026-10-06 08:24:08,005 INFO o.a.j.t.JMeterThread: Thread finished: S2 1-49
2026-10-06 08:24:08,006 INFO o.a.j.t.JMeterThread: Stopping because end time detected by thread: S2 1-103
2026-10-06 08:24:08,007 INFO o.a.j.t.JMeterThread: Stopping because end time detected by thread: S2 1-97
2026-10-06 08:24:08,007 INFO o.a.j.t.JMeterThread: Thread finished: S2 1-103
2026-10-06 08:24:08,007 INFO o.a.j.t.JMeterThread: Thread finished: S2 1-97
2026-10-06 08:24:08,007 INFO o.a.j.t.JMeterThread: Stopping because end time detected by thread: S2 1-33
2026-10-06 08:24:08,007 INFO o.a.j.t.JMeterThread: Thread finished: S2 1-33
2026-10-06 08:24:08,008 INFO o.a.j.t.JMeterThread: Stopping because end time detected by thread: S2 1-98
2026-10-06 08:24:08,008 INFO o.a.j.t.JMeterThread: Thread finished: S2 1-98
2026-10-06 08:24:08,008 INFO o.a.j.t.JMeterThread: Stopping because end time detected by thread: S2 1-69
2026-10-06 08:24:08,008 INFO o.a.j.t.JMeterThread: Stopping because end time detected by thread: S2 1-48
2026-10-06 08:24:08,009 INFO o.a.j.t.JMeterThread: Thread finished: S2 1-69
2026-10-06 08:24:08,009 INFO o.a.j.t.JMeterThread: Thread finished: S2 1-48
2026-10-06 08:24:08,009 INFO o.a.j.t.JMeterThread: Stopping because end time detected by thread: S2 1-83
2026-10-06 08:24:08,009 INFO o.a.j.t.JMeterThread: Thread finished: S2 1-83
2026-10-06 08:24:08,010 INFO o.a.j.t.JMeterThread: Stopping because end time detected by thread: S2 1-102
2026-10-06 08:24:08,010 INFO o.a.j.t.JMeterThread: Thread finished: S2 1-102
2026-10-06 08:24:08,010 INFO o.a.j.t.JMeterThread: Stopping because end time detected by thread: S2 1-87
2026-10-06 08:24:08,010 INFO o.a.j.t.JMeterThread: Thread finished: S2 1-87
2026-10-06 08:24:08,010 INFO o.a.j.t.JMeterThread: Stopping because end time detected by thread: S2 1-111
2026-10-06 08:24:08,010 INFO o.a.j.t.JMeterThread: Thread finished: S2 1-111
2026-10-06 08:24:08,011 INFO o.a.j.t.JMeterThread: Stopping because end time detected by thread: S2 1-72
2026-10-06 08:24:08,011 INFO o.a.j.t.JMeterThread: Thread finished: S2 1-72
2026-10-06 08:24:08,011 INFO o.a.j.t.JMeterThread: Stopping because end time detected by thread: S2 1-85
2026-10-06 08:24:08,011 INFO o.a.j.t.JMeterThread: Thread finished: S2 1-85
2026-10-06 08:24:08,012 INFO o.a.j.t.JMeterThread: Stopping because end time detected by thread: S2 1-13
2026-10-06 08:24:08,012 INFO o.a.j.t.JMeterThread: Thread finished: S2 1-13
2026-10-06 08:24:08,013 INFO o.a.j.t.JMeterThread: Stopping because end time detected by thread: S2 1-118
2026-10-06 08:24:08,013 INFO o.a.j.t.JMeterThread: Thread finished: S2 1-118
2026-10-06 08:24:08,013 INFO o.a.j.t.JMeterThread: Stopping because end time detected by thread: S2 1-76
2026-10-06 08:24:08,013 INFO o.a.j.t.JMeterThread: Thread finished: S2 1-76
2026-10-06 08:24:08,014 INFO o.a.j.t.JMeterThread: Stopping because end time detected by thread: S2 1-134
2026-10-06 08:24:08,014 INFO o.a.j.t.JMeterThread: Thread finished: S2 1-134
2026-10-06 08:24:08,014 INFO o.a.j.t.JMeterThread: Stopping because end time detected by thread: S2 1-131
2026-10-06 08:24:08,014 INFO o.a.j.t.JMeterThread: Thread finished: S2 1-131
2026-10-06 08:24:08,014 INFO o.a.j.t.JMeterThread: Stopping because end time detected by thread: S2 1-28
2026-10-06 08:24:08,014 INFO o.a.j.t.JMeterThread: Thread finished: S2 1-28
2026-10-06 08:24:08,014 INFO o.a.j.t.JMeterThread: Stopping because end time detected by thread: S2 1-96
2026-10-06 08:24:08,015 INFO o.a.j.t.JMeterThread: Thread finished: S2 1-96
2026-10-06 08:24:08,015 INFO o.a.j.t.JMeterThread: Stopping because end time detected by thread: S2 1-105
2026-10-06 08:24:08,015 INFO o.a.j.t.JMeterThread: Thread finished: S2 1-105
2026-10-06 08:24:08,015 INFO o.a.j.t.JMeterThread: Stopping because end time detected by thread: S2 1-106
2026-10-06 08:24:08,015 INFO o.a.j.t.JMeterThread: Thread finished: S2 1-106
2026-10-06 08:24:08,015 INFO o.a.j.t.JMeterThread: Stopping because end time detected by thread: S2 1-39
2026-10-06 08:24:08,015 INFO o.a.j.t.JMeterThread: Stopping because end time detected by thread: S2 1-59
2026-10-06 08:24:08,015 INFO o.a.j.t.JMeterThread: Stopping because end time detected by thread: S2 1-12
2026-10-06 08:24:08,015 INFO o.a.j.t.JMeterThread: Thread finished: S2 1-39
2026-10-06 08:24:08,015 INFO o.a.j.t.JMeterThread: Thread finished: S2 1-12
2026-10-06 08:24:08,015 INFO o.a.j.t.JMeterThread: Thread finished: S2 1-59
2026-10-06 08:24:08,016 INFO o.a.j.t.JMeterThread: Stopping because end time detected by thread: S2 1-93
2026-10-06 08:24:08,016 INFO o.a.j.t.JMeterThread: Thread finished: S2 1-93
2026-10-06 08:24:08,016 INFO o.a.j.t.JMeterThread: Stopping because end time detected by thread: S2 1-171
2026-10-06 08:24:08,016 INFO o.a.j.t.JMeterThread: Thread finished: S2 1-171
2026-10-06 08:24:08,016 INFO o.a.j.t.JMeterThread: Stopping because end time detected by thread: S2 1-24
2026-10-06 08:24:08,017 INFO o.a.j.t.JMeterThread: Thread finished: S2 1-24
2026-10-06 08:24:08,017 INFO o.a.j.t.JMeterThread: Stopping because end time detected by thread: S2 1-141
2026-10-06 08:24:08,017 INFO o.a.j.t.JMeterThread: Stopping because end time detected by thread: S2 1-56
2026-10-06 08:24:08,017 INFO o.a.j.t.JMeterThread: Thread finished: S2 1-141
2026-10-06 08:24:08,017 INFO o.a.j.t.JMeterThread: Thread finished: S2 1-56
2026-10-06 08:24:08,017 INFO o.a.j.t.JMeterThread: Stopping because end time detected by thread: S2 1-173
2026-10-06 08:24:08,017 INFO o.a.j.t.JMeterThread: Thread finished: S2 1-173
2026-10-06 08:24:08,017 INFO o.a.j.t.JMeterThread: Stopping because end time detected by thread: S2 1-172
2026-10-06 08:24:08,018 INFO o.a.j.t.JMeterThread: Stopping because end time detected by thread: S2 1-51
2026-10-06 08:24:08,018 INFO o.a.j.t.JMeterThread: Thread finished: S2 1-172
2026-10-06 08:24:08,018 INFO o.a.j.t.JMeterThread: Thread finished: S2 1-51
2026-10-06 08:24:08,018 INFO o.a.j.t.JMeterThread: Stopping because end time detected by thread: S2 1-19
2026-10-06 08:24:08,018 INFO o.a.j.t.JMeterThread: Thread finished: S2 1-19
2026-10-06 08:24:08,019 INFO o.a.j.t.JMeterThread: Stopping because end time detected by thread: S2 1-29
2026-10-06 08:24:08,019 INFO o.a.j.t.JMeterThread: Stopping because end time detected by thread: S2 1-57
2026-10-06 08:24:08,019 INFO o.a.j.t.JMeterThread: Thread finished: S2 1-29
2026-10-06 08:24:08,019 INFO o.a.j.t.JMeterThread: Thread finished: S2 1-57
2026-10-06 08:24:08,019 INFO o.a.j.t.JMeterThread: Stopping because end time detected by thread: S2 1-167
2026-10-06 08:24:08,019 INFO o.a.j.t.JMeterThread: Thread finished: S2 1-167
2026-10-06 08:24:08,021 INFO o.a.j.t.JMeterThread: Stopping because end time detected by thread: S2 1-41
2026-10-06 08:24:08,021 INFO o.a.j.t.JMeterThread: Thread finished: S2 1-41
2026-10-06 08:24:08,021 INFO o.a.j.t.JMeterThread: Stopping because end time detected by thread: S2 1-40
2026-10-06 08:24:08,021 INFO o.a.j.t.JMeterThread: Stopping because end time detected by thread: S2 1-153
2026-10-06 08:24:08,021 INFO o.a.j.t.JMeterThread: Thread finished: S2 1-40
2026-10-06 08:24:08,021 INFO o.a.j.t.JMeterThread: Thread finished: S2 1-153
2026-10-06 08:24:08,021 INFO o.a.j.t.JMeterThread: Stopping because end time detected by thread: S2 1-174
2026-10-06 08:24:08,021 INFO o.a.j.t.JMeterThread: Thread finished: S2 1-174
2026-10-06 08:24:08,021 INFO o.a.j.t.JMeterThread: Stopping because end time detected by thread: S2 1-144
2026-10-06 08:24:08,021 INFO o.a.j.t.JMeterThread: Thread finished: S2 1-144
2026-10-06 08:24:08,022 INFO o.a.j.t.JMeterThread: Stopping because end time detected by thread: S2 1-44
2026-10-06 08:24:08,022 INFO o.a.j.t.JMeterThread: Thread finished: S2 1-44
2026-10-06 08:24:08,022 INFO o.a.j.t.JMeterThread: Stopping because end time detected by thread: S2 1-149
2026-10-06 08:24:08,022 INFO o.a.j.t.JMeterThread: Thread finished: S2 1-149
2026-10-06 08:24:08,022 INFO o.a.j.t.JMeterThread: Stopping because end time detected by thread: S2 1-164
2026-10-06 08:24:08,022 INFO o.a.j.t.JMeterThread: Thread finished: S2 1-164
2026-10-06 08:24:08,023 INFO o.a.j.t.JMeterThread: Stopping because end time detected by thread: S2 1-52
2026-10-06 08:24:08,023 INFO o.a.j.t.JMeterThread: Thread finished: S2 1-52
2026-10-06 08:24:08,023 INFO o.a.j.t.JMeterThread: Stopping because end time detected by thread: S2 1-120
2026-10-06 08:24:08,023 INFO o.a.j.t.JMeterThread: Stopping because end time detected by thread: S2 1-142
2026-10-06 08:24:08,023 INFO o.a.j.t.JMeterThread: Thread finished: S2 1-120
2026-10-06 08:24:08,023 INFO o.a.j.t.JMeterThread: Thread finished: S2 1-142
2026-10-06 08:24:08,024 INFO o.a.j.t.JMeterThread: Stopping because end time detected by thread: S2 1-184
2026-10-06 08:24:08,024 INFO o.a.j.t.JMeterThread: Thread finished: S2 1-184
2026-10-06 08:24:08,025 INFO o.a.j.t.JMeterThread: Stopping because end time detected by thread: S2 1-32
2026-10-06 08:24:08,025 INFO o.a.j.t.JMeterThread: Thread finished: S2 1-32
2026-10-06 08:24:08,025 INFO o.a.j.t.JMeterThread: Stopping because end time detected by thread: S2 1-156
2026-10-06 08:24:08,025 INFO o.a.j.t.JMeterThread: Thread finished: S2 1-156
2026-10-06 08:24:08,025 INFO o.a.j.t.JMeterThread: Stopping because end time detected by thread: S2 1-43
2026-10-06 08:24:08,025 INFO o.a.j.t.JMeterThread: Stopping because end time detected by thread: S2 1-64
2026-10-06 08:24:08,026 INFO o.a.j.t.JMeterThread: Thread finished: S2 1-43
2026-10-06 08:24:08,026 INFO o.a.j.t.JMeterThread: Thread finished: S2 1-64
2026-10-06 08:24:08,026 INFO o.a.j.t.JMeterThread: Stopping because end time detected by thread: S2 1-135
2026-10-06 08:24:08,026 INFO o.a.j.t.JMeterThread: Thread finished: S2 1-135
2026-10-06 08:24:08,027 INFO o.a.j.t.JMeterThread: Stopping because end time detected by thread: S2 1-35
2026-10-06 08:24:08,027 INFO o.a.j.t.JMeterThread: Thread finished: S2 1-35
2026-10-06 08:24:08,027 INFO o.a.j.t.JMeterThread: Stopping because end time detected by thread: S2 1-95
2026-10-06 08:24:08,027 INFO o.a.j.t.JMeterThread: Thread finished: S2 1-95
2026-10-06 08:24:08,028 INFO o.a.j.t.JMeterThread: Stopping because end time detected by thread: S2 1-130
2026-10-06 08:24:08,028 INFO o.a.j.t.JMeterThread: Thread finished: S2 1-130
2026-10-06 08:24:08,029 INFO o.a.j.t.JMeterThread: Stopping because end time detected by thread: S2 1-179
2026-10-06 08:24:08,029 INFO o.a.j.t.JMeterThread: Thread finished: S2 1-179
2026-10-06 08:24:08,030 INFO o.a.j.t.JMeterThread: Stopping because end time detected by thread: S2 1-47
2026-10-06 08:24:08,030 INFO o.a.j.t.JMeterThread: Thread finished: S2 1-47
2026-10-06 08:24:08,030 INFO o.a.j.t.JMeterThread: Stopping because end time detected by thread: S2 1-119
2026-10-06 08:24:08,030 INFO o.a.j.t.JMeterThread: Thread finished: S2 1-119
2026-10-06 08:24:08,031 INFO o.a.j.t.JMeterThread: Stopping because end time detected by thread: S2 1-46
2026-10-06 08:24:08,031 INFO o.a.j.t.JMeterThread: Thread finished: S2 1-46
2026-10-06 08:24:08,031 INFO o.a.j.t.JMeterThread: Stopping because end time detected by thread: S2 1-151
2026-10-06 08:24:08,031 INFO o.a.j.t.JMeterThread: Thread finished: S2 1-151
2026-10-06 08:24:08,030 INFO o.a.j.t.JMeterThread: Stopping because end time detected by thread: S2 1-194
2026-10-06 08:24:08,031 INFO o.a.j.t.JMeterThread: Thread finished: S2 1-194
2026-10-06 08:24:08,032 INFO o.a.j.t.JMeterThread: Stopping because end time detected by thread: S2 1-115
2026-10-06 08:24:08,032 INFO o.a.j.t.JMeterThread: Thread finished: S2 1-115
2026-10-06 08:24:08,032 INFO o.a.j.t.JMeterThread: Stopping because end time detected by thread: S2 1-126
2026-10-06 08:24:08,032 INFO o.a.j.t.JMeterThread: Thread finished: S2 1-126
2026-10-06 08:24:08,033 INFO o.a.j.t.JMeterThread: Stopping because end time detected by thread: S2 1-75
2026-10-06 08:24:08,033 INFO o.a.j.t.JMeterThread: Thread finished: S2 1-75
2026-10-06 08:24:08,033 INFO o.a.j.t.JMeterThread: Stopping because end time detected by thread: S2 1-58
2026-10-06 08:24:08,033 INFO o.a.j.t.JMeterThread: Thread finished: S2 1-58
2026-10-06 08:24:08,033 INFO o.a.j.t.JMeterThread: Stopping because end time detected by thread: S2 1-104
2026-10-06 08:24:08,034 INFO o.a.j.t.JMeterThread: Thread finished: S2 1-104
2026-10-06 08:24:08,034 INFO o.a.j.t.JMeterThread: Stopping because end time detected by thread: S2 1-113
2026-10-06 08:24:08,034 INFO o.a.j.t.JMeterThread: Thread finished: S2 1-113
2026-10-06 08:24:08,034 INFO o.a.j.t.JMeterThread: Stopping because end time detected by thread: S2 1-143
2026-10-06 08:24:08,034 INFO o.a.j.t.JMeterThread: Thread finished: S2 1-143
2026-10-06 08:24:08,034 INFO o.a.j.t.JMeterThread: Stopping because end time detected by thread: S2 1-125
2026-10-06 08:24:08,035 INFO o.a.j.t.JMeterThread: Thread finished: S2 1-125
2026-10-06 08:24:08,035 INFO o.a.j.t.JMeterThread: Stopping because end time detected by thread: S2 1-158
2026-10-06 08:24:08,035 INFO o.a.j.t.JMeterThread: Thread finished: S2 1-158
2026-10-06 08:24:08,035 INFO o.a.j.t.JMeterThread: Stopping because end time detected by thread: S2 1-166
2026-10-06 08:24:08,036 INFO o.a.j.t.JMeterThread: Thread finished: S2 1-166
2026-10-06 08:24:08,036 INFO o.a.j.t.JMeterThread: Stopping because end time detected by thread: S2 1-178
2026-10-06 08:24:08,036 INFO o.a.j.t.JMeterThread: Thread finished: S2 1-178
2026-10-06 08:24:08,036 INFO o.a.j.t.JMeterThread: Stopping because end time detected by thread: S2 1-114
2026-10-06 08:24:08,034 INFO o.a.j.t.JMeterThread: Stopping because end time detected by thread: S2 1-185
2026-10-06 08:24:08,036 INFO o.a.j.t.JMeterThread: Thread finished: S2 1-114
2026-10-06 08:24:08,036 INFO o.a.j.t.JMeterThread: Thread finished: S2 1-185
2026-10-06 08:24:08,037 INFO o.a.j.t.JMeterThread: Stopping because end time detected by thread: S2 1-99
2026-10-06 08:24:08,036 INFO o.a.j.t.JMeterThread: Stopping because end time detected by thread: S2 1-100
2026-10-06 08:24:08,037 INFO o.a.j.t.JMeterThread: Thread finished: S2 1-99
2026-10-06 08:24:08,037 INFO o.a.j.t.JMeterThread: Thread finished: S2 1-100
2026-10-06 08:24:08,038 INFO o.a.j.t.JMeterThread: Stopping because end time detected by thread: S2 1-74
2026-10-06 08:24:08,038 INFO o.a.j.t.JMeterThread: Thread finished: S2 1-74
2026-10-06 08:24:08,038 INFO o.a.j.t.JMeterThread: Stopping because end time detected by thread: S2 1-107
2026-10-06 08:24:08,038 INFO o.a.j.t.JMeterThread: Thread finished: S2 1-107
2026-10-06 08:24:08,039 INFO o.a.j.t.JMeterThread: Stopping because end time detected by thread: S2 1-188
2026-10-06 08:24:08,039 INFO o.a.j.t.JMeterThread: Stopping because end time detected by thread: S2 1-197
2026-10-06 08:24:08,039 INFO o.a.j.t.JMeterThread: Thread finished: S2 1-188
2026-10-06 08:24:08,039 INFO o.a.j.t.JMeterThread: Thread finished: S2 1-197
2026-10-06 08:24:08,039 INFO o.a.j.t.JMeterThread: Stopping because end time detected by thread: S2 1-77
2026-10-06 08:24:08,039 INFO o.a.j.t.JMeterThread: Thread finished: S2 1-77
2026-10-06 08:24:08,039 INFO o.a.j.t.JMeterThread: Stopping because end time detected by thread: S2 1-140
2026-10-06 08:24:08,040 INFO o.a.j.t.JMeterThread: Thread finished: S2 1-140
2026-10-06 08:24:08,040 INFO o.a.j.t.JMeterThread: Stopping because end time detected by thread: S2 1-108
2026-10-06 08:24:08,040 INFO o.a.j.t.JMeterThread: Thread finished: S2 1-108
2026-10-06 08:24:08,040 INFO o.a.j.t.JMeterThread: Stopping because end time detected by thread: S2 1-94
2026-10-06 08:24:08,040 INFO o.a.j.t.JMeterThread: Stopping because end time detected by thread: S2 1-148
2026-10-06 08:24:08,040 INFO o.a.j.t.JMeterThread: Thread finished: S2 1-94
2026-10-06 08:24:08,040 INFO o.a.j.t.JMeterThread: Thread finished: S2 1-148
2026-10-06 08:24:08,041 INFO o.a.j.t.JMeterThread: Stopping because end time detected by thread: S2 1-79
2026-10-06 08:24:08,041 INFO o.a.j.t.JMeterThread: Thread finished: S2 1-79
2026-10-06 08:24:08,041 INFO o.a.j.t.JMeterThread: Stopping because end time detected by thread: S2 1-186
2026-10-06 08:24:08,041 INFO o.a.j.t.JMeterThread: Stopping because end time detected by thread: S2 1-177
2026-10-06 08:24:08,041 INFO o.a.j.t.JMeterThread: Stopping because end time detected by thread: S2 1-195
2026-10-06 08:24:08,042 INFO o.a.j.t.JMeterThread: Stopping because end time detected by thread: S2 1-189
2026-10-06 08:24:08,042 INFO o.a.j.t.JMeterThread: Thread finished: S2 1-186
2026-10-06 08:24:08,042 INFO o.a.j.t.JMeterThread: Stopping because end time detected by thread: S2 1-145
2026-10-06 08:24:08,042 INFO o.a.j.t.JMeterThread: Thread finished: S2 1-189
2026-10-06 08:24:08,042 INFO o.a.j.t.JMeterThread: Thread finished: S2 1-195
2026-10-06 08:24:08,042 INFO o.a.j.t.JMeterThread: Thread finished: S2 1-145
2026-10-06 08:24:08,042 INFO o.a.j.t.JMeterThread: Thread finished: S2 1-177
2026-10-06 08:24:08,043 INFO o.a.j.t.JMeterThread: Stopping because end time detected by thread: S2 1-101
2026-10-06 08:24:08,043 INFO o.a.j.t.JMeterThread: Thread finished: S2 1-101
2026-10-06 08:24:08,043 INFO o.a.j.t.JMeterThread: Stopping because end time detected by thread: S2 1-121
2026-10-06 08:24:08,043 INFO o.a.j.t.JMeterThread: Thread finished: S2 1-121
2026-10-06 08:24:08,043 INFO o.a.j.t.JMeterThread: Stopping because end time detected by thread: S2 1-116
2026-10-06 08:24:08,043 INFO o.a.j.t.JMeterThread: Thread finished: S2 1-116
2026-10-06 08:24:08,043 INFO o.a.j.t.JMeterThread: Stopping because end time detected by thread: S2 1-112
2026-10-06 08:24:08,044 INFO o.a.j.t.JMeterThread: Thread finished: S2 1-112
2026-10-06 08:24:08,044 INFO o.a.j.t.JMeterThread: Stopping because end time detected by thread: S2 1-180
2026-10-06 08:24:08,044 INFO o.a.j.t.JMeterThread: Thread finished: S2 1-180
2026-10-06 08:24:08,044 INFO o.a.j.t.JMeterThread: Stopping because end time detected by thread: S2 1-82
2026-10-06 08:24:08,044 INFO o.a.j.t.JMeterThread: Stopping because end time detected by thread: S2 1-86
2026-10-06 08:24:08,044 INFO o.a.j.t.JMeterThread: Thread finished: S2 1-82
2026-10-06 08:24:08,044 INFO o.a.j.t.JMeterThread: Thread finished: S2 1-86
2026-10-06 08:24:08,044 INFO o.a.j.t.JMeterThread: Stopping because end time detected by thread: S2 1-175
2026-10-06 08:24:08,044 INFO o.a.j.t.JMeterThread: Thread finished: S2 1-175
2026-10-06 08:24:08,044 INFO o.a.j.t.JMeterThread: Stopping because end time detected by thread: S2 1-192
2026-10-06 08:24:08,045 INFO o.a.j.t.JMeterThread: Thread finished: S2 1-192
2026-10-06 08:24:08,045 INFO o.a.j.t.JMeterThread: Stopping because end time detected by thread: S2 1-124
2026-10-06 08:24:08,045 INFO o.a.j.t.JMeterThread: Thread finished: S2 1-124
2026-10-06 08:24:08,045 INFO o.a.j.t.JMeterThread: Stopping because end time detected by thread: S2 1-128
2026-10-06 08:24:08,045 INFO o.a.j.t.JMeterThread: Thread finished: S2 1-128
2026-10-06 08:24:08,046 INFO o.a.j.t.JMeterThread: Stopping because end time detected by thread: S2 1-132
2026-10-06 08:24:08,046 INFO o.a.j.t.JMeterThread: Thread finished: S2 1-132
2026-10-06 08:24:08,046 INFO o.a.j.t.JMeterThread: Stopping because end time detected by thread: S2 1-150
2026-10-06 08:24:08,046 INFO o.a.j.t.JMeterThread: Thread finished: S2 1-150
2026-10-06 08:24:08,047 INFO o.a.j.t.JMeterThread: Stopping because end time detected by thread: S2 1-198
2026-10-06 08:24:08,047 INFO o.a.j.t.JMeterThread: Thread finished: S2 1-198
2026-10-06 08:24:08,048 INFO o.a.j.t.JMeterThread: Stopping because end time detected by thread: S2 1-190
2026-10-06 08:24:08,048 INFO o.a.j.t.JMeterThread: Thread finished: S2 1-190
2026-10-06 08:24:08,048 INFO o.a.j.t.JMeterThread: Stopping because end time detected by thread: S2 1-122
2026-10-06 08:24:08,048 INFO o.a.j.t.JMeterThread: Stopping because end time detected by thread: S2 1-152
2026-10-06 08:24:08,048 INFO o.a.j.t.JMeterThread: Stopping because end time detected by thread: S2 1-146
2026-10-06 08:24:08,048 INFO o.a.j.t.JMeterThread: Thread finished: S2 1-122
2026-10-06 08:24:08,048 INFO o.a.j.t.JMeterThread: Thread finished: S2 1-152
2026-10-06 08:24:08,048 INFO o.a.j.t.JMeterThread: Thread finished: S2 1-146
2026-10-06 08:24:08,048 INFO o.a.j.t.JMeterThread: Stopping because end time detected by thread: S2 1-196
2026-10-06 08:24:08,049 INFO o.a.j.t.JMeterThread: Thread finished: S2 1-196
2026-10-06 08:24:08,049 INFO o.a.j.t.JMeterThread: Stopping because end time detected by thread: S2 1-187
2026-10-06 08:24:08,049 INFO o.a.j.t.JMeterThread: Stopping because end time detected by thread: S2 1-181
2026-10-06 08:24:08,049 INFO o.a.j.t.JMeterThread: Thread finished: S2 1-187
2026-10-06 08:24:08,049 INFO o.a.j.t.JMeterThread: Thread finished: S2 1-181
2026-10-06 08:24:08,049 INFO o.a.j.t.JMeterThread: Stopping because end time detected by thread: S2 1-123
2026-10-06 08:24:08,049 INFO o.a.j.t.JMeterThread: Stopping because end time detected by thread: S2 1-133
2026-10-06 08:24:08,049 INFO o.a.j.t.JMeterThread: Thread finished: S2 1-123
2026-10-06 08:24:08,049 INFO o.a.j.t.JMeterThread: Thread finished: S2 1-133
2026-10-06 08:24:08,049 INFO o.a.j.t.JMeterThread: Stopping because end time detected by thread: S2 1-139
2026-10-06 08:24:08,049 INFO o.a.j.t.JMeterThread: Thread finished: S2 1-139
2026-10-06 08:24:08,050 INFO o.a.j.t.JMeterThread: Stopping because end time detected by thread: S2 1-169
2026-10-06 08:24:08,050 INFO o.a.j.t.JMeterThread: Thread finished: S2 1-169
2026-10-06 08:24:08,050 INFO o.a.j.t.JMeterThread: Stopping because end time detected by thread: S2 1-127
2026-10-06 08:24:08,050 INFO o.a.j.t.JMeterThread: Thread finished: S2 1-127
2026-10-06 08:24:08,050 INFO o.a.j.t.JMeterThread: Stopping because end time detected by thread: S2 1-183
2026-10-06 08:24:08,050 INFO o.a.j.t.JMeterThread: Thread finished: S2 1-183
2026-10-06 08:24:08,050 INFO o.a.j.t.JMeterThread: Stopping because end time detected by thread: S2 1-168
2026-10-06 08:24:08,050 INFO o.a.j.t.JMeterThread: Thread finished: S2 1-168
2026-10-06 08:24:08,051 INFO o.a.j.t.JMeterThread: Stopping because end time detected by thread: S2 1-165
2026-10-06 08:24:08,051 INFO o.a.j.t.JMeterThread: Thread finished: S2 1-165
2026-10-06 08:24:08,052 INFO o.a.j.t.JMeterThread: Stopping because end time detected by thread: S2 1-157
2026-10-06 08:24:08,052 INFO o.a.j.t.JMeterThread: Stopping because end time detected by thread: S2 1-137
2026-10-06 08:24:08,052 INFO o.a.j.t.JMeterThread: Thread finished: S2 1-157
2026-10-06 08:24:08,052 INFO o.a.j.t.JMeterThread: Stopping because end time detected by thread: S2 1-160
2026-10-06 08:24:08,052 INFO o.a.j.t.JMeterThread: Stopping because end time detected by thread: S2 1-161
2026-10-06 08:24:08,052 INFO o.a.j.t.JMeterThread: Stopping because end time detected by thread: S2 1-182
2026-10-06 08:24:08,052 INFO o.a.j.t.JMeterThread: Thread finished: S2 1-137
2026-10-06 08:24:08,052 INFO o.a.j.t.JMeterThread: Thread finished: S2 1-160
2026-10-06 08:24:08,052 INFO o.a.j.t.JMeterThread: Thread finished: S2 1-182
2026-10-06 08:24:08,052 INFO o.a.j.t.JMeterThread: Stopping because end time detected by thread: S2 1-176
2026-10-06 08:24:08,052 INFO o.a.j.t.JMeterThread: Thread finished: S2 1-161
2026-10-06 08:24:08,052 INFO o.a.j.t.JMeterThread: Thread finished: S2 1-176
2026-10-06 08:24:08,052 INFO o.a.j.t.JMeterThread: Stopping because end time detected by thread: S2 1-154
2026-10-06 08:24:08,053 INFO o.a.j.t.JMeterThread: Thread finished: S2 1-154
2026-10-06 08:24:08,053 INFO o.a.j.t.JMeterThread: Stopping because end time detected by thread: S2 1-170
2026-10-06 08:24:08,053 INFO o.a.j.t.JMeterThread: Stopping because end time detected by thread: S2 1-200
2026-10-06 08:24:08,053 INFO o.a.j.t.JMeterThread: Thread finished: S2 1-170
2026-10-06 08:24:08,053 INFO o.a.j.t.JMeterThread: Stopping because end time detected by thread: S2 1-147
2026-10-06 08:24:08,053 INFO o.a.j.t.JMeterThread: Thread finished: S2 1-200
2026-10-06 08:24:08,053 INFO o.a.j.t.JMeterThread: Thread finished: S2 1-147
2026-10-06 08:24:08,053 INFO o.a.j.t.JMeterThread: Stopping because end time detected by thread: S2 1-155
2026-10-06 08:24:08,053 INFO o.a.j.t.JMeterThread: Stopping because end time detected by thread: S2 1-163
2026-10-06 08:24:08,054 INFO o.a.j.t.JMeterThread: Thread finished: S2 1-155
2026-10-06 08:24:08,054 INFO o.a.j.t.JMeterThread: Thread finished: S2 1-163
2026-10-06 08:24:08,054 INFO o.a.j.t.JMeterThread: Stopping because end time detected by thread: S2 1-138
2026-10-06 08:24:08,054 INFO o.a.j.t.JMeterThread: Thread finished: S2 1-138
2026-10-06 08:24:08,055 INFO o.a.j.t.JMeterThread: Stopping because end time detected by thread: S2 1-193
2026-10-06 08:24:08,055 INFO o.a.j.t.JMeterThread: Stopping because end time detected by thread: S2 1-191
2026-10-06 08:24:08,055 INFO o.a.j.t.JMeterThread: Thread finished: S2 1-193
2026-10-06 08:24:08,055 INFO o.a.j.t.JMeterThread: Thread finished: S2 1-191
2026-10-06 08:24:08,055 INFO o.a.j.t.JMeterThread: Stopping because end time detected by thread: S2 1-199
2026-10-06 08:24:08,055 INFO o.a.j.t.JMeterThread: Thread finished: S2 1-199
2026-10-06 08:24:08,055 INFO o.a.j.t.JMeterThread: Stopping because end time detected by thread: S2 1-162
2026-10-06 08:24:08,055 INFO o.a.j.t.JMeterThread: Stopping because end time detected by thread: S2 1-109
2026-10-06 08:24:08,055 INFO o.a.j.t.JMeterThread: Thread finished: S2 1-162
2026-10-06 08:24:08,055 INFO o.a.j.t.JMeterThread: Thread finished: S2 1-109
2026-10-06 08:24:08,056 INFO o.a.j.t.JMeterThread: Stopping because end time detected by thread: S2 1-159
2026-10-06 08:24:08,056 INFO o.a.j.t.JMeterThread: Thread finished: S2 1-159
2026-10-06 08:24:08,056 INFO o.a.j.e.StandardJMeterEngine: Notifying test listeners of end of test
2026-10-06 08:24:08,056 INFO o.a.j.s.FileServer: Close: /tests/data/available_menu_items.csv
2026-10-06 08:24:08,059 INFO o.a.j.r.Summariser: summary +  20420 in 00:00:08 = 2533.8/s Avg:    94 Min:    42 Max:   149 Err:     0 (0.00%) Active: 0 Started: 200 Finished: 200
2026-10-06 08:24:08,059 INFO o.a.j.r.Summariser: summary = 124954 in 00:01:01 = 2051.1/s Avg:    93 Min:     5 Max:   308 Err:     0 (0.00%)
