2026-10-02 22:20:18,989 INFO o.a.j.u.JMeterUtils: Setting Locale to en_EN
2026-10-02 22:20:19,011 INFO o.a.j.JMeter: Loading user properties from: /opt/jmeter/bin/user.properties
2026-10-02 22:20:19,011 INFO o.a.j.JMeter: Loading system properties from: /opt/jmeter/bin/system.properties
2026-10-02 22:20:19,011 INFO o.a.j.JMeter: Loading additional properties from: /tests/run.properties
2026-10-02 22:20:19,011 INFO o.a.j.JMeter: Loading additional properties from: /tests/data/ranges.properties
2026-10-02 22:20:19,012 INFO o.a.j.JMeter: Setting JMeter property: host=nestjs-nginx
2026-10-02 22:20:19,012 INFO o.a.j.JMeter: Setting JMeter property: port=80
2026-10-02 22:20:19,012 INFO o.a.j.JMeter: Setting JMeter property: rampup=1
2026-10-02 22:20:19,012 INFO o.a.j.JMeter: Setting JMeter property: endpoint=EP4
2026-10-02 22:20:19,012 INFO o.a.j.JMeter: Setting JMeter property: users=4
2026-10-02 22:20:19,012 INFO o.a.j.JMeter: Setting JMeter property: duration=60
2026-10-02 22:20:19,017 INFO o.a.j.JMeter: Copyright (c) 1998-2024 The Apache Software Foundation
2026-10-02 22:20:19,017 INFO o.a.j.JMeter: Version 5.6.3
2026-10-02 22:20:19,017 INFO o.a.j.JMeter: java.version=21.0.12.1
2026-10-02 22:20:19,017 INFO o.a.j.JMeter: java.vm.name=OpenJDK 64-Bit Server VM
2026-10-02 22:20:19,017 INFO o.a.j.JMeter: os.name=Linux
2026-10-02 22:20:19,017 INFO o.a.j.JMeter: os.arch=amd64
2026-10-02 22:20:19,018 INFO o.a.j.JMeter: os.version=6.6.87.2-microsoft-standard-WSL2
2026-10-02 22:20:19,018 INFO o.a.j.JMeter: file.encoding=UTF-8
2026-10-02 22:20:19,018 INFO o.a.j.JMeter: java.awt.headless=true
2026-10-02 22:20:19,018 INFO o.a.j.JMeter: Max memory     =4294967296
2026-10-02 22:20:19,018 INFO o.a.j.JMeter: Available Processors =12
2026-10-02 22:20:19,028 INFO o.a.j.JMeter: Default Locale=English (EN)
2026-10-02 22:20:19,028 INFO o.a.j.JMeter: JMeter  Locale=English (EN)
2026-10-02 22:20:19,028 INFO o.a.j.JMeter: JMeterHome=/opt/jmeter
2026-10-02 22:20:19,028 INFO o.a.j.JMeter: user.dir  =/tests
2026-10-02 22:20:19,028 INFO o.a.j.JMeter: PWD       =/tests
2026-10-02 22:20:19,029 INFO o.a.j.JMeter: IP: 172.19.0.5 Name: ceea972f2973 FullName: ceea972f2973
2026-10-02 22:20:19,040 INFO o.a.j.s.FileServer: Default base='/tests'
2026-10-02 22:20:19,041 INFO o.a.j.s.FileServer: Set new base='/tests'
2026-10-02 22:20:19,203 INFO o.a.j.s.SaveService: Testplan (JMX) version: 2.2. Testlog (JTL) version: 2.2
2026-10-02 22:20:19,224 INFO o.a.j.s.SaveService: Using SaveService properties version 5.0
2026-10-02 22:20:19,228 INFO o.a.j.s.SaveService: Using SaveService properties file encoding UTF-8
2026-10-02 22:20:19,230 INFO o.a.j.s.SaveService: Loading file: /tests/s3.jmx
2026-10-02 22:20:19,276 INFO o.a.j.p.h.s.HTTPSamplerBase: Parser for text/html is org.apache.jmeter.protocol.http.parser.LagartoBasedHtmlParser
2026-10-02 22:20:19,276 INFO o.a.j.p.h.s.HTTPSamplerBase: Parser for application/xhtml+xml is org.apache.jmeter.protocol.http.parser.LagartoBasedHtmlParser
2026-10-02 22:20:19,277 INFO o.a.j.p.h.s.HTTPSamplerBase: Parser for application/xml is org.apache.jmeter.protocol.http.parser.LagartoBasedHtmlParser
2026-10-02 22:20:19,277 INFO o.a.j.p.h.s.HTTPSamplerBase: Parser for text/xml is org.apache.jmeter.protocol.http.parser.LagartoBasedHtmlParser
2026-10-02 22:20:19,277 INFO o.a.j.p.h.s.HTTPSamplerBase: Parser for text/vnd.wap.wml is org.apache.jmeter.protocol.http.parser.RegexpHTMLParser
2026-10-02 22:20:19,277 INFO o.a.j.p.h.s.HTTPSamplerBase: Parser for text/css is org.apache.jmeter.protocol.http.parser.CssParser
2026-10-02 22:20:19,318 INFO o.a.j.JMeter: Creating summariser <summary>
2026-10-02 22:20:19,334 INFO o.a.j.e.StandardJMeterEngine: Running the test!
2026-10-02 22:20:19,335 INFO o.a.j.s.SampleEvent: List of sample_variables: []
2026-10-02 22:20:19,335 INFO o.a.j.s.SampleEvent: List of sample_variables: []
2026-10-02 22:20:19,339 INFO o.a.j.e.u.CompoundVariable: Note: Function class names must contain the string: '.functions.'
2026-10-02 22:20:19,339 INFO o.a.j.e.u.CompoundVariable: Note: Function class names must not contain the string: '.gui.'
2026-10-02 22:20:19,550 INFO o.a.j.JMeter: Running test (1790979619550)
2026-10-02 22:20:19,551 INFO o.a.j.e.StandardJMeterEngine: Starting setUp thread groups
2026-10-02 22:20:19,551 INFO o.a.j.e.StandardJMeterEngine: Starting setUp ThreadGroup: 1 : setUp - login 
2026-10-02 22:20:19,552 INFO o.a.j.e.StandardJMeterEngine: Starting 1 threads for group setUp - login.
2026-10-02 22:20:19,552 INFO o.a.j.e.StandardJMeterEngine: Test will stop abruptly on error
2026-10-02 22:20:19,552 INFO o.a.j.t.ThreadGroup: Starting thread group... number=1 threads=1 ramp-up=1 delayedStart=false
2026-10-02 22:20:19,554 INFO o.a.j.t.ThreadGroup: Started thread group number 1
2026-10-02 22:20:19,555 INFO o.a.j.e.StandardJMeterEngine: Waiting for all setup thread groups to exit
2026-10-02 22:20:19,556 INFO o.a.j.t.JMeterThread: Thread started: setUp - login 1-1
2026-10-02 22:20:19,567 INFO o.a.j.p.h.s.HTTPHCAbstractImpl: Local host = ceea972f2973
2026-10-02 22:20:19,572 INFO o.a.j.p.h.s.HTTPHC4Impl: HTTP request retry count = 0
2026-10-02 22:20:19,573 INFO o.a.j.s.SampleResult: Note: Sample TimeStamps are START times
2026-10-02 22:20:19,573 INFO o.a.j.s.SampleResult: sampleresult.default.encoding is set to UTF-8
2026-10-02 22:20:19,573 INFO o.a.j.s.SampleResult: sampleresult.useNanoTime=true
2026-10-02 22:20:19,573 INFO o.a.j.s.SampleResult: sampleresult.nanoThreadSleep=5000
2026-10-02 22:20:20,337 INFO o.a.j.t.JMeterThread: Thread is done: setUp - login 1-1
2026-10-02 22:20:20,337 INFO o.a.j.t.JMeterThread: Thread finished: setUp - login 1-1
2026-10-02 22:20:20,338 INFO o.a.j.e.StandardJMeterEngine: All Setup Threads have ended
2026-10-02 22:20:20,361 INFO o.a.j.e.StandardJMeterEngine: Starting ThreadGroup: 1 : S3
2026-10-02 22:20:20,361 INFO o.a.j.e.StandardJMeterEngine: Starting 4 threads for group S3.
2026-10-02 22:20:20,361 INFO o.a.j.e.StandardJMeterEngine: Thread will continue on error
2026-10-02 22:20:20,362 INFO o.a.j.t.ThreadGroup: Starting thread group... number=1 threads=4 ramp-up=1 delayedStart=false
2026-10-02 22:20:20,365 INFO o.a.j.t.JMeterThread: Thread started: S3 1-1
2026-10-02 22:20:20,367 INFO o.a.j.t.ThreadGroup: Started thread group number 1
2026-10-02 22:20:20,367 INFO o.a.j.e.StandardJMeterEngine: All thread groups have been started
2026-10-02 22:20:20,615 INFO o.a.j.t.JMeterThread: Thread started: S3 1-2
2026-10-02 22:20:20,863 INFO o.a.j.t.JMeterThread: Thread started: S3 1-3
2026-10-02 22:20:21,114 INFO o.a.j.t.JMeterThread: Thread started: S3 1-4
2026-10-02 22:20:30,001 INFO o.a.j.r.Summariser: summary +   8926 in 00:00:10 =  854.2/s Avg:     3 Min:     2 Max:   280 Err:     0 (0.00%) Active: 4 Started: 4 Finished: 0
2026-10-02 22:21:00,001 INFO o.a.j.r.Summariser: summary +  34826 in 00:00:30 = 1160.8/s Avg:     3 Min:     2 Max:    25 Err:     0 (0.00%) Active: 4 Started: 4 Finished: 0
2026-10-02 22:21:00,002 INFO o.a.j.r.Summariser: summary =  43752 in 00:00:40 = 1081.6/s Avg:     3 Min:     2 Max:   280 Err:     0 (0.00%)
2026-10-02 22:21:20,365 INFO o.a.j.t.JMeterThread: Stopping because end time detected by thread: S3 1-1
2026-10-02 22:21:20,365 INFO o.a.j.t.JMeterThread: Thread finished: S3 1-1
2026-10-02 22:21:20,365 INFO o.a.j.t.JMeterThread: Stopping because end time detected by thread: S3 1-2
2026-10-02 22:21:20,365 INFO o.a.j.t.JMeterThread: Thread finished: S3 1-2
2026-10-02 22:21:20,366 INFO o.a.j.t.JMeterThread: Stopping because end time detected by thread: S3 1-3
2026-10-02 22:21:20,366 INFO o.a.j.t.JMeterThread: Thread finished: S3 1-3
2026-10-02 22:21:20,368 INFO o.a.j.t.JMeterThread: Stopping because end time detected by thread: S3 1-4
2026-10-02 22:21:20,368 INFO o.a.j.t.JMeterThread: Thread finished: S3 1-4
2026-10-02 22:21:20,368 INFO o.a.j.e.StandardJMeterEngine: Notifying test listeners of end of test
2026-10-02 22:21:20,371 INFO o.a.j.r.Summariser: summary +  24684 in 00:00:20 = 1211.8/s Avg:     3 Min:     2 Max:    23 Err:     0 (0.00%) Active: 0 Started: 4 Finished: 4
2026-10-02 22:21:20,371 INFO o.a.j.r.Summariser: summary =  68436 in 00:01:01 = 1125.2/s Avg:     3 Min:     2 Max:   280 Err:     0 (0.00%)
