2026-10-01 20:35:30,390 INFO o.a.j.u.JMeterUtils: Setting Locale to en_EN
2026-10-01 20:35:30,410 INFO o.a.j.JMeter: Loading user properties from: /opt/jmeter/bin/user.properties
2026-10-01 20:35:30,410 INFO o.a.j.JMeter: Loading system properties from: /opt/jmeter/bin/system.properties
2026-10-01 20:35:30,410 INFO o.a.j.JMeter: Loading additional properties from: /tests/run.properties
2026-10-01 20:35:30,411 INFO o.a.j.JMeter: Loading additional properties from: /tests/data/ranges.properties
2026-10-01 20:35:30,411 INFO o.a.j.JMeter: Setting JMeter property: host=laravel-nginx
2026-10-01 20:35:30,411 INFO o.a.j.JMeter: Setting JMeter property: port=80
2026-10-01 20:35:30,411 INFO o.a.j.JMeter: Setting JMeter property: rampup=10
2026-10-01 20:35:30,411 INFO o.a.j.JMeter: Setting JMeter property: endpoint=EP3
2026-10-01 20:35:30,411 INFO o.a.j.JMeter: Setting JMeter property: users=10
2026-10-01 20:35:30,411 INFO o.a.j.JMeter: Setting JMeter property: duration=20
2026-10-01 20:35:30,411 INFO o.a.j.JMeter: Setting JMeter property: ep9.start=2026-10-21
2026-10-01 20:35:30,411 INFO o.a.j.JMeter: Setting JMeter property: ep9.offset=100000000
2026-10-01 20:35:30,417 INFO o.a.j.JMeter: Copyright (c) 1998-2024 The Apache Software Foundation
2026-10-01 20:35:30,418 INFO o.a.j.JMeter: Version 5.6.3
2026-10-01 20:35:30,418 INFO o.a.j.JMeter: java.version=21.0.12.1
2026-10-01 20:35:30,418 INFO o.a.j.JMeter: java.vm.name=OpenJDK 64-Bit Server VM
2026-10-01 20:35:30,418 INFO o.a.j.JMeter: os.name=Linux
2026-10-01 20:35:30,418 INFO o.a.j.JMeter: os.arch=amd64
2026-10-01 20:35:30,418 INFO o.a.j.JMeter: os.version=6.6.87.2-microsoft-standard-WSL2
2026-10-01 20:35:30,418 INFO o.a.j.JMeter: file.encoding=UTF-8
2026-10-01 20:35:30,418 INFO o.a.j.JMeter: java.awt.headless=true
2026-10-01 20:35:30,419 INFO o.a.j.JMeter: Max memory     =4294967296
2026-10-01 20:35:30,419 INFO o.a.j.JMeter: Available Processors =12
2026-10-01 20:35:30,426 INFO o.a.j.JMeter: Default Locale=English (EN)
2026-10-01 20:35:30,426 INFO o.a.j.JMeter: JMeter  Locale=English (EN)
2026-10-01 20:35:30,426 INFO o.a.j.JMeter: JMeterHome=/opt/jmeter
2026-10-01 20:35:30,426 INFO o.a.j.JMeter: user.dir  =/tests
2026-10-01 20:35:30,427 INFO o.a.j.JMeter: PWD       =/tests
2026-10-01 20:35:30,427 INFO o.a.j.JMeter: IP: 172.19.0.5 Name: b1c57fc103e7 FullName: b1c57fc103e7
2026-10-01 20:35:30,437 INFO o.a.j.s.FileServer: Default base='/tests'
2026-10-01 20:35:30,439 INFO o.a.j.s.FileServer: Set new base='/tests'
2026-10-01 20:35:30,605 INFO o.a.j.s.SaveService: Testplan (JMX) version: 2.2. Testlog (JTL) version: 2.2
2026-10-01 20:35:30,628 INFO o.a.j.s.SaveService: Using SaveService properties version 5.0
2026-10-01 20:35:30,631 INFO o.a.j.s.SaveService: Using SaveService properties file encoding UTF-8
2026-10-01 20:35:30,634 INFO o.a.j.s.SaveService: Loading file: /tests/s2.jmx
2026-10-01 20:35:30,677 INFO o.a.j.p.h.s.HTTPSamplerBase: Parser for text/html is org.apache.jmeter.protocol.http.parser.LagartoBasedHtmlParser
2026-10-01 20:35:30,677 INFO o.a.j.p.h.s.HTTPSamplerBase: Parser for application/xhtml+xml is org.apache.jmeter.protocol.http.parser.LagartoBasedHtmlParser
2026-10-01 20:35:30,677 INFO o.a.j.p.h.s.HTTPSamplerBase: Parser for application/xml is org.apache.jmeter.protocol.http.parser.LagartoBasedHtmlParser
2026-10-01 20:35:30,677 INFO o.a.j.p.h.s.HTTPSamplerBase: Parser for text/xml is org.apache.jmeter.protocol.http.parser.LagartoBasedHtmlParser
2026-10-01 20:35:30,677 INFO o.a.j.p.h.s.HTTPSamplerBase: Parser for text/vnd.wap.wml is org.apache.jmeter.protocol.http.parser.RegexpHTMLParser
2026-10-01 20:35:30,678 INFO o.a.j.p.h.s.HTTPSamplerBase: Parser for text/css is org.apache.jmeter.protocol.http.parser.CssParser
2026-10-01 20:35:30,719 INFO o.a.j.JMeter: Creating summariser <summary>
2026-10-01 20:35:30,732 INFO o.a.j.e.StandardJMeterEngine: Running the test!
2026-10-01 20:35:30,733 INFO o.a.j.s.SampleEvent: List of sample_variables: []
2026-10-01 20:35:30,734 INFO o.a.j.s.SampleEvent: List of sample_variables: []
2026-10-01 20:35:30,737 INFO o.a.j.e.u.CompoundVariable: Note: Function class names must contain the string: '.functions.'
2026-10-01 20:35:30,737 INFO o.a.j.e.u.CompoundVariable: Note: Function class names must not contain the string: '.gui.'
2026-10-01 20:35:30,951 INFO o.a.j.JMeter: Running test (1790886930951)
2026-10-01 20:35:30,953 INFO o.a.j.e.StandardJMeterEngine: Starting setUp thread groups
2026-10-01 20:35:30,953 INFO o.a.j.e.StandardJMeterEngine: Starting setUp ThreadGroup: 1 : setUp - login 
2026-10-01 20:35:30,953 INFO o.a.j.e.StandardJMeterEngine: Starting 1 threads for group setUp - login.
2026-10-01 20:35:30,953 INFO o.a.j.e.StandardJMeterEngine: Test will stop abruptly on error
2026-10-01 20:35:30,954 INFO o.a.j.t.ThreadGroup: Starting thread group... number=1 threads=1 ramp-up=1 delayedStart=false
2026-10-01 20:35:30,957 INFO o.a.j.t.ThreadGroup: Started thread group number 1
2026-10-01 20:35:30,957 INFO o.a.j.e.StandardJMeterEngine: Waiting for all setup thread groups to exit
2026-10-01 20:35:30,958 INFO o.a.j.t.JMeterThread: Thread started: setUp - login 1-1
2026-10-01 20:35:30,970 INFO o.a.j.p.h.s.HTTPHCAbstractImpl: Local host = b1c57fc103e7
2026-10-01 20:35:30,975 INFO o.a.j.p.h.s.HTTPHC4Impl: HTTP request retry count = 0
2026-10-01 20:35:30,976 INFO o.a.j.s.SampleResult: Note: Sample TimeStamps are START times
2026-10-01 20:35:30,976 INFO o.a.j.s.SampleResult: sampleresult.default.encoding is set to UTF-8
2026-10-01 20:35:30,976 INFO o.a.j.s.SampleResult: sampleresult.useNanoTime=true
2026-10-01 20:35:30,977 INFO o.a.j.s.SampleResult: sampleresult.nanoThreadSleep=5000
2026-10-01 20:35:31,638 INFO o.a.j.r.Summariser: summary +      1 in 00:00:01 =    1.5/s Avg:   217 Min:   217 Max:   217 Err:     0 (0.00%) Active: 1 Started: 1 Finished: 0
2026-10-01 20:35:31,639 INFO o.a.j.t.JMeterThread: Thread is done: setUp - login 1-1
2026-10-01 20:35:31,639 INFO o.a.j.t.JMeterThread: Thread finished: setUp - login 1-1
2026-10-01 20:35:31,640 INFO o.a.j.e.StandardJMeterEngine: All Setup Threads have ended
2026-10-01 20:35:31,664 INFO o.a.j.e.StandardJMeterEngine: Starting ThreadGroup: 1 : S2
2026-10-01 20:35:31,665 INFO o.a.j.e.StandardJMeterEngine: Starting 10 threads for group S2.
2026-10-01 20:35:31,665 INFO o.a.j.e.StandardJMeterEngine: Thread will continue on error
2026-10-01 20:35:31,665 INFO o.a.j.t.ThreadGroup: Starting thread group... number=1 threads=10 ramp-up=10 delayedStart=false
2026-10-01 20:35:31,675 INFO o.a.j.t.ThreadGroup: Started thread group number 1
2026-10-01 20:35:31,675 INFO o.a.j.e.StandardJMeterEngine: All thread groups have been started
2026-10-01 20:35:31,676 INFO o.a.j.t.JMeterThread: Thread started: S2 1-1
2026-10-01 20:35:31,677 INFO o.a.j.s.FileServer: Stored: /tests/data/available_menu_items.csv
2026-10-01 20:35:32,675 INFO o.a.j.t.JMeterThread: Thread started: S2 1-2
2026-10-01 20:35:33,674 INFO o.a.j.t.JMeterThread: Thread started: S2 1-3
2026-10-01 20:35:34,673 INFO o.a.j.t.JMeterThread: Thread started: S2 1-4
2026-10-01 20:35:35,672 INFO o.a.j.t.JMeterThread: Thread started: S2 1-5
2026-10-01 20:35:36,671 INFO o.a.j.t.JMeterThread: Thread started: S2 1-6
2026-10-01 20:35:37,669 INFO o.a.j.t.JMeterThread: Thread started: S2 1-7
2026-10-01 20:35:38,669 INFO o.a.j.t.JMeterThread: Thread started: S2 1-8
2026-10-01 20:35:39,668 INFO o.a.j.t.JMeterThread: Thread started: S2 1-9
2026-10-01 20:35:40,668 INFO o.a.j.t.JMeterThread: Thread started: S2 1-10
2026-10-01 20:35:51,682 INFO o.a.j.t.JMeterThread: Stopping because end time detected by thread: S2 1-9
2026-10-01 20:35:51,682 INFO o.a.j.t.JMeterThread: Thread finished: S2 1-9
2026-10-01 20:35:51,691 INFO o.a.j.t.JMeterThread: Stopping because end time detected by thread: S2 1-10
2026-10-01 20:35:51,691 INFO o.a.j.t.JMeterThread: Thread finished: S2 1-10
2026-10-01 20:35:51,694 INFO o.a.j.t.JMeterThread: Stopping because end time detected by thread: S2 1-8
2026-10-01 20:35:51,694 INFO o.a.j.t.JMeterThread: Thread finished: S2 1-8
2026-10-01 20:35:51,696 INFO o.a.j.t.JMeterThread: Stopping because end time detected by thread: S2 1-3
2026-10-01 20:35:51,696 INFO o.a.j.t.JMeterThread: Thread finished: S2 1-3
2026-10-01 20:35:51,713 INFO o.a.j.t.JMeterThread: Stopping because end time detected by thread: S2 1-7
2026-10-01 20:35:51,713 INFO o.a.j.t.JMeterThread: Thread finished: S2 1-7
2026-10-01 20:35:51,722 INFO o.a.j.t.JMeterThread: Stopping because end time detected by thread: S2 1-1
2026-10-01 20:35:51,722 INFO o.a.j.t.JMeterThread: Thread finished: S2 1-1
2026-10-01 20:35:51,723 INFO o.a.j.t.JMeterThread: Stopping because end time detected by thread: S2 1-2
2026-10-01 20:35:51,723 INFO o.a.j.t.JMeterThread: Thread finished: S2 1-2
2026-10-01 20:35:51,742 INFO o.a.j.t.JMeterThread: Stopping because end time detected by thread: S2 1-5
2026-10-01 20:35:51,742 INFO o.a.j.t.JMeterThread: Thread finished: S2 1-5
2026-10-01 20:35:51,743 INFO o.a.j.t.JMeterThread: Stopping because end time detected by thread: S2 1-4
2026-10-01 20:35:51,743 INFO o.a.j.t.JMeterThread: Thread finished: S2 1-4
2026-10-01 20:35:51,747 INFO o.a.j.t.JMeterThread: Stopping because end time detected by thread: S2 1-6
2026-10-01 20:35:51,748 INFO o.a.j.t.JMeterThread: Thread finished: S2 1-6
2026-10-01 20:35:51,748 INFO o.a.j.e.StandardJMeterEngine: Notifying test listeners of end of test
2026-10-01 20:35:51,748 INFO o.a.j.s.FileServer: Close: /tests/data/available_menu_items.csv
2026-10-01 20:35:51,751 INFO o.a.j.r.Summariser: summary +   2230 in 00:00:20 =  110.9/s Avg:    73 Min:    17 Max:   164 Err:     0 (0.00%) Active: 0 Started: 10 Finished: 10
2026-10-01 20:35:51,751 INFO o.a.j.r.Summariser: summary =   2231 in 00:00:21 =  107.3/s Avg:    73 Min:    17 Max:   217 Err:     0 (0.00%)
