2026-10-01 20:35:15,315 INFO o.a.j.u.JMeterUtils: Setting Locale to en_EN
2026-10-01 20:35:15,337 INFO o.a.j.JMeter: Loading user properties from: /opt/jmeter/bin/user.properties
2026-10-01 20:35:15,337 INFO o.a.j.JMeter: Loading system properties from: /opt/jmeter/bin/system.properties
2026-10-01 20:35:15,337 INFO o.a.j.JMeter: Loading additional properties from: /tests/run.properties
2026-10-01 20:35:15,338 INFO o.a.j.JMeter: Loading additional properties from: /tests/data/ranges.properties
2026-10-01 20:35:15,338 INFO o.a.j.JMeter: Setting JMeter property: host=laravel-nginx
2026-10-01 20:35:15,338 INFO o.a.j.JMeter: Setting JMeter property: port=80
2026-10-01 20:35:15,338 INFO o.a.j.JMeter: Setting JMeter property: rampup=10
2026-10-01 20:35:15,338 INFO o.a.j.JMeter: Setting JMeter property: endpoint=EP3
2026-10-01 20:35:15,338 INFO o.a.j.JMeter: Setting JMeter property: users=10
2026-10-01 20:35:15,338 INFO o.a.j.JMeter: Setting JMeter property: duration=10
2026-10-01 20:35:15,338 INFO o.a.j.JMeter: Setting JMeter property: ep9.start=2026-10-21
2026-10-01 20:35:15,338 INFO o.a.j.JMeter: Setting JMeter property: ep9.offset=0
2026-10-01 20:35:15,344 INFO o.a.j.JMeter: Copyright (c) 1998-2024 The Apache Software Foundation
2026-10-01 20:35:15,344 INFO o.a.j.JMeter: Version 5.6.3
2026-10-01 20:35:15,344 INFO o.a.j.JMeter: java.version=21.0.12.1
2026-10-01 20:35:15,344 INFO o.a.j.JMeter: java.vm.name=OpenJDK 64-Bit Server VM
2026-10-01 20:35:15,344 INFO o.a.j.JMeter: os.name=Linux
2026-10-01 20:35:15,344 INFO o.a.j.JMeter: os.arch=amd64
2026-10-01 20:35:15,344 INFO o.a.j.JMeter: os.version=6.6.87.2-microsoft-standard-WSL2
2026-10-01 20:35:15,344 INFO o.a.j.JMeter: file.encoding=UTF-8
2026-10-01 20:35:15,345 INFO o.a.j.JMeter: java.awt.headless=true
2026-10-01 20:35:15,345 INFO o.a.j.JMeter: Max memory     =4294967296
2026-10-01 20:35:15,345 INFO o.a.j.JMeter: Available Processors =12
2026-10-01 20:35:15,353 INFO o.a.j.JMeter: Default Locale=English (EN)
2026-10-01 20:35:15,353 INFO o.a.j.JMeter: JMeter  Locale=English (EN)
2026-10-01 20:35:15,353 INFO o.a.j.JMeter: JMeterHome=/opt/jmeter
2026-10-01 20:35:15,353 INFO o.a.j.JMeter: user.dir  =/tests
2026-10-01 20:35:15,353 INFO o.a.j.JMeter: PWD       =/tests
2026-10-01 20:35:15,354 INFO o.a.j.JMeter: IP: 172.19.0.5 Name: 24dd70b8b461 FullName: 24dd70b8b461
2026-10-01 20:35:15,365 INFO o.a.j.s.FileServer: Default base='/tests'
2026-10-01 20:35:15,366 INFO o.a.j.s.FileServer: Set new base='/tests'
2026-10-01 20:35:15,549 INFO o.a.j.s.SaveService: Testplan (JMX) version: 2.2. Testlog (JTL) version: 2.2
2026-10-01 20:35:15,571 INFO o.a.j.s.SaveService: Using SaveService properties version 5.0
2026-10-01 20:35:15,574 INFO o.a.j.s.SaveService: Using SaveService properties file encoding UTF-8
2026-10-01 20:35:15,577 INFO o.a.j.s.SaveService: Loading file: /tests/s2.jmx
2026-10-01 20:35:15,631 INFO o.a.j.p.h.s.HTTPSamplerBase: Parser for text/html is org.apache.jmeter.protocol.http.parser.LagartoBasedHtmlParser
2026-10-01 20:35:15,632 INFO o.a.j.p.h.s.HTTPSamplerBase: Parser for application/xhtml+xml is org.apache.jmeter.protocol.http.parser.LagartoBasedHtmlParser
2026-10-01 20:35:15,632 INFO o.a.j.p.h.s.HTTPSamplerBase: Parser for application/xml is org.apache.jmeter.protocol.http.parser.LagartoBasedHtmlParser
2026-10-01 20:35:15,632 INFO o.a.j.p.h.s.HTTPSamplerBase: Parser for text/xml is org.apache.jmeter.protocol.http.parser.LagartoBasedHtmlParser
2026-10-01 20:35:15,632 INFO o.a.j.p.h.s.HTTPSamplerBase: Parser for text/vnd.wap.wml is org.apache.jmeter.protocol.http.parser.RegexpHTMLParser
2026-10-01 20:35:15,632 INFO o.a.j.p.h.s.HTTPSamplerBase: Parser for text/css is org.apache.jmeter.protocol.http.parser.CssParser
2026-10-01 20:35:15,683 INFO o.a.j.JMeter: Creating summariser <summary>
2026-10-01 20:35:15,694 INFO o.a.j.e.StandardJMeterEngine: Running the test!
2026-10-01 20:35:15,695 INFO o.a.j.s.SampleEvent: List of sample_variables: []
2026-10-01 20:35:15,695 INFO o.a.j.s.SampleEvent: List of sample_variables: []
2026-10-01 20:35:15,700 INFO o.a.j.e.u.CompoundVariable: Note: Function class names must contain the string: '.functions.'
2026-10-01 20:35:15,700 INFO o.a.j.e.u.CompoundVariable: Note: Function class names must not contain the string: '.gui.'
2026-10-01 20:35:15,942 INFO o.a.j.JMeter: Running test (1790886915942)
2026-10-01 20:35:15,944 INFO o.a.j.e.StandardJMeterEngine: Starting setUp thread groups
2026-10-01 20:35:15,944 INFO o.a.j.e.StandardJMeterEngine: Starting setUp ThreadGroup: 1 : setUp - login 
2026-10-01 20:35:15,945 INFO o.a.j.e.StandardJMeterEngine: Starting 1 threads for group setUp - login.
2026-10-01 20:35:15,945 INFO o.a.j.e.StandardJMeterEngine: Test will stop abruptly on error
2026-10-01 20:35:15,945 INFO o.a.j.t.ThreadGroup: Starting thread group... number=1 threads=1 ramp-up=1 delayedStart=false
2026-10-01 20:35:15,948 INFO o.a.j.t.ThreadGroup: Started thread group number 1
2026-10-01 20:35:15,948 INFO o.a.j.e.StandardJMeterEngine: Waiting for all setup thread groups to exit
2026-10-01 20:35:15,949 INFO o.a.j.t.JMeterThread: Thread started: setUp - login 1-1
2026-10-01 20:35:15,960 INFO o.a.j.p.h.s.HTTPHCAbstractImpl: Local host = 24dd70b8b461
2026-10-01 20:35:15,965 INFO o.a.j.p.h.s.HTTPHC4Impl: HTTP request retry count = 0
2026-10-01 20:35:15,967 INFO o.a.j.s.SampleResult: Note: Sample TimeStamps are START times
2026-10-01 20:35:15,967 INFO o.a.j.s.SampleResult: sampleresult.default.encoding is set to UTF-8
2026-10-01 20:35:15,967 INFO o.a.j.s.SampleResult: sampleresult.useNanoTime=true
2026-10-01 20:35:15,967 INFO o.a.j.s.SampleResult: sampleresult.nanoThreadSleep=5000
2026-10-01 20:35:16,740 INFO o.a.j.t.JMeterThread: Thread is done: setUp - login 1-1
2026-10-01 20:35:16,740 INFO o.a.j.t.JMeterThread: Thread finished: setUp - login 1-1
2026-10-01 20:35:16,741 INFO o.a.j.e.StandardJMeterEngine: All Setup Threads have ended
2026-10-01 20:35:16,765 INFO o.a.j.e.StandardJMeterEngine: Starting ThreadGroup: 1 : S2
2026-10-01 20:35:16,765 INFO o.a.j.e.StandardJMeterEngine: Starting 10 threads for group S2.
2026-10-01 20:35:16,765 INFO o.a.j.e.StandardJMeterEngine: Thread will continue on error
2026-10-01 20:35:16,766 INFO o.a.j.t.ThreadGroup: Starting thread group... number=1 threads=10 ramp-up=10 delayedStart=false
2026-10-01 20:35:16,776 INFO o.a.j.t.ThreadGroup: Started thread group number 1
2026-10-01 20:35:16,776 INFO o.a.j.t.JMeterThread: Thread started: S2 1-1
2026-10-01 20:35:16,776 INFO o.a.j.e.StandardJMeterEngine: All thread groups have been started
2026-10-01 20:35:16,777 INFO o.a.j.s.FileServer: Stored: /tests/data/available_menu_items.csv
2026-10-01 20:35:17,778 INFO o.a.j.t.JMeterThread: Thread started: S2 1-2
2026-10-01 20:35:18,775 INFO o.a.j.t.JMeterThread: Thread started: S2 1-3
2026-10-01 20:35:19,773 INFO o.a.j.t.JMeterThread: Thread started: S2 1-4
2026-10-01 20:35:20,771 INFO o.a.j.t.JMeterThread: Thread started: S2 1-5
2026-10-01 20:35:21,770 INFO o.a.j.t.JMeterThread: Thread started: S2 1-6
2026-10-01 20:35:22,770 INFO o.a.j.t.JMeterThread: Thread started: S2 1-7
2026-10-01 20:35:23,771 INFO o.a.j.t.JMeterThread: Thread started: S2 1-8
2026-10-01 20:35:24,768 INFO o.a.j.t.JMeterThread: Thread started: S2 1-9
2026-10-01 20:35:25,768 INFO o.a.j.t.JMeterThread: Thread started: S2 1-10
2026-10-01 20:35:26,778 INFO o.a.j.t.JMeterThread: Stopping because end time detected by thread: S2 1-1
2026-10-01 20:35:26,778 INFO o.a.j.t.JMeterThread: Thread finished: S2 1-1
2026-10-01 20:35:26,779 INFO o.a.j.t.JMeterThread: Stopping because end time detected by thread: S2 1-6
2026-10-01 20:35:26,779 INFO o.a.j.t.JMeterThread: Thread finished: S2 1-6
2026-10-01 20:35:26,783 INFO o.a.j.t.JMeterThread: Stopping because end time detected by thread: S2 1-7
2026-10-01 20:35:26,783 INFO o.a.j.t.JMeterThread: Thread finished: S2 1-7
2026-10-01 20:35:26,805 INFO o.a.j.t.JMeterThread: Stopping because end time detected by thread: S2 1-2
2026-10-01 20:35:26,805 INFO o.a.j.t.JMeterThread: Thread finished: S2 1-2
2026-10-01 20:35:26,811 INFO o.a.j.t.JMeterThread: Stopping because end time detected by thread: S2 1-8
2026-10-01 20:35:26,811 INFO o.a.j.t.JMeterThread: Thread finished: S2 1-8
2026-10-01 20:35:26,817 INFO o.a.j.t.JMeterThread: Stopping because end time detected by thread: S2 1-4
2026-10-01 20:35:26,817 INFO o.a.j.t.JMeterThread: Thread finished: S2 1-4
2026-10-01 20:35:26,821 INFO o.a.j.t.JMeterThread: Stopping because end time detected by thread: S2 1-5
2026-10-01 20:35:26,822 INFO o.a.j.t.JMeterThread: Thread finished: S2 1-5
2026-10-01 20:35:26,825 INFO o.a.j.t.JMeterThread: Stopping because end time detected by thread: S2 1-9
2026-10-01 20:35:26,826 INFO o.a.j.t.JMeterThread: Thread finished: S2 1-9
2026-10-01 20:35:26,836 INFO o.a.j.t.JMeterThread: Stopping because end time detected by thread: S2 1-10
2026-10-01 20:35:26,836 INFO o.a.j.t.JMeterThread: Thread finished: S2 1-10
2026-10-01 20:35:26,862 INFO o.a.j.t.JMeterThread: Stopping because end time detected by thread: S2 1-3
2026-10-01 20:35:26,862 INFO o.a.j.t.JMeterThread: Thread finished: S2 1-3
2026-10-01 20:35:26,863 INFO o.a.j.e.StandardJMeterEngine: Notifying test listeners of end of test
2026-10-01 20:35:26,863 INFO o.a.j.s.FileServer: Close: /tests/data/available_menu_items.csv
2026-10-01 20:35:26,866 INFO o.a.j.r.Summariser: summary =    966 in 00:00:11 =   88.4/s Avg:    57 Min:    17 Max:   305 Err:     0 (0.00%)
