2026-10-07 19:47:01,830 INFO o.a.j.u.JMeterUtils: Setting Locale to en_EN
2026-10-07 19:47:01,848 INFO o.a.j.JMeter: Loading user properties from: /opt/jmeter/bin/user.properties
2026-10-07 19:47:01,848 INFO o.a.j.JMeter: Loading system properties from: /opt/jmeter/bin/system.properties
2026-10-07 19:47:01,849 INFO o.a.j.JMeter: Loading additional properties from: /tests/run.properties
2026-10-07 19:47:01,849 INFO o.a.j.JMeter: Loading additional properties from: /tests/data/ranges.properties
2026-10-07 19:47:01,849 INFO o.a.j.JMeter: Setting JMeter property: host=laravel-nginx
2026-10-07 19:47:01,849 INFO o.a.j.JMeter: Setting JMeter property: port=80
2026-10-07 19:47:01,849 INFO o.a.j.JMeter: Setting JMeter property: rampup=10
2026-10-07 19:47:01,849 INFO o.a.j.JMeter: Setting JMeter property: endpoint=EP5
2026-10-07 19:47:01,849 INFO o.a.j.JMeter: Setting JMeter property: users=4
2026-10-07 19:47:01,849 INFO o.a.j.JMeter: Setting JMeter property: duration=60
2026-10-07 19:47:01,854 INFO o.a.j.JMeter: Copyright (c) 1998-2024 The Apache Software Foundation
2026-10-07 19:47:01,854 INFO o.a.j.JMeter: Version 5.6.3
2026-10-07 19:47:01,854 INFO o.a.j.JMeter: java.version=21.0.12.1
2026-10-07 19:47:01,854 INFO o.a.j.JMeter: java.vm.name=OpenJDK 64-Bit Server VM
2026-10-07 19:47:01,854 INFO o.a.j.JMeter: os.name=Linux
2026-10-07 19:47:01,854 INFO o.a.j.JMeter: os.arch=amd64
2026-10-07 19:47:01,854 INFO o.a.j.JMeter: os.version=6.6.87.2-microsoft-standard-WSL2
2026-10-07 19:47:01,854 INFO o.a.j.JMeter: file.encoding=UTF-8
2026-10-07 19:47:01,854 INFO o.a.j.JMeter: java.awt.headless=true
2026-10-07 19:47:01,854 INFO o.a.j.JMeter: Max memory     =4294967296
2026-10-07 19:47:01,854 INFO o.a.j.JMeter: Available Processors =12
2026-10-07 19:47:01,861 INFO o.a.j.JMeter: Default Locale=English (EN)
2026-10-07 19:47:01,861 INFO o.a.j.JMeter: JMeter  Locale=English (EN)
2026-10-07 19:47:01,861 INFO o.a.j.JMeter: JMeterHome=/opt/jmeter
2026-10-07 19:47:01,861 INFO o.a.j.JMeter: user.dir  =/tests
2026-10-07 19:47:01,861 INFO o.a.j.JMeter: PWD       =/tests
2026-10-07 19:47:01,861 INFO o.a.j.JMeter: IP: 172.19.0.5 Name: f2c220487f41 FullName: f2c220487f41
2026-10-07 19:47:01,870 INFO o.a.j.s.FileServer: Default base='/tests'
2026-10-07 19:47:01,871 INFO o.a.j.s.FileServer: Set new base='/tests'
2026-10-07 19:47:02,010 INFO o.a.j.s.SaveService: Testplan (JMX) version: 2.2. Testlog (JTL) version: 2.2
2026-10-07 19:47:02,030 INFO o.a.j.s.SaveService: Using SaveService properties version 5.0
2026-10-07 19:47:02,033 INFO o.a.j.s.SaveService: Using SaveService properties file encoding UTF-8
2026-10-07 19:47:02,036 INFO o.a.j.s.SaveService: Loading file: /tests/s3.jmx
2026-10-07 19:47:02,080 INFO o.a.j.p.h.s.HTTPSamplerBase: Parser for text/html is org.apache.jmeter.protocol.http.parser.LagartoBasedHtmlParser
2026-10-07 19:47:02,080 INFO o.a.j.p.h.s.HTTPSamplerBase: Parser for application/xhtml+xml is org.apache.jmeter.protocol.http.parser.LagartoBasedHtmlParser
2026-10-07 19:47:02,081 INFO o.a.j.p.h.s.HTTPSamplerBase: Parser for application/xml is org.apache.jmeter.protocol.http.parser.LagartoBasedHtmlParser
2026-10-07 19:47:02,081 INFO o.a.j.p.h.s.HTTPSamplerBase: Parser for text/xml is org.apache.jmeter.protocol.http.parser.LagartoBasedHtmlParser
2026-10-07 19:47:02,081 INFO o.a.j.p.h.s.HTTPSamplerBase: Parser for text/vnd.wap.wml is org.apache.jmeter.protocol.http.parser.RegexpHTMLParser
2026-10-07 19:47:02,081 INFO o.a.j.p.h.s.HTTPSamplerBase: Parser for text/css is org.apache.jmeter.protocol.http.parser.CssParser
2026-10-07 19:47:02,117 INFO o.a.j.JMeter: Creating summariser <summary>
2026-10-07 19:47:02,130 INFO o.a.j.e.StandardJMeterEngine: Running the test!
2026-10-07 19:47:02,130 INFO o.a.j.s.SampleEvent: List of sample_variables: []
2026-10-07 19:47:02,130 INFO o.a.j.s.SampleEvent: List of sample_variables: []
2026-10-07 19:47:02,134 INFO o.a.j.e.u.CompoundVariable: Note: Function class names must contain the string: '.functions.'
2026-10-07 19:47:02,134 INFO o.a.j.e.u.CompoundVariable: Note: Function class names must not contain the string: '.gui.'
2026-10-07 19:47:02,343 INFO o.a.j.JMeter: Running test (1791402422343)
2026-10-07 19:47:02,344 INFO o.a.j.e.StandardJMeterEngine: Starting setUp thread groups
2026-10-07 19:47:02,344 INFO o.a.j.e.StandardJMeterEngine: Starting setUp ThreadGroup: 1 : setUp - login 
2026-10-07 19:47:02,344 INFO o.a.j.e.StandardJMeterEngine: Starting 1 threads for group setUp - login.
2026-10-07 19:47:02,344 INFO o.a.j.e.StandardJMeterEngine: Test will stop abruptly on error
2026-10-07 19:47:02,345 INFO o.a.j.t.ThreadGroup: Starting thread group... number=1 threads=1 ramp-up=1 delayedStart=false
2026-10-07 19:47:02,347 INFO o.a.j.t.ThreadGroup: Started thread group number 1
2026-10-07 19:47:02,347 INFO o.a.j.e.StandardJMeterEngine: Waiting for all setup thread groups to exit
2026-10-07 19:47:02,349 INFO o.a.j.t.JMeterThread: Thread started: setUp - login 1-1
2026-10-07 19:47:02,360 INFO o.a.j.p.h.s.HTTPHCAbstractImpl: Local host = f2c220487f41
2026-10-07 19:47:02,365 INFO o.a.j.p.h.s.HTTPHC4Impl: HTTP request retry count = 0
2026-10-07 19:47:02,366 INFO o.a.j.s.SampleResult: Note: Sample TimeStamps are START times
2026-10-07 19:47:02,366 INFO o.a.j.s.SampleResult: sampleresult.default.encoding is set to UTF-8
2026-10-07 19:47:02,366 INFO o.a.j.s.SampleResult: sampleresult.useNanoTime=true
2026-10-07 19:47:02,366 INFO o.a.j.s.SampleResult: sampleresult.nanoThreadSleep=5000
2026-10-07 19:47:02,982 INFO o.a.j.r.Summariser: summary +      1 in 00:00:01 =    1.6/s Avg:   204 Min:   204 Max:   204 Err:     0 (0.00%) Active: 1 Started: 1 Finished: 0
2026-10-07 19:47:02,983 INFO o.a.j.t.JMeterThread: Thread is done: setUp - login 1-1
2026-10-07 19:47:02,983 INFO o.a.j.t.JMeterThread: Thread finished: setUp - login 1-1
2026-10-07 19:47:02,984 INFO o.a.j.e.StandardJMeterEngine: All Setup Threads have ended
2026-10-07 19:47:03,005 INFO o.a.j.e.StandardJMeterEngine: Starting ThreadGroup: 1 : S3
2026-10-07 19:47:03,006 INFO o.a.j.e.StandardJMeterEngine: Starting 4 threads for group S3.
2026-10-07 19:47:03,006 INFO o.a.j.e.StandardJMeterEngine: Thread will continue on error
2026-10-07 19:47:03,006 INFO o.a.j.t.ThreadGroup: Starting thread group... number=1 threads=4 ramp-up=10 delayedStart=false
2026-10-07 19:47:03,008 INFO o.a.j.t.JMeterThread: Thread started: S3 1-1
2026-10-07 19:47:03,011 INFO o.a.j.t.ThreadGroup: Started thread group number 1
2026-10-07 19:47:03,011 INFO o.a.j.e.StandardJMeterEngine: All thread groups have been started
2026-10-07 19:47:05,508 INFO o.a.j.t.JMeterThread: Thread started: S3 1-2
2026-10-07 19:47:08,007 INFO o.a.j.t.JMeterThread: Thread started: S3 1-3
2026-10-07 19:47:10,507 INFO o.a.j.t.JMeterThread: Thread started: S3 1-4
2026-10-07 19:47:30,001 INFO o.a.j.r.Summariser: summary +  14498 in 00:00:27 =  536.6/s Avg:     6 Min:     5 Max:    25 Err:     0 (0.00%) Active: 4 Started: 4 Finished: 0
2026-10-07 19:47:30,002 INFO o.a.j.r.Summariser: summary =  14499 in 00:00:28 =  524.2/s Avg:     6 Min:     5 Max:   204 Err:     0 (0.00%)
2026-10-07 19:48:00,000 INFO o.a.j.r.Summariser: summary +  17568 in 00:00:30 =  585.6/s Avg:     6 Min:     5 Max:    26 Err:     0 (0.00%) Active: 4 Started: 4 Finished: 0
2026-10-07 19:48:00,001 INFO o.a.j.r.Summariser: summary =  32067 in 00:00:58 =  556.2/s Avg:     6 Min:     5 Max:   204 Err:     0 (0.00%)
2026-10-07 19:48:03,006 INFO o.a.j.t.JMeterThread: Stopping because end time detected by thread: S3 1-1
2026-10-07 19:48:03,006 INFO o.a.j.t.JMeterThread: Thread finished: S3 1-1
2026-10-07 19:48:03,011 INFO o.a.j.t.JMeterThread: Stopping because end time detected by thread: S3 1-3
2026-10-07 19:48:03,011 INFO o.a.j.t.JMeterThread: Thread finished: S3 1-3
2026-10-07 19:48:03,011 INFO o.a.j.t.JMeterThread: Stopping because end time detected by thread: S3 1-2
2026-10-07 19:48:03,011 INFO o.a.j.t.JMeterThread: Thread finished: S3 1-2
2026-10-07 19:48:03,012 INFO o.a.j.t.JMeterThread: Stopping because end time detected by thread: S3 1-4
2026-10-07 19:48:03,012 INFO o.a.j.t.JMeterThread: Thread finished: S3 1-4
2026-10-07 19:48:03,013 INFO o.a.j.e.StandardJMeterEngine: Notifying test listeners of end of test
2026-10-07 19:48:03,015 INFO o.a.j.r.Summariser: summary +   2002 in 00:00:03 =  664.0/s Avg:     5 Min:     5 Max:    12 Err:     0 (0.00%) Active: 0 Started: 4 Finished: 4
2026-10-07 19:48:03,015 INFO o.a.j.r.Summariser: summary =  34069 in 00:01:01 =  561.5/s Avg:     6 Min:     5 Max:   204 Err:     0 (0.00%)
