2026-10-02 22:55:07,712 INFO o.a.j.u.JMeterUtils: Setting Locale to en_EN
2026-10-02 22:55:07,732 INFO o.a.j.JMeter: Loading user properties from: /opt/jmeter/bin/user.properties
2026-10-02 22:55:07,732 INFO o.a.j.JMeter: Loading system properties from: /opt/jmeter/bin/system.properties
2026-10-02 22:55:07,732 INFO o.a.j.JMeter: Loading additional properties from: /tests/run.properties
2026-10-02 22:55:07,733 INFO o.a.j.JMeter: Loading additional properties from: /tests/data/ranges.properties
2026-10-02 22:55:07,733 INFO o.a.j.JMeter: Setting JMeter property: host=nestjs-nginx
2026-10-02 22:55:07,733 INFO o.a.j.JMeter: Setting JMeter property: port=80
2026-10-02 22:55:07,733 INFO o.a.j.JMeter: Setting JMeter property: rampup=1
2026-10-02 22:55:07,733 INFO o.a.j.JMeter: Setting JMeter property: endpoint=EP6
2026-10-02 22:55:07,733 INFO o.a.j.JMeter: Setting JMeter property: users=2
2026-10-02 22:55:07,733 INFO o.a.j.JMeter: Setting JMeter property: duration=60
2026-10-02 22:55:07,740 INFO o.a.j.JMeter: Copyright (c) 1998-2024 The Apache Software Foundation
2026-10-02 22:55:07,740 INFO o.a.j.JMeter: Version 5.6.3
2026-10-02 22:55:07,740 INFO o.a.j.JMeter: java.version=21.0.12.1
2026-10-02 22:55:07,740 INFO o.a.j.JMeter: java.vm.name=OpenJDK 64-Bit Server VM
2026-10-02 22:55:07,740 INFO o.a.j.JMeter: os.name=Linux
2026-10-02 22:55:07,740 INFO o.a.j.JMeter: os.arch=amd64
2026-10-02 22:55:07,740 INFO o.a.j.JMeter: os.version=6.6.87.2-microsoft-standard-WSL2
2026-10-02 22:55:07,740 INFO o.a.j.JMeter: file.encoding=UTF-8
2026-10-02 22:55:07,740 INFO o.a.j.JMeter: java.awt.headless=true
2026-10-02 22:55:07,740 INFO o.a.j.JMeter: Max memory     =4294967296
2026-10-02 22:55:07,741 INFO o.a.j.JMeter: Available Processors =12
2026-10-02 22:55:07,750 INFO o.a.j.JMeter: Default Locale=English (EN)
2026-10-02 22:55:07,750 INFO o.a.j.JMeter: JMeter  Locale=English (EN)
2026-10-02 22:55:07,750 INFO o.a.j.JMeter: JMeterHome=/opt/jmeter
2026-10-02 22:55:07,750 INFO o.a.j.JMeter: user.dir  =/tests
2026-10-02 22:55:07,750 INFO o.a.j.JMeter: PWD       =/tests
2026-10-02 22:55:07,751 INFO o.a.j.JMeter: IP: 172.19.0.5 Name: 8aa4f7a6f73b FullName: 8aa4f7a6f73b
2026-10-02 22:55:07,761 INFO o.a.j.s.FileServer: Default base='/tests'
2026-10-02 22:55:07,763 INFO o.a.j.s.FileServer: Set new base='/tests'
2026-10-02 22:55:07,921 INFO o.a.j.s.SaveService: Testplan (JMX) version: 2.2. Testlog (JTL) version: 2.2
2026-10-02 22:55:07,945 INFO o.a.j.s.SaveService: Using SaveService properties version 5.0
2026-10-02 22:55:07,948 INFO o.a.j.s.SaveService: Using SaveService properties file encoding UTF-8
2026-10-02 22:55:07,951 INFO o.a.j.s.SaveService: Loading file: /tests/s3.jmx
2026-10-02 22:55:07,994 INFO o.a.j.p.h.s.HTTPSamplerBase: Parser for text/html is org.apache.jmeter.protocol.http.parser.LagartoBasedHtmlParser
2026-10-02 22:55:07,994 INFO o.a.j.p.h.s.HTTPSamplerBase: Parser for application/xhtml+xml is org.apache.jmeter.protocol.http.parser.LagartoBasedHtmlParser
2026-10-02 22:55:07,994 INFO o.a.j.p.h.s.HTTPSamplerBase: Parser for application/xml is org.apache.jmeter.protocol.http.parser.LagartoBasedHtmlParser
2026-10-02 22:55:07,994 INFO o.a.j.p.h.s.HTTPSamplerBase: Parser for text/xml is org.apache.jmeter.protocol.http.parser.LagartoBasedHtmlParser
2026-10-02 22:55:07,994 INFO o.a.j.p.h.s.HTTPSamplerBase: Parser for text/vnd.wap.wml is org.apache.jmeter.protocol.http.parser.RegexpHTMLParser
2026-10-02 22:55:07,994 INFO o.a.j.p.h.s.HTTPSamplerBase: Parser for text/css is org.apache.jmeter.protocol.http.parser.CssParser
2026-10-02 22:55:08,032 INFO o.a.j.JMeter: Creating summariser <summary>
2026-10-02 22:55:08,046 INFO o.a.j.e.StandardJMeterEngine: Running the test!
2026-10-02 22:55:08,047 INFO o.a.j.s.SampleEvent: List of sample_variables: []
2026-10-02 22:55:08,047 INFO o.a.j.s.SampleEvent: List of sample_variables: []
2026-10-02 22:55:08,051 INFO o.a.j.e.u.CompoundVariable: Note: Function class names must contain the string: '.functions.'
2026-10-02 22:55:08,051 INFO o.a.j.e.u.CompoundVariable: Note: Function class names must not contain the string: '.gui.'
2026-10-02 22:55:08,262 INFO o.a.j.JMeter: Running test (1790981708262)
2026-10-02 22:55:08,263 INFO o.a.j.e.StandardJMeterEngine: Starting setUp thread groups
2026-10-02 22:55:08,263 INFO o.a.j.e.StandardJMeterEngine: Starting setUp ThreadGroup: 1 : setUp - login 
2026-10-02 22:55:08,264 INFO o.a.j.e.StandardJMeterEngine: Starting 1 threads for group setUp - login.
2026-10-02 22:55:08,264 INFO o.a.j.e.StandardJMeterEngine: Test will stop abruptly on error
2026-10-02 22:55:08,264 INFO o.a.j.t.ThreadGroup: Starting thread group... number=1 threads=1 ramp-up=1 delayedStart=false
2026-10-02 22:55:08,266 INFO o.a.j.t.ThreadGroup: Started thread group number 1
2026-10-02 22:55:08,267 INFO o.a.j.e.StandardJMeterEngine: Waiting for all setup thread groups to exit
2026-10-02 22:55:08,267 INFO o.a.j.t.JMeterThread: Thread started: setUp - login 1-1
2026-10-02 22:55:08,278 INFO o.a.j.p.h.s.HTTPHCAbstractImpl: Local host = 8aa4f7a6f73b
2026-10-02 22:55:08,283 INFO o.a.j.p.h.s.HTTPHC4Impl: HTTP request retry count = 0
2026-10-02 22:55:08,284 INFO o.a.j.s.SampleResult: Note: Sample TimeStamps are START times
2026-10-02 22:55:08,284 INFO o.a.j.s.SampleResult: sampleresult.default.encoding is set to UTF-8
2026-10-02 22:55:08,284 INFO o.a.j.s.SampleResult: sampleresult.useNanoTime=true
2026-10-02 22:55:08,284 INFO o.a.j.s.SampleResult: sampleresult.nanoThreadSleep=5000
2026-10-02 22:55:09,023 INFO o.a.j.t.JMeterThread: Thread is done: setUp - login 1-1
2026-10-02 22:55:09,024 INFO o.a.j.t.JMeterThread: Thread finished: setUp - login 1-1
2026-10-02 22:55:09,024 INFO o.a.j.e.StandardJMeterEngine: All Setup Threads have ended
2026-10-02 22:55:09,047 INFO o.a.j.e.StandardJMeterEngine: Starting ThreadGroup: 1 : S3
2026-10-02 22:55:09,047 INFO o.a.j.e.StandardJMeterEngine: Starting 2 threads for group S3.
2026-10-02 22:55:09,047 INFO o.a.j.e.StandardJMeterEngine: Thread will continue on error
2026-10-02 22:55:09,047 INFO o.a.j.t.ThreadGroup: Starting thread group... number=1 threads=2 ramp-up=1 delayedStart=false
2026-10-02 22:55:09,050 INFO o.a.j.t.JMeterThread: Thread started: S3 1-1
2026-10-02 22:55:09,050 INFO o.a.j.t.ThreadGroup: Started thread group number 1
2026-10-02 22:55:09,050 INFO o.a.j.e.StandardJMeterEngine: All thread groups have been started
2026-10-02 22:55:09,549 INFO o.a.j.t.JMeterThread: Thread started: S3 1-2
2026-10-02 22:55:30,086 INFO o.a.j.r.Summariser: summary +    276 in 00:00:22 =   12.6/s Avg:   141 Min:   119 Max:   268 Err:     0 (0.00%) Active: 2 Started: 2 Finished: 0
2026-10-02 22:56:00,038 INFO o.a.j.r.Summariser: summary +    399 in 00:00:30 =   13.3/s Avg:   143 Min:   120 Max:   217 Err:     0 (0.00%) Active: 2 Started: 2 Finished: 0
2026-10-02 22:56:00,038 INFO o.a.j.r.Summariser: summary =    675 in 00:00:52 =   13.0/s Avg:   142 Min:   119 Max:   268 Err:     0 (0.00%)
2026-10-02 22:56:09,175 INFO o.a.j.t.JMeterThread: Stopping because end time detected by thread: S3 1-1
2026-10-02 22:56:09,175 INFO o.a.j.t.JMeterThread: Thread finished: S3 1-1
2026-10-02 22:56:09,188 INFO o.a.j.t.JMeterThread: Stopping because end time detected by thread: S3 1-2
2026-10-02 22:56:09,188 INFO o.a.j.t.JMeterThread: Thread finished: S3 1-2
2026-10-02 22:56:09,189 INFO o.a.j.e.StandardJMeterEngine: Notifying test listeners of end of test
2026-10-02 22:56:09,191 INFO o.a.j.r.Summariser: summary +    133 in 00:00:09 =   14.5/s Avg:   138 Min:   121 Max:   196 Err:     0 (0.00%) Active: 0 Started: 2 Finished: 2
2026-10-02 22:56:09,191 INFO o.a.j.r.Summariser: summary =    808 in 00:01:01 =   13.3/s Avg:   142 Min:   119 Max:   268 Err:     0 (0.00%)
