2026-10-02 22:54:02,822 INFO o.a.j.u.JMeterUtils: Setting Locale to en_EN
2026-10-02 22:54:02,841 INFO o.a.j.JMeter: Loading user properties from: /opt/jmeter/bin/user.properties
2026-10-02 22:54:02,842 INFO o.a.j.JMeter: Loading system properties from: /opt/jmeter/bin/system.properties
2026-10-02 22:54:02,842 INFO o.a.j.JMeter: Loading additional properties from: /tests/run.properties
2026-10-02 22:54:02,842 INFO o.a.j.JMeter: Loading additional properties from: /tests/data/ranges.properties
2026-10-02 22:54:02,842 INFO o.a.j.JMeter: Setting JMeter property: host=nestjs-nginx
2026-10-02 22:54:02,842 INFO o.a.j.JMeter: Setting JMeter property: port=80
2026-10-02 22:54:02,842 INFO o.a.j.JMeter: Setting JMeter property: rampup=1
2026-10-02 22:54:02,842 INFO o.a.j.JMeter: Setting JMeter property: endpoint=EP6
2026-10-02 22:54:02,842 INFO o.a.j.JMeter: Setting JMeter property: users=2
2026-10-02 22:54:02,843 INFO o.a.j.JMeter: Setting JMeter property: duration=60
2026-10-02 22:54:02,848 INFO o.a.j.JMeter: Copyright (c) 1998-2024 The Apache Software Foundation
2026-10-02 22:54:02,848 INFO o.a.j.JMeter: Version 5.6.3
2026-10-02 22:54:02,848 INFO o.a.j.JMeter: java.version=21.0.12.1
2026-10-02 22:54:02,848 INFO o.a.j.JMeter: java.vm.name=OpenJDK 64-Bit Server VM
2026-10-02 22:54:02,848 INFO o.a.j.JMeter: os.name=Linux
2026-10-02 22:54:02,848 INFO o.a.j.JMeter: os.arch=amd64
2026-10-02 22:54:02,848 INFO o.a.j.JMeter: os.version=6.6.87.2-microsoft-standard-WSL2
2026-10-02 22:54:02,848 INFO o.a.j.JMeter: file.encoding=UTF-8
2026-10-02 22:54:02,848 INFO o.a.j.JMeter: java.awt.headless=true
2026-10-02 22:54:02,848 INFO o.a.j.JMeter: Max memory     =4294967296
2026-10-02 22:54:02,848 INFO o.a.j.JMeter: Available Processors =12
2026-10-02 22:54:02,855 INFO o.a.j.JMeter: Default Locale=English (EN)
2026-10-02 22:54:02,855 INFO o.a.j.JMeter: JMeter  Locale=English (EN)
2026-10-02 22:54:02,856 INFO o.a.j.JMeter: JMeterHome=/opt/jmeter
2026-10-02 22:54:02,856 INFO o.a.j.JMeter: user.dir  =/tests
2026-10-02 22:54:02,856 INFO o.a.j.JMeter: PWD       =/tests
2026-10-02 22:54:02,856 INFO o.a.j.JMeter: IP: 172.19.0.5 Name: 52b04fc27e5a FullName: 52b04fc27e5a
2026-10-02 22:54:02,865 INFO o.a.j.s.FileServer: Default base='/tests'
2026-10-02 22:54:02,866 INFO o.a.j.s.FileServer: Set new base='/tests'
2026-10-02 22:54:03,026 INFO o.a.j.s.SaveService: Testplan (JMX) version: 2.2. Testlog (JTL) version: 2.2
2026-10-02 22:54:03,049 INFO o.a.j.s.SaveService: Using SaveService properties version 5.0
2026-10-02 22:54:03,052 INFO o.a.j.s.SaveService: Using SaveService properties file encoding UTF-8
2026-10-02 22:54:03,055 INFO o.a.j.s.SaveService: Loading file: /tests/s3.jmx
2026-10-02 22:54:03,098 INFO o.a.j.p.h.s.HTTPSamplerBase: Parser for text/html is org.apache.jmeter.protocol.http.parser.LagartoBasedHtmlParser
2026-10-02 22:54:03,099 INFO o.a.j.p.h.s.HTTPSamplerBase: Parser for application/xhtml+xml is org.apache.jmeter.protocol.http.parser.LagartoBasedHtmlParser
2026-10-02 22:54:03,099 INFO o.a.j.p.h.s.HTTPSamplerBase: Parser for application/xml is org.apache.jmeter.protocol.http.parser.LagartoBasedHtmlParser
2026-10-02 22:54:03,099 INFO o.a.j.p.h.s.HTTPSamplerBase: Parser for text/xml is org.apache.jmeter.protocol.http.parser.LagartoBasedHtmlParser
2026-10-02 22:54:03,099 INFO o.a.j.p.h.s.HTTPSamplerBase: Parser for text/vnd.wap.wml is org.apache.jmeter.protocol.http.parser.RegexpHTMLParser
2026-10-02 22:54:03,099 INFO o.a.j.p.h.s.HTTPSamplerBase: Parser for text/css is org.apache.jmeter.protocol.http.parser.CssParser
2026-10-02 22:54:03,140 INFO o.a.j.JMeter: Creating summariser <summary>
2026-10-02 22:54:03,150 INFO o.a.j.e.StandardJMeterEngine: Running the test!
2026-10-02 22:54:03,150 INFO o.a.j.s.SampleEvent: List of sample_variables: []
2026-10-02 22:54:03,150 INFO o.a.j.s.SampleEvent: List of sample_variables: []
2026-10-02 22:54:03,153 INFO o.a.j.e.u.CompoundVariable: Note: Function class names must contain the string: '.functions.'
2026-10-02 22:54:03,153 INFO o.a.j.e.u.CompoundVariable: Note: Function class names must not contain the string: '.gui.'
2026-10-02 22:54:03,364 INFO o.a.j.JMeter: Running test (1790981643364)
2026-10-02 22:54:03,366 INFO o.a.j.e.StandardJMeterEngine: Starting setUp thread groups
2026-10-02 22:54:03,366 INFO o.a.j.e.StandardJMeterEngine: Starting setUp ThreadGroup: 1 : setUp - login 
2026-10-02 22:54:03,366 INFO o.a.j.e.StandardJMeterEngine: Starting 1 threads for group setUp - login.
2026-10-02 22:54:03,366 INFO o.a.j.e.StandardJMeterEngine: Test will stop abruptly on error
2026-10-02 22:54:03,366 INFO o.a.j.t.ThreadGroup: Starting thread group... number=1 threads=1 ramp-up=1 delayedStart=false
2026-10-02 22:54:03,369 INFO o.a.j.t.ThreadGroup: Started thread group number 1
2026-10-02 22:54:03,369 INFO o.a.j.e.StandardJMeterEngine: Waiting for all setup thread groups to exit
2026-10-02 22:54:03,370 INFO o.a.j.t.JMeterThread: Thread started: setUp - login 1-1
2026-10-02 22:54:03,381 INFO o.a.j.p.h.s.HTTPHCAbstractImpl: Local host = 52b04fc27e5a
2026-10-02 22:54:03,385 INFO o.a.j.p.h.s.HTTPHC4Impl: HTTP request retry count = 0
2026-10-02 22:54:03,385 INFO o.a.j.s.SampleResult: Note: Sample TimeStamps are START times
2026-10-02 22:54:03,386 INFO o.a.j.s.SampleResult: sampleresult.default.encoding is set to UTF-8
2026-10-02 22:54:03,386 INFO o.a.j.s.SampleResult: sampleresult.useNanoTime=true
2026-10-02 22:54:03,386 INFO o.a.j.s.SampleResult: sampleresult.nanoThreadSleep=5000
2026-10-02 22:54:04,126 INFO o.a.j.r.Summariser: summary +      1 in 00:00:01 =    1.3/s Avg:   288 Min:   288 Max:   288 Err:     0 (0.00%) Active: 1 Started: 1 Finished: 0
2026-10-02 22:54:04,127 INFO o.a.j.t.JMeterThread: Thread is done: setUp - login 1-1
2026-10-02 22:54:04,127 INFO o.a.j.t.JMeterThread: Thread finished: setUp - login 1-1
2026-10-02 22:54:04,128 INFO o.a.j.e.StandardJMeterEngine: All Setup Threads have ended
2026-10-02 22:54:04,149 INFO o.a.j.e.StandardJMeterEngine: Starting ThreadGroup: 1 : S3
2026-10-02 22:54:04,149 INFO o.a.j.e.StandardJMeterEngine: Starting 2 threads for group S3.
2026-10-02 22:54:04,149 INFO o.a.j.e.StandardJMeterEngine: Thread will continue on error
2026-10-02 22:54:04,149 INFO o.a.j.t.ThreadGroup: Starting thread group... number=1 threads=2 ramp-up=1 delayedStart=false
2026-10-02 22:54:04,152 INFO o.a.j.t.JMeterThread: Thread started: S3 1-1
2026-10-02 22:54:04,153 INFO o.a.j.t.ThreadGroup: Started thread group number 1
2026-10-02 22:54:04,153 INFO o.a.j.e.StandardJMeterEngine: All thread groups have been started
2026-10-02 22:54:04,651 INFO o.a.j.t.JMeterThread: Thread started: S3 1-2
2026-10-02 22:54:30,093 INFO o.a.j.r.Summariser: summary +    341 in 00:00:26 =   13.1/s Avg:   142 Min:   120 Max:   249 Err:     0 (0.00%) Active: 2 Started: 2 Finished: 0
2026-10-02 22:54:30,093 INFO o.a.j.r.Summariser: summary =    342 in 00:00:27 =   12.8/s Avg:   143 Min:   120 Max:   288 Err:     0 (0.00%)
2026-10-02 22:55:00,041 INFO o.a.j.r.Summariser: summary +    407 in 00:00:30 =   13.6/s Avg:   141 Min:   120 Max:   198 Err:     0 (0.00%) Active: 2 Started: 2 Finished: 0
2026-10-02 22:55:00,041 INFO o.a.j.r.Summariser: summary =    749 in 00:00:57 =   13.2/s Avg:   142 Min:   120 Max:   288 Err:     0 (0.00%)
2026-10-02 22:55:04,188 INFO o.a.j.t.JMeterThread: Stopping because end time detected by thread: S3 1-1
2026-10-02 22:55:04,188 INFO o.a.j.t.JMeterThread: Thread finished: S3 1-1
2026-10-02 22:55:04,255 INFO o.a.j.t.JMeterThread: Stopping because end time detected by thread: S3 1-2
2026-10-02 22:55:04,255 INFO o.a.j.t.JMeterThread: Thread finished: S3 1-2
2026-10-02 22:55:04,256 INFO o.a.j.e.StandardJMeterEngine: Notifying test listeners of end of test
2026-10-02 22:55:04,258 INFO o.a.j.r.Summariser: summary +     60 in 00:00:04 =   14.2/s Avg:   140 Min:   123 Max:   167 Err:     0 (0.00%) Active: 0 Started: 2 Finished: 2
2026-10-02 22:55:04,258 INFO o.a.j.r.Summariser: summary =    809 in 00:01:01 =   13.3/s Avg:   142 Min:   120 Max:   288 Err:     0 (0.00%)
