2026-10-01 19:48:04,243 INFO o.a.j.u.JMeterUtils: Setting Locale to en_EN
2026-10-01 19:48:04,274 INFO o.a.j.JMeter: Loading user properties from: /opt/jmeter/bin/user.properties
2026-10-01 19:48:04,274 INFO o.a.j.JMeter: Loading system properties from: /opt/jmeter/bin/system.properties
2026-10-01 19:48:04,275 INFO o.a.j.JMeter: Loading additional properties from: /tests/run.properties
2026-10-01 19:48:04,275 INFO o.a.j.JMeter: Loading additional properties from: /tests/data/ranges.properties
2026-10-01 19:48:04,275 INFO o.a.j.JMeter: Setting JMeter property: host=laravel-nginx
2026-10-01 19:48:04,275 INFO o.a.j.JMeter: Setting JMeter property: port=80
2026-10-01 19:48:04,275 INFO o.a.j.JMeter: Setting JMeter property: rampup=10
2026-10-01 19:48:04,276 INFO o.a.j.JMeter: Setting JMeter property: endpoint=EP8
2026-10-01 19:48:04,276 INFO o.a.j.JMeter: Setting JMeter property: users=10
2026-10-01 19:48:04,276 INFO o.a.j.JMeter: Setting JMeter property: duration=20
2026-10-01 19:48:04,283 INFO o.a.j.JMeter: Copyright (c) 1998-2024 The Apache Software Foundation
2026-10-01 19:48:04,283 INFO o.a.j.JMeter: Version 5.6.3
2026-10-01 19:48:04,283 INFO o.a.j.JMeter: java.version=21.0.12.1
2026-10-01 19:48:04,283 INFO o.a.j.JMeter: java.vm.name=OpenJDK 64-Bit Server VM
2026-10-01 19:48:04,283 INFO o.a.j.JMeter: os.name=Linux
2026-10-01 19:48:04,283 INFO o.a.j.JMeter: os.arch=amd64
2026-10-01 19:48:04,283 INFO o.a.j.JMeter: os.version=6.6.87.2-microsoft-standard-WSL2
2026-10-01 19:48:04,284 INFO o.a.j.JMeter: file.encoding=UTF-8
2026-10-01 19:48:04,284 INFO o.a.j.JMeter: java.awt.headless=true
2026-10-01 19:48:04,284 INFO o.a.j.JMeter: Max memory     =2147483648
2026-10-01 19:48:04,284 INFO o.a.j.JMeter: Available Processors =12
2026-10-01 19:48:04,292 INFO o.a.j.JMeter: Default Locale=English (EN)
2026-10-01 19:48:04,292 INFO o.a.j.JMeter: JMeter  Locale=English (EN)
2026-10-01 19:48:04,292 INFO o.a.j.JMeter: JMeterHome=/opt/jmeter
2026-10-01 19:48:04,292 INFO o.a.j.JMeter: user.dir  =/tests
2026-10-01 19:48:04,293 INFO o.a.j.JMeter: PWD       =/tests
2026-10-01 19:48:04,293 INFO o.a.j.JMeter: IP: 172.19.0.5 Name: 24a053e16d45 FullName: 24a053e16d45
2026-10-01 19:48:04,303 INFO o.a.j.s.FileServer: Default base='/tests'
2026-10-01 19:48:04,305 INFO o.a.j.s.FileServer: Set new base='/tests'
2026-10-01 19:48:04,472 INFO o.a.j.s.SaveService: Testplan (JMX) version: 2.2. Testlog (JTL) version: 2.2
2026-10-01 19:48:04,496 INFO o.a.j.s.SaveService: Using SaveService properties version 5.0
2026-10-01 19:48:04,498 INFO o.a.j.s.SaveService: Using SaveService properties file encoding UTF-8
2026-10-01 19:48:04,501 INFO o.a.j.s.SaveService: Loading file: /tests/s1.jmx
2026-10-01 19:48:04,546 INFO o.a.j.p.h.s.HTTPSamplerBase: Parser for text/html is org.apache.jmeter.protocol.http.parser.LagartoBasedHtmlParser
2026-10-01 19:48:04,546 INFO o.a.j.p.h.s.HTTPSamplerBase: Parser for application/xhtml+xml is org.apache.jmeter.protocol.http.parser.LagartoBasedHtmlParser
2026-10-01 19:48:04,546 INFO o.a.j.p.h.s.HTTPSamplerBase: Parser for application/xml is org.apache.jmeter.protocol.http.parser.LagartoBasedHtmlParser
2026-10-01 19:48:04,546 INFO o.a.j.p.h.s.HTTPSamplerBase: Parser for text/xml is org.apache.jmeter.protocol.http.parser.LagartoBasedHtmlParser
2026-10-01 19:48:04,546 INFO o.a.j.p.h.s.HTTPSamplerBase: Parser for text/vnd.wap.wml is org.apache.jmeter.protocol.http.parser.RegexpHTMLParser
2026-10-01 19:48:04,546 INFO o.a.j.p.h.s.HTTPSamplerBase: Parser for text/css is org.apache.jmeter.protocol.http.parser.CssParser
2026-10-01 19:48:04,587 INFO o.a.j.JMeter: Creating summariser <summary>
2026-10-01 19:48:04,602 INFO o.a.j.e.StandardJMeterEngine: Running the test!
2026-10-01 19:48:04,603 INFO o.a.j.s.SampleEvent: List of sample_variables: []
2026-10-01 19:48:04,603 INFO o.a.j.s.SampleEvent: List of sample_variables: []
2026-10-01 19:48:04,607 INFO o.a.j.e.u.CompoundVariable: Note: Function class names must contain the string: '.functions.'
2026-10-01 19:48:04,607 INFO o.a.j.e.u.CompoundVariable: Note: Function class names must not contain the string: '.gui.'
2026-10-01 19:48:04,812 INFO o.a.j.JMeter: Running test (1790884084812)
2026-10-01 19:48:04,813 INFO o.a.j.e.StandardJMeterEngine: Starting setUp thread groups
2026-10-01 19:48:04,814 INFO o.a.j.e.StandardJMeterEngine: Starting setUp ThreadGroup: 1 : setUp - login 
2026-10-01 19:48:04,814 INFO o.a.j.e.StandardJMeterEngine: Starting 1 threads for group setUp - login.
2026-10-01 19:48:04,814 INFO o.a.j.e.StandardJMeterEngine: Test will stop abruptly on error
2026-10-01 19:48:04,814 INFO o.a.j.t.ThreadGroup: Starting thread group... number=1 threads=1 ramp-up=1 delayedStart=false
2026-10-01 19:48:04,817 INFO o.a.j.t.ThreadGroup: Started thread group number 1
2026-10-01 19:48:04,817 INFO o.a.j.e.StandardJMeterEngine: Waiting for all setup thread groups to exit
2026-10-01 19:48:04,819 INFO o.a.j.t.JMeterThread: Thread started: setUp - login 1-1
2026-10-01 19:48:04,830 INFO o.a.j.p.h.s.HTTPHCAbstractImpl: Local host = 24a053e16d45
2026-10-01 19:48:04,835 INFO o.a.j.p.h.s.HTTPHC4Impl: HTTP request retry count = 0
2026-10-01 19:48:04,836 INFO o.a.j.s.SampleResult: Note: Sample TimeStamps are START times
2026-10-01 19:48:04,836 INFO o.a.j.s.SampleResult: sampleresult.default.encoding is set to UTF-8
2026-10-01 19:48:04,836 INFO o.a.j.s.SampleResult: sampleresult.useNanoTime=true
2026-10-01 19:48:04,836 INFO o.a.j.s.SampleResult: sampleresult.nanoThreadSleep=5000
2026-10-01 19:48:05,586 INFO o.a.j.r.Summariser: summary +      1 in 00:00:01 =    1.3/s Avg:   224 Min:   224 Max:   224 Err:     0 (0.00%) Active: 1 Started: 1 Finished: 0
2026-10-01 19:48:05,587 INFO o.a.j.t.JMeterThread: Thread is done: setUp - login 1-1
2026-10-01 19:48:05,587 INFO o.a.j.t.JMeterThread: Thread finished: setUp - login 1-1
2026-10-01 19:48:05,588 INFO o.a.j.e.StandardJMeterEngine: All Setup Threads have ended
2026-10-01 19:48:05,610 INFO o.a.j.e.StandardJMeterEngine: Starting ThreadGroup: 1 : S1
2026-10-01 19:48:05,610 INFO o.a.j.e.StandardJMeterEngine: Starting 10 threads for group S1.
2026-10-01 19:48:05,610 INFO o.a.j.e.StandardJMeterEngine: Thread will continue on error
2026-10-01 19:48:05,610 INFO o.a.j.t.ThreadGroup: Starting thread group... number=1 threads=10 ramp-up=10 delayedStart=false
2026-10-01 19:48:05,613 INFO o.a.j.t.JMeterThread: Thread started: S1 1-1
2026-10-01 19:48:05,619 INFO o.a.j.t.ThreadGroup: Started thread group number 1
2026-10-01 19:48:05,619 INFO o.a.j.e.StandardJMeterEngine: All thread groups have been started
2026-10-01 19:48:06,614 INFO o.a.j.t.JMeterThread: Thread started: S1 1-2
2026-10-01 19:48:07,614 INFO o.a.j.t.JMeterThread: Thread started: S1 1-3
2026-10-01 19:48:08,612 INFO o.a.j.t.JMeterThread: Thread started: S1 1-4
2026-10-01 19:48:09,613 INFO o.a.j.t.JMeterThread: Thread started: S1 1-5
2026-10-01 19:48:10,612 INFO o.a.j.t.JMeterThread: Thread started: S1 1-6
2026-10-01 19:48:11,613 INFO o.a.j.t.JMeterThread: Thread started: S1 1-7
2026-10-01 19:48:12,612 INFO o.a.j.t.JMeterThread: Thread started: S1 1-8
2026-10-01 19:48:13,613 INFO o.a.j.t.JMeterThread: Thread started: S1 1-9
2026-10-01 19:48:14,613 INFO o.a.j.t.JMeterThread: Thread started: S1 1-10
2026-10-01 19:48:25,629 INFO o.a.j.t.JMeterThread: Stopping because end time detected by thread: S1 1-7
2026-10-01 19:48:25,630 INFO o.a.j.t.JMeterThread: Thread finished: S1 1-7
2026-10-01 19:48:25,630 INFO o.a.j.t.JMeterThread: Stopping because end time detected by thread: S1 1-1
2026-10-01 19:48:25,630 INFO o.a.j.t.JMeterThread: Thread finished: S1 1-1
2026-10-01 19:48:25,634 INFO o.a.j.t.JMeterThread: Stopping because end time detected by thread: S1 1-5
2026-10-01 19:48:25,634 INFO o.a.j.t.JMeterThread: Thread finished: S1 1-5
2026-10-01 19:48:25,635 INFO o.a.j.t.JMeterThread: Stopping because end time detected by thread: S1 1-3
2026-10-01 19:48:25,635 INFO o.a.j.t.JMeterThread: Thread finished: S1 1-3
2026-10-01 19:48:25,651 INFO o.a.j.t.JMeterThread: Stopping because end time detected by thread: S1 1-9
2026-10-01 19:48:25,651 INFO o.a.j.t.JMeterThread: Thread finished: S1 1-9
2026-10-01 19:48:25,653 INFO o.a.j.t.JMeterThread: Stopping because end time detected by thread: S1 1-2
2026-10-01 19:48:25,653 INFO o.a.j.t.JMeterThread: Thread finished: S1 1-2
2026-10-01 19:48:25,654 INFO o.a.j.t.JMeterThread: Stopping because end time detected by thread: S1 1-6
2026-10-01 19:48:25,654 INFO o.a.j.t.JMeterThread: Thread finished: S1 1-6
2026-10-01 19:48:25,656 INFO o.a.j.t.JMeterThread: Stopping because end time detected by thread: S1 1-4
2026-10-01 19:48:25,656 INFO o.a.j.t.JMeterThread: Thread finished: S1 1-4
2026-10-01 19:48:25,671 INFO o.a.j.t.JMeterThread: Stopping because end time detected by thread: S1 1-8
2026-10-01 19:48:25,672 INFO o.a.j.t.JMeterThread: Thread finished: S1 1-8
2026-10-01 19:48:25,672 INFO o.a.j.t.JMeterThread: Stopping because end time detected by thread: S1 1-10
2026-10-01 19:48:25,672 INFO o.a.j.t.JMeterThread: Thread finished: S1 1-10
2026-10-01 19:48:25,673 INFO o.a.j.e.StandardJMeterEngine: Notifying test listeners of end of test
2026-10-01 19:48:25,676 INFO o.a.j.r.Summariser: summary +   3742 in 00:00:20 =  186.3/s Avg:    41 Min:    15 Max:    90 Err:     0 (0.00%) Active: 0 Started: 10 Finished: 10
2026-10-01 19:48:25,677 INFO o.a.j.r.Summariser: summary =   3743 in 00:00:21 =  179.4/s Avg:    41 Min:    15 Max:   224 Err:     0 (0.00%)
