2026-10-07 20:11:45,440 INFO o.a.j.u.JMeterUtils: Setting Locale to en_EN
2026-10-07 20:11:45,462 INFO o.a.j.JMeter: Loading user properties from: /opt/jmeter/bin/user.properties
2026-10-07 20:11:45,463 INFO o.a.j.JMeter: Loading system properties from: /opt/jmeter/bin/system.properties
2026-10-07 20:11:45,463 INFO o.a.j.JMeter: Loading additional properties from: /tests/run.properties
2026-10-07 20:11:45,463 INFO o.a.j.JMeter: Loading additional properties from: /tests/data/ranges.properties
2026-10-07 20:11:45,463 INFO o.a.j.JMeter: Setting JMeter property: host=laravel-nginx
2026-10-07 20:11:45,464 INFO o.a.j.JMeter: Setting JMeter property: port=80
2026-10-07 20:11:45,464 INFO o.a.j.JMeter: Setting JMeter property: rampup=10
2026-10-07 20:11:45,464 INFO o.a.j.JMeter: Setting JMeter property: endpoint=EP6
2026-10-07 20:11:45,464 INFO o.a.j.JMeter: Setting JMeter property: users=10
2026-10-07 20:11:45,464 INFO o.a.j.JMeter: Setting JMeter property: duration=60
2026-10-07 20:11:45,469 INFO o.a.j.JMeter: Copyright (c) 1998-2024 The Apache Software Foundation
2026-10-07 20:11:45,469 INFO o.a.j.JMeter: Version 5.6.3
2026-10-07 20:11:45,469 INFO o.a.j.JMeter: java.version=21.0.12.1
2026-10-07 20:11:45,469 INFO o.a.j.JMeter: java.vm.name=OpenJDK 64-Bit Server VM
2026-10-07 20:11:45,469 INFO o.a.j.JMeter: os.name=Linux
2026-10-07 20:11:45,469 INFO o.a.j.JMeter: os.arch=amd64
2026-10-07 20:11:45,469 INFO o.a.j.JMeter: os.version=6.6.87.2-microsoft-standard-WSL2
2026-10-07 20:11:45,469 INFO o.a.j.JMeter: file.encoding=UTF-8
2026-10-07 20:11:45,469 INFO o.a.j.JMeter: java.awt.headless=true
2026-10-07 20:11:45,469 INFO o.a.j.JMeter: Max memory     =4294967296
2026-10-07 20:11:45,469 INFO o.a.j.JMeter: Available Processors =12
2026-10-07 20:11:45,480 INFO o.a.j.JMeter: Default Locale=English (EN)
2026-10-07 20:11:45,480 INFO o.a.j.JMeter: JMeter  Locale=English (EN)
2026-10-07 20:11:45,480 INFO o.a.j.JMeter: JMeterHome=/opt/jmeter
2026-10-07 20:11:45,480 INFO o.a.j.JMeter: user.dir  =/tests
2026-10-07 20:11:45,480 INFO o.a.j.JMeter: PWD       =/tests
2026-10-07 20:11:45,481 INFO o.a.j.JMeter: IP: 172.19.0.5 Name: 3a84f6dc5b5b FullName: 3a84f6dc5b5b
2026-10-07 20:11:45,490 INFO o.a.j.s.FileServer: Default base='/tests'
2026-10-07 20:11:45,491 INFO o.a.j.s.FileServer: Set new base='/tests'
2026-10-07 20:11:45,660 INFO o.a.j.s.SaveService: Testplan (JMX) version: 2.2. Testlog (JTL) version: 2.2
2026-10-07 20:11:45,684 INFO o.a.j.s.SaveService: Using SaveService properties version 5.0
2026-10-07 20:11:45,687 INFO o.a.j.s.SaveService: Using SaveService properties file encoding UTF-8
2026-10-07 20:11:45,690 INFO o.a.j.s.SaveService: Loading file: /tests/s3.jmx
2026-10-07 20:11:45,736 INFO o.a.j.p.h.s.HTTPSamplerBase: Parser for text/html is org.apache.jmeter.protocol.http.parser.LagartoBasedHtmlParser
2026-10-07 20:11:45,737 INFO o.a.j.p.h.s.HTTPSamplerBase: Parser for application/xhtml+xml is org.apache.jmeter.protocol.http.parser.LagartoBasedHtmlParser
2026-10-07 20:11:45,737 INFO o.a.j.p.h.s.HTTPSamplerBase: Parser for application/xml is org.apache.jmeter.protocol.http.parser.LagartoBasedHtmlParser
2026-10-07 20:11:45,737 INFO o.a.j.p.h.s.HTTPSamplerBase: Parser for text/xml is org.apache.jmeter.protocol.http.parser.LagartoBasedHtmlParser
2026-10-07 20:11:45,737 INFO o.a.j.p.h.s.HTTPSamplerBase: Parser for text/vnd.wap.wml is org.apache.jmeter.protocol.http.parser.RegexpHTMLParser
2026-10-07 20:11:45,737 INFO o.a.j.p.h.s.HTTPSamplerBase: Parser for text/css is org.apache.jmeter.protocol.http.parser.CssParser
2026-10-07 20:11:45,792 INFO o.a.j.JMeter: Creating summariser <summary>
2026-10-07 20:11:45,823 INFO o.a.j.e.StandardJMeterEngine: Running the test!
2026-10-07 20:11:45,825 INFO o.a.j.s.SampleEvent: List of sample_variables: []
2026-10-07 20:11:45,825 INFO o.a.j.s.SampleEvent: List of sample_variables: []
2026-10-07 20:11:45,830 INFO o.a.j.e.u.CompoundVariable: Note: Function class names must contain the string: '.functions.'
2026-10-07 20:11:45,830 INFO o.a.j.e.u.CompoundVariable: Note: Function class names must not contain the string: '.gui.'
2026-10-07 20:11:46,052 INFO o.a.j.JMeter: Running test (1791403906052)
2026-10-07 20:11:46,054 INFO o.a.j.e.StandardJMeterEngine: Starting setUp thread groups
2026-10-07 20:11:46,054 INFO o.a.j.e.StandardJMeterEngine: Starting setUp ThreadGroup: 1 : setUp - login 
2026-10-07 20:11:46,054 INFO o.a.j.e.StandardJMeterEngine: Starting 1 threads for group setUp - login.
2026-10-07 20:11:46,054 INFO o.a.j.e.StandardJMeterEngine: Test will stop abruptly on error
2026-10-07 20:11:46,054 INFO o.a.j.t.ThreadGroup: Starting thread group... number=1 threads=1 ramp-up=1 delayedStart=false
2026-10-07 20:11:46,058 INFO o.a.j.t.ThreadGroup: Started thread group number 1
2026-10-07 20:11:46,058 INFO o.a.j.e.StandardJMeterEngine: Waiting for all setup thread groups to exit
2026-10-07 20:11:46,060 INFO o.a.j.t.JMeterThread: Thread started: setUp - login 1-1
2026-10-07 20:11:46,079 INFO o.a.j.p.h.s.HTTPHCAbstractImpl: Local host = 3a84f6dc5b5b
2026-10-07 20:11:46,086 INFO o.a.j.p.h.s.HTTPHC4Impl: HTTP request retry count = 0
2026-10-07 20:11:46,087 INFO o.a.j.s.SampleResult: Note: Sample TimeStamps are START times
2026-10-07 20:11:46,088 INFO o.a.j.s.SampleResult: sampleresult.default.encoding is set to UTF-8
2026-10-07 20:11:46,088 INFO o.a.j.s.SampleResult: sampleresult.useNanoTime=true
2026-10-07 20:11:46,088 INFO o.a.j.s.SampleResult: sampleresult.nanoThreadSleep=5000
2026-10-07 20:11:46,841 INFO o.a.j.t.JMeterThread: Thread is done: setUp - login 1-1
2026-10-07 20:11:46,841 INFO o.a.j.t.JMeterThread: Thread finished: setUp - login 1-1
2026-10-07 20:11:46,842 INFO o.a.j.e.StandardJMeterEngine: All Setup Threads have ended
2026-10-07 20:11:46,866 INFO o.a.j.e.StandardJMeterEngine: Starting ThreadGroup: 1 : S3
2026-10-07 20:11:46,866 INFO o.a.j.e.StandardJMeterEngine: Starting 10 threads for group S3.
2026-10-07 20:11:46,866 INFO o.a.j.e.StandardJMeterEngine: Thread will continue on error
2026-10-07 20:11:46,867 INFO o.a.j.t.ThreadGroup: Starting thread group... number=1 threads=10 ramp-up=10 delayedStart=false
2026-10-07 20:11:46,869 INFO o.a.j.t.JMeterThread: Thread started: S3 1-1
2026-10-07 20:11:46,876 INFO o.a.j.t.ThreadGroup: Started thread group number 1
2026-10-07 20:11:46,876 INFO o.a.j.e.StandardJMeterEngine: All thread groups have been started
2026-10-07 20:11:47,870 INFO o.a.j.t.JMeterThread: Thread started: S3 1-2
2026-10-07 20:11:48,869 INFO o.a.j.t.JMeterThread: Thread started: S3 1-3
2026-10-07 20:11:50,002 INFO o.a.j.t.JMeterThread: Thread started: S3 1-4
2026-10-07 20:11:50,869 INFO o.a.j.t.JMeterThread: Thread started: S3 1-5
2026-10-07 20:11:51,868 INFO o.a.j.t.JMeterThread: Thread started: S3 1-6
2026-10-07 20:11:52,867 INFO o.a.j.t.JMeterThread: Thread started: S3 1-7
2026-10-07 20:11:53,868 INFO o.a.j.t.JMeterThread: Thread started: S3 1-8
2026-10-07 20:11:54,868 INFO o.a.j.t.JMeterThread: Thread started: S3 1-9
2026-10-07 20:11:55,869 INFO o.a.j.t.JMeterThread: Thread started: S3 1-10
2026-10-07 20:12:00,012 INFO o.a.j.r.Summariser: summary +    301 in 00:00:14 =   21.6/s Avg:   278 Min:   117 Max:   489 Err:     0 (0.00%) Active: 10 Started: 10 Finished: 0
2026-10-07 20:12:30,028 INFO o.a.j.r.Summariser: summary +    806 in 00:00:30 =   26.9/s Avg:   370 Min:   278 Max:   511 Err:     0 (0.00%) Active: 10 Started: 10 Finished: 0
2026-10-07 20:12:30,029 INFO o.a.j.r.Summariser: summary =   1107 in 00:00:44 =   25.2/s Avg:   345 Min:   117 Max:   511 Err:     0 (0.00%)
2026-10-07 20:12:46,884 INFO o.a.j.t.JMeterThread: Stopping because end time detected by thread: S3 1-3
2026-10-07 20:12:46,884 INFO o.a.j.t.JMeterThread: Thread finished: S3 1-3
2026-10-07 20:12:46,911 INFO o.a.j.t.JMeterThread: Stopping because end time detected by thread: S3 1-7
2026-10-07 20:12:46,911 INFO o.a.j.t.JMeterThread: Thread finished: S3 1-7
2026-10-07 20:12:46,918 INFO o.a.j.t.JMeterThread: Stopping because end time detected by thread: S3 1-2
2026-10-07 20:12:46,918 INFO o.a.j.t.JMeterThread: Thread finished: S3 1-2
2026-10-07 20:12:46,999 INFO o.a.j.t.JMeterThread: Stopping because end time detected by thread: S3 1-6
2026-10-07 20:12:46,999 INFO o.a.j.t.JMeterThread: Thread finished: S3 1-6
2026-10-07 20:12:47,018 INFO o.a.j.t.JMeterThread: Stopping because end time detected by thread: S3 1-10
2026-10-07 20:12:47,018 INFO o.a.j.t.JMeterThread: Thread finished: S3 1-10
2026-10-07 20:12:47,051 INFO o.a.j.t.JMeterThread: Stopping because end time detected by thread: S3 1-9
2026-10-07 20:12:47,051 INFO o.a.j.t.JMeterThread: Thread finished: S3 1-9
2026-10-07 20:12:47,058 INFO o.a.j.t.JMeterThread: Stopping because end time detected by thread: S3 1-1
2026-10-07 20:12:47,058 INFO o.a.j.t.JMeterThread: Thread finished: S3 1-1
2026-10-07 20:12:47,135 INFO o.a.j.t.JMeterThread: Stopping because end time detected by thread: S3 1-5
2026-10-07 20:12:47,136 INFO o.a.j.t.JMeterThread: Thread finished: S3 1-5
2026-10-07 20:12:47,148 INFO o.a.j.t.JMeterThread: Stopping because end time detected by thread: S3 1-8
2026-10-07 20:12:47,148 INFO o.a.j.t.JMeterThread: Thread finished: S3 1-8
2026-10-07 20:12:47,176 INFO o.a.j.t.JMeterThread: Stopping because end time detected by thread: S3 1-4
2026-10-07 20:12:47,176 INFO o.a.j.t.JMeterThread: Thread finished: S3 1-4
2026-10-07 20:12:47,176 INFO o.a.j.e.StandardJMeterEngine: Notifying test listeners of end of test
2026-10-07 20:12:47,179 INFO o.a.j.r.Summariser: summary +    495 in 00:00:17 =   28.9/s Avg:   346 Min:   242 Max:   527 Err:     0 (0.00%) Active: 0 Started: 10 Finished: 10
2026-10-07 20:12:47,179 INFO o.a.j.r.Summariser: summary =   1602 in 00:01:01 =   26.2/s Avg:   346 Min:   117 Max:   527 Err:     0 (0.00%)
