2026-10-07 20:10:40,292 INFO o.a.j.u.JMeterUtils: Setting Locale to en_EN
2026-10-07 20:10:40,313 INFO o.a.j.JMeter: Loading user properties from: /opt/jmeter/bin/user.properties
2026-10-07 20:10:40,314 INFO o.a.j.JMeter: Loading system properties from: /opt/jmeter/bin/system.properties
2026-10-07 20:10:40,314 INFO o.a.j.JMeter: Loading additional properties from: /tests/run.properties
2026-10-07 20:10:40,314 INFO o.a.j.JMeter: Loading additional properties from: /tests/data/ranges.properties
2026-10-07 20:10:40,315 INFO o.a.j.JMeter: Setting JMeter property: host=laravel-nginx
2026-10-07 20:10:40,315 INFO o.a.j.JMeter: Setting JMeter property: port=80
2026-10-07 20:10:40,315 INFO o.a.j.JMeter: Setting JMeter property: rampup=10
2026-10-07 20:10:40,315 INFO o.a.j.JMeter: Setting JMeter property: endpoint=EP6
2026-10-07 20:10:40,315 INFO o.a.j.JMeter: Setting JMeter property: users=10
2026-10-07 20:10:40,315 INFO o.a.j.JMeter: Setting JMeter property: duration=60
2026-10-07 20:10:40,320 INFO o.a.j.JMeter: Copyright (c) 1998-2024 The Apache Software Foundation
2026-10-07 20:10:40,321 INFO o.a.j.JMeter: Version 5.6.3
2026-10-07 20:10:40,321 INFO o.a.j.JMeter: java.version=21.0.12.1
2026-10-07 20:10:40,321 INFO o.a.j.JMeter: java.vm.name=OpenJDK 64-Bit Server VM
2026-10-07 20:10:40,321 INFO o.a.j.JMeter: os.name=Linux
2026-10-07 20:10:40,321 INFO o.a.j.JMeter: os.arch=amd64
2026-10-07 20:10:40,321 INFO o.a.j.JMeter: os.version=6.6.87.2-microsoft-standard-WSL2
2026-10-07 20:10:40,321 INFO o.a.j.JMeter: file.encoding=UTF-8
2026-10-07 20:10:40,321 INFO o.a.j.JMeter: java.awt.headless=true
2026-10-07 20:10:40,321 INFO o.a.j.JMeter: Max memory     =4294967296
2026-10-07 20:10:40,321 INFO o.a.j.JMeter: Available Processors =12
2026-10-07 20:10:40,328 INFO o.a.j.JMeter: Default Locale=English (EN)
2026-10-07 20:10:40,329 INFO o.a.j.JMeter: JMeter  Locale=English (EN)
2026-10-07 20:10:40,329 INFO o.a.j.JMeter: JMeterHome=/opt/jmeter
2026-10-07 20:10:40,329 INFO o.a.j.JMeter: user.dir  =/tests
2026-10-07 20:10:40,329 INFO o.a.j.JMeter: PWD       =/tests
2026-10-07 20:10:40,329 INFO o.a.j.JMeter: IP: 172.19.0.5 Name: d843b208ceb5 FullName: d843b208ceb5
2026-10-07 20:10:40,339 INFO o.a.j.s.FileServer: Default base='/tests'
2026-10-07 20:10:40,341 INFO o.a.j.s.FileServer: Set new base='/tests'
2026-10-07 20:10:40,494 INFO o.a.j.s.SaveService: Testplan (JMX) version: 2.2. Testlog (JTL) version: 2.2
2026-10-07 20:10:40,519 INFO o.a.j.s.SaveService: Using SaveService properties version 5.0
2026-10-07 20:10:40,521 INFO o.a.j.s.SaveService: Using SaveService properties file encoding UTF-8
2026-10-07 20:10:40,524 INFO o.a.j.s.SaveService: Loading file: /tests/s3.jmx
2026-10-07 20:10:40,565 INFO o.a.j.p.h.s.HTTPSamplerBase: Parser for text/html is org.apache.jmeter.protocol.http.parser.LagartoBasedHtmlParser
2026-10-07 20:10:40,566 INFO o.a.j.p.h.s.HTTPSamplerBase: Parser for application/xhtml+xml is org.apache.jmeter.protocol.http.parser.LagartoBasedHtmlParser
2026-10-07 20:10:40,566 INFO o.a.j.p.h.s.HTTPSamplerBase: Parser for application/xml is org.apache.jmeter.protocol.http.parser.LagartoBasedHtmlParser
2026-10-07 20:10:40,566 INFO o.a.j.p.h.s.HTTPSamplerBase: Parser for text/xml is org.apache.jmeter.protocol.http.parser.LagartoBasedHtmlParser
2026-10-07 20:10:40,566 INFO o.a.j.p.h.s.HTTPSamplerBase: Parser for text/vnd.wap.wml is org.apache.jmeter.protocol.http.parser.RegexpHTMLParser
2026-10-07 20:10:40,566 INFO o.a.j.p.h.s.HTTPSamplerBase: Parser for text/css is org.apache.jmeter.protocol.http.parser.CssParser
2026-10-07 20:10:40,603 INFO o.a.j.JMeter: Creating summariser <summary>
2026-10-07 20:10:40,616 INFO o.a.j.e.StandardJMeterEngine: Running the test!
2026-10-07 20:10:40,616 INFO o.a.j.s.SampleEvent: List of sample_variables: []
2026-10-07 20:10:40,616 INFO o.a.j.s.SampleEvent: List of sample_variables: []
2026-10-07 20:10:40,620 INFO o.a.j.e.u.CompoundVariable: Note: Function class names must contain the string: '.functions.'
2026-10-07 20:10:40,620 INFO o.a.j.e.u.CompoundVariable: Note: Function class names must not contain the string: '.gui.'
2026-10-07 20:10:40,824 INFO o.a.j.JMeter: Running test (1791403840824)
2026-10-07 20:10:40,825 INFO o.a.j.e.StandardJMeterEngine: Starting setUp thread groups
2026-10-07 20:10:40,825 INFO o.a.j.e.StandardJMeterEngine: Starting setUp ThreadGroup: 1 : setUp - login 
2026-10-07 20:10:40,826 INFO o.a.j.e.StandardJMeterEngine: Starting 1 threads for group setUp - login.
2026-10-07 20:10:40,826 INFO o.a.j.e.StandardJMeterEngine: Test will stop abruptly on error
2026-10-07 20:10:40,826 INFO o.a.j.t.ThreadGroup: Starting thread group... number=1 threads=1 ramp-up=1 delayedStart=false
2026-10-07 20:10:40,829 INFO o.a.j.t.ThreadGroup: Started thread group number 1
2026-10-07 20:10:40,829 INFO o.a.j.e.StandardJMeterEngine: Waiting for all setup thread groups to exit
2026-10-07 20:10:40,830 INFO o.a.j.t.JMeterThread: Thread started: setUp - login 1-1
2026-10-07 20:10:40,840 INFO o.a.j.p.h.s.HTTPHCAbstractImpl: Local host = d843b208ceb5
2026-10-07 20:10:40,845 INFO o.a.j.p.h.s.HTTPHC4Impl: HTTP request retry count = 0
2026-10-07 20:10:40,846 INFO o.a.j.s.SampleResult: Note: Sample TimeStamps are START times
2026-10-07 20:10:40,846 INFO o.a.j.s.SampleResult: sampleresult.default.encoding is set to UTF-8
2026-10-07 20:10:40,846 INFO o.a.j.s.SampleResult: sampleresult.useNanoTime=true
2026-10-07 20:10:40,846 INFO o.a.j.s.SampleResult: sampleresult.nanoThreadSleep=5000
2026-10-07 20:10:41,568 INFO o.a.j.t.JMeterThread: Thread is done: setUp - login 1-1
2026-10-07 20:10:41,568 INFO o.a.j.t.JMeterThread: Thread finished: setUp - login 1-1
2026-10-07 20:10:41,569 INFO o.a.j.e.StandardJMeterEngine: All Setup Threads have ended
2026-10-07 20:10:41,591 INFO o.a.j.e.StandardJMeterEngine: Starting ThreadGroup: 1 : S3
2026-10-07 20:10:41,591 INFO o.a.j.e.StandardJMeterEngine: Starting 10 threads for group S3.
2026-10-07 20:10:41,591 INFO o.a.j.e.StandardJMeterEngine: Thread will continue on error
2026-10-07 20:10:41,592 INFO o.a.j.t.ThreadGroup: Starting thread group... number=1 threads=10 ramp-up=10 delayedStart=false
2026-10-07 20:10:41,594 INFO o.a.j.t.JMeterThread: Thread started: S3 1-1
2026-10-07 20:10:41,601 INFO o.a.j.t.ThreadGroup: Started thread group number 1
2026-10-07 20:10:41,601 INFO o.a.j.e.StandardJMeterEngine: All thread groups have been started
2026-10-07 20:10:42,594 INFO o.a.j.t.JMeterThread: Thread started: S3 1-2
2026-10-07 20:10:43,594 INFO o.a.j.t.JMeterThread: Thread started: S3 1-3
2026-10-07 20:10:44,594 INFO o.a.j.t.JMeterThread: Thread started: S3 1-4
2026-10-07 20:10:45,594 INFO o.a.j.t.JMeterThread: Thread started: S3 1-5
2026-10-07 20:10:46,593 INFO o.a.j.t.JMeterThread: Thread started: S3 1-6
2026-10-07 20:10:47,594 INFO o.a.j.t.JMeterThread: Thread started: S3 1-7
2026-10-07 20:10:48,594 INFO o.a.j.t.JMeterThread: Thread started: S3 1-8
2026-10-07 20:10:49,732 INFO o.a.j.t.JMeterThread: Thread started: S3 1-9
2026-10-07 20:10:50,593 INFO o.a.j.t.JMeterThread: Thread started: S3 1-10
2026-10-07 20:11:00,006 INFO o.a.j.r.Summariser: summary +    444 in 00:00:19 =   23.1/s Avg:   307 Min:   121 Max:   490 Err:     0 (0.00%) Active: 10 Started: 10 Finished: 0
2026-10-07 20:11:30,043 INFO o.a.j.r.Summariser: summary +    798 in 00:00:30 =   26.6/s Avg:   373 Min:   260 Max:   539 Err:     0 (0.00%) Active: 10 Started: 10 Finished: 0
2026-10-07 20:11:30,043 INFO o.a.j.r.Summariser: summary =   1242 in 00:00:49 =   25.2/s Avg:   350 Min:   121 Max:   539 Err:     0 (0.00%)
2026-10-07 20:11:41,598 INFO o.a.j.t.JMeterThread: Stopping because end time detected by thread: S3 1-6
2026-10-07 20:11:41,599 INFO o.a.j.t.JMeterThread: Thread finished: S3 1-6
2026-10-07 20:11:41,725 INFO o.a.j.t.JMeterThread: Stopping because end time detected by thread: S3 1-1
2026-10-07 20:11:41,726 INFO o.a.j.t.JMeterThread: Thread finished: S3 1-1
2026-10-07 20:11:41,731 INFO o.a.j.t.JMeterThread: Stopping because end time detected by thread: S3 1-4
2026-10-07 20:11:41,731 INFO o.a.j.t.JMeterThread: Thread finished: S3 1-4
2026-10-07 20:11:41,731 INFO o.a.j.t.JMeterThread: Stopping because end time detected by thread: S3 1-8
2026-10-07 20:11:41,731 INFO o.a.j.t.JMeterThread: Thread finished: S3 1-8
2026-10-07 20:11:41,740 INFO o.a.j.t.JMeterThread: Stopping because end time detected by thread: S3 1-5
2026-10-07 20:11:41,740 INFO o.a.j.t.JMeterThread: Thread finished: S3 1-5
2026-10-07 20:11:41,869 INFO o.a.j.t.JMeterThread: Stopping because end time detected by thread: S3 1-10
2026-10-07 20:11:41,870 INFO o.a.j.t.JMeterThread: Thread finished: S3 1-10
2026-10-07 20:11:41,876 INFO o.a.j.t.JMeterThread: Stopping because end time detected by thread: S3 1-3
2026-10-07 20:11:41,876 INFO o.a.j.t.JMeterThread: Thread finished: S3 1-3
2026-10-07 20:11:41,884 INFO o.a.j.t.JMeterThread: Stopping because end time detected by thread: S3 1-2
2026-10-07 20:11:41,884 INFO o.a.j.t.JMeterThread: Thread finished: S3 1-2
2026-10-07 20:11:41,891 INFO o.a.j.t.JMeterThread: Stopping because end time detected by thread: S3 1-7
2026-10-07 20:11:41,891 INFO o.a.j.t.JMeterThread: Thread finished: S3 1-7
2026-10-07 20:11:42,000 INFO o.a.j.t.JMeterThread: Stopping because end time detected by thread: S3 1-9
2026-10-07 20:11:42,000 INFO o.a.j.t.JMeterThread: Thread finished: S3 1-9
2026-10-07 20:11:42,000 INFO o.a.j.e.StandardJMeterEngine: Notifying test listeners of end of test
2026-10-07 20:11:42,003 INFO o.a.j.r.Summariser: summary +    321 in 00:00:12 =   26.8/s Avg:   372 Min:   282 Max:   468 Err:     0 (0.00%) Active: 0 Started: 10 Finished: 10
2026-10-07 20:11:42,003 INFO o.a.j.r.Summariser: summary =   1563 in 00:01:01 =   25.5/s Avg:   354 Min:   121 Max:   539 Err:     0 (0.00%)
