2026-10-01 19:50:30,226 INFO o.a.j.u.JMeterUtils: Setting Locale to en_EN
2026-10-01 19:50:30,253 INFO o.a.j.JMeter: Loading user properties from: /opt/jmeter/bin/user.properties
2026-10-01 19:50:30,254 INFO o.a.j.JMeter: Loading system properties from: /opt/jmeter/bin/system.properties
2026-10-01 19:50:30,254 INFO o.a.j.JMeter: Loading additional properties from: /tests/run.properties
2026-10-01 19:50:30,254 INFO o.a.j.JMeter: Loading additional properties from: /tests/data/ranges.properties
2026-10-01 19:50:30,254 INFO o.a.j.JMeter: Setting JMeter property: host=nestjs-nginx
2026-10-01 19:50:30,254 INFO o.a.j.JMeter: Setting JMeter property: port=80
2026-10-01 19:50:30,255 INFO o.a.j.JMeter: Setting JMeter property: rampup=10
2026-10-01 19:50:30,255 INFO o.a.j.JMeter: Setting JMeter property: endpoint=EP2
2026-10-01 19:50:30,255 INFO o.a.j.JMeter: Setting JMeter property: users=10
2026-10-01 19:50:30,255 INFO o.a.j.JMeter: Setting JMeter property: duration=20
2026-10-01 19:50:30,260 INFO o.a.j.JMeter: Copyright (c) 1998-2024 The Apache Software Foundation
2026-10-01 19:50:30,260 INFO o.a.j.JMeter: Version 5.6.3
2026-10-01 19:50:30,260 INFO o.a.j.JMeter: java.version=21.0.12.1
2026-10-01 19:50:30,260 INFO o.a.j.JMeter: java.vm.name=OpenJDK 64-Bit Server VM
2026-10-01 19:50:30,260 INFO o.a.j.JMeter: os.name=Linux
2026-10-01 19:50:30,260 INFO o.a.j.JMeter: os.arch=amd64
2026-10-01 19:50:30,261 INFO o.a.j.JMeter: os.version=6.6.87.2-microsoft-standard-WSL2
2026-10-01 19:50:30,261 INFO o.a.j.JMeter: file.encoding=UTF-8
2026-10-01 19:50:30,261 INFO o.a.j.JMeter: java.awt.headless=true
2026-10-01 19:50:30,261 INFO o.a.j.JMeter: Max memory     =2147483648
2026-10-01 19:50:30,261 INFO o.a.j.JMeter: Available Processors =12
2026-10-01 19:50:30,269 INFO o.a.j.JMeter: Default Locale=English (EN)
2026-10-01 19:50:30,270 INFO o.a.j.JMeter: JMeter  Locale=English (EN)
2026-10-01 19:50:30,270 INFO o.a.j.JMeter: JMeterHome=/opt/jmeter
2026-10-01 19:50:30,270 INFO o.a.j.JMeter: user.dir  =/tests
2026-10-01 19:50:30,270 INFO o.a.j.JMeter: PWD       =/tests
2026-10-01 19:50:30,271 INFO o.a.j.JMeter: IP: 172.19.0.5 Name: d53b2cae0093 FullName: d53b2cae0093
2026-10-01 19:50:30,283 INFO o.a.j.s.FileServer: Default base='/tests'
2026-10-01 19:50:30,284 INFO o.a.j.s.FileServer: Set new base='/tests'
2026-10-01 19:50:30,449 INFO o.a.j.s.SaveService: Testplan (JMX) version: 2.2. Testlog (JTL) version: 2.2
2026-10-01 19:50:30,474 INFO o.a.j.s.SaveService: Using SaveService properties version 5.0
2026-10-01 19:50:30,477 INFO o.a.j.s.SaveService: Using SaveService properties file encoding UTF-8
2026-10-01 19:50:30,480 INFO o.a.j.s.SaveService: Loading file: /tests/s1.jmx
2026-10-01 19:50:30,531 INFO o.a.j.p.h.s.HTTPSamplerBase: Parser for text/html is org.apache.jmeter.protocol.http.parser.LagartoBasedHtmlParser
2026-10-01 19:50:30,531 INFO o.a.j.p.h.s.HTTPSamplerBase: Parser for application/xhtml+xml is org.apache.jmeter.protocol.http.parser.LagartoBasedHtmlParser
2026-10-01 19:50:30,531 INFO o.a.j.p.h.s.HTTPSamplerBase: Parser for application/xml is org.apache.jmeter.protocol.http.parser.LagartoBasedHtmlParser
2026-10-01 19:50:30,531 INFO o.a.j.p.h.s.HTTPSamplerBase: Parser for text/xml is org.apache.jmeter.protocol.http.parser.LagartoBasedHtmlParser
2026-10-01 19:50:30,532 INFO o.a.j.p.h.s.HTTPSamplerBase: Parser for text/vnd.wap.wml is org.apache.jmeter.protocol.http.parser.RegexpHTMLParser
2026-10-01 19:50:30,532 INFO o.a.j.p.h.s.HTTPSamplerBase: Parser for text/css is org.apache.jmeter.protocol.http.parser.CssParser
2026-10-01 19:50:30,571 INFO o.a.j.JMeter: Creating summariser <summary>
2026-10-01 19:50:30,587 INFO o.a.j.e.StandardJMeterEngine: Running the test!
2026-10-01 19:50:30,588 INFO o.a.j.s.SampleEvent: List of sample_variables: []
2026-10-01 19:50:30,588 INFO o.a.j.s.SampleEvent: List of sample_variables: []
2026-10-01 19:50:30,592 INFO o.a.j.e.u.CompoundVariable: Note: Function class names must contain the string: '.functions.'
2026-10-01 19:50:30,592 INFO o.a.j.e.u.CompoundVariable: Note: Function class names must not contain the string: '.gui.'
2026-10-01 19:50:30,807 INFO o.a.j.JMeter: Running test (1790884230806)
2026-10-01 19:50:30,808 INFO o.a.j.e.StandardJMeterEngine: Starting setUp thread groups
2026-10-01 19:50:30,808 INFO o.a.j.e.StandardJMeterEngine: Starting setUp ThreadGroup: 1 : setUp - login 
2026-10-01 19:50:30,808 INFO o.a.j.e.StandardJMeterEngine: Starting 1 threads for group setUp - login.
2026-10-01 19:50:30,808 INFO o.a.j.e.StandardJMeterEngine: Test will stop abruptly on error
2026-10-01 19:50:30,809 INFO o.a.j.t.ThreadGroup: Starting thread group... number=1 threads=1 ramp-up=1 delayedStart=false
2026-10-01 19:50:30,812 INFO o.a.j.t.ThreadGroup: Started thread group number 1
2026-10-01 19:50:30,812 INFO o.a.j.e.StandardJMeterEngine: Waiting for all setup thread groups to exit
2026-10-01 19:50:30,813 INFO o.a.j.t.JMeterThread: Thread started: setUp - login 1-1
2026-10-01 19:50:30,825 INFO o.a.j.p.h.s.HTTPHCAbstractImpl: Local host = d53b2cae0093
2026-10-01 19:50:30,831 INFO o.a.j.p.h.s.HTTPHC4Impl: HTTP request retry count = 0
2026-10-01 19:50:30,832 INFO o.a.j.s.SampleResult: Note: Sample TimeStamps are START times
2026-10-01 19:50:30,832 INFO o.a.j.s.SampleResult: sampleresult.default.encoding is set to UTF-8
2026-10-01 19:50:30,832 INFO o.a.j.s.SampleResult: sampleresult.useNanoTime=true
2026-10-01 19:50:30,832 INFO o.a.j.s.SampleResult: sampleresult.nanoThreadSleep=5000
2026-10-01 19:50:31,632 INFO o.a.j.r.Summariser: summary +      1 in 00:00:01 =    1.2/s Avg:   281 Min:   281 Max:   281 Err:     0 (0.00%) Active: 1 Started: 1 Finished: 0
2026-10-01 19:50:31,633 INFO o.a.j.t.JMeterThread: Thread is done: setUp - login 1-1
2026-10-01 19:50:31,634 INFO o.a.j.t.JMeterThread: Thread finished: setUp - login 1-1
2026-10-01 19:50:31,634 INFO o.a.j.e.StandardJMeterEngine: All Setup Threads have ended
2026-10-01 19:50:31,656 INFO o.a.j.e.StandardJMeterEngine: Starting ThreadGroup: 1 : S1
2026-10-01 19:50:31,656 INFO o.a.j.e.StandardJMeterEngine: Starting 10 threads for group S1.
2026-10-01 19:50:31,656 INFO o.a.j.e.StandardJMeterEngine: Thread will continue on error
2026-10-01 19:50:31,656 INFO o.a.j.t.ThreadGroup: Starting thread group... number=1 threads=10 ramp-up=10 delayedStart=false
2026-10-01 19:50:31,659 INFO o.a.j.t.JMeterThread: Thread started: S1 1-1
2026-10-01 19:50:31,666 INFO o.a.j.t.ThreadGroup: Started thread group number 1
2026-10-01 19:50:31,666 INFO o.a.j.e.StandardJMeterEngine: All thread groups have been started
2026-10-01 19:50:32,659 INFO o.a.j.t.JMeterThread: Thread started: S1 1-2
2026-10-01 19:50:33,658 INFO o.a.j.t.JMeterThread: Thread started: S1 1-3
2026-10-01 19:50:34,658 INFO o.a.j.t.JMeterThread: Thread started: S1 1-4
2026-10-01 19:50:35,659 INFO o.a.j.t.JMeterThread: Thread started: S1 1-5
2026-10-01 19:50:36,657 INFO o.a.j.t.JMeterThread: Thread started: S1 1-6
2026-10-01 19:50:37,658 INFO o.a.j.t.JMeterThread: Thread started: S1 1-7
2026-10-01 19:50:38,658 INFO o.a.j.t.JMeterThread: Thread started: S1 1-8
2026-10-01 19:50:39,659 INFO o.a.j.t.JMeterThread: Thread started: S1 1-9
2026-10-01 19:50:40,657 INFO o.a.j.t.JMeterThread: Thread started: S1 1-10
2026-10-01 19:50:51,657 INFO o.a.j.t.JMeterThread: Stopping because end time detected by thread: S1 1-1
2026-10-01 19:50:51,658 INFO o.a.j.t.JMeterThread: Thread finished: S1 1-1
2026-10-01 19:50:51,661 INFO o.a.j.t.JMeterThread: Stopping because end time detected by thread: S1 1-2
2026-10-01 19:50:51,661 INFO o.a.j.t.JMeterThread: Thread finished: S1 1-2
2026-10-01 19:50:51,661 INFO o.a.j.t.JMeterThread: Stopping because end time detected by thread: S1 1-5
2026-10-01 19:50:51,662 INFO o.a.j.t.JMeterThread: Thread finished: S1 1-5
2026-10-01 19:50:51,663 INFO o.a.j.t.JMeterThread: Stopping because end time detected by thread: S1 1-4
2026-10-01 19:50:51,663 INFO o.a.j.t.JMeterThread: Stopping because end time detected by thread: S1 1-8
2026-10-01 19:50:51,663 INFO o.a.j.t.JMeterThread: Thread finished: S1 1-4
2026-10-01 19:50:51,663 INFO o.a.j.t.JMeterThread: Thread finished: S1 1-8
2026-10-01 19:50:51,664 INFO o.a.j.t.JMeterThread: Stopping because end time detected by thread: S1 1-7
2026-10-01 19:50:51,664 INFO o.a.j.t.JMeterThread: Stopping because end time detected by thread: S1 1-9
2026-10-01 19:50:51,664 INFO o.a.j.t.JMeterThread: Stopping because end time detected by thread: S1 1-3
2026-10-01 19:50:51,664 INFO o.a.j.t.JMeterThread: Thread finished: S1 1-9
2026-10-01 19:50:51,664 INFO o.a.j.t.JMeterThread: Thread finished: S1 1-3
2026-10-01 19:50:51,664 INFO o.a.j.t.JMeterThread: Thread finished: S1 1-7
2026-10-01 19:50:51,665 INFO o.a.j.t.JMeterThread: Stopping because end time detected by thread: S1 1-6
2026-10-01 19:50:51,665 INFO o.a.j.t.JMeterThread: Thread finished: S1 1-6
2026-10-01 19:50:51,666 INFO o.a.j.t.JMeterThread: Stopping because end time detected by thread: S1 1-10
2026-10-01 19:50:51,666 INFO o.a.j.t.JMeterThread: Thread finished: S1 1-10
2026-10-01 19:50:51,666 INFO o.a.j.e.StandardJMeterEngine: Notifying test listeners of end of test
2026-10-01 19:50:51,669 INFO o.a.j.r.Summariser: summary +  32069 in 00:00:20 = 1600.4/s Avg:     5 Min:     1 Max:    44 Err:     0 (0.00%) Active: 0 Started: 10 Finished: 10
2026-10-01 19:50:51,670 INFO o.a.j.r.Summariser: summary =  32070 in 00:00:21 = 1537.1/s Avg:     5 Min:     1 Max:   281 Err:     0 (0.00%)
