2026-10-01 19:50:14,889 INFO o.a.j.u.JMeterUtils: Setting Locale to en_EN
2026-10-01 19:50:14,916 INFO o.a.j.JMeter: Loading user properties from: /opt/jmeter/bin/user.properties
2026-10-01 19:50:14,916 INFO o.a.j.JMeter: Loading system properties from: /opt/jmeter/bin/system.properties
2026-10-01 19:50:14,916 INFO o.a.j.JMeter: Loading additional properties from: /tests/run.properties
2026-10-01 19:50:14,916 INFO o.a.j.JMeter: Loading additional properties from: /tests/data/ranges.properties
2026-10-01 19:50:14,917 INFO o.a.j.JMeter: Setting JMeter property: host=nestjs-nginx
2026-10-01 19:50:14,917 INFO o.a.j.JMeter: Setting JMeter property: port=80
2026-10-01 19:50:14,917 INFO o.a.j.JMeter: Setting JMeter property: rampup=10
2026-10-01 19:50:14,917 INFO o.a.j.JMeter: Setting JMeter property: endpoint=EP2
2026-10-01 19:50:14,917 INFO o.a.j.JMeter: Setting JMeter property: users=10
2026-10-01 19:50:14,917 INFO o.a.j.JMeter: Setting JMeter property: duration=10
2026-10-01 19:50:14,923 INFO o.a.j.JMeter: Copyright (c) 1998-2024 The Apache Software Foundation
2026-10-01 19:50:14,923 INFO o.a.j.JMeter: Version 5.6.3
2026-10-01 19:50:14,923 INFO o.a.j.JMeter: java.version=21.0.12.1
2026-10-01 19:50:14,923 INFO o.a.j.JMeter: java.vm.name=OpenJDK 64-Bit Server VM
2026-10-01 19:50:14,923 INFO o.a.j.JMeter: os.name=Linux
2026-10-01 19:50:14,923 INFO o.a.j.JMeter: os.arch=amd64
2026-10-01 19:50:14,923 INFO o.a.j.JMeter: os.version=6.6.87.2-microsoft-standard-WSL2
2026-10-01 19:50:14,923 INFO o.a.j.JMeter: file.encoding=UTF-8
2026-10-01 19:50:14,923 INFO o.a.j.JMeter: java.awt.headless=true
2026-10-01 19:50:14,924 INFO o.a.j.JMeter: Max memory     =2147483648
2026-10-01 19:50:14,924 INFO o.a.j.JMeter: Available Processors =12
2026-10-01 19:50:14,933 INFO o.a.j.JMeter: Default Locale=English (EN)
2026-10-01 19:50:14,934 INFO o.a.j.JMeter: JMeter  Locale=English (EN)
2026-10-01 19:50:14,934 INFO o.a.j.JMeter: JMeterHome=/opt/jmeter
2026-10-01 19:50:14,934 INFO o.a.j.JMeter: user.dir  =/tests
2026-10-01 19:50:14,934 INFO o.a.j.JMeter: PWD       =/tests
2026-10-01 19:50:14,934 INFO o.a.j.JMeter: IP: 172.19.0.5 Name: e38748af7e56 FullName: e38748af7e56
2026-10-01 19:50:14,945 INFO o.a.j.s.FileServer: Default base='/tests'
2026-10-01 19:50:14,947 INFO o.a.j.s.FileServer: Set new base='/tests'
2026-10-01 19:50:15,109 INFO o.a.j.s.SaveService: Testplan (JMX) version: 2.2. Testlog (JTL) version: 2.2
2026-10-01 19:50:15,133 INFO o.a.j.s.SaveService: Using SaveService properties version 5.0
2026-10-01 19:50:15,136 INFO o.a.j.s.SaveService: Using SaveService properties file encoding UTF-8
2026-10-01 19:50:15,139 INFO o.a.j.s.SaveService: Loading file: /tests/s1.jmx
2026-10-01 19:50:15,182 INFO o.a.j.p.h.s.HTTPSamplerBase: Parser for text/html is org.apache.jmeter.protocol.http.parser.LagartoBasedHtmlParser
2026-10-01 19:50:15,182 INFO o.a.j.p.h.s.HTTPSamplerBase: Parser for application/xhtml+xml is org.apache.jmeter.protocol.http.parser.LagartoBasedHtmlParser
2026-10-01 19:50:15,182 INFO o.a.j.p.h.s.HTTPSamplerBase: Parser for application/xml is org.apache.jmeter.protocol.http.parser.LagartoBasedHtmlParser
2026-10-01 19:50:15,182 INFO o.a.j.p.h.s.HTTPSamplerBase: Parser for text/xml is org.apache.jmeter.protocol.http.parser.LagartoBasedHtmlParser
2026-10-01 19:50:15,183 INFO o.a.j.p.h.s.HTTPSamplerBase: Parser for text/vnd.wap.wml is org.apache.jmeter.protocol.http.parser.RegexpHTMLParser
2026-10-01 19:50:15,183 INFO o.a.j.p.h.s.HTTPSamplerBase: Parser for text/css is org.apache.jmeter.protocol.http.parser.CssParser
2026-10-01 19:50:15,222 INFO o.a.j.JMeter: Creating summariser <summary>
2026-10-01 19:50:15,232 INFO o.a.j.e.StandardJMeterEngine: Running the test!
2026-10-01 19:50:15,232 INFO o.a.j.s.SampleEvent: List of sample_variables: []
2026-10-01 19:50:15,233 INFO o.a.j.s.SampleEvent: List of sample_variables: []
2026-10-01 19:50:15,236 INFO o.a.j.e.u.CompoundVariable: Note: Function class names must contain the string: '.functions.'
2026-10-01 19:50:15,236 INFO o.a.j.e.u.CompoundVariable: Note: Function class names must not contain the string: '.gui.'
2026-10-01 19:50:15,442 INFO o.a.j.JMeter: Running test (1790884215442)
2026-10-01 19:50:15,444 INFO o.a.j.e.StandardJMeterEngine: Starting setUp thread groups
2026-10-01 19:50:15,444 INFO o.a.j.e.StandardJMeterEngine: Starting setUp ThreadGroup: 1 : setUp - login 
2026-10-01 19:50:15,444 INFO o.a.j.e.StandardJMeterEngine: Starting 1 threads for group setUp - login.
2026-10-01 19:50:15,444 INFO o.a.j.e.StandardJMeterEngine: Test will stop abruptly on error
2026-10-01 19:50:15,445 INFO o.a.j.t.ThreadGroup: Starting thread group... number=1 threads=1 ramp-up=1 delayedStart=false
2026-10-01 19:50:15,448 INFO o.a.j.t.ThreadGroup: Started thread group number 1
2026-10-01 19:50:15,448 INFO o.a.j.e.StandardJMeterEngine: Waiting for all setup thread groups to exit
2026-10-01 19:50:15,449 INFO o.a.j.t.JMeterThread: Thread started: setUp - login 1-1
2026-10-01 19:50:15,461 INFO o.a.j.p.h.s.HTTPHCAbstractImpl: Local host = e38748af7e56
2026-10-01 19:50:15,466 INFO o.a.j.p.h.s.HTTPHC4Impl: HTTP request retry count = 0
2026-10-01 19:50:15,467 INFO o.a.j.s.SampleResult: Note: Sample TimeStamps are START times
2026-10-01 19:50:15,467 INFO o.a.j.s.SampleResult: sampleresult.default.encoding is set to UTF-8
2026-10-01 19:50:15,467 INFO o.a.j.s.SampleResult: sampleresult.useNanoTime=true
2026-10-01 19:50:15,468 INFO o.a.j.s.SampleResult: sampleresult.nanoThreadSleep=5000
2026-10-01 19:50:16,286 INFO o.a.j.t.JMeterThread: Thread is done: setUp - login 1-1
2026-10-01 19:50:16,286 INFO o.a.j.t.JMeterThread: Thread finished: setUp - login 1-1
2026-10-01 19:50:16,287 INFO o.a.j.e.StandardJMeterEngine: All Setup Threads have ended
2026-10-01 19:50:16,307 INFO o.a.j.e.StandardJMeterEngine: Starting ThreadGroup: 1 : S1
2026-10-01 19:50:16,307 INFO o.a.j.e.StandardJMeterEngine: Starting 10 threads for group S1.
2026-10-01 19:50:16,308 INFO o.a.j.e.StandardJMeterEngine: Thread will continue on error
2026-10-01 19:50:16,308 INFO o.a.j.t.ThreadGroup: Starting thread group... number=1 threads=10 ramp-up=10 delayedStart=false
2026-10-01 19:50:16,310 INFO o.a.j.t.JMeterThread: Thread started: S1 1-1
2026-10-01 19:50:16,318 INFO o.a.j.t.ThreadGroup: Started thread group number 1
2026-10-01 19:50:16,318 INFO o.a.j.e.StandardJMeterEngine: All thread groups have been started
2026-10-01 19:50:17,311 INFO o.a.j.t.JMeterThread: Thread started: S1 1-2
2026-10-01 19:50:18,310 INFO o.a.j.t.JMeterThread: Thread started: S1 1-3
2026-10-01 19:50:19,310 INFO o.a.j.t.JMeterThread: Thread started: S1 1-4
2026-10-01 19:50:20,309 INFO o.a.j.t.JMeterThread: Thread started: S1 1-5
2026-10-01 19:50:21,309 INFO o.a.j.t.JMeterThread: Thread started: S1 1-6
2026-10-01 19:50:22,309 INFO o.a.j.t.JMeterThread: Thread started: S1 1-7
2026-10-01 19:50:23,309 INFO o.a.j.t.JMeterThread: Thread started: S1 1-8
2026-10-01 19:50:24,309 INFO o.a.j.t.JMeterThread: Thread started: S1 1-9
2026-10-01 19:50:25,310 INFO o.a.j.t.JMeterThread: Thread started: S1 1-10
2026-10-01 19:50:26,312 INFO o.a.j.t.JMeterThread: Stopping because end time detected by thread: S1 1-4
2026-10-01 19:50:26,312 INFO o.a.j.t.JMeterThread: Stopping because end time detected by thread: S1 1-1
2026-10-01 19:50:26,312 INFO o.a.j.t.JMeterThread: Thread finished: S1 1-4
2026-10-01 19:50:26,312 INFO o.a.j.t.JMeterThread: Thread finished: S1 1-1
2026-10-01 19:50:26,314 INFO o.a.j.t.JMeterThread: Stopping because end time detected by thread: S1 1-2
2026-10-01 19:50:26,314 INFO o.a.j.t.JMeterThread: Thread finished: S1 1-2
2026-10-01 19:50:26,315 INFO o.a.j.t.JMeterThread: Stopping because end time detected by thread: S1 1-3
2026-10-01 19:50:26,315 INFO o.a.j.t.JMeterThread: Thread finished: S1 1-3
2026-10-01 19:50:26,315 INFO o.a.j.t.JMeterThread: Stopping because end time detected by thread: S1 1-5
2026-10-01 19:50:26,316 INFO o.a.j.t.JMeterThread: Thread finished: S1 1-5
2026-10-01 19:50:26,317 INFO o.a.j.t.JMeterThread: Stopping because end time detected by thread: S1 1-8
2026-10-01 19:50:26,317 INFO o.a.j.t.JMeterThread: Thread finished: S1 1-8
2026-10-01 19:50:26,318 INFO o.a.j.t.JMeterThread: Stopping because end time detected by thread: S1 1-6
2026-10-01 19:50:26,318 INFO o.a.j.t.JMeterThread: Thread finished: S1 1-6
2026-10-01 19:50:26,318 INFO o.a.j.t.JMeterThread: Stopping because end time detected by thread: S1 1-7
2026-10-01 19:50:26,318 INFO o.a.j.t.JMeterThread: Thread finished: S1 1-7
2026-10-01 19:50:26,319 INFO o.a.j.t.JMeterThread: Stopping because end time detected by thread: S1 1-9
2026-10-01 19:50:26,319 INFO o.a.j.t.JMeterThread: Thread finished: S1 1-9
2026-10-01 19:50:26,320 INFO o.a.j.t.JMeterThread: Stopping because end time detected by thread: S1 1-10
2026-10-01 19:50:26,320 INFO o.a.j.t.JMeterThread: Thread finished: S1 1-10
2026-10-01 19:50:26,320 INFO o.a.j.e.StandardJMeterEngine: Notifying test listeners of end of test
2026-10-01 19:50:26,323 INFO o.a.j.r.Summariser: summary =  13450 in 00:00:11 = 1236.1/s Avg:     4 Min:     1 Max:   313 Err:     0 (0.00%)
