2026-10-07 19:32:05,586 INFO o.a.j.u.JMeterUtils: Setting Locale to en_EN
2026-10-07 19:32:05,603 INFO o.a.j.JMeter: Loading user properties from: /opt/jmeter/bin/user.properties
2026-10-07 19:32:05,603 INFO o.a.j.JMeter: Loading system properties from: /opt/jmeter/bin/system.properties
2026-10-07 19:32:05,603 INFO o.a.j.JMeter: Loading additional properties from: /tests/run.properties
2026-10-07 19:32:05,604 INFO o.a.j.JMeter: Loading additional properties from: /tests/data/ranges.properties
2026-10-07 19:32:05,604 INFO o.a.j.JMeter: Setting JMeter property: host=laravel-nginx
2026-10-07 19:32:05,604 INFO o.a.j.JMeter: Setting JMeter property: port=80
2026-10-07 19:32:05,604 INFO o.a.j.JMeter: Setting JMeter property: rampup=10
2026-10-07 19:32:05,604 INFO o.a.j.JMeter: Setting JMeter property: endpoint=EP4
2026-10-07 19:32:05,604 INFO o.a.j.JMeter: Setting JMeter property: users=10
2026-10-07 19:32:05,604 INFO o.a.j.JMeter: Setting JMeter property: duration=60
2026-10-07 19:32:05,608 INFO o.a.j.JMeter: Copyright (c) 1998-2024 The Apache Software Foundation
2026-10-07 19:32:05,608 INFO o.a.j.JMeter: Version 5.6.3
2026-10-07 19:32:05,608 INFO o.a.j.JMeter: java.version=21.0.12.1
2026-10-07 19:32:05,608 INFO o.a.j.JMeter: java.vm.name=OpenJDK 64-Bit Server VM
2026-10-07 19:32:05,608 INFO o.a.j.JMeter: os.name=Linux
2026-10-07 19:32:05,609 INFO o.a.j.JMeter: os.arch=amd64
2026-10-07 19:32:05,609 INFO o.a.j.JMeter: os.version=6.6.87.2-microsoft-standard-WSL2
2026-10-07 19:32:05,609 INFO o.a.j.JMeter: file.encoding=UTF-8
2026-10-07 19:32:05,609 INFO o.a.j.JMeter: java.awt.headless=true
2026-10-07 19:32:05,609 INFO o.a.j.JMeter: Max memory     =4294967296
2026-10-07 19:32:05,609 INFO o.a.j.JMeter: Available Processors =12
2026-10-07 19:32:05,615 INFO o.a.j.JMeter: Default Locale=English (EN)
2026-10-07 19:32:05,615 INFO o.a.j.JMeter: JMeter  Locale=English (EN)
2026-10-07 19:32:05,615 INFO o.a.j.JMeter: JMeterHome=/opt/jmeter
2026-10-07 19:32:05,616 INFO o.a.j.JMeter: user.dir  =/tests
2026-10-07 19:32:05,616 INFO o.a.j.JMeter: PWD       =/tests
2026-10-07 19:32:05,616 INFO o.a.j.JMeter: IP: 172.19.0.5 Name: 4f1ea2a90a24 FullName: 4f1ea2a90a24
2026-10-07 19:32:05,624 INFO o.a.j.s.FileServer: Default base='/tests'
2026-10-07 19:32:05,625 INFO o.a.j.s.FileServer: Set new base='/tests'
2026-10-07 19:32:05,757 INFO o.a.j.s.SaveService: Testplan (JMX) version: 2.2. Testlog (JTL) version: 2.2
2026-10-07 19:32:05,777 INFO o.a.j.s.SaveService: Using SaveService properties version 5.0
2026-10-07 19:32:05,779 INFO o.a.j.s.SaveService: Using SaveService properties file encoding UTF-8
2026-10-07 19:32:05,782 INFO o.a.j.s.SaveService: Loading file: /tests/s3.jmx
2026-10-07 19:32:05,821 INFO o.a.j.p.h.s.HTTPSamplerBase: Parser for text/html is org.apache.jmeter.protocol.http.parser.LagartoBasedHtmlParser
2026-10-07 19:32:05,821 INFO o.a.j.p.h.s.HTTPSamplerBase: Parser for application/xhtml+xml is org.apache.jmeter.protocol.http.parser.LagartoBasedHtmlParser
2026-10-07 19:32:05,821 INFO o.a.j.p.h.s.HTTPSamplerBase: Parser for application/xml is org.apache.jmeter.protocol.http.parser.LagartoBasedHtmlParser
2026-10-07 19:32:05,821 INFO o.a.j.p.h.s.HTTPSamplerBase: Parser for text/xml is org.apache.jmeter.protocol.http.parser.LagartoBasedHtmlParser
2026-10-07 19:32:05,821 INFO o.a.j.p.h.s.HTTPSamplerBase: Parser for text/vnd.wap.wml is org.apache.jmeter.protocol.http.parser.RegexpHTMLParser
2026-10-07 19:32:05,822 INFO o.a.j.p.h.s.HTTPSamplerBase: Parser for text/css is org.apache.jmeter.protocol.http.parser.CssParser
2026-10-07 19:32:05,854 INFO o.a.j.JMeter: Creating summariser <summary>
2026-10-07 19:32:05,866 INFO o.a.j.e.StandardJMeterEngine: Running the test!
2026-10-07 19:32:05,867 INFO o.a.j.s.SampleEvent: List of sample_variables: []
2026-10-07 19:32:05,867 INFO o.a.j.s.SampleEvent: List of sample_variables: []
2026-10-07 19:32:05,870 INFO o.a.j.e.u.CompoundVariable: Note: Function class names must contain the string: '.functions.'
2026-10-07 19:32:05,870 INFO o.a.j.e.u.CompoundVariable: Note: Function class names must not contain the string: '.gui.'
2026-10-07 19:32:06,047 INFO o.a.j.JMeter: Running test (1791401526046)
2026-10-07 19:32:06,047 INFO o.a.j.e.StandardJMeterEngine: Starting setUp thread groups
2026-10-07 19:32:06,048 INFO o.a.j.e.StandardJMeterEngine: Starting setUp ThreadGroup: 1 : setUp - login 
2026-10-07 19:32:06,048 INFO o.a.j.e.StandardJMeterEngine: Starting 1 threads for group setUp - login.
2026-10-07 19:32:06,048 INFO o.a.j.e.StandardJMeterEngine: Test will stop abruptly on error
2026-10-07 19:32:06,048 INFO o.a.j.t.ThreadGroup: Starting thread group... number=1 threads=1 ramp-up=1 delayedStart=false
2026-10-07 19:32:06,050 INFO o.a.j.t.ThreadGroup: Started thread group number 1
2026-10-07 19:32:06,050 INFO o.a.j.e.StandardJMeterEngine: Waiting for all setup thread groups to exit
2026-10-07 19:32:06,051 INFO o.a.j.t.JMeterThread: Thread started: setUp - login 1-1
2026-10-07 19:32:06,060 INFO o.a.j.p.h.s.HTTPHCAbstractImpl: Local host = 4f1ea2a90a24
2026-10-07 19:32:06,064 INFO o.a.j.p.h.s.HTTPHC4Impl: HTTP request retry count = 0
2026-10-07 19:32:06,065 INFO o.a.j.s.SampleResult: Note: Sample TimeStamps are START times
2026-10-07 19:32:06,065 INFO o.a.j.s.SampleResult: sampleresult.default.encoding is set to UTF-8
2026-10-07 19:32:06,065 INFO o.a.j.s.SampleResult: sampleresult.useNanoTime=true
2026-10-07 19:32:06,065 INFO o.a.j.s.SampleResult: sampleresult.nanoThreadSleep=5000
2026-10-07 19:32:06,650 INFO o.a.j.t.JMeterThread: Thread is done: setUp - login 1-1
2026-10-07 19:32:06,651 INFO o.a.j.t.JMeterThread: Thread finished: setUp - login 1-1
2026-10-07 19:32:06,651 INFO o.a.j.e.StandardJMeterEngine: All Setup Threads have ended
2026-10-07 19:32:06,672 INFO o.a.j.e.StandardJMeterEngine: Starting ThreadGroup: 1 : S3
2026-10-07 19:32:06,672 INFO o.a.j.e.StandardJMeterEngine: Starting 10 threads for group S3.
2026-10-07 19:32:06,672 INFO o.a.j.e.StandardJMeterEngine: Thread will continue on error
2026-10-07 19:32:06,672 INFO o.a.j.t.ThreadGroup: Starting thread group... number=1 threads=10 ramp-up=10 delayedStart=false
2026-10-07 19:32:06,675 INFO o.a.j.t.JMeterThread: Thread started: S3 1-1
2026-10-07 19:32:06,680 INFO o.a.j.t.ThreadGroup: Started thread group number 1
2026-10-07 19:32:06,680 INFO o.a.j.e.StandardJMeterEngine: All thread groups have been started
2026-10-07 19:32:07,674 INFO o.a.j.t.JMeterThread: Thread started: S3 1-2
2026-10-07 19:32:08,821 INFO o.a.j.t.JMeterThread: Thread started: S3 1-3
2026-10-07 19:32:09,673 INFO o.a.j.t.JMeterThread: Thread started: S3 1-4
2026-10-07 19:32:10,674 INFO o.a.j.t.JMeterThread: Thread started: S3 1-5
2026-10-07 19:32:11,673 INFO o.a.j.t.JMeterThread: Thread started: S3 1-6
2026-10-07 19:32:12,673 INFO o.a.j.t.JMeterThread: Thread started: S3 1-7
2026-10-07 19:32:13,673 INFO o.a.j.t.JMeterThread: Thread started: S3 1-8
2026-10-07 19:32:14,673 INFO o.a.j.t.JMeterThread: Thread started: S3 1-9
2026-10-07 19:32:15,674 INFO o.a.j.t.JMeterThread: Thread started: S3 1-10
2026-10-07 19:32:30,002 INFO o.a.j.r.Summariser: summary +   9946 in 00:00:24 =  415.2/s Avg:    18 Min:     7 Max:   198 Err:     0 (0.00%) Active: 10 Started: 10 Finished: 0
2026-10-07 19:33:00,004 INFO o.a.j.r.Summariser: summary +  14040 in 00:00:30 =  468.0/s Avg:    21 Min:    15 Max:    48 Err:     0 (0.00%) Active: 10 Started: 10 Finished: 0
2026-10-07 19:33:00,005 INFO o.a.j.r.Summariser: summary =  23986 in 00:00:54 =  444.5/s Avg:    20 Min:     7 Max:   198 Err:     0 (0.00%)
2026-10-07 19:33:06,676 INFO o.a.j.t.JMeterThread: Stopping because end time detected by thread: S3 1-2
2026-10-07 19:33:06,676 INFO o.a.j.t.JMeterThread: Thread finished: S3 1-2
2026-10-07 19:33:06,685 INFO o.a.j.t.JMeterThread: Stopping because end time detected by thread: S3 1-9
2026-10-07 19:33:06,685 INFO o.a.j.t.JMeterThread: Stopping because end time detected by thread: S3 1-4
2026-10-07 19:33:06,685 INFO o.a.j.t.JMeterThread: Stopping because end time detected by thread: S3 1-3
2026-10-07 19:33:06,686 INFO o.a.j.t.JMeterThread: Thread finished: S3 1-9
2026-10-07 19:33:06,686 INFO o.a.j.t.JMeterThread: Thread finished: S3 1-4
2026-10-07 19:33:06,686 INFO o.a.j.t.JMeterThread: Thread finished: S3 1-3
2026-10-07 19:33:06,686 INFO o.a.j.t.JMeterThread: Stopping because end time detected by thread: S3 1-1
2026-10-07 19:33:06,687 INFO o.a.j.t.JMeterThread: Thread finished: S3 1-1
2026-10-07 19:33:06,695 INFO o.a.j.t.JMeterThread: Stopping because end time detected by thread: S3 1-5
2026-10-07 19:33:06,695 INFO o.a.j.t.JMeterThread: Stopping because end time detected by thread: S3 1-7
2026-10-07 19:33:06,695 INFO o.a.j.t.JMeterThread: Thread finished: S3 1-5
2026-10-07 19:33:06,695 INFO o.a.j.t.JMeterThread: Stopping because end time detected by thread: S3 1-6
2026-10-07 19:33:06,695 INFO o.a.j.t.JMeterThread: Thread finished: S3 1-7
2026-10-07 19:33:06,695 INFO o.a.j.t.JMeterThread: Thread finished: S3 1-6
2026-10-07 19:33:06,695 INFO o.a.j.t.JMeterThread: Stopping because end time detected by thread: S3 1-10
2026-10-07 19:33:06,695 INFO o.a.j.t.JMeterThread: Thread finished: S3 1-10
2026-10-07 19:33:06,703 INFO o.a.j.t.JMeterThread: Stopping because end time detected by thread: S3 1-8
2026-10-07 19:33:06,703 INFO o.a.j.t.JMeterThread: Thread finished: S3 1-8
2026-10-07 19:33:06,704 INFO o.a.j.e.StandardJMeterEngine: Notifying test listeners of end of test
2026-10-07 19:33:06,706 INFO o.a.j.r.Summariser: summary +   3138 in 00:00:07 =  468.2/s Avg:    21 Min:    16 Max:    44 Err:     0 (0.00%) Active: 0 Started: 10 Finished: 10
2026-10-07 19:33:06,706 INFO o.a.j.r.Summariser: summary =  27124 in 00:01:01 =  447.1/s Avg:    20 Min:     7 Max:   198 Err:     0 (0.00%)
