2026-10-07 19:44:32,216 INFO o.a.j.u.JMeterUtils: Setting Locale to en_EN
2026-10-07 19:44:32,238 INFO o.a.j.JMeter: Loading user properties from: /opt/jmeter/bin/user.properties
2026-10-07 19:44:32,238 INFO o.a.j.JMeter: Loading system properties from: /opt/jmeter/bin/system.properties
2026-10-07 19:44:32,239 INFO o.a.j.JMeter: Loading additional properties from: /tests/run.properties
2026-10-07 19:44:32,239 INFO o.a.j.JMeter: Loading additional properties from: /tests/data/ranges.properties
2026-10-07 19:44:32,239 INFO o.a.j.JMeter: Setting JMeter property: host=nestjs-nginx
2026-10-07 19:44:32,239 INFO o.a.j.JMeter: Setting JMeter property: port=80
2026-10-07 19:44:32,239 INFO o.a.j.JMeter: Setting JMeter property: rampup=10
2026-10-07 19:44:32,239 INFO o.a.j.JMeter: Setting JMeter property: endpoint=EP5
2026-10-07 19:44:32,239 INFO o.a.j.JMeter: Setting JMeter property: users=4
2026-10-07 19:44:32,239 INFO o.a.j.JMeter: Setting JMeter property: duration=60
2026-10-07 19:44:32,245 INFO o.a.j.JMeter: Copyright (c) 1998-2024 The Apache Software Foundation
2026-10-07 19:44:32,245 INFO o.a.j.JMeter: Version 5.6.3
2026-10-07 19:44:32,245 INFO o.a.j.JMeter: java.version=21.0.12.1
2026-10-07 19:44:32,245 INFO o.a.j.JMeter: java.vm.name=OpenJDK 64-Bit Server VM
2026-10-07 19:44:32,245 INFO o.a.j.JMeter: os.name=Linux
2026-10-07 19:44:32,245 INFO o.a.j.JMeter: os.arch=amd64
2026-10-07 19:44:32,245 INFO o.a.j.JMeter: os.version=6.6.87.2-microsoft-standard-WSL2
2026-10-07 19:44:32,245 INFO o.a.j.JMeter: file.encoding=UTF-8
2026-10-07 19:44:32,245 INFO o.a.j.JMeter: java.awt.headless=true
2026-10-07 19:44:32,245 INFO o.a.j.JMeter: Max memory     =4294967296
2026-10-07 19:44:32,246 INFO o.a.j.JMeter: Available Processors =12
2026-10-07 19:44:32,252 INFO o.a.j.JMeter: Default Locale=English (EN)
2026-10-07 19:44:32,252 INFO o.a.j.JMeter: JMeter  Locale=English (EN)
2026-10-07 19:44:32,252 INFO o.a.j.JMeter: JMeterHome=/opt/jmeter
2026-10-07 19:44:32,252 INFO o.a.j.JMeter: user.dir  =/tests
2026-10-07 19:44:32,252 INFO o.a.j.JMeter: PWD       =/tests
2026-10-07 19:44:32,253 INFO o.a.j.JMeter: IP: 172.19.0.5 Name: 9919b25fbab2 FullName: 9919b25fbab2
2026-10-07 19:44:32,263 INFO o.a.j.s.FileServer: Default base='/tests'
2026-10-07 19:44:32,264 INFO o.a.j.s.FileServer: Set new base='/tests'
2026-10-07 19:44:32,394 INFO o.a.j.s.SaveService: Testplan (JMX) version: 2.2. Testlog (JTL) version: 2.2
2026-10-07 19:44:32,414 INFO o.a.j.s.SaveService: Using SaveService properties version 5.0
2026-10-07 19:44:32,417 INFO o.a.j.s.SaveService: Using SaveService properties file encoding UTF-8
2026-10-07 19:44:32,419 INFO o.a.j.s.SaveService: Loading file: /tests/s3.jmx
2026-10-07 19:44:32,457 INFO o.a.j.p.h.s.HTTPSamplerBase: Parser for text/html is org.apache.jmeter.protocol.http.parser.LagartoBasedHtmlParser
2026-10-07 19:44:32,457 INFO o.a.j.p.h.s.HTTPSamplerBase: Parser for application/xhtml+xml is org.apache.jmeter.protocol.http.parser.LagartoBasedHtmlParser
2026-10-07 19:44:32,457 INFO o.a.j.p.h.s.HTTPSamplerBase: Parser for application/xml is org.apache.jmeter.protocol.http.parser.LagartoBasedHtmlParser
2026-10-07 19:44:32,457 INFO o.a.j.p.h.s.HTTPSamplerBase: Parser for text/xml is org.apache.jmeter.protocol.http.parser.LagartoBasedHtmlParser
2026-10-07 19:44:32,457 INFO o.a.j.p.h.s.HTTPSamplerBase: Parser for text/vnd.wap.wml is org.apache.jmeter.protocol.http.parser.RegexpHTMLParser
2026-10-07 19:44:32,457 INFO o.a.j.p.h.s.HTTPSamplerBase: Parser for text/css is org.apache.jmeter.protocol.http.parser.CssParser
2026-10-07 19:44:32,494 INFO o.a.j.JMeter: Creating summariser <summary>
2026-10-07 19:44:32,506 INFO o.a.j.e.StandardJMeterEngine: Running the test!
2026-10-07 19:44:32,506 INFO o.a.j.s.SampleEvent: List of sample_variables: []
2026-10-07 19:44:32,507 INFO o.a.j.s.SampleEvent: List of sample_variables: []
2026-10-07 19:44:32,510 INFO o.a.j.e.u.CompoundVariable: Note: Function class names must contain the string: '.functions.'
2026-10-07 19:44:32,510 INFO o.a.j.e.u.CompoundVariable: Note: Function class names must not contain the string: '.gui.'
2026-10-07 19:44:32,698 INFO o.a.j.JMeter: Running test (1791402272698)
2026-10-07 19:44:32,699 INFO o.a.j.e.StandardJMeterEngine: Starting setUp thread groups
2026-10-07 19:44:32,699 INFO o.a.j.e.StandardJMeterEngine: Starting setUp ThreadGroup: 1 : setUp - login 
2026-10-07 19:44:32,699 INFO o.a.j.e.StandardJMeterEngine: Starting 1 threads for group setUp - login.
2026-10-07 19:44:32,699 INFO o.a.j.e.StandardJMeterEngine: Test will stop abruptly on error
2026-10-07 19:44:32,700 INFO o.a.j.t.ThreadGroup: Starting thread group... number=1 threads=1 ramp-up=1 delayedStart=false
2026-10-07 19:44:32,703 INFO o.a.j.t.ThreadGroup: Started thread group number 1
2026-10-07 19:44:32,703 INFO o.a.j.e.StandardJMeterEngine: Waiting for all setup thread groups to exit
2026-10-07 19:44:32,704 INFO o.a.j.t.JMeterThread: Thread started: setUp - login 1-1
2026-10-07 19:44:32,714 INFO o.a.j.p.h.s.HTTPHCAbstractImpl: Local host = 9919b25fbab2
2026-10-07 19:44:32,718 INFO o.a.j.p.h.s.HTTPHC4Impl: HTTP request retry count = 0
2026-10-07 19:44:32,719 INFO o.a.j.s.SampleResult: Note: Sample TimeStamps are START times
2026-10-07 19:44:32,720 INFO o.a.j.s.SampleResult: sampleresult.default.encoding is set to UTF-8
2026-10-07 19:44:32,720 INFO o.a.j.s.SampleResult: sampleresult.useNanoTime=true
2026-10-07 19:44:32,720 INFO o.a.j.s.SampleResult: sampleresult.nanoThreadSleep=5000
2026-10-07 19:44:33,380 INFO o.a.j.r.Summariser: summary +      1 in 00:00:01 =    1.5/s Avg:   261 Min:   261 Max:   261 Err:     0 (0.00%) Active: 1 Started: 1 Finished: 0
2026-10-07 19:44:33,380 INFO o.a.j.t.JMeterThread: Thread is done: setUp - login 1-1
2026-10-07 19:44:33,381 INFO o.a.j.t.JMeterThread: Thread finished: setUp - login 1-1
2026-10-07 19:44:33,381 INFO o.a.j.e.StandardJMeterEngine: All Setup Threads have ended
2026-10-07 19:44:33,403 INFO o.a.j.e.StandardJMeterEngine: Starting ThreadGroup: 1 : S3
2026-10-07 19:44:33,403 INFO o.a.j.e.StandardJMeterEngine: Starting 4 threads for group S3.
2026-10-07 19:44:33,403 INFO o.a.j.e.StandardJMeterEngine: Thread will continue on error
2026-10-07 19:44:33,403 INFO o.a.j.t.ThreadGroup: Starting thread group... number=1 threads=4 ramp-up=10 delayedStart=false
2026-10-07 19:44:33,406 INFO o.a.j.t.JMeterThread: Thread started: S3 1-1
2026-10-07 19:44:33,408 INFO o.a.j.t.ThreadGroup: Started thread group number 1
2026-10-07 19:44:33,408 INFO o.a.j.e.StandardJMeterEngine: All thread groups have been started
2026-10-07 19:44:35,906 INFO o.a.j.t.JMeterThread: Thread started: S3 1-2
2026-10-07 19:44:38,406 INFO o.a.j.t.JMeterThread: Thread started: S3 1-3
2026-10-07 19:44:40,905 INFO o.a.j.t.JMeterThread: Thread started: S3 1-4
2026-10-07 19:45:00,000 INFO o.a.j.r.Summariser: summary +  65655 in 00:00:27 = 2466.3/s Avg:     1 Min:     1 Max:    14 Err:     0 (0.00%) Active: 4 Started: 4 Finished: 0
2026-10-07 19:45:00,000 INFO o.a.j.r.Summariser: summary =  65656 in 00:00:27 = 2404.8/s Avg:     1 Min:     1 Max:   261 Err:     0 (0.00%)
2026-10-07 19:45:30,000 INFO o.a.j.r.Summariser: summary +  81768 in 00:00:30 = 2725.6/s Avg:     1 Min:     1 Max:    19 Err:     0 (0.00%) Active: 4 Started: 4 Finished: 0
2026-10-07 19:45:30,001 INFO o.a.j.r.Summariser: summary = 147424 in 00:00:57 = 2572.8/s Avg:     1 Min:     1 Max:   261 Err:     0 (0.00%)
2026-10-07 19:45:33,404 INFO o.a.j.t.JMeterThread: Stopping because end time detected by thread: S3 1-1
2026-10-07 19:45:33,404 INFO o.a.j.t.JMeterThread: Thread finished: S3 1-1
2026-10-07 19:45:33,405 INFO o.a.j.t.JMeterThread: Stopping because end time detected by thread: S3 1-2
2026-10-07 19:45:33,406 INFO o.a.j.t.JMeterThread: Thread finished: S3 1-2
2026-10-07 19:45:33,406 INFO o.a.j.t.JMeterThread: Stopping because end time detected by thread: S3 1-3
2026-10-07 19:45:33,406 INFO o.a.j.t.JMeterThread: Thread finished: S3 1-3
2026-10-07 19:45:33,408 INFO o.a.j.t.JMeterThread: Stopping because end time detected by thread: S3 1-4
2026-10-07 19:45:33,408 INFO o.a.j.t.JMeterThread: Thread finished: S3 1-4
2026-10-07 19:45:33,408 INFO o.a.j.e.StandardJMeterEngine: Notifying test listeners of end of test
2026-10-07 19:45:33,410 INFO o.a.j.r.Summariser: summary +   9662 in 00:00:03 = 2833.4/s Avg:     1 Min:     1 Max:    13 Err:     0 (0.00%) Active: 0 Started: 4 Finished: 4
2026-10-07 19:45:33,411 INFO o.a.j.r.Summariser: summary = 157086 in 00:01:01 = 2587.4/s Avg:     1 Min:     1 Max:   261 Err:     0 (0.00%)
