2026-10-01 20:38:19,046 INFO o.a.j.u.JMeterUtils: Setting Locale to en_EN
2026-10-01 20:38:19,071 INFO o.a.j.JMeter: Loading user properties from: /opt/jmeter/bin/user.properties
2026-10-01 20:38:19,071 INFO o.a.j.JMeter: Loading system properties from: /opt/jmeter/bin/system.properties
2026-10-01 20:38:19,071 INFO o.a.j.JMeter: Loading additional properties from: /tests/run.properties
2026-10-01 20:38:19,072 INFO o.a.j.JMeter: Loading additional properties from: /tests/data/ranges.properties
2026-10-01 20:38:19,072 INFO o.a.j.JMeter: Setting JMeter property: host=nestjs-nginx
2026-10-01 20:38:19,072 INFO o.a.j.JMeter: Setting JMeter property: port=80
2026-10-01 20:38:19,072 INFO o.a.j.JMeter: Setting JMeter property: rampup=10
2026-10-01 20:38:19,072 INFO o.a.j.JMeter: Setting JMeter property: endpoint=EP3
2026-10-01 20:38:19,072 INFO o.a.j.JMeter: Setting JMeter property: users=10
2026-10-01 20:38:19,072 INFO o.a.j.JMeter: Setting JMeter property: duration=20
2026-10-01 20:38:19,073 INFO o.a.j.JMeter: Setting JMeter property: ep9.start=2026-10-21
2026-10-01 20:38:19,073 INFO o.a.j.JMeter: Setting JMeter property: ep9.offset=100000000
2026-10-01 20:38:19,079 INFO o.a.j.JMeter: Copyright (c) 1998-2024 The Apache Software Foundation
2026-10-01 20:38:19,079 INFO o.a.j.JMeter: Version 5.6.3
2026-10-01 20:38:19,079 INFO o.a.j.JMeter: java.version=21.0.12.1
2026-10-01 20:38:19,079 INFO o.a.j.JMeter: java.vm.name=OpenJDK 64-Bit Server VM
2026-10-01 20:38:19,079 INFO o.a.j.JMeter: os.name=Linux
2026-10-01 20:38:19,079 INFO o.a.j.JMeter: os.arch=amd64
2026-10-01 20:38:19,080 INFO o.a.j.JMeter: os.version=6.6.87.2-microsoft-standard-WSL2
2026-10-01 20:38:19,080 INFO o.a.j.JMeter: file.encoding=UTF-8
2026-10-01 20:38:19,080 INFO o.a.j.JMeter: java.awt.headless=true
2026-10-01 20:38:19,080 INFO o.a.j.JMeter: Max memory     =4294967296
2026-10-01 20:38:19,080 INFO o.a.j.JMeter: Available Processors =12
2026-10-01 20:38:19,088 INFO o.a.j.JMeter: Default Locale=English (EN)
2026-10-01 20:38:19,089 INFO o.a.j.JMeter: JMeter  Locale=English (EN)
2026-10-01 20:38:19,089 INFO o.a.j.JMeter: JMeterHome=/opt/jmeter
2026-10-01 20:38:19,089 INFO o.a.j.JMeter: user.dir  =/tests
2026-10-01 20:38:19,089 INFO o.a.j.JMeter: PWD       =/tests
2026-10-01 20:38:19,090 INFO o.a.j.JMeter: IP: 172.19.0.5 Name: 202126a7e226 FullName: 202126a7e226
2026-10-01 20:38:19,102 INFO o.a.j.s.FileServer: Default base='/tests'
2026-10-01 20:38:19,104 INFO o.a.j.s.FileServer: Set new base='/tests'
2026-10-01 20:38:19,297 INFO o.a.j.s.SaveService: Testplan (JMX) version: 2.2. Testlog (JTL) version: 2.2
2026-10-01 20:38:19,322 INFO o.a.j.s.SaveService: Using SaveService properties version 5.0
2026-10-01 20:38:19,325 INFO o.a.j.s.SaveService: Using SaveService properties file encoding UTF-8
2026-10-01 20:38:19,329 INFO o.a.j.s.SaveService: Loading file: /tests/s2.jmx
2026-10-01 20:38:19,379 INFO o.a.j.p.h.s.HTTPSamplerBase: Parser for text/html is org.apache.jmeter.protocol.http.parser.LagartoBasedHtmlParser
2026-10-01 20:38:19,380 INFO o.a.j.p.h.s.HTTPSamplerBase: Parser for application/xhtml+xml is org.apache.jmeter.protocol.http.parser.LagartoBasedHtmlParser
2026-10-01 20:38:19,380 INFO o.a.j.p.h.s.HTTPSamplerBase: Parser for application/xml is org.apache.jmeter.protocol.http.parser.LagartoBasedHtmlParser
2026-10-01 20:38:19,380 INFO o.a.j.p.h.s.HTTPSamplerBase: Parser for text/xml is org.apache.jmeter.protocol.http.parser.LagartoBasedHtmlParser
2026-10-01 20:38:19,380 INFO o.a.j.p.h.s.HTTPSamplerBase: Parser for text/vnd.wap.wml is org.apache.jmeter.protocol.http.parser.RegexpHTMLParser
2026-10-01 20:38:19,380 INFO o.a.j.p.h.s.HTTPSamplerBase: Parser for text/css is org.apache.jmeter.protocol.http.parser.CssParser
2026-10-01 20:38:19,437 INFO o.a.j.JMeter: Creating summariser <summary>
2026-10-01 20:38:19,456 INFO o.a.j.e.StandardJMeterEngine: Running the test!
2026-10-01 20:38:19,457 INFO o.a.j.s.SampleEvent: List of sample_variables: []
2026-10-01 20:38:19,457 INFO o.a.j.s.SampleEvent: List of sample_variables: []
2026-10-01 20:38:19,461 INFO o.a.j.e.u.CompoundVariable: Note: Function class names must contain the string: '.functions.'
2026-10-01 20:38:19,461 INFO o.a.j.e.u.CompoundVariable: Note: Function class names must not contain the string: '.gui.'
2026-10-01 20:38:19,726 INFO o.a.j.JMeter: Running test (1790887099726)
2026-10-01 20:38:19,729 INFO o.a.j.e.StandardJMeterEngine: Starting setUp thread groups
2026-10-01 20:38:19,729 INFO o.a.j.e.StandardJMeterEngine: Starting setUp ThreadGroup: 1 : setUp - login 
2026-10-01 20:38:19,729 INFO o.a.j.e.StandardJMeterEngine: Starting 1 threads for group setUp - login.
2026-10-01 20:38:19,729 INFO o.a.j.e.StandardJMeterEngine: Test will stop abruptly on error
2026-10-01 20:38:19,729 INFO o.a.j.t.ThreadGroup: Starting thread group... number=1 threads=1 ramp-up=1 delayedStart=false
2026-10-01 20:38:19,733 INFO o.a.j.t.ThreadGroup: Started thread group number 1
2026-10-01 20:38:19,734 INFO o.a.j.e.StandardJMeterEngine: Waiting for all setup thread groups to exit
2026-10-01 20:38:19,735 INFO o.a.j.t.JMeterThread: Thread started: setUp - login 1-1
2026-10-01 20:38:19,752 INFO o.a.j.p.h.s.HTTPHCAbstractImpl: Local host = 202126a7e226
2026-10-01 20:38:19,758 INFO o.a.j.p.h.s.HTTPHC4Impl: HTTP request retry count = 0
2026-10-01 20:38:19,759 INFO o.a.j.s.SampleResult: Note: Sample TimeStamps are START times
2026-10-01 20:38:19,759 INFO o.a.j.s.SampleResult: sampleresult.default.encoding is set to UTF-8
2026-10-01 20:38:19,760 INFO o.a.j.s.SampleResult: sampleresult.useNanoTime=true
2026-10-01 20:38:19,760 INFO o.a.j.s.SampleResult: sampleresult.nanoThreadSleep=5000
2026-10-01 20:38:20,593 INFO o.a.j.t.JMeterThread: Thread is done: setUp - login 1-1
2026-10-01 20:38:20,593 INFO o.a.j.t.JMeterThread: Thread finished: setUp - login 1-1
2026-10-01 20:38:20,594 INFO o.a.j.e.StandardJMeterEngine: All Setup Threads have ended
2026-10-01 20:38:20,621 INFO o.a.j.e.StandardJMeterEngine: Starting ThreadGroup: 1 : S2
2026-10-01 20:38:20,622 INFO o.a.j.e.StandardJMeterEngine: Starting 10 threads for group S2.
2026-10-01 20:38:20,622 INFO o.a.j.e.StandardJMeterEngine: Thread will continue on error
2026-10-01 20:38:20,622 INFO o.a.j.t.ThreadGroup: Starting thread group... number=1 threads=10 ramp-up=10 delayedStart=false
2026-10-01 20:38:20,635 INFO o.a.j.t.ThreadGroup: Started thread group number 1
2026-10-01 20:38:20,635 INFO o.a.j.t.JMeterThread: Thread started: S2 1-1
2026-10-01 20:38:20,636 INFO o.a.j.e.StandardJMeterEngine: All thread groups have been started
2026-10-01 20:38:20,636 INFO o.a.j.s.FileServer: Stored: /tests/data/available_menu_items.csv
2026-10-01 20:38:21,638 INFO o.a.j.t.JMeterThread: Thread started: S2 1-2
2026-10-01 20:38:22,632 INFO o.a.j.t.JMeterThread: Thread started: S2 1-3
2026-10-01 20:38:23,631 INFO o.a.j.t.JMeterThread: Thread started: S2 1-4
2026-10-01 20:38:24,629 INFO o.a.j.t.JMeterThread: Thread started: S2 1-5
2026-10-01 20:38:25,630 INFO o.a.j.t.JMeterThread: Thread started: S2 1-6
2026-10-01 20:38:26,628 INFO o.a.j.t.JMeterThread: Thread started: S2 1-7
2026-10-01 20:38:27,628 INFO o.a.j.t.JMeterThread: Thread started: S2 1-8
2026-10-01 20:38:28,624 INFO o.a.j.t.JMeterThread: Thread started: S2 1-9
2026-10-01 20:38:29,624 INFO o.a.j.t.JMeterThread: Thread started: S2 1-10
2026-10-01 20:38:30,002 INFO o.a.j.r.Summariser: summary +   1153 in 00:00:10 =  112.2/s Avg:    41 Min:    10 Max:   287 Err:     0 (0.00%) Active: 10 Started: 10 Finished: 0
2026-10-01 20:38:40,674 INFO o.a.j.t.JMeterThread: Stopping because end time detected by thread: S2 1-6
2026-10-01 20:38:40,675 INFO o.a.j.t.JMeterThread: Thread finished: S2 1-6
2026-10-01 20:38:40,676 INFO o.a.j.t.JMeterThread: Stopping because end time detected by thread: S2 1-5
2026-10-01 20:38:40,676 INFO o.a.j.t.JMeterThread: Thread finished: S2 1-5
2026-10-01 20:38:40,682 INFO o.a.j.t.JMeterThread: Stopping because end time detected by thread: S2 1-10
2026-10-01 20:38:40,683 INFO o.a.j.t.JMeterThread: Thread finished: S2 1-10
2026-10-01 20:38:40,683 INFO o.a.j.t.JMeterThread: Stopping because end time detected by thread: S2 1-4
2026-10-01 20:38:40,683 INFO o.a.j.t.JMeterThread: Thread finished: S2 1-4
2026-10-01 20:38:40,683 INFO o.a.j.t.JMeterThread: Stopping because end time detected by thread: S2 1-2
2026-10-01 20:38:40,684 INFO o.a.j.t.JMeterThread: Thread finished: S2 1-2
2026-10-01 20:38:40,685 INFO o.a.j.t.JMeterThread: Stopping because end time detected by thread: S2 1-1
2026-10-01 20:38:40,686 INFO o.a.j.t.JMeterThread: Thread finished: S2 1-1
2026-10-01 20:38:40,691 INFO o.a.j.t.JMeterThread: Stopping because end time detected by thread: S2 1-9
2026-10-01 20:38:40,691 INFO o.a.j.t.JMeterThread: Thread finished: S2 1-9
2026-10-01 20:38:40,691 INFO o.a.j.t.JMeterThread: Stopping because end time detected by thread: S2 1-7
2026-10-01 20:38:40,691 INFO o.a.j.t.JMeterThread: Thread finished: S2 1-7
2026-10-01 20:38:40,699 INFO o.a.j.t.JMeterThread: Stopping because end time detected by thread: S2 1-8
2026-10-01 20:38:40,699 INFO o.a.j.t.JMeterThread: Thread finished: S2 1-8
2026-10-01 20:38:40,703 INFO o.a.j.t.JMeterThread: Stopping because end time detected by thread: S2 1-3
2026-10-01 20:38:40,703 INFO o.a.j.t.JMeterThread: Thread finished: S2 1-3
2026-10-01 20:38:40,703 INFO o.a.j.e.StandardJMeterEngine: Notifying test listeners of end of test
2026-10-01 20:38:40,703 INFO o.a.j.s.FileServer: Close: /tests/data/available_menu_items.csv
2026-10-01 20:38:40,706 INFO o.a.j.r.Summariser: summary +   1645 in 00:00:11 =  153.7/s Avg:    70 Min:    11 Max:   194 Err:     0 (0.00%) Active: 0 Started: 10 Finished: 10
2026-10-01 20:38:40,706 INFO o.a.j.r.Summariser: summary =   2798 in 00:00:21 =  133.4/s Avg:    58 Min:    10 Max:   287 Err:     0 (0.00%)
