2026-10-07 19:23:36,677 INFO o.a.j.u.JMeterUtils: Setting Locale to en_EN
2026-10-07 19:23:36,698 INFO o.a.j.JMeter: Loading user properties from: /opt/jmeter/bin/user.properties
2026-10-07 19:23:36,699 INFO o.a.j.JMeter: Loading system properties from: /opt/jmeter/bin/system.properties
2026-10-07 19:23:36,699 INFO o.a.j.JMeter: Loading additional properties from: /tests/run.properties
2026-10-07 19:23:36,699 INFO o.a.j.JMeter: Loading additional properties from: /tests/data/ranges.properties
2026-10-07 19:23:36,699 INFO o.a.j.JMeter: Setting JMeter property: host=nestjs-nginx
2026-10-07 19:23:36,699 INFO o.a.j.JMeter: Setting JMeter property: port=80
2026-10-07 19:23:36,699 INFO o.a.j.JMeter: Setting JMeter property: rampup=10
2026-10-07 19:23:36,699 INFO o.a.j.JMeter: Setting JMeter property: endpoint=EP4
2026-10-07 19:23:36,699 INFO o.a.j.JMeter: Setting JMeter property: users=4
2026-10-07 19:23:36,700 INFO o.a.j.JMeter: Setting JMeter property: duration=60
2026-10-07 19:23:36,704 INFO o.a.j.JMeter: Copyright (c) 1998-2024 The Apache Software Foundation
2026-10-07 19:23:36,704 INFO o.a.j.JMeter: Version 5.6.3
2026-10-07 19:23:36,704 INFO o.a.j.JMeter: java.version=21.0.12.1
2026-10-07 19:23:36,704 INFO o.a.j.JMeter: java.vm.name=OpenJDK 64-Bit Server VM
2026-10-07 19:23:36,704 INFO o.a.j.JMeter: os.name=Linux
2026-10-07 19:23:36,705 INFO o.a.j.JMeter: os.arch=amd64
2026-10-07 19:23:36,705 INFO o.a.j.JMeter: os.version=6.6.87.2-microsoft-standard-WSL2
2026-10-07 19:23:36,705 INFO o.a.j.JMeter: file.encoding=UTF-8
2026-10-07 19:23:36,705 INFO o.a.j.JMeter: java.awt.headless=true
2026-10-07 19:23:36,705 INFO o.a.j.JMeter: Max memory     =4294967296
2026-10-07 19:23:36,705 INFO o.a.j.JMeter: Available Processors =12
2026-10-07 19:23:36,712 INFO o.a.j.JMeter: Default Locale=English (EN)
2026-10-07 19:23:36,713 INFO o.a.j.JMeter: JMeter  Locale=English (EN)
2026-10-07 19:23:36,713 INFO o.a.j.JMeter: JMeterHome=/opt/jmeter
2026-10-07 19:23:36,713 INFO o.a.j.JMeter: user.dir  =/tests
2026-10-07 19:23:36,713 INFO o.a.j.JMeter: PWD       =/tests
2026-10-07 19:23:36,713 INFO o.a.j.JMeter: IP: 172.19.0.5 Name: ae3bf004585c FullName: ae3bf004585c
2026-10-07 19:23:36,723 INFO o.a.j.s.FileServer: Default base='/tests'
2026-10-07 19:23:36,725 INFO o.a.j.s.FileServer: Set new base='/tests'
2026-10-07 19:23:36,883 INFO o.a.j.s.SaveService: Testplan (JMX) version: 2.2. Testlog (JTL) version: 2.2
2026-10-07 19:23:36,906 INFO o.a.j.s.SaveService: Using SaveService properties version 5.0
2026-10-07 19:23:36,909 INFO o.a.j.s.SaveService: Using SaveService properties file encoding UTF-8
2026-10-07 19:23:36,912 INFO o.a.j.s.SaveService: Loading file: /tests/s3.jmx
2026-10-07 19:23:36,955 INFO o.a.j.p.h.s.HTTPSamplerBase: Parser for text/html is org.apache.jmeter.protocol.http.parser.LagartoBasedHtmlParser
2026-10-07 19:23:36,955 INFO o.a.j.p.h.s.HTTPSamplerBase: Parser for application/xhtml+xml is org.apache.jmeter.protocol.http.parser.LagartoBasedHtmlParser
2026-10-07 19:23:36,955 INFO o.a.j.p.h.s.HTTPSamplerBase: Parser for application/xml is org.apache.jmeter.protocol.http.parser.LagartoBasedHtmlParser
2026-10-07 19:23:36,955 INFO o.a.j.p.h.s.HTTPSamplerBase: Parser for text/xml is org.apache.jmeter.protocol.http.parser.LagartoBasedHtmlParser
2026-10-07 19:23:36,955 INFO o.a.j.p.h.s.HTTPSamplerBase: Parser for text/vnd.wap.wml is org.apache.jmeter.protocol.http.parser.RegexpHTMLParser
2026-10-07 19:23:36,955 INFO o.a.j.p.h.s.HTTPSamplerBase: Parser for text/css is org.apache.jmeter.protocol.http.parser.CssParser
2026-10-07 19:23:36,993 INFO o.a.j.JMeter: Creating summariser <summary>
2026-10-07 19:23:37,006 INFO o.a.j.e.StandardJMeterEngine: Running the test!
2026-10-07 19:23:37,007 INFO o.a.j.s.SampleEvent: List of sample_variables: []
2026-10-07 19:23:37,007 INFO o.a.j.s.SampleEvent: List of sample_variables: []
2026-10-07 19:23:37,010 INFO o.a.j.e.u.CompoundVariable: Note: Function class names must contain the string: '.functions.'
2026-10-07 19:23:37,010 INFO o.a.j.e.u.CompoundVariable: Note: Function class names must not contain the string: '.gui.'
2026-10-07 19:23:37,218 INFO o.a.j.JMeter: Running test (1791401017218)
2026-10-07 19:23:37,219 INFO o.a.j.e.StandardJMeterEngine: Starting setUp thread groups
2026-10-07 19:23:37,219 INFO o.a.j.e.StandardJMeterEngine: Starting setUp ThreadGroup: 1 : setUp - login 
2026-10-07 19:23:37,219 INFO o.a.j.e.StandardJMeterEngine: Starting 1 threads for group setUp - login.
2026-10-07 19:23:37,219 INFO o.a.j.e.StandardJMeterEngine: Test will stop abruptly on error
2026-10-07 19:23:37,219 INFO o.a.j.t.ThreadGroup: Starting thread group... number=1 threads=1 ramp-up=1 delayedStart=false
2026-10-07 19:23:37,222 INFO o.a.j.t.ThreadGroup: Started thread group number 1
2026-10-07 19:23:37,222 INFO o.a.j.e.StandardJMeterEngine: Waiting for all setup thread groups to exit
2026-10-07 19:23:37,223 INFO o.a.j.t.JMeterThread: Thread started: setUp - login 1-1
2026-10-07 19:23:37,234 INFO o.a.j.p.h.s.HTTPHCAbstractImpl: Local host = ae3bf004585c
2026-10-07 19:23:37,238 INFO o.a.j.p.h.s.HTTPHC4Impl: HTTP request retry count = 0
2026-10-07 19:23:37,239 INFO o.a.j.s.SampleResult: Note: Sample TimeStamps are START times
2026-10-07 19:23:37,239 INFO o.a.j.s.SampleResult: sampleresult.default.encoding is set to UTF-8
2026-10-07 19:23:37,239 INFO o.a.j.s.SampleResult: sampleresult.useNanoTime=true
2026-10-07 19:23:37,240 INFO o.a.j.s.SampleResult: sampleresult.nanoThreadSleep=5000
2026-10-07 19:23:37,971 INFO o.a.j.t.JMeterThread: Thread is done: setUp - login 1-1
2026-10-07 19:23:37,971 INFO o.a.j.t.JMeterThread: Thread finished: setUp - login 1-1
2026-10-07 19:23:37,972 INFO o.a.j.e.StandardJMeterEngine: All Setup Threads have ended
2026-10-07 19:23:37,995 INFO o.a.j.e.StandardJMeterEngine: Starting ThreadGroup: 1 : S3
2026-10-07 19:23:37,995 INFO o.a.j.e.StandardJMeterEngine: Starting 4 threads for group S3.
2026-10-07 19:23:37,995 INFO o.a.j.e.StandardJMeterEngine: Thread will continue on error
2026-10-07 19:23:37,996 INFO o.a.j.t.ThreadGroup: Starting thread group... number=1 threads=4 ramp-up=10 delayedStart=false
2026-10-07 19:23:37,998 INFO o.a.j.t.JMeterThread: Thread started: S3 1-1
2026-10-07 19:23:38,000 INFO o.a.j.t.ThreadGroup: Started thread group number 1
2026-10-07 19:23:38,000 INFO o.a.j.e.StandardJMeterEngine: All thread groups have been started
2026-10-07 19:23:40,498 INFO o.a.j.t.JMeterThread: Thread started: S3 1-2
2026-10-07 19:23:42,997 INFO o.a.j.t.JMeterThread: Thread started: S3 1-3
2026-10-07 19:23:45,498 INFO o.a.j.t.JMeterThread: Thread started: S3 1-4
2026-10-07 19:24:00,002 INFO o.a.j.r.Summariser: summary +  22295 in 00:00:23 =  978.6/s Avg:     3 Min:     2 Max:   293 Err:     0 (0.00%) Active: 4 Started: 4 Finished: 0
2026-10-07 19:24:30,000 INFO o.a.j.r.Summariser: summary +  38465 in 00:00:30 = 1282.2/s Avg:     3 Min:     2 Max:    20 Err:     0 (0.00%) Active: 4 Started: 4 Finished: 0
2026-10-07 19:24:30,000 INFO o.a.j.r.Summariser: summary =  60760 in 00:00:53 = 1151.2/s Avg:     3 Min:     2 Max:   293 Err:     0 (0.00%)
2026-10-07 19:24:37,997 INFO o.a.j.t.JMeterThread: Stopping because end time detected by thread: S3 1-1
2026-10-07 19:24:37,997 INFO o.a.j.t.JMeterThread: Thread finished: S3 1-1
2026-10-07 19:24:37,999 INFO o.a.j.t.JMeterThread: Stopping because end time detected by thread: S3 1-4
2026-10-07 19:24:37,999 INFO o.a.j.t.JMeterThread: Thread finished: S3 1-4
2026-10-07 19:24:37,999 INFO o.a.j.t.JMeterThread: Stopping because end time detected by thread: S3 1-2
2026-10-07 19:24:37,999 INFO o.a.j.t.JMeterThread: Stopping because end time detected by thread: S3 1-3
2026-10-07 19:24:37,999 INFO o.a.j.t.JMeterThread: Thread finished: S3 1-2
2026-10-07 19:24:38,000 INFO o.a.j.t.JMeterThread: Thread finished: S3 1-3
2026-10-07 19:24:38,000 INFO o.a.j.e.StandardJMeterEngine: Notifying test listeners of end of test
2026-10-07 19:24:38,002 INFO o.a.j.r.Summariser: summary +  10557 in 00:00:08 = 1319.3/s Avg:     2 Min:     2 Max:    13 Err:     0 (0.00%) Active: 0 Started: 4 Finished: 4
2026-10-07 19:24:38,002 INFO o.a.j.r.Summariser: summary =  71317 in 00:01:01 = 1173.3/s Avg:     3 Min:     2 Max:   293 Err:     0 (0.00%)
