2026-10-02 22:34:08,578 INFO o.a.j.u.JMeterUtils: Setting Locale to en_EN
2026-10-02 22:34:08,601 INFO o.a.j.JMeter: Loading user properties from: /opt/jmeter/bin/user.properties
2026-10-02 22:34:08,601 INFO o.a.j.JMeter: Loading system properties from: /opt/jmeter/bin/system.properties
2026-10-02 22:34:08,602 INFO o.a.j.JMeter: Loading additional properties from: /tests/run.properties
2026-10-02 22:34:08,602 INFO o.a.j.JMeter: Loading additional properties from: /tests/data/ranges.properties
2026-10-02 22:34:08,602 INFO o.a.j.JMeter: Setting JMeter property: host=nestjs-nginx
2026-10-02 22:34:08,602 INFO o.a.j.JMeter: Setting JMeter property: port=80
2026-10-02 22:34:08,602 INFO o.a.j.JMeter: Setting JMeter property: rampup=1
2026-10-02 22:34:08,602 INFO o.a.j.JMeter: Setting JMeter property: endpoint=EP5
2026-10-02 22:34:08,603 INFO o.a.j.JMeter: Setting JMeter property: users=2
2026-10-02 22:34:08,603 INFO o.a.j.JMeter: Setting JMeter property: duration=60
2026-10-02 22:34:08,609 INFO o.a.j.JMeter: Copyright (c) 1998-2024 The Apache Software Foundation
2026-10-02 22:34:08,609 INFO o.a.j.JMeter: Version 5.6.3
2026-10-02 22:34:08,609 INFO o.a.j.JMeter: java.version=21.0.12.1
2026-10-02 22:34:08,609 INFO o.a.j.JMeter: java.vm.name=OpenJDK 64-Bit Server VM
2026-10-02 22:34:08,610 INFO o.a.j.JMeter: os.name=Linux
2026-10-02 22:34:08,610 INFO o.a.j.JMeter: os.arch=amd64
2026-10-02 22:34:08,610 INFO o.a.j.JMeter: os.version=6.6.87.2-microsoft-standard-WSL2
2026-10-02 22:34:08,610 INFO o.a.j.JMeter: file.encoding=UTF-8
2026-10-02 22:34:08,610 INFO o.a.j.JMeter: java.awt.headless=true
2026-10-02 22:34:08,610 INFO o.a.j.JMeter: Max memory     =4294967296
2026-10-02 22:34:08,610 INFO o.a.j.JMeter: Available Processors =12
2026-10-02 22:34:08,619 INFO o.a.j.JMeter: Default Locale=English (EN)
2026-10-02 22:34:08,619 INFO o.a.j.JMeter: JMeter  Locale=English (EN)
2026-10-02 22:34:08,619 INFO o.a.j.JMeter: JMeterHome=/opt/jmeter
2026-10-02 22:34:08,620 INFO o.a.j.JMeter: user.dir  =/tests
2026-10-02 22:34:08,620 INFO o.a.j.JMeter: PWD       =/tests
2026-10-02 22:34:08,620 INFO o.a.j.JMeter: IP: 172.19.0.5 Name: 9ed8f6d566a6 FullName: 9ed8f6d566a6
2026-10-02 22:34:08,631 INFO o.a.j.s.FileServer: Default base='/tests'
2026-10-02 22:34:08,633 INFO o.a.j.s.FileServer: Set new base='/tests'
2026-10-02 22:34:08,800 INFO o.a.j.s.SaveService: Testplan (JMX) version: 2.2. Testlog (JTL) version: 2.2
2026-10-02 22:34:08,822 INFO o.a.j.s.SaveService: Using SaveService properties version 5.0
2026-10-02 22:34:08,825 INFO o.a.j.s.SaveService: Using SaveService properties file encoding UTF-8
2026-10-02 22:34:08,828 INFO o.a.j.s.SaveService: Loading file: /tests/s3.jmx
2026-10-02 22:34:08,872 INFO o.a.j.p.h.s.HTTPSamplerBase: Parser for text/html is org.apache.jmeter.protocol.http.parser.LagartoBasedHtmlParser
2026-10-02 22:34:08,872 INFO o.a.j.p.h.s.HTTPSamplerBase: Parser for application/xhtml+xml is org.apache.jmeter.protocol.http.parser.LagartoBasedHtmlParser
2026-10-02 22:34:08,873 INFO o.a.j.p.h.s.HTTPSamplerBase: Parser for application/xml is org.apache.jmeter.protocol.http.parser.LagartoBasedHtmlParser
2026-10-02 22:34:08,873 INFO o.a.j.p.h.s.HTTPSamplerBase: Parser for text/xml is org.apache.jmeter.protocol.http.parser.LagartoBasedHtmlParser
2026-10-02 22:34:08,873 INFO o.a.j.p.h.s.HTTPSamplerBase: Parser for text/vnd.wap.wml is org.apache.jmeter.protocol.http.parser.RegexpHTMLParser
2026-10-02 22:34:08,873 INFO o.a.j.p.h.s.HTTPSamplerBase: Parser for text/css is org.apache.jmeter.protocol.http.parser.CssParser
2026-10-02 22:34:08,913 INFO o.a.j.JMeter: Creating summariser <summary>
2026-10-02 22:34:08,923 INFO o.a.j.e.StandardJMeterEngine: Running the test!
2026-10-02 22:34:08,924 INFO o.a.j.s.SampleEvent: List of sample_variables: []
2026-10-02 22:34:08,924 INFO o.a.j.s.SampleEvent: List of sample_variables: []
2026-10-02 22:34:08,928 INFO o.a.j.e.u.CompoundVariable: Note: Function class names must contain the string: '.functions.'
2026-10-02 22:34:08,928 INFO o.a.j.e.u.CompoundVariable: Note: Function class names must not contain the string: '.gui.'
2026-10-02 22:34:09,172 INFO o.a.j.JMeter: Running test (1790980449172)
2026-10-02 22:34:09,175 INFO o.a.j.e.StandardJMeterEngine: Starting setUp thread groups
2026-10-02 22:34:09,175 INFO o.a.j.e.StandardJMeterEngine: Starting setUp ThreadGroup: 1 : setUp - login 
2026-10-02 22:34:09,175 INFO o.a.j.e.StandardJMeterEngine: Starting 1 threads for group setUp - login.
2026-10-02 22:34:09,175 INFO o.a.j.e.StandardJMeterEngine: Test will stop abruptly on error
2026-10-02 22:34:09,176 INFO o.a.j.t.ThreadGroup: Starting thread group... number=1 threads=1 ramp-up=1 delayedStart=false
2026-10-02 22:34:09,180 INFO o.a.j.t.ThreadGroup: Started thread group number 1
2026-10-02 22:34:09,181 INFO o.a.j.e.StandardJMeterEngine: Waiting for all setup thread groups to exit
2026-10-02 22:34:09,182 INFO o.a.j.t.JMeterThread: Thread started: setUp - login 1-1
2026-10-02 22:34:09,198 INFO o.a.j.p.h.s.HTTPHCAbstractImpl: Local host = 9ed8f6d566a6
2026-10-02 22:34:09,206 INFO o.a.j.p.h.s.HTTPHC4Impl: HTTP request retry count = 0
2026-10-02 22:34:09,211 INFO o.a.j.s.SampleResult: Note: Sample TimeStamps are START times
2026-10-02 22:34:09,211 INFO o.a.j.s.SampleResult: sampleresult.default.encoding is set to UTF-8
2026-10-02 22:34:09,211 INFO o.a.j.s.SampleResult: sampleresult.useNanoTime=true
2026-10-02 22:34:09,211 INFO o.a.j.s.SampleResult: sampleresult.nanoThreadSleep=5000
2026-10-02 22:34:09,979 INFO o.a.j.t.JMeterThread: Thread is done: setUp - login 1-1
2026-10-02 22:34:09,979 INFO o.a.j.t.JMeterThread: Thread finished: setUp - login 1-1
2026-10-02 22:34:09,980 INFO o.a.j.e.StandardJMeterEngine: All Setup Threads have ended
2026-10-02 22:34:10,003 INFO o.a.j.e.StandardJMeterEngine: Starting ThreadGroup: 1 : S3
2026-10-02 22:34:10,004 INFO o.a.j.e.StandardJMeterEngine: Starting 2 threads for group S3.
2026-10-02 22:34:10,004 INFO o.a.j.e.StandardJMeterEngine: Thread will continue on error
2026-10-02 22:34:10,004 INFO o.a.j.t.ThreadGroup: Starting thread group... number=1 threads=2 ramp-up=1 delayedStart=false
2026-10-02 22:34:10,006 INFO o.a.j.t.ThreadGroup: Started thread group number 1
2026-10-02 22:34:10,007 INFO o.a.j.e.StandardJMeterEngine: All thread groups have been started
2026-10-02 22:34:10,006 INFO o.a.j.t.JMeterThread: Thread started: S3 1-1
2026-10-02 22:34:10,507 INFO o.a.j.t.JMeterThread: Thread started: S3 1-2
2026-10-02 22:34:30,001 INFO o.a.j.r.Summariser: summary +  23323 in 00:00:21 = 1119.8/s Avg:     1 Min:     1 Max:   283 Err:     0 (0.00%) Active: 2 Started: 2 Finished: 0
2026-10-02 22:35:00,001 INFO o.a.j.r.Summariser: summary +  40681 in 00:00:30 = 1356.0/s Avg:     1 Min:     1 Max:    11 Err:     0 (0.00%) Active: 2 Started: 2 Finished: 0
2026-10-02 22:35:00,001 INFO o.a.j.r.Summariser: summary =  64004 in 00:00:51 = 1259.2/s Avg:     1 Min:     1 Max:   283 Err:     0 (0.00%)
2026-10-02 22:35:10,004 INFO o.a.j.t.JMeterThread: Stopping because end time detected by thread: S3 1-1
2026-10-02 22:35:10,004 INFO o.a.j.t.JMeterThread: Thread finished: S3 1-1
2026-10-02 22:35:10,005 INFO o.a.j.t.JMeterThread: Stopping because end time detected by thread: S3 1-2
2026-10-02 22:35:10,005 INFO o.a.j.t.JMeterThread: Thread finished: S3 1-2
2026-10-02 22:35:10,006 INFO o.a.j.e.StandardJMeterEngine: Notifying test listeners of end of test
2026-10-02 22:35:10,008 INFO o.a.j.r.Summariser: summary +  14782 in 00:00:10 = 1477.0/s Avg:     1 Min:     1 Max:     9 Err:     0 (0.00%) Active: 0 Started: 2 Finished: 2
2026-10-02 22:35:10,008 INFO o.a.j.r.Summariser: summary =  78786 in 00:01:01 = 1295.1/s Avg:     1 Min:     1 Max:   283 Err:     0 (0.00%)
