2026-10-07 19:42:00,879 INFO o.a.j.u.JMeterUtils: Setting Locale to en_EN
2026-10-07 19:42:00,897 INFO o.a.j.JMeter: Loading user properties from: /opt/jmeter/bin/user.properties
2026-10-07 19:42:00,897 INFO o.a.j.JMeter: Loading system properties from: /opt/jmeter/bin/system.properties
2026-10-07 19:42:00,898 INFO o.a.j.JMeter: Loading additional properties from: /tests/run.properties
2026-10-07 19:42:00,898 INFO o.a.j.JMeter: Loading additional properties from: /tests/data/ranges.properties
2026-10-07 19:42:00,898 INFO o.a.j.JMeter: Setting JMeter property: host=laravel-nginx
2026-10-07 19:42:00,898 INFO o.a.j.JMeter: Setting JMeter property: port=80
2026-10-07 19:42:00,898 INFO o.a.j.JMeter: Setting JMeter property: rampup=10
2026-10-07 19:42:00,898 INFO o.a.j.JMeter: Setting JMeter property: endpoint=EP5
2026-10-07 19:42:00,898 INFO o.a.j.JMeter: Setting JMeter property: users=2
2026-10-07 19:42:00,898 INFO o.a.j.JMeter: Setting JMeter property: duration=60
2026-10-07 19:42:00,902 INFO o.a.j.JMeter: Copyright (c) 1998-2024 The Apache Software Foundation
2026-10-07 19:42:00,902 INFO o.a.j.JMeter: Version 5.6.3
2026-10-07 19:42:00,902 INFO o.a.j.JMeter: java.version=21.0.12.1
2026-10-07 19:42:00,902 INFO o.a.j.JMeter: java.vm.name=OpenJDK 64-Bit Server VM
2026-10-07 19:42:00,902 INFO o.a.j.JMeter: os.name=Linux
2026-10-07 19:42:00,902 INFO o.a.j.JMeter: os.arch=amd64
2026-10-07 19:42:00,902 INFO o.a.j.JMeter: os.version=6.6.87.2-microsoft-standard-WSL2
2026-10-07 19:42:00,902 INFO o.a.j.JMeter: file.encoding=UTF-8
2026-10-07 19:42:00,903 INFO o.a.j.JMeter: java.awt.headless=true
2026-10-07 19:42:00,903 INFO o.a.j.JMeter: Max memory     =4294967296
2026-10-07 19:42:00,903 INFO o.a.j.JMeter: Available Processors =12
2026-10-07 19:42:00,909 INFO o.a.j.JMeter: Default Locale=English (EN)
2026-10-07 19:42:00,909 INFO o.a.j.JMeter: JMeter  Locale=English (EN)
2026-10-07 19:42:00,909 INFO o.a.j.JMeter: JMeterHome=/opt/jmeter
2026-10-07 19:42:00,909 INFO o.a.j.JMeter: user.dir  =/tests
2026-10-07 19:42:00,909 INFO o.a.j.JMeter: PWD       =/tests
2026-10-07 19:42:00,910 INFO o.a.j.JMeter: IP: 172.19.0.5 Name: b7876f7af108 FullName: b7876f7af108
2026-10-07 19:42:00,918 INFO o.a.j.s.FileServer: Default base='/tests'
2026-10-07 19:42:00,919 INFO o.a.j.s.FileServer: Set new base='/tests'
2026-10-07 19:42:01,055 INFO o.a.j.s.SaveService: Testplan (JMX) version: 2.2. Testlog (JTL) version: 2.2
2026-10-07 19:42:01,078 INFO o.a.j.s.SaveService: Using SaveService properties version 5.0
2026-10-07 19:42:01,080 INFO o.a.j.s.SaveService: Using SaveService properties file encoding UTF-8
2026-10-07 19:42:01,083 INFO o.a.j.s.SaveService: Loading file: /tests/s3.jmx
2026-10-07 19:42:01,124 INFO o.a.j.p.h.s.HTTPSamplerBase: Parser for text/html is org.apache.jmeter.protocol.http.parser.LagartoBasedHtmlParser
2026-10-07 19:42:01,124 INFO o.a.j.p.h.s.HTTPSamplerBase: Parser for application/xhtml+xml is org.apache.jmeter.protocol.http.parser.LagartoBasedHtmlParser
2026-10-07 19:42:01,124 INFO o.a.j.p.h.s.HTTPSamplerBase: Parser for application/xml is org.apache.jmeter.protocol.http.parser.LagartoBasedHtmlParser
2026-10-07 19:42:01,124 INFO o.a.j.p.h.s.HTTPSamplerBase: Parser for text/xml is org.apache.jmeter.protocol.http.parser.LagartoBasedHtmlParser
2026-10-07 19:42:01,124 INFO o.a.j.p.h.s.HTTPSamplerBase: Parser for text/vnd.wap.wml is org.apache.jmeter.protocol.http.parser.RegexpHTMLParser
2026-10-07 19:42:01,124 INFO o.a.j.p.h.s.HTTPSamplerBase: Parser for text/css is org.apache.jmeter.protocol.http.parser.CssParser
2026-10-07 19:42:01,160 INFO o.a.j.JMeter: Creating summariser <summary>
2026-10-07 19:42:01,173 INFO o.a.j.e.StandardJMeterEngine: Running the test!
2026-10-07 19:42:01,173 INFO o.a.j.s.SampleEvent: List of sample_variables: []
2026-10-07 19:42:01,173 INFO o.a.j.s.SampleEvent: List of sample_variables: []
2026-10-07 19:42:01,176 INFO o.a.j.e.u.CompoundVariable: Note: Function class names must contain the string: '.functions.'
2026-10-07 19:42:01,176 INFO o.a.j.e.u.CompoundVariable: Note: Function class names must not contain the string: '.gui.'
2026-10-07 19:42:01,366 INFO o.a.j.JMeter: Running test (1791402121366)
2026-10-07 19:42:01,367 INFO o.a.j.e.StandardJMeterEngine: Starting setUp thread groups
2026-10-07 19:42:01,367 INFO o.a.j.e.StandardJMeterEngine: Starting setUp ThreadGroup: 1 : setUp - login 
2026-10-07 19:42:01,367 INFO o.a.j.e.StandardJMeterEngine: Starting 1 threads for group setUp - login.
2026-10-07 19:42:01,367 INFO o.a.j.e.StandardJMeterEngine: Test will stop abruptly on error
2026-10-07 19:42:01,368 INFO o.a.j.t.ThreadGroup: Starting thread group... number=1 threads=1 ramp-up=1 delayedStart=false
2026-10-07 19:42:01,370 INFO o.a.j.t.ThreadGroup: Started thread group number 1
2026-10-07 19:42:01,370 INFO o.a.j.e.StandardJMeterEngine: Waiting for all setup thread groups to exit
2026-10-07 19:42:01,371 INFO o.a.j.t.JMeterThread: Thread started: setUp - login 1-1
2026-10-07 19:42:01,381 INFO o.a.j.p.h.s.HTTPHCAbstractImpl: Local host = b7876f7af108
2026-10-07 19:42:01,385 INFO o.a.j.p.h.s.HTTPHC4Impl: HTTP request retry count = 0
2026-10-07 19:42:01,386 INFO o.a.j.s.SampleResult: Note: Sample TimeStamps are START times
2026-10-07 19:42:01,386 INFO o.a.j.s.SampleResult: sampleresult.default.encoding is set to UTF-8
2026-10-07 19:42:01,386 INFO o.a.j.s.SampleResult: sampleresult.useNanoTime=true
2026-10-07 19:42:01,386 INFO o.a.j.s.SampleResult: sampleresult.nanoThreadSleep=5000
2026-10-07 19:42:01,991 INFO o.a.j.r.Summariser: summary +      1 in 00:00:01 =    1.6/s Avg:   199 Min:   199 Max:   199 Err:     0 (0.00%) Active: 1 Started: 1 Finished: 0
2026-10-07 19:42:01,992 INFO o.a.j.t.JMeterThread: Thread is done: setUp - login 1-1
2026-10-07 19:42:01,992 INFO o.a.j.t.JMeterThread: Thread finished: setUp - login 1-1
2026-10-07 19:42:01,993 INFO o.a.j.e.StandardJMeterEngine: All Setup Threads have ended
2026-10-07 19:42:02,015 INFO o.a.j.e.StandardJMeterEngine: Starting ThreadGroup: 1 : S3
2026-10-07 19:42:02,015 INFO o.a.j.e.StandardJMeterEngine: Starting 2 threads for group S3.
2026-10-07 19:42:02,015 INFO o.a.j.e.StandardJMeterEngine: Thread will continue on error
2026-10-07 19:42:02,016 INFO o.a.j.t.ThreadGroup: Starting thread group... number=1 threads=2 ramp-up=10 delayedStart=false
2026-10-07 19:42:02,018 INFO o.a.j.t.ThreadGroup: Started thread group number 1
2026-10-07 19:42:02,018 INFO o.a.j.t.JMeterThread: Thread started: S3 1-1
2026-10-07 19:42:02,018 INFO o.a.j.e.StandardJMeterEngine: All thread groups have been started
2026-10-07 19:42:07,018 INFO o.a.j.t.JMeterThread: Thread started: S3 1-2
2026-10-07 19:42:30,002 INFO o.a.j.r.Summariser: summary +   8632 in 00:00:28 =  308.2/s Avg:     5 Min:     5 Max:    16 Err:     0 (0.00%) Active: 2 Started: 2 Finished: 0
2026-10-07 19:42:30,003 INFO o.a.j.r.Summariser: summary =   8633 in 00:00:29 =  301.5/s Avg:     5 Min:     5 Max:   199 Err:     0 (0.00%)
2026-10-07 19:43:00,002 INFO o.a.j.r.Summariser: summary +  10508 in 00:00:30 =  350.3/s Avg:     5 Min:     5 Max:    15 Err:     0 (0.00%) Active: 2 Started: 2 Finished: 0
2026-10-07 19:43:00,002 INFO o.a.j.r.Summariser: summary =  19141 in 00:00:59 =  326.4/s Avg:     5 Min:     5 Max:   199 Err:     0 (0.00%)
2026-10-07 19:43:02,020 INFO o.a.j.t.JMeterThread: Stopping because end time detected by thread: S3 1-2
2026-10-07 19:43:02,020 INFO o.a.j.t.JMeterThread: Stopping because end time detected by thread: S3 1-1
2026-10-07 19:43:02,020 INFO o.a.j.t.JMeterThread: Thread finished: S3 1-2
2026-10-07 19:43:02,020 INFO o.a.j.t.JMeterThread: Thread finished: S3 1-1
2026-10-07 19:43:02,021 INFO o.a.j.e.StandardJMeterEngine: Notifying test listeners of end of test
2026-10-07 19:43:02,023 INFO o.a.j.r.Summariser: summary +    710 in 00:00:02 =  351.1/s Avg:     5 Min:     5 Max:     9 Err:     0 (0.00%) Active: 0 Started: 2 Finished: 2
2026-10-07 19:43:02,023 INFO o.a.j.r.Summariser: summary =  19851 in 00:01:01 =  327.3/s Avg:     5 Min:     5 Max:   199 Err:     0 (0.00%)
