2026-10-07 19:40:56,282 INFO o.a.j.u.JMeterUtils: Setting Locale to en_EN
2026-10-07 19:40:56,301 INFO o.a.j.JMeter: Loading user properties from: /opt/jmeter/bin/user.properties
2026-10-07 19:40:56,301 INFO o.a.j.JMeter: Loading system properties from: /opt/jmeter/bin/system.properties
2026-10-07 19:40:56,301 INFO o.a.j.JMeter: Loading additional properties from: /tests/run.properties
2026-10-07 19:40:56,302 INFO o.a.j.JMeter: Loading additional properties from: /tests/data/ranges.properties
2026-10-07 19:40:56,302 INFO o.a.j.JMeter: Setting JMeter property: host=laravel-nginx
2026-10-07 19:40:56,302 INFO o.a.j.JMeter: Setting JMeter property: port=80
2026-10-07 19:40:56,302 INFO o.a.j.JMeter: Setting JMeter property: rampup=10
2026-10-07 19:40:56,302 INFO o.a.j.JMeter: Setting JMeter property: endpoint=EP5
2026-10-07 19:40:56,302 INFO o.a.j.JMeter: Setting JMeter property: users=2
2026-10-07 19:40:56,302 INFO o.a.j.JMeter: Setting JMeter property: duration=60
2026-10-07 19:40:56,307 INFO o.a.j.JMeter: Copyright (c) 1998-2024 The Apache Software Foundation
2026-10-07 19:40:56,307 INFO o.a.j.JMeter: Version 5.6.3
2026-10-07 19:40:56,307 INFO o.a.j.JMeter: java.version=21.0.12.1
2026-10-07 19:40:56,307 INFO o.a.j.JMeter: java.vm.name=OpenJDK 64-Bit Server VM
2026-10-07 19:40:56,307 INFO o.a.j.JMeter: os.name=Linux
2026-10-07 19:40:56,307 INFO o.a.j.JMeter: os.arch=amd64
2026-10-07 19:40:56,307 INFO o.a.j.JMeter: os.version=6.6.87.2-microsoft-standard-WSL2
2026-10-07 19:40:56,307 INFO o.a.j.JMeter: file.encoding=UTF-8
2026-10-07 19:40:56,307 INFO o.a.j.JMeter: java.awt.headless=true
2026-10-07 19:40:56,307 INFO o.a.j.JMeter: Max memory     =4294967296
2026-10-07 19:40:56,307 INFO o.a.j.JMeter: Available Processors =12
2026-10-07 19:40:56,314 INFO o.a.j.JMeter: Default Locale=English (EN)
2026-10-07 19:40:56,314 INFO o.a.j.JMeter: JMeter  Locale=English (EN)
2026-10-07 19:40:56,314 INFO o.a.j.JMeter: JMeterHome=/opt/jmeter
2026-10-07 19:40:56,314 INFO o.a.j.JMeter: user.dir  =/tests
2026-10-07 19:40:56,314 INFO o.a.j.JMeter: PWD       =/tests
2026-10-07 19:40:56,314 INFO o.a.j.JMeter: IP: 172.19.0.5 Name: 7dc1231730da FullName: 7dc1231730da
2026-10-07 19:40:56,323 INFO o.a.j.s.FileServer: Default base='/tests'
2026-10-07 19:40:56,324 INFO o.a.j.s.FileServer: Set new base='/tests'
2026-10-07 19:40:56,464 INFO o.a.j.s.SaveService: Testplan (JMX) version: 2.2. Testlog (JTL) version: 2.2
2026-10-07 19:40:56,484 INFO o.a.j.s.SaveService: Using SaveService properties version 5.0
2026-10-07 19:40:56,486 INFO o.a.j.s.SaveService: Using SaveService properties file encoding UTF-8
2026-10-07 19:40:56,489 INFO o.a.j.s.SaveService: Loading file: /tests/s3.jmx
2026-10-07 19:40:56,529 INFO o.a.j.p.h.s.HTTPSamplerBase: Parser for text/html is org.apache.jmeter.protocol.http.parser.LagartoBasedHtmlParser
2026-10-07 19:40:56,529 INFO o.a.j.p.h.s.HTTPSamplerBase: Parser for application/xhtml+xml is org.apache.jmeter.protocol.http.parser.LagartoBasedHtmlParser
2026-10-07 19:40:56,529 INFO o.a.j.p.h.s.HTTPSamplerBase: Parser for application/xml is org.apache.jmeter.protocol.http.parser.LagartoBasedHtmlParser
2026-10-07 19:40:56,529 INFO o.a.j.p.h.s.HTTPSamplerBase: Parser for text/xml is org.apache.jmeter.protocol.http.parser.LagartoBasedHtmlParser
2026-10-07 19:40:56,529 INFO o.a.j.p.h.s.HTTPSamplerBase: Parser for text/vnd.wap.wml is org.apache.jmeter.protocol.http.parser.RegexpHTMLParser
2026-10-07 19:40:56,529 INFO o.a.j.p.h.s.HTTPSamplerBase: Parser for text/css is org.apache.jmeter.protocol.http.parser.CssParser
2026-10-07 19:40:56,563 INFO o.a.j.JMeter: Creating summariser <summary>
2026-10-07 19:40:56,576 INFO o.a.j.e.StandardJMeterEngine: Running the test!
2026-10-07 19:40:56,577 INFO o.a.j.s.SampleEvent: List of sample_variables: []
2026-10-07 19:40:56,577 INFO o.a.j.s.SampleEvent: List of sample_variables: []
2026-10-07 19:40:56,580 INFO o.a.j.e.u.CompoundVariable: Note: Function class names must contain the string: '.functions.'
2026-10-07 19:40:56,580 INFO o.a.j.e.u.CompoundVariable: Note: Function class names must not contain the string: '.gui.'
2026-10-07 19:40:56,771 INFO o.a.j.JMeter: Running test (1791402056771)
2026-10-07 19:40:56,772 INFO o.a.j.e.StandardJMeterEngine: Starting setUp thread groups
2026-10-07 19:40:56,773 INFO o.a.j.e.StandardJMeterEngine: Starting setUp ThreadGroup: 1 : setUp - login 
2026-10-07 19:40:56,773 INFO o.a.j.e.StandardJMeterEngine: Starting 1 threads for group setUp - login.
2026-10-07 19:40:56,773 INFO o.a.j.e.StandardJMeterEngine: Test will stop abruptly on error
2026-10-07 19:40:56,773 INFO o.a.j.t.ThreadGroup: Starting thread group... number=1 threads=1 ramp-up=1 delayedStart=false
2026-10-07 19:40:56,776 INFO o.a.j.t.ThreadGroup: Started thread group number 1
2026-10-07 19:40:56,776 INFO o.a.j.e.StandardJMeterEngine: Waiting for all setup thread groups to exit
2026-10-07 19:40:56,777 INFO o.a.j.t.JMeterThread: Thread started: setUp - login 1-1
2026-10-07 19:40:56,787 INFO o.a.j.p.h.s.HTTPHCAbstractImpl: Local host = 7dc1231730da
2026-10-07 19:40:56,791 INFO o.a.j.p.h.s.HTTPHC4Impl: HTTP request retry count = 0
2026-10-07 19:40:56,792 INFO o.a.j.s.SampleResult: Note: Sample TimeStamps are START times
2026-10-07 19:40:56,792 INFO o.a.j.s.SampleResult: sampleresult.default.encoding is set to UTF-8
2026-10-07 19:40:56,792 INFO o.a.j.s.SampleResult: sampleresult.useNanoTime=true
2026-10-07 19:40:56,792 INFO o.a.j.s.SampleResult: sampleresult.nanoThreadSleep=5000
2026-10-07 19:40:57,547 INFO o.a.j.t.JMeterThread: Thread is done: setUp - login 1-1
2026-10-07 19:40:57,548 INFO o.a.j.t.JMeterThread: Thread finished: setUp - login 1-1
2026-10-07 19:40:57,548 INFO o.a.j.e.StandardJMeterEngine: All Setup Threads have ended
2026-10-07 19:40:57,569 INFO o.a.j.e.StandardJMeterEngine: Starting ThreadGroup: 1 : S3
2026-10-07 19:40:57,570 INFO o.a.j.e.StandardJMeterEngine: Starting 2 threads for group S3.
2026-10-07 19:40:57,570 INFO o.a.j.e.StandardJMeterEngine: Thread will continue on error
2026-10-07 19:40:57,570 INFO o.a.j.t.ThreadGroup: Starting thread group... number=1 threads=2 ramp-up=10 delayedStart=false
2026-10-07 19:40:57,573 INFO o.a.j.t.ThreadGroup: Started thread group number 1
2026-10-07 19:40:57,573 INFO o.a.j.e.StandardJMeterEngine: All thread groups have been started
2026-10-07 19:40:57,573 INFO o.a.j.t.JMeterThread: Thread started: S3 1-1
2026-10-07 19:41:00,009 INFO o.a.j.r.Summariser: summary +    359 in 00:00:03 =  110.9/s Avg:     7 Min:     5 Max:   293 Err:     0 (0.00%) Active: 1 Started: 1 Finished: 0
2026-10-07 19:41:02,573 INFO o.a.j.t.JMeterThread: Thread started: S3 1-2
2026-10-07 19:41:30,005 INFO o.a.j.r.Summariser: summary +   9557 in 00:00:30 =  318.6/s Avg:     5 Min:     5 Max:    14 Err:     0 (0.00%) Active: 2 Started: 2 Finished: 0
2026-10-07 19:41:30,005 INFO o.a.j.r.Summariser: summary =   9916 in 00:00:33 =  298.4/s Avg:     5 Min:     5 Max:   293 Err:     0 (0.00%)
2026-10-07 19:41:57,572 INFO o.a.j.t.JMeterThread: Stopping because end time detected by thread: S3 1-2
2026-10-07 19:41:57,572 INFO o.a.j.t.JMeterThread: Stopping because end time detected by thread: S3 1-1
2026-10-07 19:41:57,572 INFO o.a.j.t.JMeterThread: Thread finished: S3 1-2
2026-10-07 19:41:57,572 INFO o.a.j.t.JMeterThread: Thread finished: S3 1-1
2026-10-07 19:41:57,572 INFO o.a.j.e.StandardJMeterEngine: Notifying test listeners of end of test
2026-10-07 19:41:57,575 INFO o.a.j.r.Summariser: summary +   9491 in 00:00:28 =  344.3/s Avg:     5 Min:     5 Max:    19 Err:     0 (0.00%) Active: 0 Started: 2 Finished: 2
2026-10-07 19:41:57,575 INFO o.a.j.r.Summariser: summary =  19407 in 00:01:01 =  319.2/s Avg:     5 Min:     5 Max:   293 Err:     0 (0.00%)
