2026-10-06 08:10:01,249 INFO o.a.j.u.JMeterUtils: Setting Locale to en_EN
2026-10-06 08:10:01,269 INFO o.a.j.JMeter: Loading user properties from: /opt/jmeter/bin/user.properties
2026-10-06 08:10:01,269 INFO o.a.j.JMeter: Loading system properties from: /opt/jmeter/bin/system.properties
2026-10-06 08:10:01,269 INFO o.a.j.JMeter: Loading additional properties from: /tests/run.properties
2026-10-06 08:10:01,269 INFO o.a.j.JMeter: Loading additional properties from: /tests/data/ranges.properties
2026-10-06 08:10:01,270 INFO o.a.j.JMeter: Setting JMeter property: host=laravel-nginx
2026-10-06 08:10:01,270 INFO o.a.j.JMeter: Setting JMeter property: port=80
2026-10-06 08:10:01,270 INFO o.a.j.JMeter: Setting JMeter property: rampup=10
2026-10-06 08:10:01,270 INFO o.a.j.JMeter: Setting JMeter property: endpoint=EP3
2026-10-06 08:10:01,270 INFO o.a.j.JMeter: Setting JMeter property: users=200
2026-10-06 08:10:01,270 INFO o.a.j.JMeter: Setting JMeter property: duration=60
2026-10-06 08:10:01,274 INFO o.a.j.JMeter: Copyright (c) 1998-2024 The Apache Software Foundation
2026-10-06 08:10:01,274 INFO o.a.j.JMeter: Version 5.6.3
2026-10-06 08:10:01,274 INFO o.a.j.JMeter: java.version=21.0.12.1
2026-10-06 08:10:01,274 INFO o.a.j.JMeter: java.vm.name=OpenJDK 64-Bit Server VM
2026-10-06 08:10:01,274 INFO o.a.j.JMeter: os.name=Linux
2026-10-06 08:10:01,274 INFO o.a.j.JMeter: os.arch=amd64
2026-10-06 08:10:01,275 INFO o.a.j.JMeter: os.version=6.6.87.2-microsoft-standard-WSL2
2026-10-06 08:10:01,275 INFO o.a.j.JMeter: file.encoding=UTF-8
2026-10-06 08:10:01,275 INFO o.a.j.JMeter: java.awt.headless=true
2026-10-06 08:10:01,275 INFO o.a.j.JMeter: Max memory     =4294967296
2026-10-06 08:10:01,275 INFO o.a.j.JMeter: Available Processors =12
2026-10-06 08:10:01,281 INFO o.a.j.JMeter: Default Locale=English (EN)
2026-10-06 08:10:01,282 INFO o.a.j.JMeter: JMeter  Locale=English (EN)
2026-10-06 08:10:01,282 INFO o.a.j.JMeter: JMeterHome=/opt/jmeter
2026-10-06 08:10:01,282 INFO o.a.j.JMeter: user.dir  =/tests
2026-10-06 08:10:01,282 INFO o.a.j.JMeter: PWD       =/tests
2026-10-06 08:10:01,282 INFO o.a.j.JMeter: IP: 172.19.0.5 Name: d3d2502116e6 FullName: d3d2502116e6
2026-10-06 08:10:01,291 INFO o.a.j.s.FileServer: Default base='/tests'
2026-10-06 08:10:01,292 INFO o.a.j.s.FileServer: Set new base='/tests'
2026-10-06 08:10:01,440 INFO o.a.j.s.SaveService: Testplan (JMX) version: 2.2. Testlog (JTL) version: 2.2
2026-10-06 08:10:01,463 INFO o.a.j.s.SaveService: Using SaveService properties version 5.0
2026-10-06 08:10:01,466 INFO o.a.j.s.SaveService: Using SaveService properties file encoding UTF-8
2026-10-06 08:10:01,469 INFO o.a.j.s.SaveService: Loading file: /tests/s2.jmx
2026-10-06 08:10:01,511 INFO o.a.j.p.h.s.HTTPSamplerBase: Parser for text/html is org.apache.jmeter.protocol.http.parser.LagartoBasedHtmlParser
2026-10-06 08:10:01,511 INFO o.a.j.p.h.s.HTTPSamplerBase: Parser for application/xhtml+xml is org.apache.jmeter.protocol.http.parser.LagartoBasedHtmlParser
2026-10-06 08:10:01,511 INFO o.a.j.p.h.s.HTTPSamplerBase: Parser for application/xml is org.apache.jmeter.protocol.http.parser.LagartoBasedHtmlParser
2026-10-06 08:10:01,511 INFO o.a.j.p.h.s.HTTPSamplerBase: Parser for text/xml is org.apache.jmeter.protocol.http.parser.LagartoBasedHtmlParser
2026-10-06 08:10:01,511 INFO o.a.j.p.h.s.HTTPSamplerBase: Parser for text/vnd.wap.wml is org.apache.jmeter.protocol.http.parser.RegexpHTMLParser
2026-10-06 08:10:01,511 INFO o.a.j.p.h.s.HTTPSamplerBase: Parser for text/css is org.apache.jmeter.protocol.http.parser.CssParser
2026-10-06 08:10:01,550 INFO o.a.j.JMeter: Creating summariser <summary>
2026-10-06 08:10:01,563 INFO o.a.j.e.StandardJMeterEngine: Running the test!
2026-10-06 08:10:01,563 INFO o.a.j.s.SampleEvent: List of sample_variables: []
2026-10-06 08:10:01,563 INFO o.a.j.s.SampleEvent: List of sample_variables: []
2026-10-06 08:10:01,566 INFO o.a.j.e.u.CompoundVariable: Note: Function class names must contain the string: '.functions.'
2026-10-06 08:10:01,566 INFO o.a.j.e.u.CompoundVariable: Note: Function class names must not contain the string: '.gui.'
2026-10-06 08:10:01,776 INFO o.a.j.JMeter: Running test (1791274201776)
2026-10-06 08:10:01,778 INFO o.a.j.e.StandardJMeterEngine: Starting setUp thread groups
2026-10-06 08:10:01,778 INFO o.a.j.e.StandardJMeterEngine: Starting setUp ThreadGroup: 1 : setUp - login 
2026-10-06 08:10:01,778 INFO o.a.j.e.StandardJMeterEngine: Starting 1 threads for group setUp - login.
2026-10-06 08:10:01,779 INFO o.a.j.e.StandardJMeterEngine: Test will stop abruptly on error
2026-10-06 08:10:01,779 INFO o.a.j.t.ThreadGroup: Starting thread group... number=1 threads=1 ramp-up=1 delayedStart=false
2026-10-06 08:10:01,782 INFO o.a.j.t.ThreadGroup: Started thread group number 1
2026-10-06 08:10:01,782 INFO o.a.j.e.StandardJMeterEngine: Waiting for all setup thread groups to exit
2026-10-06 08:10:01,783 INFO o.a.j.t.JMeterThread: Thread started: setUp - login 1-1
2026-10-06 08:10:01,794 INFO o.a.j.p.h.s.HTTPHCAbstractImpl: Local host = d3d2502116e6
2026-10-06 08:10:01,798 INFO o.a.j.p.h.s.HTTPHC4Impl: HTTP request retry count = 0
2026-10-06 08:10:01,799 INFO o.a.j.s.SampleResult: Note: Sample TimeStamps are START times
2026-10-06 08:10:01,799 INFO o.a.j.s.SampleResult: sampleresult.default.encoding is set to UTF-8
2026-10-06 08:10:01,799 INFO o.a.j.s.SampleResult: sampleresult.useNanoTime=true
2026-10-06 08:10:01,799 INFO o.a.j.s.SampleResult: sampleresult.nanoThreadSleep=5000
2026-10-06 08:10:02,661 INFO o.a.j.r.Summariser: summary +      1 in 00:00:01 =    1.1/s Avg:   367 Min:   367 Max:   367 Err:     0 (0.00%) Active: 1 Started: 1 Finished: 0
2026-10-06 08:10:02,662 INFO o.a.j.t.JMeterThread: Thread is done: setUp - login 1-1
2026-10-06 08:10:02,662 INFO o.a.j.t.JMeterThread: Thread finished: setUp - login 1-1
2026-10-06 08:10:02,663 INFO o.a.j.e.StandardJMeterEngine: All Setup Threads have ended
2026-10-06 08:10:02,684 INFO o.a.j.e.StandardJMeterEngine: Starting ThreadGroup: 1 : S2
2026-10-06 08:10:02,685 INFO o.a.j.e.StandardJMeterEngine: Starting 200 threads for group S2.
2026-10-06 08:10:02,685 INFO o.a.j.e.StandardJMeterEngine: Thread will continue on error
2026-10-06 08:10:02,685 INFO o.a.j.t.ThreadGroup: Starting thread group... number=1 threads=200 ramp-up=10 delayedStart=false
2026-10-06 08:10:02,697 INFO o.a.j.t.JMeterThread: Thread started: S2 1-1
2026-10-06 08:10:02,697 INFO o.a.j.s.FileServer: Stored: /tests/data/available_menu_items.csv
2026-10-06 08:10:02,745 INFO o.a.j.t.JMeterThread: Thread started: S2 1-2
2026-10-06 08:10:02,785 INFO o.a.j.t.ThreadGroup: Started thread group number 1
2026-10-06 08:10:02,785 INFO o.a.j.e.StandardJMeterEngine: All thread groups have been started
2026-10-06 08:10:02,795 INFO o.a.j.t.JMeterThread: Thread started: S2 1-3
2026-10-06 08:10:02,843 INFO o.a.j.t.JMeterThread: Thread started: S2 1-4
2026-10-06 08:10:02,893 INFO o.a.j.t.JMeterThread: Thread started: S2 1-5
2026-10-06 08:10:02,941 INFO o.a.j.t.JMeterThread: Thread started: S2 1-6
2026-10-06 08:10:02,990 INFO o.a.j.t.JMeterThread: Thread started: S2 1-7
2026-10-06 08:10:03,040 INFO o.a.j.t.JMeterThread: Thread started: S2 1-8
2026-10-06 08:10:03,089 INFO o.a.j.t.JMeterThread: Thread started: S2 1-9
2026-10-06 08:10:03,139 INFO o.a.j.t.JMeterThread: Thread started: S2 1-10
2026-10-06 08:10:03,187 INFO o.a.j.t.JMeterThread: Thread started: S2 1-11
2026-10-06 08:10:03,237 INFO o.a.j.t.JMeterThread: Thread started: S2 1-12
2026-10-06 08:10:03,287 INFO o.a.j.t.JMeterThread: Thread started: S2 1-13
2026-10-06 08:10:03,336 INFO o.a.j.t.JMeterThread: Thread started: S2 1-14
2026-10-06 08:10:03,386 INFO o.a.j.t.JMeterThread: Thread started: S2 1-15
2026-10-06 08:10:03,437 INFO o.a.j.t.JMeterThread: Thread started: S2 1-16
2026-10-06 08:10:03,487 INFO o.a.j.t.JMeterThread: Thread started: S2 1-17
2026-10-06 08:10:03,537 INFO o.a.j.t.JMeterThread: Thread started: S2 1-18
2026-10-06 08:10:03,587 INFO o.a.j.t.JMeterThread: Thread started: S2 1-19
2026-10-06 08:10:03,636 INFO o.a.j.t.JMeterThread: Thread started: S2 1-20
2026-10-06 08:10:03,686 INFO o.a.j.t.JMeterThread: Thread started: S2 1-21
2026-10-06 08:10:03,736 INFO o.a.j.t.JMeterThread: Thread started: S2 1-22
2026-10-06 08:10:03,787 INFO o.a.j.t.JMeterThread: Thread started: S2 1-23
2026-10-06 08:10:03,836 INFO o.a.j.t.JMeterThread: Thread started: S2 1-24
2026-10-06 08:10:03,887 INFO o.a.j.t.JMeterThread: Thread started: S2 1-25
2026-10-06 08:10:03,937 INFO o.a.j.t.JMeterThread: Thread started: S2 1-26
2026-10-06 08:10:03,985 INFO o.a.j.t.JMeterThread: Thread started: S2 1-27
2026-10-06 08:10:04,037 INFO o.a.j.t.JMeterThread: Thread started: S2 1-28
2026-10-06 08:10:04,085 INFO o.a.j.t.JMeterThread: Thread started: S2 1-29
2026-10-06 08:10:04,137 INFO o.a.j.t.JMeterThread: Thread started: S2 1-30
2026-10-06 08:10:04,186 INFO o.a.j.t.JMeterThread: Thread started: S2 1-31
2026-10-06 08:10:04,237 INFO o.a.j.t.JMeterThread: Thread started: S2 1-32
2026-10-06 08:10:04,287 INFO o.a.j.t.JMeterThread: Thread started: S2 1-33
2026-10-06 08:10:04,337 INFO o.a.j.t.JMeterThread: Thread started: S2 1-34
2026-10-06 08:10:04,386 INFO o.a.j.t.JMeterThread: Thread started: S2 1-35
2026-10-06 08:10:04,436 INFO o.a.j.t.JMeterThread: Thread started: S2 1-36
2026-10-06 08:10:04,486 INFO o.a.j.t.JMeterThread: Thread started: S2 1-37
2026-10-06 08:10:04,537 INFO o.a.j.t.JMeterThread: Thread started: S2 1-38
2026-10-06 08:10:04,587 INFO o.a.j.t.JMeterThread: Thread started: S2 1-39
2026-10-06 08:10:04,636 INFO o.a.j.t.JMeterThread: Thread started: S2 1-40
2026-10-06 08:10:04,686 INFO o.a.j.t.JMeterThread: Thread started: S2 1-41
2026-10-06 08:10:04,736 INFO o.a.j.t.JMeterThread: Thread started: S2 1-42
2026-10-06 08:10:04,786 INFO o.a.j.t.JMeterThread: Thread started: S2 1-43
2026-10-06 08:10:04,836 INFO o.a.j.t.JMeterThread: Thread started: S2 1-44
2026-10-06 08:10:04,887 INFO o.a.j.t.JMeterThread: Thread started: S2 1-45
2026-10-06 08:10:04,936 INFO o.a.j.t.JMeterThread: Thread started: S2 1-46
2026-10-06 08:10:04,986 INFO o.a.j.t.JMeterThread: Thread started: S2 1-47
2026-10-06 08:10:05,036 INFO o.a.j.t.JMeterThread: Thread started: S2 1-48
2026-10-06 08:10:05,086 INFO o.a.j.t.JMeterThread: Thread started: S2 1-49
2026-10-06 08:10:05,136 INFO o.a.j.t.JMeterThread: Thread started: S2 1-50
2026-10-06 08:10:05,185 INFO o.a.j.t.JMeterThread: Thread started: S2 1-51
2026-10-06 08:10:05,236 INFO o.a.j.t.JMeterThread: Thread started: S2 1-52
2026-10-06 08:10:05,286 INFO o.a.j.t.JMeterThread: Thread started: S2 1-53
2026-10-06 08:10:05,336 INFO o.a.j.t.JMeterThread: Thread started: S2 1-54
2026-10-06 08:10:05,387 INFO o.a.j.t.JMeterThread: Thread started: S2 1-55
2026-10-06 08:10:05,435 INFO o.a.j.t.JMeterThread: Thread started: S2 1-56
2026-10-06 08:10:05,486 INFO o.a.j.t.JMeterThread: Thread started: S2 1-57
2026-10-06 08:10:05,535 INFO o.a.j.t.JMeterThread: Thread started: S2 1-58
2026-10-06 08:10:05,586 INFO o.a.j.t.JMeterThread: Thread started: S2 1-59
2026-10-06 08:10:05,637 INFO o.a.j.t.JMeterThread: Thread started: S2 1-60
2026-10-06 08:10:05,686 INFO o.a.j.t.JMeterThread: Thread started: S2 1-61
2026-10-06 08:10:05,736 INFO o.a.j.t.JMeterThread: Thread started: S2 1-62
2026-10-06 08:10:05,786 INFO o.a.j.t.JMeterThread: Thread started: S2 1-63
2026-10-06 08:10:05,837 INFO o.a.j.t.JMeterThread: Thread started: S2 1-64
2026-10-06 08:10:05,886 INFO o.a.j.t.JMeterThread: Thread started: S2 1-65
2026-10-06 08:10:05,935 INFO o.a.j.t.JMeterThread: Thread started: S2 1-66
2026-10-06 08:10:05,986 INFO o.a.j.t.JMeterThread: Thread started: S2 1-67
2026-10-06 08:10:06,035 INFO o.a.j.t.JMeterThread: Thread started: S2 1-68
2026-10-06 08:10:06,086 INFO o.a.j.t.JMeterThread: Thread started: S2 1-69
2026-10-06 08:10:06,137 INFO o.a.j.t.JMeterThread: Thread started: S2 1-70
2026-10-06 08:10:06,185 INFO o.a.j.t.JMeterThread: Thread started: S2 1-71
2026-10-06 08:10:06,236 INFO o.a.j.t.JMeterThread: Thread started: S2 1-72
2026-10-06 08:10:06,285 INFO o.a.j.t.JMeterThread: Thread started: S2 1-73
2026-10-06 08:10:06,336 INFO o.a.j.t.JMeterThread: Thread started: S2 1-74
2026-10-06 08:10:06,385 INFO o.a.j.t.JMeterThread: Thread started: S2 1-75
2026-10-06 08:10:06,436 INFO o.a.j.t.JMeterThread: Thread started: S2 1-76
2026-10-06 08:10:06,487 INFO o.a.j.t.JMeterThread: Thread started: S2 1-77
2026-10-06 08:10:06,535 INFO o.a.j.t.JMeterThread: Thread started: S2 1-78
2026-10-06 08:10:06,586 INFO o.a.j.t.JMeterThread: Thread started: S2 1-79
2026-10-06 08:10:06,637 INFO o.a.j.t.JMeterThread: Thread started: S2 1-80
2026-10-06 08:10:06,686 INFO o.a.j.t.JMeterThread: Thread started: S2 1-81
2026-10-06 08:10:06,736 INFO o.a.j.t.JMeterThread: Thread started: S2 1-82
2026-10-06 08:10:06,786 INFO o.a.j.t.JMeterThread: Thread started: S2 1-83
2026-10-06 08:10:06,835 INFO o.a.j.t.JMeterThread: Thread started: S2 1-84
2026-10-06 08:10:06,886 INFO o.a.j.t.JMeterThread: Thread started: S2 1-85
2026-10-06 08:10:06,935 INFO o.a.j.t.JMeterThread: Thread started: S2 1-86
2026-10-06 08:10:06,986 INFO o.a.j.t.JMeterThread: Thread started: S2 1-87
2026-10-06 08:10:07,036 INFO o.a.j.t.JMeterThread: Thread started: S2 1-88
2026-10-06 08:10:07,085 INFO o.a.j.t.JMeterThread: Thread started: S2 1-89
2026-10-06 08:10:07,136 INFO o.a.j.t.JMeterThread: Thread started: S2 1-90
2026-10-06 08:10:07,187 INFO o.a.j.t.JMeterThread: Thread started: S2 1-91
2026-10-06 08:10:07,237 INFO o.a.j.t.JMeterThread: Thread started: S2 1-92
2026-10-06 08:10:07,286 INFO o.a.j.t.JMeterThread: Thread started: S2 1-93
2026-10-06 08:10:07,337 INFO o.a.j.t.JMeterThread: Thread started: S2 1-94
2026-10-06 08:10:07,385 INFO o.a.j.t.JMeterThread: Thread started: S2 1-95
2026-10-06 08:10:07,437 INFO o.a.j.t.JMeterThread: Thread started: S2 1-96
2026-10-06 08:10:07,486 INFO o.a.j.t.JMeterThread: Thread started: S2 1-97
2026-10-06 08:10:07,537 INFO o.a.j.t.JMeterThread: Thread started: S2 1-98
2026-10-06 08:10:07,585 INFO o.a.j.t.JMeterThread: Thread started: S2 1-99
2026-10-06 08:10:07,636 INFO o.a.j.t.JMeterThread: Thread started: S2 1-100
2026-10-06 08:10:07,686 INFO o.a.j.t.JMeterThread: Thread started: S2 1-101
2026-10-06 08:10:07,736 INFO o.a.j.t.JMeterThread: Thread started: S2 1-102
2026-10-06 08:10:07,786 INFO o.a.j.t.JMeterThread: Thread started: S2 1-103
2026-10-06 08:10:07,837 INFO o.a.j.t.JMeterThread: Thread started: S2 1-104
2026-10-06 08:10:07,886 INFO o.a.j.t.JMeterThread: Thread started: S2 1-105
2026-10-06 08:10:07,937 INFO o.a.j.t.JMeterThread: Thread started: S2 1-106
2026-10-06 08:10:07,988 INFO o.a.j.t.JMeterThread: Thread started: S2 1-107
2026-10-06 08:10:08,036 INFO o.a.j.t.JMeterThread: Thread started: S2 1-108
2026-10-06 08:10:08,085 INFO o.a.j.t.JMeterThread: Thread started: S2 1-109
2026-10-06 08:10:08,136 INFO o.a.j.t.JMeterThread: Thread started: S2 1-110
2026-10-06 08:10:08,185 INFO o.a.j.t.JMeterThread: Thread started: S2 1-111
2026-10-06 08:10:08,236 INFO o.a.j.t.JMeterThread: Thread started: S2 1-112
2026-10-06 08:10:08,286 INFO o.a.j.t.JMeterThread: Thread started: S2 1-113
2026-10-06 08:10:08,335 INFO o.a.j.t.JMeterThread: Thread started: S2 1-114
2026-10-06 08:10:08,386 INFO o.a.j.t.JMeterThread: Thread started: S2 1-115
2026-10-06 08:10:08,436 INFO o.a.j.t.JMeterThread: Thread started: S2 1-116
2026-10-06 08:10:08,485 INFO o.a.j.t.JMeterThread: Thread started: S2 1-117
2026-10-06 08:10:08,536 INFO o.a.j.t.JMeterThread: Thread started: S2 1-118
2026-10-06 08:10:08,586 INFO o.a.j.t.JMeterThread: Thread started: S2 1-119
2026-10-06 08:10:08,637 INFO o.a.j.t.JMeterThread: Thread started: S2 1-120
2026-10-06 08:10:08,686 INFO o.a.j.t.JMeterThread: Thread started: S2 1-121
2026-10-06 08:10:08,735 INFO o.a.j.t.JMeterThread: Thread started: S2 1-122
2026-10-06 08:10:08,787 INFO o.a.j.t.JMeterThread: Thread started: S2 1-123
2026-10-06 08:10:08,836 INFO o.a.j.t.JMeterThread: Thread started: S2 1-124
2026-10-06 08:10:08,886 INFO o.a.j.t.JMeterThread: Thread started: S2 1-125
2026-10-06 08:10:08,936 INFO o.a.j.t.JMeterThread: Thread started: S2 1-126
2026-10-06 08:10:08,986 INFO o.a.j.t.JMeterThread: Thread started: S2 1-127
2026-10-06 08:10:09,036 INFO o.a.j.t.JMeterThread: Thread started: S2 1-128
2026-10-06 08:10:09,085 INFO o.a.j.t.JMeterThread: Thread started: S2 1-129
2026-10-06 08:10:09,137 INFO o.a.j.t.JMeterThread: Thread started: S2 1-130
2026-10-06 08:10:09,185 INFO o.a.j.t.JMeterThread: Thread started: S2 1-131
2026-10-06 08:10:09,237 INFO o.a.j.t.JMeterThread: Thread started: S2 1-132
2026-10-06 08:10:09,288 INFO o.a.j.t.JMeterThread: Thread started: S2 1-133
2026-10-06 08:10:09,336 INFO o.a.j.t.JMeterThread: Thread started: S2 1-134
2026-10-06 08:10:09,386 INFO o.a.j.t.JMeterThread: Thread started: S2 1-135
2026-10-06 08:10:09,437 INFO o.a.j.t.JMeterThread: Thread started: S2 1-136
2026-10-06 08:10:09,486 INFO o.a.j.t.JMeterThread: Thread started: S2 1-137
2026-10-06 08:10:09,535 INFO o.a.j.t.JMeterThread: Thread started: S2 1-138
2026-10-06 08:10:09,586 INFO o.a.j.t.JMeterThread: Thread started: S2 1-139
2026-10-06 08:10:09,635 INFO o.a.j.t.JMeterThread: Thread started: S2 1-140
2026-10-06 08:10:09,686 INFO o.a.j.t.JMeterThread: Thread started: S2 1-141
2026-10-06 08:10:09,736 INFO o.a.j.t.JMeterThread: Thread started: S2 1-142
2026-10-06 08:10:09,785 INFO o.a.j.t.JMeterThread: Thread started: S2 1-143
2026-10-06 08:10:09,836 INFO o.a.j.t.JMeterThread: Thread started: S2 1-144
2026-10-06 08:10:09,885 INFO o.a.j.t.JMeterThread: Thread started: S2 1-145
2026-10-06 08:10:09,937 INFO o.a.j.t.JMeterThread: Thread started: S2 1-146
2026-10-06 08:10:09,986 INFO o.a.j.t.JMeterThread: Thread started: S2 1-147
2026-10-06 08:10:10,036 INFO o.a.j.t.JMeterThread: Thread started: S2 1-148
2026-10-06 08:10:10,086 INFO o.a.j.t.JMeterThread: Thread started: S2 1-149
2026-10-06 08:10:10,136 INFO o.a.j.t.JMeterThread: Thread started: S2 1-150
2026-10-06 08:10:10,186 INFO o.a.j.t.JMeterThread: Thread started: S2 1-151
2026-10-06 08:10:10,236 INFO o.a.j.t.JMeterThread: Thread started: S2 1-152
2026-10-06 08:10:10,286 INFO o.a.j.t.JMeterThread: Thread started: S2 1-153
2026-10-06 08:10:10,336 INFO o.a.j.t.JMeterThread: Thread started: S2 1-154
2026-10-06 08:10:10,387 INFO o.a.j.t.JMeterThread: Thread started: S2 1-155
2026-10-06 08:10:10,436 INFO o.a.j.t.JMeterThread: Thread started: S2 1-156
2026-10-06 08:10:10,486 INFO o.a.j.t.JMeterThread: Thread started: S2 1-157
2026-10-06 08:10:10,546 INFO o.a.j.t.JMeterThread: Thread started: S2 1-158
2026-10-06 08:10:10,586 INFO o.a.j.t.JMeterThread: Thread started: S2 1-159
2026-10-06 08:10:10,636 INFO o.a.j.t.JMeterThread: Thread started: S2 1-160
2026-10-06 08:10:10,686 INFO o.a.j.t.JMeterThread: Thread started: S2 1-161
2026-10-06 08:10:10,735 INFO o.a.j.t.JMeterThread: Thread started: S2 1-162
2026-10-06 08:10:10,786 INFO o.a.j.t.JMeterThread: Thread started: S2 1-163
2026-10-06 08:10:10,837 INFO o.a.j.t.JMeterThread: Thread started: S2 1-164
2026-10-06 08:10:10,886 INFO o.a.j.t.JMeterThread: Thread started: S2 1-165
2026-10-06 08:10:10,936 INFO o.a.j.t.JMeterThread: Thread started: S2 1-166
2026-10-06 08:10:10,986 INFO o.a.j.t.JMeterThread: Thread started: S2 1-167
2026-10-06 08:10:11,035 INFO o.a.j.t.JMeterThread: Thread started: S2 1-168
2026-10-06 08:10:11,086 INFO o.a.j.t.JMeterThread: Thread started: S2 1-169
2026-10-06 08:10:11,136 INFO o.a.j.t.JMeterThread: Thread started: S2 1-170
2026-10-06 08:10:11,185 INFO o.a.j.t.JMeterThread: Thread started: S2 1-171
2026-10-06 08:10:11,235 INFO o.a.j.t.JMeterThread: Thread started: S2 1-172
2026-10-06 08:10:11,286 INFO o.a.j.t.JMeterThread: Thread started: S2 1-173
2026-10-06 08:10:11,335 INFO o.a.j.t.JMeterThread: Thread started: S2 1-174
2026-10-06 08:10:11,386 INFO o.a.j.t.JMeterThread: Thread started: S2 1-175
2026-10-06 08:10:11,436 INFO o.a.j.t.JMeterThread: Thread started: S2 1-176
2026-10-06 08:10:11,486 INFO o.a.j.t.JMeterThread: Thread started: S2 1-177
2026-10-06 08:10:11,535 INFO o.a.j.t.JMeterThread: Thread started: S2 1-178
2026-10-06 08:10:11,587 INFO o.a.j.t.JMeterThread: Thread started: S2 1-179
2026-10-06 08:10:11,636 INFO o.a.j.t.JMeterThread: Thread started: S2 1-180
2026-10-06 08:10:11,685 INFO o.a.j.t.JMeterThread: Thread started: S2 1-181
2026-10-06 08:10:11,736 INFO o.a.j.t.JMeterThread: Thread started: S2 1-182
2026-10-06 08:10:11,787 INFO o.a.j.t.JMeterThread: Thread started: S2 1-183
2026-10-06 08:10:11,836 INFO o.a.j.t.JMeterThread: Thread started: S2 1-184
2026-10-06 08:10:11,886 INFO o.a.j.t.JMeterThread: Thread started: S2 1-185
2026-10-06 08:10:11,936 INFO o.a.j.t.JMeterThread: Thread started: S2 1-186
2026-10-06 08:10:11,986 INFO o.a.j.t.JMeterThread: Thread started: S2 1-187
2026-10-06 08:10:12,036 INFO o.a.j.t.JMeterThread: Thread started: S2 1-188
2026-10-06 08:10:12,086 INFO o.a.j.t.JMeterThread: Thread started: S2 1-189
2026-10-06 08:10:12,137 INFO o.a.j.t.JMeterThread: Thread started: S2 1-190
2026-10-06 08:10:12,187 INFO o.a.j.t.JMeterThread: Thread started: S2 1-191
2026-10-06 08:10:12,237 INFO o.a.j.t.JMeterThread: Thread started: S2 1-192
2026-10-06 08:10:12,286 INFO o.a.j.t.JMeterThread: Thread started: S2 1-193
2026-10-06 08:10:12,335 INFO o.a.j.t.JMeterThread: Thread started: S2 1-194
2026-10-06 08:10:12,386 INFO o.a.j.t.JMeterThread: Thread started: S2 1-195
2026-10-06 08:10:12,435 INFO o.a.j.t.JMeterThread: Thread started: S2 1-196
2026-10-06 08:10:12,486 INFO o.a.j.t.JMeterThread: Thread started: S2 1-197
2026-10-06 08:10:12,536 INFO o.a.j.t.JMeterThread: Thread started: S2 1-198
2026-10-06 08:10:12,586 INFO o.a.j.t.JMeterThread: Thread started: S2 1-199
2026-10-06 08:10:12,637 INFO o.a.j.t.JMeterThread: Thread started: S2 1-200
2026-10-06 08:10:30,001 INFO o.a.j.r.Summariser: summary +   3643 in 00:00:27 =  133.2/s Avg:  1273 Min:    29 Max:  1758 Err:     0 (0.00%) Active: 200 Started: 200 Finished: 0
2026-10-06 08:10:30,002 INFO o.a.j.r.Summariser: summary =   3644 in 00:00:28 =  129.1/s Avg:  1273 Min:    29 Max:  1758 Err:     0 (0.00%)
2026-10-06 08:11:00,008 INFO o.a.j.r.Summariser: summary +   4077 in 00:00:30 =  135.9/s Avg:  1551 Min:  1400 Max:  1795 Err:     0 (0.00%) Active: 200 Started: 200 Finished: 0
2026-10-06 08:11:00,008 INFO o.a.j.r.Summariser: summary =   7721 in 00:00:58 =  132.6/s Avg:  1420 Min:    29 Max:  1795 Err:     0 (0.00%)
2026-10-06 08:11:02,709 INFO o.a.j.t.JMeterThread: Stopping because end time detected by thread: S2 1-15
2026-10-06 08:11:02,709 INFO o.a.j.t.JMeterThread: Thread finished: S2 1-15
2026-10-06 08:11:02,732 INFO o.a.j.t.JMeterThread: Stopping because end time detected by thread: S2 1-2
2026-10-06 08:11:02,733 INFO o.a.j.t.JMeterThread: Thread finished: S2 1-2
2026-10-06 08:11:02,736 INFO o.a.j.t.JMeterThread: Stopping because end time detected by thread: S2 1-55
2026-10-06 08:11:02,736 INFO o.a.j.t.JMeterThread: Thread finished: S2 1-55
2026-10-06 08:11:02,736 INFO o.a.j.t.JMeterThread: Stopping because end time detected by thread: S2 1-66
2026-10-06 08:11:02,737 INFO o.a.j.t.JMeterThread: Thread finished: S2 1-66
2026-10-06 08:11:02,763 INFO o.a.j.t.JMeterThread: Stopping because end time detected by thread: S2 1-48
2026-10-06 08:11:02,763 INFO o.a.j.t.JMeterThread: Thread finished: S2 1-48
2026-10-06 08:11:02,771 INFO o.a.j.t.JMeterThread: Stopping because end time detected by thread: S2 1-28
2026-10-06 08:11:02,772 INFO o.a.j.t.JMeterThread: Thread finished: S2 1-28
2026-10-06 08:11:02,776 INFO o.a.j.t.JMeterThread: Stopping because end time detected by thread: S2 1-3
2026-10-06 08:11:02,776 INFO o.a.j.t.JMeterThread: Thread finished: S2 1-3
2026-10-06 08:11:02,789 INFO o.a.j.t.JMeterThread: Stopping because end time detected by thread: S2 1-87
2026-10-06 08:11:02,790 INFO o.a.j.t.JMeterThread: Stopping because end time detected by thread: S2 1-76
2026-10-06 08:11:02,790 INFO o.a.j.t.JMeterThread: Thread finished: S2 1-76
2026-10-06 08:11:02,790 INFO o.a.j.t.JMeterThread: Thread finished: S2 1-87
2026-10-06 08:11:02,791 INFO o.a.j.t.JMeterThread: Stopping because end time detected by thread: S2 1-47
2026-10-06 08:11:02,791 INFO o.a.j.t.JMeterThread: Thread finished: S2 1-47
2026-10-06 08:11:02,802 INFO o.a.j.t.JMeterThread: Stopping because end time detected by thread: S2 1-7
2026-10-06 08:11:02,803 INFO o.a.j.t.JMeterThread: Thread finished: S2 1-7
2026-10-06 08:11:02,807 INFO o.a.j.t.JMeterThread: Stopping because end time detected by thread: S2 1-135
2026-10-06 08:11:02,807 INFO o.a.j.t.JMeterThread: Thread finished: S2 1-135
2026-10-06 08:11:02,816 INFO o.a.j.t.JMeterThread: Stopping because end time detected by thread: S2 1-157
2026-10-06 08:11:02,816 INFO o.a.j.t.JMeterThread: Thread finished: S2 1-157
2026-10-06 08:11:02,826 INFO o.a.j.t.JMeterThread: Stopping because end time detected by thread: S2 1-5
2026-10-06 08:11:02,826 INFO o.a.j.t.JMeterThread: Thread finished: S2 1-5
2026-10-06 08:11:02,837 INFO o.a.j.t.JMeterThread: Stopping because end time detected by thread: S2 1-184
2026-10-06 08:11:02,838 INFO o.a.j.t.JMeterThread: Thread finished: S2 1-184
2026-10-06 08:11:02,847 INFO o.a.j.t.JMeterThread: Stopping because end time detected by thread: S2 1-136
2026-10-06 08:11:02,847 INFO o.a.j.t.JMeterThread: Thread finished: S2 1-136
2026-10-06 08:11:02,851 INFO o.a.j.t.JMeterThread: Stopping because end time detected by thread: S2 1-40
2026-10-06 08:11:02,851 INFO o.a.j.t.JMeterThread: Thread finished: S2 1-40
2026-10-06 08:11:02,854 INFO o.a.j.t.JMeterThread: Stopping because end time detected by thread: S2 1-103
2026-10-06 08:11:02,854 INFO o.a.j.t.JMeterThread: Thread finished: S2 1-103
2026-10-06 08:11:02,867 INFO o.a.j.t.JMeterThread: Stopping because end time detected by thread: S2 1-88
2026-10-06 08:11:02,867 INFO o.a.j.t.JMeterThread: Thread finished: S2 1-88
2026-10-06 08:11:02,875 INFO o.a.j.t.JMeterThread: Stopping because end time detected by thread: S2 1-118
2026-10-06 08:11:02,875 INFO o.a.j.t.JMeterThread: Thread finished: S2 1-118
2026-10-06 08:11:02,878 INFO o.a.j.t.JMeterThread: Stopping because end time detected by thread: S2 1-102
2026-10-06 08:11:02,878 INFO o.a.j.t.JMeterThread: Thread finished: S2 1-102
2026-10-06 08:11:02,885 INFO o.a.j.t.JMeterThread: Stopping because end time detected by thread: S2 1-185
2026-10-06 08:11:02,885 INFO o.a.j.t.JMeterThread: Thread finished: S2 1-185
2026-10-06 08:11:02,887 INFO o.a.j.t.JMeterThread: Stopping because end time detected by thread: S2 1-158
2026-10-06 08:11:02,887 INFO o.a.j.t.JMeterThread: Thread finished: S2 1-158
2026-10-06 08:11:02,892 INFO o.a.j.t.JMeterThread: Stopping because end time detected by thread: S2 1-137
2026-10-06 08:11:02,892 INFO o.a.j.t.JMeterThread: Thread finished: S2 1-137
2026-10-06 08:11:02,907 INFO o.a.j.t.JMeterThread: Stopping because end time detected by thread: S2 1-159
2026-10-06 08:11:02,907 INFO o.a.j.t.JMeterThread: Thread finished: S2 1-159
2026-10-06 08:11:02,908 INFO o.a.j.t.JMeterThread: Stopping because end time detected by thread: S2 1-186
2026-10-06 08:11:02,908 INFO o.a.j.t.JMeterThread: Thread finished: S2 1-186
2026-10-06 08:11:02,910 INFO o.a.j.t.JMeterThread: Stopping because end time detected by thread: S2 1-11
2026-10-06 08:11:02,910 INFO o.a.j.t.JMeterThread: Thread finished: S2 1-11
2026-10-06 08:11:02,931 INFO o.a.j.t.JMeterThread: Stopping because end time detected by thread: S2 1-89
2026-10-06 08:11:02,931 INFO o.a.j.t.JMeterThread: Thread finished: S2 1-89
2026-10-06 08:11:02,936 INFO o.a.j.t.JMeterThread: Stopping because end time detected by thread: S2 1-35
2026-10-06 08:11:02,936 INFO o.a.j.t.JMeterThread: Thread finished: S2 1-35
2026-10-06 08:11:02,940 INFO o.a.j.t.JMeterThread: Stopping because end time detected by thread: S2 1-160
2026-10-06 08:11:02,940 INFO o.a.j.t.JMeterThread: Thread finished: S2 1-160
2026-10-06 08:11:02,944 INFO o.a.j.t.JMeterThread: Stopping because end time detected by thread: S2 1-119
2026-10-06 08:11:02,944 INFO o.a.j.t.JMeterThread: Thread finished: S2 1-119
2026-10-06 08:11:02,959 INFO o.a.j.t.JMeterThread: Stopping because end time detected by thread: S2 1-187
2026-10-06 08:11:02,959 INFO o.a.j.t.JMeterThread: Thread finished: S2 1-187
2026-10-06 08:11:02,965 INFO o.a.j.t.JMeterThread: Stopping because end time detected by thread: S2 1-42
2026-10-06 08:11:02,965 INFO o.a.j.t.JMeterThread: Thread finished: S2 1-42
2026-10-06 08:11:02,968 INFO o.a.j.t.JMeterThread: Stopping because end time detected by thread: S2 1-67
2026-10-06 08:11:02,968 INFO o.a.j.t.JMeterThread: Thread finished: S2 1-67
2026-10-06 08:11:02,979 INFO o.a.j.t.JMeterThread: Stopping because end time detected by thread: S2 1-138
2026-10-06 08:11:02,979 INFO o.a.j.t.JMeterThread: Thread finished: S2 1-138
2026-10-06 08:11:02,983 INFO o.a.j.t.JMeterThread: Stopping because end time detected by thread: S2 1-49
2026-10-06 08:11:02,983 INFO o.a.j.t.JMeterThread: Thread finished: S2 1-49
2026-10-06 08:11:02,990 INFO o.a.j.t.JMeterThread: Stopping because end time detected by thread: S2 1-25
2026-10-06 08:11:02,990 INFO o.a.j.t.JMeterThread: Thread finished: S2 1-25
2026-10-06 08:11:02,993 INFO o.a.j.t.JMeterThread: Stopping because end time detected by thread: S2 1-104
2026-10-06 08:11:02,994 INFO o.a.j.t.JMeterThread: Thread finished: S2 1-104
2026-10-06 08:11:03,013 INFO o.a.j.t.JMeterThread: Stopping because end time detected by thread: S2 1-90
2026-10-06 08:11:03,013 INFO o.a.j.t.JMeterThread: Thread finished: S2 1-90
2026-10-06 08:11:03,017 INFO o.a.j.t.JMeterThread: Stopping because end time detected by thread: S2 1-77
2026-10-06 08:11:03,017 INFO o.a.j.t.JMeterThread: Thread finished: S2 1-77
2026-10-06 08:11:03,020 INFO o.a.j.t.JMeterThread: Stopping because end time detected by thread: S2 1-163
2026-10-06 08:11:03,020 INFO o.a.j.t.JMeterThread: Thread finished: S2 1-163
2026-10-06 08:11:03,027 INFO o.a.j.t.JMeterThread: Stopping because end time detected by thread: S2 1-36
2026-10-06 08:11:03,028 INFO o.a.j.t.JMeterThread: Thread finished: S2 1-36
2026-10-06 08:11:03,036 INFO o.a.j.t.JMeterThread: Stopping because end time detected by thread: S2 1-21
2026-10-06 08:11:03,037 INFO o.a.j.t.JMeterThread: Thread finished: S2 1-21
2026-10-06 08:11:03,039 INFO o.a.j.t.JMeterThread: Stopping because end time detected by thread: S2 1-188
2026-10-06 08:11:03,039 INFO o.a.j.t.JMeterThread: Thread finished: S2 1-188
2026-10-06 08:11:03,066 INFO o.a.j.t.JMeterThread: Stopping because end time detected by thread: S2 1-121
2026-10-06 08:11:03,066 INFO o.a.j.t.JMeterThread: Thread finished: S2 1-121
2026-10-06 08:11:03,067 INFO o.a.j.t.JMeterThread: Stopping because end time detected by thread: S2 1-120
2026-10-06 08:11:03,067 INFO o.a.j.t.JMeterThread: Thread finished: S2 1-120
2026-10-06 08:11:03,067 INFO o.a.j.t.JMeterThread: Stopping because end time detected by thread: S2 1-50
2026-10-06 08:11:03,067 INFO o.a.j.t.JMeterThread: Thread finished: S2 1-50
2026-10-06 08:11:03,073 INFO o.a.j.t.JMeterThread: Stopping because end time detected by thread: S2 1-139
2026-10-06 08:11:03,073 INFO o.a.j.t.JMeterThread: Thread finished: S2 1-139
2026-10-06 08:11:03,098 INFO o.a.j.t.JMeterThread: Stopping because end time detected by thread: S2 1-18
2026-10-06 08:11:03,098 INFO o.a.j.t.JMeterThread: Thread finished: S2 1-18
2026-10-06 08:11:03,100 INFO o.a.j.t.JMeterThread: Stopping because end time detected by thread: S2 1-29
2026-10-06 08:11:03,100 INFO o.a.j.t.JMeterThread: Thread finished: S2 1-29
2026-10-06 08:11:03,115 INFO o.a.j.t.JMeterThread: Stopping because end time detected by thread: S2 1-162
2026-10-06 08:11:03,115 INFO o.a.j.t.JMeterThread: Thread finished: S2 1-162
2026-10-06 08:11:03,116 INFO o.a.j.t.JMeterThread: Stopping because end time detected by thread: S2 1-161
2026-10-06 08:11:03,116 INFO o.a.j.t.JMeterThread: Thread finished: S2 1-161
2026-10-06 08:11:03,118 INFO o.a.j.t.JMeterThread: Stopping because end time detected by thread: S2 1-57
2026-10-06 08:11:03,119 INFO o.a.j.t.JMeterThread: Thread finished: S2 1-57
2026-10-06 08:11:03,133 INFO o.a.j.t.JMeterThread: Stopping because end time detected by thread: S2 1-105
2026-10-06 08:11:03,133 INFO o.a.j.t.JMeterThread: Thread finished: S2 1-105
2026-10-06 08:11:03,141 INFO o.a.j.t.JMeterThread: Stopping because end time detected by thread: S2 1-189
2026-10-06 08:11:03,141 INFO o.a.j.t.JMeterThread: Thread finished: S2 1-189
2026-10-06 08:11:03,143 INFO o.a.j.t.JMeterThread: Stopping because end time detected by thread: S2 1-16
2026-10-06 08:11:03,144 INFO o.a.j.t.JMeterThread: Thread finished: S2 1-16
2026-10-06 08:11:03,149 INFO o.a.j.t.JMeterThread: Stopping because end time detected by thread: S2 1-78
2026-10-06 08:11:03,149 INFO o.a.j.t.JMeterThread: Thread finished: S2 1-78
2026-10-06 08:11:03,174 INFO o.a.j.t.JMeterThread: Stopping because end time detected by thread: S2 1-91
2026-10-06 08:11:03,175 INFO o.a.j.t.JMeterThread: Thread finished: S2 1-91
2026-10-06 08:11:03,187 INFO o.a.j.t.JMeterThread: Stopping because end time detected by thread: S2 1-58
2026-10-06 08:11:03,187 INFO o.a.j.t.JMeterThread: Thread finished: S2 1-58
2026-10-06 08:11:03,188 INFO o.a.j.t.JMeterThread: Stopping because end time detected by thread: S2 1-43
2026-10-06 08:11:03,189 INFO o.a.j.t.JMeterThread: Thread finished: S2 1-43
2026-10-06 08:11:03,213 INFO o.a.j.t.JMeterThread: Stopping because end time detected by thread: S2 1-22
2026-10-06 08:11:03,213 INFO o.a.j.t.JMeterThread: Thread finished: S2 1-22
2026-10-06 08:11:03,218 INFO o.a.j.t.JMeterThread: Stopping because end time detected by thread: S2 1-190
2026-10-06 08:11:03,218 INFO o.a.j.t.JMeterThread: Thread finished: S2 1-190
2026-10-06 08:11:03,223 INFO o.a.j.t.JMeterThread: Stopping because end time detected by thread: S2 1-165
2026-10-06 08:11:03,223 INFO o.a.j.t.JMeterThread: Thread finished: S2 1-165
2026-10-06 08:11:03,225 INFO o.a.j.t.JMeterThread: Stopping because end time detected by thread: S2 1-166
2026-10-06 08:11:03,225 INFO o.a.j.t.JMeterThread: Thread finished: S2 1-166
2026-10-06 08:11:03,245 INFO o.a.j.t.JMeterThread: Stopping because end time detected by thread: S2 1-68
2026-10-06 08:11:03,245 INFO o.a.j.t.JMeterThread: Thread finished: S2 1-68
2026-10-06 08:11:03,265 INFO o.a.j.t.JMeterThread: Stopping because end time detected by thread: S2 1-140
2026-10-06 08:11:03,266 INFO o.a.j.t.JMeterThread: Thread finished: S2 1-140
2026-10-06 08:11:03,266 INFO o.a.j.t.JMeterThread: Stopping because end time detected by thread: S2 1-164
2026-10-06 08:11:03,266 INFO o.a.j.t.JMeterThread: Thread finished: S2 1-164
2026-10-06 08:11:03,272 INFO o.a.j.t.JMeterThread: Stopping because end time detected by thread: S2 1-122
2026-10-06 08:11:03,272 INFO o.a.j.t.JMeterThread: Thread finished: S2 1-122
2026-10-06 08:11:03,275 INFO o.a.j.t.JMeterThread: Stopping because end time detected by thread: S2 1-191
2026-10-06 08:11:03,276 INFO o.a.j.t.JMeterThread: Thread finished: S2 1-191
2026-10-06 08:11:03,293 INFO o.a.j.t.JMeterThread: Stopping because end time detected by thread: S2 1-141
2026-10-06 08:11:03,293 INFO o.a.j.t.JMeterThread: Thread finished: S2 1-141
2026-10-06 08:11:03,297 INFO o.a.j.t.JMeterThread: Stopping because end time detected by thread: S2 1-79
2026-10-06 08:11:03,298 INFO o.a.j.t.JMeterThread: Thread finished: S2 1-79
2026-10-06 08:11:03,309 INFO o.a.j.t.JMeterThread: Stopping because end time detected by thread: S2 1-106
2026-10-06 08:11:03,309 INFO o.a.j.t.JMeterThread: Thread finished: S2 1-106
2026-10-06 08:11:03,317 INFO o.a.j.t.JMeterThread: Stopping because end time detected by thread: S2 1-167
2026-10-06 08:11:03,317 INFO o.a.j.t.JMeterThread: Stopping because end time detected by thread: S2 1-168
2026-10-06 08:11:03,317 INFO o.a.j.t.JMeterThread: Thread finished: S2 1-167
2026-10-06 08:11:03,317 INFO o.a.j.t.JMeterThread: Thread finished: S2 1-168
2026-10-06 08:11:03,321 INFO o.a.j.t.JMeterThread: Stopping because end time detected by thread: S2 1-107
2026-10-06 08:11:03,321 INFO o.a.j.t.JMeterThread: Thread finished: S2 1-107
2026-10-06 08:11:03,345 INFO o.a.j.t.JMeterThread: Stopping because end time detected by thread: S2 1-59
2026-10-06 08:11:03,345 INFO o.a.j.t.JMeterThread: Thread finished: S2 1-59
2026-10-06 08:11:03,348 INFO o.a.j.t.JMeterThread: Stopping because end time detected by thread: S2 1-192
2026-10-06 08:11:03,348 INFO o.a.j.t.JMeterThread: Thread finished: S2 1-192
2026-10-06 08:11:03,352 INFO o.a.j.t.JMeterThread: Stopping because end time detected by thread: S2 1-10
2026-10-06 08:11:03,352 INFO o.a.j.t.JMeterThread: Thread finished: S2 1-10
2026-10-06 08:11:03,362 INFO o.a.j.t.JMeterThread: Stopping because end time detected by thread: S2 1-142
2026-10-06 08:11:03,362 INFO o.a.j.t.JMeterThread: Thread finished: S2 1-142
2026-10-06 08:11:03,366 INFO o.a.j.t.JMeterThread: Stopping because end time detected by thread: S2 1-80
2026-10-06 08:11:03,366 INFO o.a.j.t.JMeterThread: Thread finished: S2 1-80
2026-10-06 08:11:03,370 INFO o.a.j.t.JMeterThread: Stopping because end time detected by thread: S2 1-6
2026-10-06 08:11:03,370 INFO o.a.j.t.JMeterThread: Thread finished: S2 1-6
2026-10-06 08:11:03,379 INFO o.a.j.t.JMeterThread: Stopping because end time detected by thread: S2 1-51
2026-10-06 08:11:03,380 INFO o.a.j.t.JMeterThread: Thread finished: S2 1-51
2026-10-06 08:11:03,392 INFO o.a.j.t.JMeterThread: Stopping because end time detected by thread: S2 1-12
2026-10-06 08:11:03,392 INFO o.a.j.t.JMeterThread: Thread finished: S2 1-12
2026-10-06 08:11:03,402 INFO o.a.j.t.JMeterThread: Stopping because end time detected by thread: S2 1-92
2026-10-06 08:11:03,403 INFO o.a.j.t.JMeterThread: Thread finished: S2 1-92
2026-10-06 08:11:03,409 INFO o.a.j.t.JMeterThread: Stopping because end time detected by thread: S2 1-123
2026-10-06 08:11:03,409 INFO o.a.j.t.JMeterThread: Thread finished: S2 1-123
2026-10-06 08:11:03,416 INFO o.a.j.t.JMeterThread: Stopping because end time detected by thread: S2 1-23
2026-10-06 08:11:03,417 INFO o.a.j.t.JMeterThread: Thread finished: S2 1-23
2026-10-06 08:11:03,421 INFO o.a.j.t.JMeterThread: Stopping because end time detected by thread: S2 1-37
2026-10-06 08:11:03,421 INFO o.a.j.t.JMeterThread: Thread finished: S2 1-37
2026-10-06 08:11:03,422 INFO o.a.j.t.JMeterThread: Stopping because end time detected by thread: S2 1-193
2026-10-06 08:11:03,422 INFO o.a.j.t.JMeterThread: Thread finished: S2 1-193
2026-10-06 08:11:03,438 INFO o.a.j.t.JMeterThread: Stopping because end time detected by thread: S2 1-30
2026-10-06 08:11:03,438 INFO o.a.j.t.JMeterThread: Thread finished: S2 1-30
2026-10-06 08:11:03,451 INFO o.a.j.t.JMeterThread: Stopping because end time detected by thread: S2 1-194
2026-10-06 08:11:03,451 INFO o.a.j.t.JMeterThread: Stopping because end time detected by thread: S2 1-108
2026-10-06 08:11:03,451 INFO o.a.j.t.JMeterThread: Thread finished: S2 1-194
2026-10-06 08:11:03,451 INFO o.a.j.t.JMeterThread: Thread finished: S2 1-108
2026-10-06 08:11:03,455 INFO o.a.j.t.JMeterThread: Stopping because end time detected by thread: S2 1-169
2026-10-06 08:11:03,455 INFO o.a.j.t.JMeterThread: Thread finished: S2 1-169
2026-10-06 08:11:03,469 INFO o.a.j.t.JMeterThread: Stopping because end time detected by thread: S2 1-170
2026-10-06 08:11:03,469 INFO o.a.j.t.JMeterThread: Thread finished: S2 1-170
2026-10-06 08:11:03,470 INFO o.a.j.t.JMeterThread: Stopping because end time detected by thread: S2 1-124
2026-10-06 08:11:03,470 INFO o.a.j.t.JMeterThread: Thread finished: S2 1-124
2026-10-06 08:11:03,486 INFO o.a.j.t.JMeterThread: Stopping because end time detected by thread: S2 1-81
2026-10-06 08:11:03,486 INFO o.a.j.t.JMeterThread: Thread finished: S2 1-81
2026-10-06 08:11:03,486 INFO o.a.j.t.JMeterThread: Stopping because end time detected by thread: S2 1-125
2026-10-06 08:11:03,486 INFO o.a.j.t.JMeterThread: Thread finished: S2 1-125
2026-10-06 08:11:03,494 INFO o.a.j.t.JMeterThread: Stopping because end time detected by thread: S2 1-143
2026-10-06 08:11:03,494 INFO o.a.j.t.JMeterThread: Thread finished: S2 1-143
2026-10-06 08:11:03,502 INFO o.a.j.t.JMeterThread: Stopping because end time detected by thread: S2 1-145
2026-10-06 08:11:03,503 INFO o.a.j.t.JMeterThread: Thread finished: S2 1-145
2026-10-06 08:11:03,510 INFO o.a.j.t.JMeterThread: Stopping because end time detected by thread: S2 1-60
2026-10-06 08:11:03,510 INFO o.a.j.t.JMeterThread: Thread finished: S2 1-60
2026-10-06 08:11:03,517 INFO o.a.j.t.JMeterThread: Stopping because end time detected by thread: S2 1-26
2026-10-06 08:11:03,517 INFO o.a.j.t.JMeterThread: Thread finished: S2 1-26
2026-10-06 08:11:03,530 INFO o.a.j.t.JMeterThread: Stopping because end time detected by thread: S2 1-195
2026-10-06 08:11:03,530 INFO o.a.j.t.JMeterThread: Thread finished: S2 1-195
2026-10-06 08:11:03,539 INFO o.a.j.t.JMeterThread: Stopping because end time detected by thread: S2 1-144
2026-10-06 08:11:03,539 INFO o.a.j.t.JMeterThread: Thread finished: S2 1-144
2026-10-06 08:11:03,543 INFO o.a.j.t.JMeterThread: Stopping because end time detected by thread: S2 1-1
2026-10-06 08:11:03,543 INFO o.a.j.t.JMeterThread: Thread finished: S2 1-1
2026-10-06 08:11:03,561 INFO o.a.j.t.JMeterThread: Stopping because end time detected by thread: S2 1-93
2026-10-06 08:11:03,562 INFO o.a.j.t.JMeterThread: Thread finished: S2 1-93
2026-10-06 08:11:03,565 INFO o.a.j.t.JMeterThread: Stopping because end time detected by thread: S2 1-14
2026-10-06 08:11:03,565 INFO o.a.j.t.JMeterThread: Thread finished: S2 1-14
2026-10-06 08:11:03,570 INFO o.a.j.t.JMeterThread: Stopping because end time detected by thread: S2 1-94
2026-10-06 08:11:03,570 INFO o.a.j.t.JMeterThread: Thread finished: S2 1-94
2026-10-06 08:11:03,582 INFO o.a.j.t.JMeterThread: Stopping because end time detected by thread: S2 1-82
2026-10-06 08:11:03,582 INFO o.a.j.t.JMeterThread: Thread finished: S2 1-82
2026-10-06 08:11:03,598 INFO o.a.j.t.JMeterThread: Stopping because end time detected by thread: S2 1-197
2026-10-06 08:11:03,598 INFO o.a.j.t.JMeterThread: Thread finished: S2 1-197
2026-10-06 08:11:03,609 INFO o.a.j.t.JMeterThread: Stopping because end time detected by thread: S2 1-171
2026-10-06 08:11:03,609 INFO o.a.j.t.JMeterThread: Thread finished: S2 1-171
2026-10-06 08:11:03,614 INFO o.a.j.t.JMeterThread: Stopping because end time detected by thread: S2 1-52
2026-10-06 08:11:03,614 INFO o.a.j.t.JMeterThread: Thread finished: S2 1-52
2026-10-06 08:11:03,619 INFO o.a.j.t.JMeterThread: Stopping because end time detected by thread: S2 1-44
2026-10-06 08:11:03,619 INFO o.a.j.t.JMeterThread: Thread finished: S2 1-44
2026-10-06 08:11:03,638 INFO o.a.j.t.JMeterThread: Stopping because end time detected by thread: S2 1-69
2026-10-06 08:11:03,638 INFO o.a.j.t.JMeterThread: Thread finished: S2 1-69
2026-10-06 08:11:03,638 INFO o.a.j.t.JMeterThread: Stopping because end time detected by thread: S2 1-61
2026-10-06 08:11:03,639 INFO o.a.j.t.JMeterThread: Thread finished: S2 1-61
2026-10-06 08:11:03,643 INFO o.a.j.t.JMeterThread: Stopping because end time detected by thread: S2 1-146
2026-10-06 08:11:03,643 INFO o.a.j.t.JMeterThread: Thread finished: S2 1-146
2026-10-06 08:11:03,645 INFO o.a.j.t.JMeterThread: Stopping because end time detected by thread: S2 1-196
2026-10-06 08:11:03,645 INFO o.a.j.t.JMeterThread: Thread finished: S2 1-196
2026-10-06 08:11:03,668 INFO o.a.j.t.JMeterThread: Stopping because end time detected by thread: S2 1-38
2026-10-06 08:11:03,668 INFO o.a.j.t.JMeterThread: Thread finished: S2 1-38
2026-10-06 08:11:03,674 INFO o.a.j.t.JMeterThread: Stopping because end time detected by thread: S2 1-126
2026-10-06 08:11:03,674 INFO o.a.j.t.JMeterThread: Thread finished: S2 1-126
2026-10-06 08:11:03,679 INFO o.a.j.t.JMeterThread: Stopping because end time detected by thread: S2 1-172
2026-10-06 08:11:03,679 INFO o.a.j.t.JMeterThread: Thread finished: S2 1-172
2026-10-06 08:11:03,682 INFO o.a.j.t.JMeterThread: Stopping because end time detected by thread: S2 1-173
2026-10-06 08:11:03,682 INFO o.a.j.t.JMeterThread: Thread finished: S2 1-173
2026-10-06 08:11:03,690 INFO o.a.j.t.JMeterThread: Stopping because end time detected by thread: S2 1-147
2026-10-06 08:11:03,691 INFO o.a.j.t.JMeterThread: Thread finished: S2 1-147
2026-10-06 08:11:03,706 INFO o.a.j.t.JMeterThread: Stopping because end time detected by thread: S2 1-83
2026-10-06 08:11:03,706 INFO o.a.j.t.JMeterThread: Thread finished: S2 1-83
2026-10-06 08:11:03,709 INFO o.a.j.t.JMeterThread: Stopping because end time detected by thread: S2 1-70
2026-10-06 08:11:03,709 INFO o.a.j.t.JMeterThread: Thread finished: S2 1-70
2026-10-06 08:11:03,712 INFO o.a.j.t.JMeterThread: Stopping because end time detected by thread: S2 1-53
2026-10-06 08:11:03,712 INFO o.a.j.t.JMeterThread: Thread finished: S2 1-53
2026-10-06 08:11:03,723 INFO o.a.j.t.JMeterThread: Stopping because end time detected by thread: S2 1-95
2026-10-06 08:11:03,724 INFO o.a.j.t.JMeterThread: Thread finished: S2 1-95
2026-10-06 08:11:03,739 INFO o.a.j.t.JMeterThread: Stopping because end time detected by thread: S2 1-148
2026-10-06 08:11:03,740 INFO o.a.j.t.JMeterThread: Thread finished: S2 1-148
2026-10-06 08:11:03,741 INFO o.a.j.t.JMeterThread: Stopping because end time detected by thread: S2 1-62
2026-10-06 08:11:03,741 INFO o.a.j.t.JMeterThread: Thread finished: S2 1-62
2026-10-06 08:11:03,751 INFO o.a.j.t.JMeterThread: Stopping because end time detected by thread: S2 1-27
2026-10-06 08:11:03,751 INFO o.a.j.t.JMeterThread: Thread finished: S2 1-27
2026-10-06 08:11:03,756 INFO o.a.j.t.JMeterThread: Stopping because end time detected by thread: S2 1-109
2026-10-06 08:11:03,756 INFO o.a.j.t.JMeterThread: Thread finished: S2 1-109
2026-10-06 08:11:03,764 INFO o.a.j.t.JMeterThread: Stopping because end time detected by thread: S2 1-198
2026-10-06 08:11:03,764 INFO o.a.j.t.JMeterThread: Thread finished: S2 1-198
2026-10-06 08:11:03,773 INFO o.a.j.t.JMeterThread: Stopping because end time detected by thread: S2 1-110
2026-10-06 08:11:03,774 INFO o.a.j.t.JMeterThread: Thread finished: S2 1-110
2026-10-06 08:11:03,775 INFO o.a.j.t.JMeterThread: Stopping because end time detected by thread: S2 1-71
2026-10-06 08:11:03,775 INFO o.a.j.t.JMeterThread: Thread finished: S2 1-71
2026-10-06 08:11:03,777 INFO o.a.j.t.JMeterThread: Stopping because end time detected by thread: S2 1-200
2026-10-06 08:11:03,777 INFO o.a.j.t.JMeterThread: Thread finished: S2 1-200
2026-10-06 08:11:03,787 INFO o.a.j.t.JMeterThread: Stopping because end time detected by thread: S2 1-174
2026-10-06 08:11:03,788 INFO o.a.j.t.JMeterThread: Thread finished: S2 1-174
2026-10-06 08:11:03,795 INFO o.a.j.t.JMeterThread: Stopping because end time detected by thread: S2 1-32
2026-10-06 08:11:03,795 INFO o.a.j.t.JMeterThread: Thread finished: S2 1-32
2026-10-06 08:11:03,810 INFO o.a.j.t.JMeterThread: Stopping because end time detected by thread: S2 1-31
2026-10-06 08:11:03,810 INFO o.a.j.t.JMeterThread: Thread finished: S2 1-31
2026-10-06 08:11:03,823 INFO o.a.j.t.JMeterThread: Stopping because end time detected by thread: S2 1-33
2026-10-06 08:11:03,824 INFO o.a.j.t.JMeterThread: Thread finished: S2 1-33
2026-10-06 08:11:03,825 INFO o.a.j.t.JMeterThread: Stopping because end time detected by thread: S2 1-127
2026-10-06 08:11:03,825 INFO o.a.j.t.JMeterThread: Thread finished: S2 1-127
2026-10-06 08:11:03,840 INFO o.a.j.t.JMeterThread: Stopping because end time detected by thread: S2 1-199
2026-10-06 08:11:03,840 INFO o.a.j.t.JMeterThread: Thread finished: S2 1-199
2026-10-06 08:11:03,842 INFO o.a.j.t.JMeterThread: Stopping because end time detected by thread: S2 1-45
2026-10-06 08:11:03,842 INFO o.a.j.t.JMeterThread: Thread finished: S2 1-45
2026-10-06 08:11:03,854 INFO o.a.j.t.JMeterThread: Stopping because end time detected by thread: S2 1-128
2026-10-06 08:11:03,854 INFO o.a.j.t.JMeterThread: Thread finished: S2 1-128
2026-10-06 08:11:03,855 INFO o.a.j.t.JMeterThread: Stopping because end time detected by thread: S2 1-175
2026-10-06 08:11:03,855 INFO o.a.j.t.JMeterThread: Thread finished: S2 1-175
2026-10-06 08:11:03,880 INFO o.a.j.t.JMeterThread: Stopping because end time detected by thread: S2 1-19
2026-10-06 08:11:03,880 INFO o.a.j.t.JMeterThread: Thread finished: S2 1-19
2026-10-06 08:11:03,881 INFO o.a.j.t.JMeterThread: Stopping because end time detected by thread: S2 1-149
2026-10-06 08:11:03,881 INFO o.a.j.t.JMeterThread: Thread finished: S2 1-149
2026-10-06 08:11:03,890 INFO o.a.j.t.JMeterThread: Stopping because end time detected by thread: S2 1-96
2026-10-06 08:11:03,891 INFO o.a.j.t.JMeterThread: Thread finished: S2 1-96
2026-10-06 08:11:03,898 INFO o.a.j.t.JMeterThread: Stopping because end time detected by thread: S2 1-176
2026-10-06 08:11:03,898 INFO o.a.j.t.JMeterThread: Thread finished: S2 1-176
2026-10-06 08:11:03,926 INFO o.a.j.t.JMeterThread: Stopping because end time detected by thread: S2 1-39
2026-10-06 08:11:03,927 INFO o.a.j.t.JMeterThread: Thread finished: S2 1-39
2026-10-06 08:11:03,931 INFO o.a.j.t.JMeterThread: Stopping because end time detected by thread: S2 1-129
2026-10-06 08:11:03,931 INFO o.a.j.t.JMeterThread: Thread finished: S2 1-129
2026-10-06 08:11:03,932 INFO o.a.j.t.JMeterThread: Stopping because end time detected by thread: S2 1-151
2026-10-06 08:11:03,933 INFO o.a.j.t.JMeterThread: Thread finished: S2 1-151
2026-10-06 08:11:03,933 INFO o.a.j.t.JMeterThread: Stopping because end time detected by thread: S2 1-84
2026-10-06 08:11:03,933 INFO o.a.j.t.JMeterThread: Thread finished: S2 1-84
2026-10-06 08:11:03,950 INFO o.a.j.t.JMeterThread: Stopping because end time detected by thread: S2 1-17
2026-10-06 08:11:03,950 INFO o.a.j.t.JMeterThread: Thread finished: S2 1-17
2026-10-06 08:11:03,950 INFO o.a.j.t.JMeterThread: Stopping because end time detected by thread: S2 1-72
2026-10-06 08:11:03,950 INFO o.a.j.t.JMeterThread: Thread finished: S2 1-72
2026-10-06 08:11:03,952 INFO o.a.j.t.JMeterThread: Stopping because end time detected by thread: S2 1-111
2026-10-06 08:11:03,952 INFO o.a.j.t.JMeterThread: Thread finished: S2 1-111
2026-10-06 08:11:03,953 INFO o.a.j.t.JMeterThread: Stopping because end time detected by thread: S2 1-177
2026-10-06 08:11:03,953 INFO o.a.j.t.JMeterThread: Thread finished: S2 1-177
2026-10-06 08:11:03,971 INFO o.a.j.t.JMeterThread: Stopping because end time detected by thread: S2 1-46
2026-10-06 08:11:03,971 INFO o.a.j.t.JMeterThread: Thread finished: S2 1-46
2026-10-06 08:11:03,974 INFO o.a.j.t.JMeterThread: Stopping because end time detected by thread: S2 1-73
2026-10-06 08:11:03,974 INFO o.a.j.t.JMeterThread: Thread finished: S2 1-73
2026-10-06 08:11:03,990 INFO o.a.j.t.JMeterThread: Stopping because end time detected by thread: S2 1-24
2026-10-06 08:11:03,990 INFO o.a.j.t.JMeterThread: Thread finished: S2 1-24
2026-10-06 08:11:03,994 INFO o.a.j.t.JMeterThread: Stopping because end time detected by thread: S2 1-85
2026-10-06 08:11:03,994 INFO o.a.j.t.JMeterThread: Thread finished: S2 1-85
2026-10-06 08:11:04,003 INFO o.a.j.t.JMeterThread: Stopping because end time detected by thread: S2 1-54
2026-10-06 08:11:04,003 INFO o.a.j.t.JMeterThread: Thread finished: S2 1-54
2026-10-06 08:11:04,017 INFO o.a.j.t.JMeterThread: Stopping because end time detected by thread: S2 1-112
2026-10-06 08:11:04,018 INFO o.a.j.t.JMeterThread: Thread finished: S2 1-112
2026-10-06 08:11:04,032 INFO o.a.j.t.JMeterThread: Stopping because end time detected by thread: S2 1-178
2026-10-06 08:11:04,032 INFO o.a.j.t.JMeterThread: Thread finished: S2 1-178
2026-10-06 08:11:04,040 INFO o.a.j.t.JMeterThread: Stopping because end time detected by thread: S2 1-13
2026-10-06 08:11:04,040 INFO o.a.j.t.JMeterThread: Thread finished: S2 1-13
2026-10-06 08:11:04,045 INFO o.a.j.t.JMeterThread: Stopping because end time detected by thread: S2 1-97
2026-10-06 08:11:04,045 INFO o.a.j.t.JMeterThread: Thread finished: S2 1-97
2026-10-06 08:11:04,049 INFO o.a.j.t.JMeterThread: Stopping because end time detected by thread: S2 1-9
2026-10-06 08:11:04,049 INFO o.a.j.t.JMeterThread: Thread finished: S2 1-9
2026-10-06 08:11:04,070 INFO o.a.j.t.JMeterThread: Stopping because end time detected by thread: S2 1-150
2026-10-06 08:11:04,070 INFO o.a.j.t.JMeterThread: Thread finished: S2 1-150
2026-10-06 08:11:04,073 INFO o.a.j.t.JMeterThread: Stopping because end time detected by thread: S2 1-63
2026-10-06 08:11:04,073 INFO o.a.j.t.JMeterThread: Thread finished: S2 1-63
2026-10-06 08:11:04,082 INFO o.a.j.t.JMeterThread: Stopping because end time detected by thread: S2 1-131
2026-10-06 08:11:04,082 INFO o.a.j.t.JMeterThread: Thread finished: S2 1-131
2026-10-06 08:11:04,089 INFO o.a.j.t.JMeterThread: Stopping because end time detected by thread: S2 1-130
2026-10-06 08:11:04,089 INFO o.a.j.t.JMeterThread: Thread finished: S2 1-130
2026-10-06 08:11:04,097 INFO o.a.j.t.JMeterThread: Stopping because end time detected by thread: S2 1-152
2026-10-06 08:11:04,097 INFO o.a.j.t.JMeterThread: Thread finished: S2 1-152
2026-10-06 08:11:04,099 INFO o.a.j.t.JMeterThread: Stopping because end time detected by thread: S2 1-179
2026-10-06 08:11:04,099 INFO o.a.j.t.JMeterThread: Thread finished: S2 1-179
2026-10-06 08:11:04,114 INFO o.a.j.t.JMeterThread: Stopping because end time detected by thread: S2 1-74
2026-10-06 08:11:04,114 INFO o.a.j.t.JMeterThread: Thread finished: S2 1-74
2026-10-06 08:11:04,132 INFO o.a.j.t.JMeterThread: Stopping because end time detected by thread: S2 1-114
2026-10-06 08:11:04,132 INFO o.a.j.t.JMeterThread: Thread finished: S2 1-114
2026-10-06 08:11:04,133 INFO o.a.j.t.JMeterThread: Stopping because end time detected by thread: S2 1-98
2026-10-06 08:11:04,133 INFO o.a.j.t.JMeterThread: Thread finished: S2 1-98
2026-10-06 08:11:04,144 INFO o.a.j.t.JMeterThread: Stopping because end time detected by thread: S2 1-34
2026-10-06 08:11:04,144 INFO o.a.j.t.JMeterThread: Thread finished: S2 1-34
2026-10-06 08:11:04,161 INFO o.a.j.t.JMeterThread: Stopping because end time detected by thread: S2 1-113
2026-10-06 08:11:04,161 INFO o.a.j.t.JMeterThread: Stopping because end time detected by thread: S2 1-8
2026-10-06 08:11:04,161 INFO o.a.j.t.JMeterThread: Thread finished: S2 1-113
2026-10-06 08:11:04,161 INFO o.a.j.t.JMeterThread: Thread finished: S2 1-8
2026-10-06 08:11:04,162 INFO o.a.j.t.JMeterThread: Stopping because end time detected by thread: S2 1-180
2026-10-06 08:11:04,162 INFO o.a.j.t.JMeterThread: Thread finished: S2 1-180
2026-10-06 08:11:04,184 INFO o.a.j.t.JMeterThread: Stopping because end time detected by thread: S2 1-65
2026-10-06 08:11:04,184 INFO o.a.j.t.JMeterThread: Thread finished: S2 1-65
2026-10-06 08:11:04,192 INFO o.a.j.t.JMeterThread: Stopping because end time detected by thread: S2 1-56
2026-10-06 08:11:04,192 INFO o.a.j.t.JMeterThread: Thread finished: S2 1-56
2026-10-06 08:11:04,195 INFO o.a.j.t.JMeterThread: Stopping because end time detected by thread: S2 1-20
2026-10-06 08:11:04,195 INFO o.a.j.t.JMeterThread: Thread finished: S2 1-20
2026-10-06 08:11:04,201 INFO o.a.j.t.JMeterThread: Stopping because end time detected by thread: S2 1-64
2026-10-06 08:11:04,201 INFO o.a.j.t.JMeterThread: Thread finished: S2 1-64
2026-10-06 08:11:04,206 INFO o.a.j.t.JMeterThread: Stopping because end time detected by thread: S2 1-132
2026-10-06 08:11:04,206 INFO o.a.j.t.JMeterThread: Thread finished: S2 1-132
2026-10-06 08:11:04,212 INFO o.a.j.t.JMeterThread: Stopping because end time detected by thread: S2 1-133
2026-10-06 08:11:04,212 INFO o.a.j.t.JMeterThread: Thread finished: S2 1-133
2026-10-06 08:11:04,220 INFO o.a.j.t.JMeterThread: Stopping because end time detected by thread: S2 1-86
2026-10-06 08:11:04,220 INFO o.a.j.t.JMeterThread: Thread finished: S2 1-86
2026-10-06 08:11:04,231 INFO o.a.j.t.JMeterThread: Stopping because end time detected by thread: S2 1-4
2026-10-06 08:11:04,231 INFO o.a.j.t.JMeterThread: Thread finished: S2 1-4
2026-10-06 08:11:04,244 INFO o.a.j.t.JMeterThread: Stopping because end time detected by thread: S2 1-181
2026-10-06 08:11:04,244 INFO o.a.j.t.JMeterThread: Thread finished: S2 1-181
2026-10-06 08:11:04,251 INFO o.a.j.t.JMeterThread: Stopping because end time detected by thread: S2 1-100
2026-10-06 08:11:04,251 INFO o.a.j.t.JMeterThread: Thread finished: S2 1-100
2026-10-06 08:11:04,258 INFO o.a.j.t.JMeterThread: Stopping because end time detected by thread: S2 1-101
2026-10-06 08:11:04,258 INFO o.a.j.t.JMeterThread: Thread finished: S2 1-101
2026-10-06 08:11:04,269 INFO o.a.j.t.JMeterThread: Stopping because end time detected by thread: S2 1-115
2026-10-06 08:11:04,269 INFO o.a.j.t.JMeterThread: Thread finished: S2 1-115
2026-10-06 08:11:04,274 INFO o.a.j.t.JMeterThread: Stopping because end time detected by thread: S2 1-153
2026-10-06 08:11:04,274 INFO o.a.j.t.JMeterThread: Thread finished: S2 1-153
2026-10-06 08:11:04,279 INFO o.a.j.t.JMeterThread: Stopping because end time detected by thread: S2 1-154
2026-10-06 08:11:04,279 INFO o.a.j.t.JMeterThread: Thread finished: S2 1-154
2026-10-06 08:11:04,291 INFO o.a.j.t.JMeterThread: Stopping because end time detected by thread: S2 1-99
2026-10-06 08:11:04,291 INFO o.a.j.t.JMeterThread: Thread finished: S2 1-99
2026-10-06 08:11:04,297 INFO o.a.j.t.JMeterThread: Stopping because end time detected by thread: S2 1-155
2026-10-06 08:11:04,297 INFO o.a.j.t.JMeterThread: Thread finished: S2 1-155
2026-10-06 08:11:04,306 INFO o.a.j.t.JMeterThread: Stopping because end time detected by thread: S2 1-134
2026-10-06 08:11:04,306 INFO o.a.j.t.JMeterThread: Thread finished: S2 1-134
2026-10-06 08:11:04,312 INFO o.a.j.t.JMeterThread: Stopping because end time detected by thread: S2 1-182
2026-10-06 08:11:04,312 INFO o.a.j.t.JMeterThread: Thread finished: S2 1-182
2026-10-06 08:11:04,326 INFO o.a.j.t.JMeterThread: Stopping because end time detected by thread: S2 1-183
2026-10-06 08:11:04,326 INFO o.a.j.t.JMeterThread: Thread finished: S2 1-183
2026-10-06 08:11:04,327 INFO o.a.j.t.JMeterThread: Stopping because end time detected by thread: S2 1-75
2026-10-06 08:11:04,327 INFO o.a.j.t.JMeterThread: Thread finished: S2 1-75
2026-10-06 08:11:04,330 INFO o.a.j.t.JMeterThread: Stopping because end time detected by thread: S2 1-41
2026-10-06 08:11:04,330 INFO o.a.j.t.JMeterThread: Thread finished: S2 1-41
2026-10-06 08:11:04,352 INFO o.a.j.t.JMeterThread: Stopping because end time detected by thread: S2 1-156
2026-10-06 08:11:04,352 INFO o.a.j.t.JMeterThread: Thread finished: S2 1-156
2026-10-06 08:11:04,353 INFO o.a.j.t.JMeterThread: Stopping because end time detected by thread: S2 1-117
2026-10-06 08:11:04,353 INFO o.a.j.t.JMeterThread: Thread finished: S2 1-117
2026-10-06 08:11:04,361 INFO o.a.j.t.JMeterThread: Stopping because end time detected by thread: S2 1-116
2026-10-06 08:11:04,361 INFO o.a.j.t.JMeterThread: Thread finished: S2 1-116
2026-10-06 08:11:04,361 INFO o.a.j.e.StandardJMeterEngine: Notifying test listeners of end of test
2026-10-06 08:11:04,361 INFO o.a.j.s.FileServer: Close: /tests/data/available_menu_items.csv
2026-10-06 08:11:04,364 INFO o.a.j.r.Summariser: summary +    528 in 00:00:04 =  121.2/s Avg:  1605 Min:  1459 Max:  1760 Err:     0 (0.00%) Active: 0 Started: 200 Finished: 200
2026-10-06 08:11:04,364 INFO o.a.j.r.Summariser: summary =   8249 in 00:01:03 =  131.8/s Avg:  1431 Min:    29 Max:  1795 Err:     0 (0.00%)
