2026-10-05 20:05:45,377 INFO o.a.j.u.JMeterUtils: Setting Locale to en_EN
2026-10-05 20:05:45,395 INFO o.a.j.JMeter: Loading user properties from: /opt/jmeter/bin/user.properties
2026-10-05 20:05:45,395 INFO o.a.j.JMeter: Loading system properties from: /opt/jmeter/bin/system.properties
2026-10-05 20:05:45,395 INFO o.a.j.JMeter: Loading additional properties from: /tests/run.properties
2026-10-05 20:05:45,396 INFO o.a.j.JMeter: Loading additional properties from: /tests/data/ranges.properties
2026-10-05 20:05:45,396 INFO o.a.j.JMeter: Setting JMeter property: host=nestjs-nginx
2026-10-05 20:05:45,396 INFO o.a.j.JMeter: Setting JMeter property: port=80
2026-10-05 20:05:45,396 INFO o.a.j.JMeter: Setting JMeter property: rampup=1
2026-10-05 20:05:45,396 INFO o.a.j.JMeter: Setting JMeter property: endpoint=EP2
2026-10-05 20:05:45,396 INFO o.a.j.JMeter: Setting JMeter property: users=10
2026-10-05 20:05:45,396 INFO o.a.j.JMeter: Setting JMeter property: duration=60
2026-10-05 20:05:45,401 INFO o.a.j.JMeter: Copyright (c) 1998-2024 The Apache Software Foundation
2026-10-05 20:05:45,401 INFO o.a.j.JMeter: Version 5.6.3
2026-10-05 20:05:45,401 INFO o.a.j.JMeter: java.version=21.0.12.1
2026-10-05 20:05:45,401 INFO o.a.j.JMeter: java.vm.name=OpenJDK 64-Bit Server VM
2026-10-05 20:05:45,401 INFO o.a.j.JMeter: os.name=Linux
2026-10-05 20:05:45,401 INFO o.a.j.JMeter: os.arch=amd64
2026-10-05 20:05:45,401 INFO o.a.j.JMeter: os.version=6.6.87.2-microsoft-standard-WSL2
2026-10-05 20:05:45,401 INFO o.a.j.JMeter: file.encoding=UTF-8
2026-10-05 20:05:45,401 INFO o.a.j.JMeter: java.awt.headless=true
2026-10-05 20:05:45,401 INFO o.a.j.JMeter: Max memory     =4294967296
2026-10-05 20:05:45,401 INFO o.a.j.JMeter: Available Processors =12
2026-10-05 20:05:45,408 INFO o.a.j.JMeter: Default Locale=English (EN)
2026-10-05 20:05:45,408 INFO o.a.j.JMeter: JMeter  Locale=English (EN)
2026-10-05 20:05:45,408 INFO o.a.j.JMeter: JMeterHome=/opt/jmeter
2026-10-05 20:05:45,408 INFO o.a.j.JMeter: user.dir  =/tests
2026-10-05 20:05:45,408 INFO o.a.j.JMeter: PWD       =/tests
2026-10-05 20:05:45,408 INFO o.a.j.JMeter: IP: 172.19.0.5 Name: e0f3b2de252a FullName: e0f3b2de252a
2026-10-05 20:05:45,416 INFO o.a.j.s.FileServer: Default base='/tests'
2026-10-05 20:05:45,418 INFO o.a.j.s.FileServer: Set new base='/tests'
2026-10-05 20:05:45,555 INFO o.a.j.s.SaveService: Testplan (JMX) version: 2.2. Testlog (JTL) version: 2.2
2026-10-05 20:05:45,575 INFO o.a.j.s.SaveService: Using SaveService properties version 5.0
2026-10-05 20:05:45,577 INFO o.a.j.s.SaveService: Using SaveService properties file encoding UTF-8
2026-10-05 20:05:45,580 INFO o.a.j.s.SaveService: Loading file: /tests/s1.jmx
2026-10-05 20:05:45,619 INFO o.a.j.p.h.s.HTTPSamplerBase: Parser for text/html is org.apache.jmeter.protocol.http.parser.LagartoBasedHtmlParser
2026-10-05 20:05:45,619 INFO o.a.j.p.h.s.HTTPSamplerBase: Parser for application/xhtml+xml is org.apache.jmeter.protocol.http.parser.LagartoBasedHtmlParser
2026-10-05 20:05:45,619 INFO o.a.j.p.h.s.HTTPSamplerBase: Parser for application/xml is org.apache.jmeter.protocol.http.parser.LagartoBasedHtmlParser
2026-10-05 20:05:45,619 INFO o.a.j.p.h.s.HTTPSamplerBase: Parser for text/xml is org.apache.jmeter.protocol.http.parser.LagartoBasedHtmlParser
2026-10-05 20:05:45,619 INFO o.a.j.p.h.s.HTTPSamplerBase: Parser for text/vnd.wap.wml is org.apache.jmeter.protocol.http.parser.RegexpHTMLParser
2026-10-05 20:05:45,620 INFO o.a.j.p.h.s.HTTPSamplerBase: Parser for text/css is org.apache.jmeter.protocol.http.parser.CssParser
2026-10-05 20:05:45,653 INFO o.a.j.JMeter: Creating summariser <summary>
2026-10-05 20:05:45,666 INFO o.a.j.e.StandardJMeterEngine: Running the test!
2026-10-05 20:05:45,666 INFO o.a.j.s.SampleEvent: List of sample_variables: []
2026-10-05 20:05:45,666 INFO o.a.j.s.SampleEvent: List of sample_variables: []
2026-10-05 20:05:45,669 INFO o.a.j.e.u.CompoundVariable: Note: Function class names must contain the string: '.functions.'
2026-10-05 20:05:45,670 INFO o.a.j.e.u.CompoundVariable: Note: Function class names must not contain the string: '.gui.'
2026-10-05 20:05:45,854 INFO o.a.j.JMeter: Running test (1791230745854)
2026-10-05 20:05:45,855 INFO o.a.j.e.StandardJMeterEngine: Starting setUp thread groups
2026-10-05 20:05:45,855 INFO o.a.j.e.StandardJMeterEngine: Starting setUp ThreadGroup: 1 : setUp - login 
2026-10-05 20:05:45,855 INFO o.a.j.e.StandardJMeterEngine: Starting 1 threads for group setUp - login.
2026-10-05 20:05:45,855 INFO o.a.j.e.StandardJMeterEngine: Test will stop abruptly on error
2026-10-05 20:05:45,855 INFO o.a.j.t.ThreadGroup: Starting thread group... number=1 threads=1 ramp-up=1 delayedStart=false
2026-10-05 20:05:45,858 INFO o.a.j.t.ThreadGroup: Started thread group number 1
2026-10-05 20:05:45,858 INFO o.a.j.e.StandardJMeterEngine: Waiting for all setup thread groups to exit
2026-10-05 20:05:45,859 INFO o.a.j.t.JMeterThread: Thread started: setUp - login 1-1
2026-10-05 20:05:45,868 INFO o.a.j.p.h.s.HTTPHCAbstractImpl: Local host = e0f3b2de252a
2026-10-05 20:05:45,872 INFO o.a.j.p.h.s.HTTPHC4Impl: HTTP request retry count = 0
2026-10-05 20:05:45,873 INFO o.a.j.s.SampleResult: Note: Sample TimeStamps are START times
2026-10-05 20:05:45,873 INFO o.a.j.s.SampleResult: sampleresult.default.encoding is set to UTF-8
2026-10-05 20:05:45,873 INFO o.a.j.s.SampleResult: sampleresult.useNanoTime=true
2026-10-05 20:05:45,873 INFO o.a.j.s.SampleResult: sampleresult.nanoThreadSleep=5000
2026-10-05 20:05:46,527 INFO o.a.j.t.JMeterThread: Thread is done: setUp - login 1-1
2026-10-05 20:05:46,527 INFO o.a.j.t.JMeterThread: Thread finished: setUp - login 1-1
2026-10-05 20:05:46,528 INFO o.a.j.e.StandardJMeterEngine: All Setup Threads have ended
2026-10-05 20:05:46,550 INFO o.a.j.e.StandardJMeterEngine: Starting ThreadGroup: 1 : S1
2026-10-05 20:05:46,550 INFO o.a.j.e.StandardJMeterEngine: Starting 10 threads for group S1.
2026-10-05 20:05:46,550 INFO o.a.j.e.StandardJMeterEngine: Thread will continue on error
2026-10-05 20:05:46,551 INFO o.a.j.t.ThreadGroup: Starting thread group... number=1 threads=10 ramp-up=1 delayedStart=false
2026-10-05 20:05:46,553 INFO o.a.j.t.JMeterThread: Thread started: S1 1-1
2026-10-05 20:05:46,559 INFO o.a.j.t.ThreadGroup: Started thread group number 1
2026-10-05 20:05:46,560 INFO o.a.j.e.StandardJMeterEngine: All thread groups have been started
2026-10-05 20:05:46,653 INFO o.a.j.t.JMeterThread: Thread started: S1 1-2
2026-10-05 20:05:46,753 INFO o.a.j.t.JMeterThread: Thread started: S1 1-3
2026-10-05 20:05:46,853 INFO o.a.j.t.JMeterThread: Thread started: S1 1-4
2026-10-05 20:05:46,952 INFO o.a.j.t.JMeterThread: Thread started: S1 1-5
2026-10-05 20:05:47,053 INFO o.a.j.t.JMeterThread: Thread started: S1 1-6
2026-10-05 20:05:47,153 INFO o.a.j.t.JMeterThread: Thread started: S1 1-7
2026-10-05 20:05:47,253 INFO o.a.j.t.JMeterThread: Thread started: S1 1-8
2026-10-05 20:05:47,352 INFO o.a.j.t.JMeterThread: Thread started: S1 1-9
2026-10-05 20:05:47,452 INFO o.a.j.t.JMeterThread: Thread started: S1 1-10
2026-10-05 20:06:00,001 INFO o.a.j.r.Summariser: summary +  31854 in 00:00:14 = 2251.8/s Avg:     4 Min:     1 Max:   267 Err:     0 (0.00%) Active: 10 Started: 10 Finished: 0
2026-10-05 20:06:30,000 INFO o.a.j.r.Summariser: summary +  75844 in 00:00:30 = 2528.1/s Avg:     3 Min:     1 Max:    37 Err:     0 (0.00%) Active: 10 Started: 10 Finished: 0
2026-10-05 20:06:30,001 INFO o.a.j.r.Summariser: summary = 107698 in 00:00:44 = 2439.6/s Avg:     3 Min:     1 Max:   267 Err:     0 (0.00%)
2026-10-05 20:06:46,552 INFO o.a.j.t.JMeterThread: Stopping because end time detected by thread: S1 1-2
2026-10-05 20:06:46,552 INFO o.a.j.t.JMeterThread: Thread finished: S1 1-2
2026-10-05 20:06:46,553 INFO o.a.j.t.JMeterThread: Stopping because end time detected by thread: S1 1-1
2026-10-05 20:06:46,553 INFO o.a.j.t.JMeterThread: Thread finished: S1 1-1
2026-10-05 20:06:46,553 INFO o.a.j.t.JMeterThread: Stopping because end time detected by thread: S1 1-3
2026-10-05 20:06:46,553 INFO o.a.j.t.JMeterThread: Thread finished: S1 1-3
2026-10-05 20:06:46,554 INFO o.a.j.t.JMeterThread: Stopping because end time detected by thread: S1 1-4
2026-10-05 20:06:46,554 INFO o.a.j.t.JMeterThread: Thread finished: S1 1-4
2026-10-05 20:06:46,555 INFO o.a.j.t.JMeterThread: Stopping because end time detected by thread: S1 1-5
2026-10-05 20:06:46,555 INFO o.a.j.t.JMeterThread: Thread finished: S1 1-5
2026-10-05 20:06:46,556 INFO o.a.j.t.JMeterThread: Stopping because end time detected by thread: S1 1-6
2026-10-05 20:06:46,556 INFO o.a.j.t.JMeterThread: Thread finished: S1 1-6
2026-10-05 20:06:46,558 INFO o.a.j.t.JMeterThread: Stopping because end time detected by thread: S1 1-9
2026-10-05 20:06:46,558 INFO o.a.j.t.JMeterThread: Thread finished: S1 1-9
2026-10-05 20:06:46,558 INFO o.a.j.t.JMeterThread: Stopping because end time detected by thread: S1 1-8
2026-10-05 20:06:46,558 INFO o.a.j.t.JMeterThread: Thread finished: S1 1-8
2026-10-05 20:06:46,559 INFO o.a.j.t.JMeterThread: Stopping because end time detected by thread: S1 1-10
2026-10-05 20:06:46,559 INFO o.a.j.t.JMeterThread: Thread finished: S1 1-10
2026-10-05 20:06:46,563 INFO o.a.j.t.JMeterThread: Stopping because end time detected by thread: S1 1-7
2026-10-05 20:06:46,563 INFO o.a.j.t.JMeterThread: Thread finished: S1 1-7
2026-10-05 20:06:46,563 INFO o.a.j.e.StandardJMeterEngine: Notifying test listeners of end of test
2026-10-05 20:06:46,566 INFO o.a.j.r.Summariser: summary +  42080 in 00:00:17 = 2540.1/s Avg:     3 Min:     1 Max:    45 Err:     0 (0.00%) Active: 0 Started: 10 Finished: 10
2026-10-05 20:06:46,566 INFO o.a.j.r.Summariser: summary = 149778 in 00:01:01 = 2467.0/s Avg:     3 Min:     1 Max:   267 Err:     0 (0.00%)
