2026-10-05 20:04:40,660 INFO o.a.j.u.JMeterUtils: Setting Locale to en_EN
2026-10-05 20:04:40,677 INFO o.a.j.JMeter: Loading user properties from: /opt/jmeter/bin/user.properties
2026-10-05 20:04:40,678 INFO o.a.j.JMeter: Loading system properties from: /opt/jmeter/bin/system.properties
2026-10-05 20:04:40,678 INFO o.a.j.JMeter: Loading additional properties from: /tests/run.properties
2026-10-05 20:04:40,678 INFO o.a.j.JMeter: Loading additional properties from: /tests/data/ranges.properties
2026-10-05 20:04:40,678 INFO o.a.j.JMeter: Setting JMeter property: host=nestjs-nginx
2026-10-05 20:04:40,678 INFO o.a.j.JMeter: Setting JMeter property: port=80
2026-10-05 20:04:40,678 INFO o.a.j.JMeter: Setting JMeter property: rampup=1
2026-10-05 20:04:40,678 INFO o.a.j.JMeter: Setting JMeter property: endpoint=EP2
2026-10-05 20:04:40,679 INFO o.a.j.JMeter: Setting JMeter property: users=10
2026-10-05 20:04:40,679 INFO o.a.j.JMeter: Setting JMeter property: duration=60
2026-10-05 20:04:40,683 INFO o.a.j.JMeter: Copyright (c) 1998-2024 The Apache Software Foundation
2026-10-05 20:04:40,683 INFO o.a.j.JMeter: Version 5.6.3
2026-10-05 20:04:40,683 INFO o.a.j.JMeter: java.version=21.0.12.1
2026-10-05 20:04:40,683 INFO o.a.j.JMeter: java.vm.name=OpenJDK 64-Bit Server VM
2026-10-05 20:04:40,683 INFO o.a.j.JMeter: os.name=Linux
2026-10-05 20:04:40,684 INFO o.a.j.JMeter: os.arch=amd64
2026-10-05 20:04:40,684 INFO o.a.j.JMeter: os.version=6.6.87.2-microsoft-standard-WSL2
2026-10-05 20:04:40,684 INFO o.a.j.JMeter: file.encoding=UTF-8
2026-10-05 20:04:40,684 INFO o.a.j.JMeter: java.awt.headless=true
2026-10-05 20:04:40,684 INFO o.a.j.JMeter: Max memory     =4294967296
2026-10-05 20:04:40,684 INFO o.a.j.JMeter: Available Processors =12
2026-10-05 20:04:40,690 INFO o.a.j.JMeter: Default Locale=English (EN)
2026-10-05 20:04:40,690 INFO o.a.j.JMeter: JMeter  Locale=English (EN)
2026-10-05 20:04:40,690 INFO o.a.j.JMeter: JMeterHome=/opt/jmeter
2026-10-05 20:04:40,690 INFO o.a.j.JMeter: user.dir  =/tests
2026-10-05 20:04:40,690 INFO o.a.j.JMeter: PWD       =/tests
2026-10-05 20:04:40,691 INFO o.a.j.JMeter: IP: 172.19.0.5 Name: 05a8d028715c FullName: 05a8d028715c
2026-10-05 20:04:40,699 INFO o.a.j.s.FileServer: Default base='/tests'
2026-10-05 20:04:40,700 INFO o.a.j.s.FileServer: Set new base='/tests'
2026-10-05 20:04:40,830 INFO o.a.j.s.SaveService: Testplan (JMX) version: 2.2. Testlog (JTL) version: 2.2
2026-10-05 20:04:40,849 INFO o.a.j.s.SaveService: Using SaveService properties version 5.0
2026-10-05 20:04:40,851 INFO o.a.j.s.SaveService: Using SaveService properties file encoding UTF-8
2026-10-05 20:04:40,854 INFO o.a.j.s.SaveService: Loading file: /tests/s1.jmx
2026-10-05 20:04:40,893 INFO o.a.j.p.h.s.HTTPSamplerBase: Parser for text/html is org.apache.jmeter.protocol.http.parser.LagartoBasedHtmlParser
2026-10-05 20:04:40,893 INFO o.a.j.p.h.s.HTTPSamplerBase: Parser for application/xhtml+xml is org.apache.jmeter.protocol.http.parser.LagartoBasedHtmlParser
2026-10-05 20:04:40,893 INFO o.a.j.p.h.s.HTTPSamplerBase: Parser for application/xml is org.apache.jmeter.protocol.http.parser.LagartoBasedHtmlParser
2026-10-05 20:04:40,893 INFO o.a.j.p.h.s.HTTPSamplerBase: Parser for text/xml is org.apache.jmeter.protocol.http.parser.LagartoBasedHtmlParser
2026-10-05 20:04:40,893 INFO o.a.j.p.h.s.HTTPSamplerBase: Parser for text/vnd.wap.wml is org.apache.jmeter.protocol.http.parser.RegexpHTMLParser
2026-10-05 20:04:40,894 INFO o.a.j.p.h.s.HTTPSamplerBase: Parser for text/css is org.apache.jmeter.protocol.http.parser.CssParser
2026-10-05 20:04:40,926 INFO o.a.j.JMeter: Creating summariser <summary>
2026-10-05 20:04:40,938 INFO o.a.j.e.StandardJMeterEngine: Running the test!
2026-10-05 20:04:40,939 INFO o.a.j.s.SampleEvent: List of sample_variables: []
2026-10-05 20:04:40,939 INFO o.a.j.s.SampleEvent: List of sample_variables: []
2026-10-05 20:04:40,942 INFO o.a.j.e.u.CompoundVariable: Note: Function class names must contain the string: '.functions.'
2026-10-05 20:04:40,942 INFO o.a.j.e.u.CompoundVariable: Note: Function class names must not contain the string: '.gui.'
2026-10-05 20:04:41,122 INFO o.a.j.JMeter: Running test (1791230681122)
2026-10-05 20:04:41,123 INFO o.a.j.e.StandardJMeterEngine: Starting setUp thread groups
2026-10-05 20:04:41,123 INFO o.a.j.e.StandardJMeterEngine: Starting setUp ThreadGroup: 1 : setUp - login 
2026-10-05 20:04:41,123 INFO o.a.j.e.StandardJMeterEngine: Starting 1 threads for group setUp - login.
2026-10-05 20:04:41,123 INFO o.a.j.e.StandardJMeterEngine: Test will stop abruptly on error
2026-10-05 20:04:41,123 INFO o.a.j.t.ThreadGroup: Starting thread group... number=1 threads=1 ramp-up=1 delayedStart=false
2026-10-05 20:04:41,126 INFO o.a.j.t.ThreadGroup: Started thread group number 1
2026-10-05 20:04:41,126 INFO o.a.j.e.StandardJMeterEngine: Waiting for all setup thread groups to exit
2026-10-05 20:04:41,127 INFO o.a.j.t.JMeterThread: Thread started: setUp - login 1-1
2026-10-05 20:04:41,136 INFO o.a.j.p.h.s.HTTPHCAbstractImpl: Local host = 05a8d028715c
2026-10-05 20:04:41,140 INFO o.a.j.p.h.s.HTTPHC4Impl: HTTP request retry count = 0
2026-10-05 20:04:41,141 INFO o.a.j.s.SampleResult: Note: Sample TimeStamps are START times
2026-10-05 20:04:41,141 INFO o.a.j.s.SampleResult: sampleresult.default.encoding is set to UTF-8
2026-10-05 20:04:41,141 INFO o.a.j.s.SampleResult: sampleresult.useNanoTime=true
2026-10-05 20:04:41,142 INFO o.a.j.s.SampleResult: sampleresult.nanoThreadSleep=5000
2026-10-05 20:04:41,835 INFO o.a.j.t.JMeterThread: Thread is done: setUp - login 1-1
2026-10-05 20:04:41,835 INFO o.a.j.t.JMeterThread: Thread finished: setUp - login 1-1
2026-10-05 20:04:41,836 INFO o.a.j.e.StandardJMeterEngine: All Setup Threads have ended
2026-10-05 20:04:41,857 INFO o.a.j.e.StandardJMeterEngine: Starting ThreadGroup: 1 : S1
2026-10-05 20:04:41,857 INFO o.a.j.e.StandardJMeterEngine: Starting 10 threads for group S1.
2026-10-05 20:04:41,857 INFO o.a.j.e.StandardJMeterEngine: Thread will continue on error
2026-10-05 20:04:41,857 INFO o.a.j.t.ThreadGroup: Starting thread group... number=1 threads=10 ramp-up=1 delayedStart=false
2026-10-05 20:04:41,859 INFO o.a.j.t.JMeterThread: Thread started: S1 1-1
2026-10-05 20:04:41,865 INFO o.a.j.t.ThreadGroup: Started thread group number 1
2026-10-05 20:04:41,865 INFO o.a.j.e.StandardJMeterEngine: All thread groups have been started
2026-10-05 20:04:41,959 INFO o.a.j.t.JMeterThread: Thread started: S1 1-2
2026-10-05 20:04:42,059 INFO o.a.j.t.JMeterThread: Thread started: S1 1-3
2026-10-05 20:04:42,159 INFO o.a.j.t.JMeterThread: Thread started: S1 1-4
2026-10-05 20:04:42,260 INFO o.a.j.t.JMeterThread: Thread started: S1 1-5
2026-10-05 20:04:42,359 INFO o.a.j.t.JMeterThread: Thread started: S1 1-6
2026-10-05 20:04:42,459 INFO o.a.j.t.JMeterThread: Thread started: S1 1-7
2026-10-05 20:04:42,559 INFO o.a.j.t.JMeterThread: Thread started: S1 1-8
2026-10-05 20:04:42,659 INFO o.a.j.t.JMeterThread: Thread started: S1 1-9
2026-10-05 20:04:42,760 INFO o.a.j.t.JMeterThread: Thread started: S1 1-10
2026-10-05 20:05:00,001 INFO o.a.j.r.Summariser: summary +  36665 in 00:00:19 = 1942.2/s Avg:     4 Min:     1 Max:   284 Err:     0 (0.00%) Active: 10 Started: 10 Finished: 0
2026-10-05 20:05:30,000 INFO o.a.j.r.Summariser: summary +  72533 in 00:00:30 = 2417.8/s Avg:     4 Min:     1 Max:    48 Err:     0 (0.00%) Active: 10 Started: 10 Finished: 0
2026-10-05 20:05:30,000 INFO o.a.j.r.Summariser: summary = 109198 in 00:00:49 = 2234.1/s Avg:     4 Min:     1 Max:   284 Err:     0 (0.00%)
2026-10-05 20:05:41,864 INFO o.a.j.t.JMeterThread: Stopping because end time detected by thread: S1 1-2
2026-10-05 20:05:41,865 INFO o.a.j.t.JMeterThread: Thread finished: S1 1-2
2026-10-05 20:05:41,865 INFO o.a.j.t.JMeterThread: Stopping because end time detected by thread: S1 1-5
2026-10-05 20:05:41,865 INFO o.a.j.t.JMeterThread: Thread finished: S1 1-5
2026-10-05 20:05:41,865 INFO o.a.j.t.JMeterThread: Stopping because end time detected by thread: S1 1-4
2026-10-05 20:05:41,865 INFO o.a.j.t.JMeterThread: Thread finished: S1 1-4
2026-10-05 20:05:41,866 INFO o.a.j.t.JMeterThread: Stopping because end time detected by thread: S1 1-6
2026-10-05 20:05:41,866 INFO o.a.j.t.JMeterThread: Stopping because end time detected by thread: S1 1-3
2026-10-05 20:05:41,866 INFO o.a.j.t.JMeterThread: Thread finished: S1 1-6
2026-10-05 20:05:41,866 INFO o.a.j.t.JMeterThread: Stopping because end time detected by thread: S1 1-7
2026-10-05 20:05:41,866 INFO o.a.j.t.JMeterThread: Thread finished: S1 1-3
2026-10-05 20:05:41,866 INFO o.a.j.t.JMeterThread: Thread finished: S1 1-7
2026-10-05 20:05:41,867 INFO o.a.j.t.JMeterThread: Stopping because end time detected by thread: S1 1-8
2026-10-05 20:05:41,867 INFO o.a.j.t.JMeterThread: Thread finished: S1 1-8
2026-10-05 20:05:41,867 INFO o.a.j.t.JMeterThread: Stopping because end time detected by thread: S1 1-1
2026-10-05 20:05:41,867 INFO o.a.j.t.JMeterThread: Thread finished: S1 1-1
2026-10-05 20:05:41,867 INFO o.a.j.t.JMeterThread: Stopping because end time detected by thread: S1 1-10
2026-10-05 20:05:41,867 INFO o.a.j.t.JMeterThread: Thread finished: S1 1-10
2026-10-05 20:05:41,868 INFO o.a.j.t.JMeterThread: Stopping because end time detected by thread: S1 1-9
2026-10-05 20:05:41,868 INFO o.a.j.t.JMeterThread: Thread finished: S1 1-9
2026-10-05 20:05:41,868 INFO o.a.j.e.StandardJMeterEngine: Notifying test listeners of end of test
2026-10-05 20:05:41,870 INFO o.a.j.r.Summariser: summary +  30201 in 00:00:12 = 2544.3/s Avg:     3 Min:     1 Max:    31 Err:     0 (0.00%) Active: 0 Started: 10 Finished: 10
2026-10-05 20:05:41,870 INFO o.a.j.r.Summariser: summary = 139399 in 00:01:01 = 2294.7/s Avg:     4 Min:     1 Max:   284 Err:     0 (0.00%)
