2026-10-07 19:22:13,036 INFO o.a.j.u.JMeterUtils: Setting Locale to en_EN
2026-10-07 19:22:13,056 INFO o.a.j.JMeter: Loading user properties from: /opt/jmeter/bin/user.properties
2026-10-07 19:22:13,056 INFO o.a.j.JMeter: Loading system properties from: /opt/jmeter/bin/system.properties
2026-10-07 19:22:13,057 INFO o.a.j.JMeter: Loading additional properties from: /tests/run.properties
2026-10-07 19:22:13,057 INFO o.a.j.JMeter: Loading additional properties from: /tests/data/ranges.properties
2026-10-07 19:22:13,057 INFO o.a.j.JMeter: Setting JMeter property: host=laravel-nginx
2026-10-07 19:22:13,057 INFO o.a.j.JMeter: Setting JMeter property: port=80
2026-10-07 19:22:13,057 INFO o.a.j.JMeter: Setting JMeter property: rampup=10
2026-10-07 19:22:13,057 INFO o.a.j.JMeter: Setting JMeter property: endpoint=EP4
2026-10-07 19:22:13,057 INFO o.a.j.JMeter: Setting JMeter property: users=2
2026-10-07 19:22:13,057 INFO o.a.j.JMeter: Setting JMeter property: duration=60
2026-10-07 19:22:13,062 INFO o.a.j.JMeter: Copyright (c) 1998-2024 The Apache Software Foundation
2026-10-07 19:22:13,062 INFO o.a.j.JMeter: Version 5.6.3
2026-10-07 19:22:13,062 INFO o.a.j.JMeter: java.version=21.0.12.1
2026-10-07 19:22:13,062 INFO o.a.j.JMeter: java.vm.name=OpenJDK 64-Bit Server VM
2026-10-07 19:22:13,062 INFO o.a.j.JMeter: os.name=Linux
2026-10-07 19:22:13,062 INFO o.a.j.JMeter: os.arch=amd64
2026-10-07 19:22:13,062 INFO o.a.j.JMeter: os.version=6.6.87.2-microsoft-standard-WSL2
2026-10-07 19:22:13,062 INFO o.a.j.JMeter: file.encoding=UTF-8
2026-10-07 19:22:13,062 INFO o.a.j.JMeter: java.awt.headless=true
2026-10-07 19:22:13,062 INFO o.a.j.JMeter: Max memory     =4294967296
2026-10-07 19:22:13,063 INFO o.a.j.JMeter: Available Processors =12
2026-10-07 19:22:13,069 INFO o.a.j.JMeter: Default Locale=English (EN)
2026-10-07 19:22:13,069 INFO o.a.j.JMeter: JMeter  Locale=English (EN)
2026-10-07 19:22:13,070 INFO o.a.j.JMeter: JMeterHome=/opt/jmeter
2026-10-07 19:22:13,070 INFO o.a.j.JMeter: user.dir  =/tests
2026-10-07 19:22:13,070 INFO o.a.j.JMeter: PWD       =/tests
2026-10-07 19:22:13,070 INFO o.a.j.JMeter: IP: 172.19.0.5 Name: 4d70c2f829d2 FullName: 4d70c2f829d2
2026-10-07 19:22:13,079 INFO o.a.j.s.FileServer: Default base='/tests'
2026-10-07 19:22:13,081 INFO o.a.j.s.FileServer: Set new base='/tests'
2026-10-07 19:22:13,222 INFO o.a.j.s.SaveService: Testplan (JMX) version: 2.2. Testlog (JTL) version: 2.2
2026-10-07 19:22:13,243 INFO o.a.j.s.SaveService: Using SaveService properties version 5.0
2026-10-07 19:22:13,246 INFO o.a.j.s.SaveService: Using SaveService properties file encoding UTF-8
2026-10-07 19:22:13,249 INFO o.a.j.s.SaveService: Loading file: /tests/s3.jmx
2026-10-07 19:22:13,288 INFO o.a.j.p.h.s.HTTPSamplerBase: Parser for text/html is org.apache.jmeter.protocol.http.parser.LagartoBasedHtmlParser
2026-10-07 19:22:13,289 INFO o.a.j.p.h.s.HTTPSamplerBase: Parser for application/xhtml+xml is org.apache.jmeter.protocol.http.parser.LagartoBasedHtmlParser
2026-10-07 19:22:13,289 INFO o.a.j.p.h.s.HTTPSamplerBase: Parser for application/xml is org.apache.jmeter.protocol.http.parser.LagartoBasedHtmlParser
2026-10-07 19:22:13,289 INFO o.a.j.p.h.s.HTTPSamplerBase: Parser for text/xml is org.apache.jmeter.protocol.http.parser.LagartoBasedHtmlParser
2026-10-07 19:22:13,289 INFO o.a.j.p.h.s.HTTPSamplerBase: Parser for text/vnd.wap.wml is org.apache.jmeter.protocol.http.parser.RegexpHTMLParser
2026-10-07 19:22:13,289 INFO o.a.j.p.h.s.HTTPSamplerBase: Parser for text/css is org.apache.jmeter.protocol.http.parser.CssParser
2026-10-07 19:22:13,324 INFO o.a.j.JMeter: Creating summariser <summary>
2026-10-07 19:22:13,338 INFO o.a.j.e.StandardJMeterEngine: Running the test!
2026-10-07 19:22:13,338 INFO o.a.j.s.SampleEvent: List of sample_variables: []
2026-10-07 19:22:13,338 INFO o.a.j.s.SampleEvent: List of sample_variables: []
2026-10-07 19:22:13,342 INFO o.a.j.e.u.CompoundVariable: Note: Function class names must contain the string: '.functions.'
2026-10-07 19:22:13,342 INFO o.a.j.e.u.CompoundVariable: Note: Function class names must not contain the string: '.gui.'
2026-10-07 19:22:13,536 INFO o.a.j.JMeter: Running test (1791400933536)
2026-10-07 19:22:13,538 INFO o.a.j.e.StandardJMeterEngine: Starting setUp thread groups
2026-10-07 19:22:13,538 INFO o.a.j.e.StandardJMeterEngine: Starting setUp ThreadGroup: 1 : setUp - login 
2026-10-07 19:22:13,538 INFO o.a.j.e.StandardJMeterEngine: Starting 1 threads for group setUp - login.
2026-10-07 19:22:13,538 INFO o.a.j.e.StandardJMeterEngine: Test will stop abruptly on error
2026-10-07 19:22:13,538 INFO o.a.j.t.ThreadGroup: Starting thread group... number=1 threads=1 ramp-up=1 delayedStart=false
2026-10-07 19:22:13,541 INFO o.a.j.t.ThreadGroup: Started thread group number 1
2026-10-07 19:22:13,541 INFO o.a.j.e.StandardJMeterEngine: Waiting for all setup thread groups to exit
2026-10-07 19:22:13,542 INFO o.a.j.t.JMeterThread: Thread started: setUp - login 1-1
2026-10-07 19:22:13,552 INFO o.a.j.p.h.s.HTTPHCAbstractImpl: Local host = 4d70c2f829d2
2026-10-07 19:22:13,556 INFO o.a.j.p.h.s.HTTPHC4Impl: HTTP request retry count = 0
2026-10-07 19:22:13,557 INFO o.a.j.s.SampleResult: Note: Sample TimeStamps are START times
2026-10-07 19:22:13,557 INFO o.a.j.s.SampleResult: sampleresult.default.encoding is set to UTF-8
2026-10-07 19:22:13,557 INFO o.a.j.s.SampleResult: sampleresult.useNanoTime=true
2026-10-07 19:22:13,557 INFO o.a.j.s.SampleResult: sampleresult.nanoThreadSleep=5000
2026-10-07 19:22:14,291 INFO o.a.j.t.JMeterThread: Thread is done: setUp - login 1-1
2026-10-07 19:22:14,291 INFO o.a.j.t.JMeterThread: Thread finished: setUp - login 1-1
2026-10-07 19:22:14,292 INFO o.a.j.e.StandardJMeterEngine: All Setup Threads have ended
2026-10-07 19:22:14,313 INFO o.a.j.e.StandardJMeterEngine: Starting ThreadGroup: 1 : S3
2026-10-07 19:22:14,313 INFO o.a.j.e.StandardJMeterEngine: Starting 2 threads for group S3.
2026-10-07 19:22:14,313 INFO o.a.j.e.StandardJMeterEngine: Thread will continue on error
2026-10-07 19:22:14,313 INFO o.a.j.t.ThreadGroup: Starting thread group... number=1 threads=2 ramp-up=10 delayedStart=false
2026-10-07 19:22:14,316 INFO o.a.j.t.JMeterThread: Thread started: S3 1-1
2026-10-07 19:22:14,316 INFO o.a.j.t.ThreadGroup: Started thread group number 1
2026-10-07 19:22:14,316 INFO o.a.j.e.StandardJMeterEngine: All thread groups have been started
2026-10-07 19:22:19,316 INFO o.a.j.t.JMeterThread: Thread started: S3 1-2
2026-10-07 19:22:30,009 INFO o.a.j.r.Summariser: summary +   2826 in 00:00:16 =  171.6/s Avg:     9 Min:     7 Max:   202 Err:     0 (0.00%) Active: 2 Started: 2 Finished: 0
2026-10-07 19:23:00,004 INFO o.a.j.r.Summariser: summary +   6611 in 00:00:30 =  220.4/s Avg:     8 Min:     7 Max:    19 Err:     0 (0.00%) Active: 2 Started: 2 Finished: 0
2026-10-07 19:23:00,004 INFO o.a.j.r.Summariser: summary =   9437 in 00:00:46 =  203.1/s Avg:     9 Min:     7 Max:   202 Err:     0 (0.00%)
2026-10-07 19:23:14,314 INFO o.a.j.t.JMeterThread: Stopping because end time detected by thread: S3 1-1
2026-10-07 19:23:14,314 INFO o.a.j.t.JMeterThread: Thread finished: S3 1-1
2026-10-07 19:23:14,322 INFO o.a.j.t.JMeterThread: Stopping because end time detected by thread: S3 1-2
2026-10-07 19:23:14,322 INFO o.a.j.t.JMeterThread: Thread finished: S3 1-2
2026-10-07 19:23:14,323 INFO o.a.j.e.StandardJMeterEngine: Notifying test listeners of end of test
2026-10-07 19:23:14,326 INFO o.a.j.r.Summariser: summary +   3141 in 00:00:14 =  219.3/s Avg:     8 Min:     7 Max:    20 Err:     0 (0.00%) Active: 0 Started: 2 Finished: 2
2026-10-07 19:23:14,326 INFO o.a.j.r.Summariser: summary =  12578 in 00:01:01 =  206.9/s Avg:     9 Min:     7 Max:   202 Err:     0 (0.00%)
