2026-10-07 19:18:39,239 INFO o.a.j.u.JMeterUtils: Setting Locale to en_EN
2026-10-07 19:18:39,258 INFO o.a.j.JMeter: Loading user properties from: /opt/jmeter/bin/user.properties
2026-10-07 19:18:39,258 INFO o.a.j.JMeter: Loading system properties from: /opt/jmeter/bin/system.properties
2026-10-07 19:18:39,258 INFO o.a.j.JMeter: Loading additional properties from: /tests/run.properties
2026-10-07 19:18:39,258 INFO o.a.j.JMeter: Loading additional properties from: /tests/data/ranges.properties
2026-10-07 19:18:39,259 INFO o.a.j.JMeter: Setting JMeter property: host=nestjs-nginx
2026-10-07 19:18:39,259 INFO o.a.j.JMeter: Setting JMeter property: port=80
2026-10-07 19:18:39,259 INFO o.a.j.JMeter: Setting JMeter property: rampup=10
2026-10-07 19:18:39,259 INFO o.a.j.JMeter: Setting JMeter property: endpoint=EP4
2026-10-07 19:18:39,259 INFO o.a.j.JMeter: Setting JMeter property: users=2
2026-10-07 19:18:39,259 INFO o.a.j.JMeter: Setting JMeter property: duration=60
2026-10-07 19:18:39,263 INFO o.a.j.JMeter: Copyright (c) 1998-2024 The Apache Software Foundation
2026-10-07 19:18:39,263 INFO o.a.j.JMeter: Version 5.6.3
2026-10-07 19:18:39,263 INFO o.a.j.JMeter: java.version=21.0.12.1
2026-10-07 19:18:39,263 INFO o.a.j.JMeter: java.vm.name=OpenJDK 64-Bit Server VM
2026-10-07 19:18:39,264 INFO o.a.j.JMeter: os.name=Linux
2026-10-07 19:18:39,264 INFO o.a.j.JMeter: os.arch=amd64
2026-10-07 19:18:39,264 INFO o.a.j.JMeter: os.version=6.6.87.2-microsoft-standard-WSL2
2026-10-07 19:18:39,264 INFO o.a.j.JMeter: file.encoding=UTF-8
2026-10-07 19:18:39,264 INFO o.a.j.JMeter: java.awt.headless=true
2026-10-07 19:18:39,264 INFO o.a.j.JMeter: Max memory     =4294967296
2026-10-07 19:18:39,264 INFO o.a.j.JMeter: Available Processors =12
2026-10-07 19:18:39,270 INFO o.a.j.JMeter: Default Locale=English (EN)
2026-10-07 19:18:39,270 INFO o.a.j.JMeter: JMeter  Locale=English (EN)
2026-10-07 19:18:39,271 INFO o.a.j.JMeter: JMeterHome=/opt/jmeter
2026-10-07 19:18:39,271 INFO o.a.j.JMeter: user.dir  =/tests
2026-10-07 19:18:39,271 INFO o.a.j.JMeter: PWD       =/tests
2026-10-07 19:18:39,271 INFO o.a.j.JMeter: IP: 172.19.0.5 Name: 4fd96f6610d0 FullName: 4fd96f6610d0
2026-10-07 19:18:39,280 INFO o.a.j.s.FileServer: Default base='/tests'
2026-10-07 19:18:39,281 INFO o.a.j.s.FileServer: Set new base='/tests'
2026-10-07 19:18:39,428 INFO o.a.j.s.SaveService: Testplan (JMX) version: 2.2. Testlog (JTL) version: 2.2
2026-10-07 19:18:39,448 INFO o.a.j.s.SaveService: Using SaveService properties version 5.0
2026-10-07 19:18:39,450 INFO o.a.j.s.SaveService: Using SaveService properties file encoding UTF-8
2026-10-07 19:18:39,453 INFO o.a.j.s.SaveService: Loading file: /tests/s3.jmx
2026-10-07 19:18:39,491 INFO o.a.j.p.h.s.HTTPSamplerBase: Parser for text/html is org.apache.jmeter.protocol.http.parser.LagartoBasedHtmlParser
2026-10-07 19:18:39,492 INFO o.a.j.p.h.s.HTTPSamplerBase: Parser for application/xhtml+xml is org.apache.jmeter.protocol.http.parser.LagartoBasedHtmlParser
2026-10-07 19:18:39,492 INFO o.a.j.p.h.s.HTTPSamplerBase: Parser for application/xml is org.apache.jmeter.protocol.http.parser.LagartoBasedHtmlParser
2026-10-07 19:18:39,492 INFO o.a.j.p.h.s.HTTPSamplerBase: Parser for text/xml is org.apache.jmeter.protocol.http.parser.LagartoBasedHtmlParser
2026-10-07 19:18:39,492 INFO o.a.j.p.h.s.HTTPSamplerBase: Parser for text/vnd.wap.wml is org.apache.jmeter.protocol.http.parser.RegexpHTMLParser
2026-10-07 19:18:39,492 INFO o.a.j.p.h.s.HTTPSamplerBase: Parser for text/css is org.apache.jmeter.protocol.http.parser.CssParser
2026-10-07 19:18:39,526 INFO o.a.j.JMeter: Creating summariser <summary>
2026-10-07 19:18:39,539 INFO o.a.j.e.StandardJMeterEngine: Running the test!
2026-10-07 19:18:39,539 INFO o.a.j.s.SampleEvent: List of sample_variables: []
2026-10-07 19:18:39,540 INFO o.a.j.s.SampleEvent: List of sample_variables: []
2026-10-07 19:18:39,543 INFO o.a.j.e.u.CompoundVariable: Note: Function class names must contain the string: '.functions.'
2026-10-07 19:18:39,543 INFO o.a.j.e.u.CompoundVariable: Note: Function class names must not contain the string: '.gui.'
2026-10-07 19:18:39,733 INFO o.a.j.JMeter: Running test (1791400719733)
2026-10-07 19:18:39,734 INFO o.a.j.e.StandardJMeterEngine: Starting setUp thread groups
2026-10-07 19:18:39,734 INFO o.a.j.e.StandardJMeterEngine: Starting setUp ThreadGroup: 1 : setUp - login 
2026-10-07 19:18:39,734 INFO o.a.j.e.StandardJMeterEngine: Starting 1 threads for group setUp - login.
2026-10-07 19:18:39,734 INFO o.a.j.e.StandardJMeterEngine: Test will stop abruptly on error
2026-10-07 19:18:39,735 INFO o.a.j.t.ThreadGroup: Starting thread group... number=1 threads=1 ramp-up=1 delayedStart=false
2026-10-07 19:18:39,737 INFO o.a.j.t.ThreadGroup: Started thread group number 1
2026-10-07 19:18:39,737 INFO o.a.j.e.StandardJMeterEngine: Waiting for all setup thread groups to exit
2026-10-07 19:18:39,738 INFO o.a.j.t.JMeterThread: Thread started: setUp - login 1-1
2026-10-07 19:18:39,748 INFO o.a.j.p.h.s.HTTPHCAbstractImpl: Local host = 4fd96f6610d0
2026-10-07 19:18:39,753 INFO o.a.j.p.h.s.HTTPHC4Impl: HTTP request retry count = 0
2026-10-07 19:18:39,754 INFO o.a.j.s.SampleResult: Note: Sample TimeStamps are START times
2026-10-07 19:18:39,754 INFO o.a.j.s.SampleResult: sampleresult.default.encoding is set to UTF-8
2026-10-07 19:18:39,754 INFO o.a.j.s.SampleResult: sampleresult.useNanoTime=true
2026-10-07 19:18:39,754 INFO o.a.j.s.SampleResult: sampleresult.nanoThreadSleep=5000
2026-10-07 19:18:40,505 INFO o.a.j.t.JMeterThread: Thread is done: setUp - login 1-1
2026-10-07 19:18:40,505 INFO o.a.j.t.JMeterThread: Thread finished: setUp - login 1-1
2026-10-07 19:18:40,506 INFO o.a.j.e.StandardJMeterEngine: All Setup Threads have ended
2026-10-07 19:18:40,527 INFO o.a.j.e.StandardJMeterEngine: Starting ThreadGroup: 1 : S3
2026-10-07 19:18:40,527 INFO o.a.j.e.StandardJMeterEngine: Starting 2 threads for group S3.
2026-10-07 19:18:40,527 INFO o.a.j.e.StandardJMeterEngine: Thread will continue on error
2026-10-07 19:18:40,527 INFO o.a.j.t.ThreadGroup: Starting thread group... number=1 threads=2 ramp-up=10 delayedStart=false
2026-10-07 19:18:40,529 INFO o.a.j.t.JMeterThread: Thread started: S3 1-1
2026-10-07 19:18:40,530 INFO o.a.j.t.ThreadGroup: Started thread group number 1
2026-10-07 19:18:40,530 INFO o.a.j.e.StandardJMeterEngine: All thread groups have been started
2026-10-07 19:18:45,528 INFO o.a.j.t.JMeterThread: Thread started: S3 1-2
2026-10-07 19:19:00,002 INFO o.a.j.r.Summariser: summary +  11143 in 00:00:20 =  549.8/s Avg:     3 Min:     2 Max:   317 Err:     0 (0.00%) Active: 2 Started: 2 Finished: 0
2026-10-07 19:19:30,001 INFO o.a.j.r.Summariser: summary +  20512 in 00:00:30 =  683.8/s Avg:     2 Min:     2 Max:    21 Err:     0 (0.00%) Active: 2 Started: 2 Finished: 0
2026-10-07 19:19:30,001 INFO o.a.j.r.Summariser: summary =  31655 in 00:00:50 =  629.7/s Avg:     2 Min:     2 Max:   317 Err:     0 (0.00%)
2026-10-07 19:19:40,529 INFO o.a.j.t.JMeterThread: Stopping because end time detected by thread: S3 1-1
2026-10-07 19:19:40,529 INFO o.a.j.t.JMeterThread: Thread finished: S3 1-1
2026-10-07 19:19:40,529 INFO o.a.j.t.JMeterThread: Stopping because end time detected by thread: S3 1-2
2026-10-07 19:19:40,529 INFO o.a.j.t.JMeterThread: Thread finished: S3 1-2
2026-10-07 19:19:40,529 INFO o.a.j.e.StandardJMeterEngine: Notifying test listeners of end of test
2026-10-07 19:19:40,532 INFO o.a.j.r.Summariser: summary +   7229 in 00:00:11 =  686.4/s Avg:     2 Min:     2 Max:    25 Err:     0 (0.00%) Active: 0 Started: 2 Finished: 2
2026-10-07 19:19:40,532 INFO o.a.j.r.Summariser: summary =  38884 in 00:01:01 =  639.5/s Avg:     2 Min:     2 Max:   317 Err:     0 (0.00%)
