2026-10-02 19:10:48,846 INFO o.a.j.u.JMeterUtils: Setting Locale to en_EN
2026-10-02 19:10:48,867 INFO o.a.j.JMeter: Loading user properties from: /opt/jmeter/bin/user.properties
2026-10-02 19:10:48,867 INFO o.a.j.JMeter: Loading system properties from: /opt/jmeter/bin/system.properties
2026-10-02 19:10:48,868 INFO o.a.j.JMeter: Loading additional properties from: /tests/run.properties
2026-10-02 19:10:48,868 INFO o.a.j.JMeter: Loading additional properties from: /tests/data/ranges.properties
2026-10-02 19:10:48,868 INFO o.a.j.JMeter: Setting JMeter property: host=nestjs-nginx
2026-10-02 19:10:48,868 INFO o.a.j.JMeter: Setting JMeter property: port=80
2026-10-02 19:10:48,868 INFO o.a.j.JMeter: Setting JMeter property: rampup=1
2026-10-02 19:10:48,868 INFO o.a.j.JMeter: Setting JMeter property: endpoint=EP8
2026-10-02 19:10:48,868 INFO o.a.j.JMeter: Setting JMeter property: users=1
2026-10-02 19:10:48,869 INFO o.a.j.JMeter: Setting JMeter property: duration=60
2026-10-02 19:10:48,874 INFO o.a.j.JMeter: Copyright (c) 1998-2024 The Apache Software Foundation
2026-10-02 19:10:48,874 INFO o.a.j.JMeter: Version 5.6.3
2026-10-02 19:10:48,874 INFO o.a.j.JMeter: java.version=21.0.12.1
2026-10-02 19:10:48,874 INFO o.a.j.JMeter: java.vm.name=OpenJDK 64-Bit Server VM
2026-10-02 19:10:48,875 INFO o.a.j.JMeter: os.name=Linux
2026-10-02 19:10:48,875 INFO o.a.j.JMeter: os.arch=amd64
2026-10-02 19:10:48,875 INFO o.a.j.JMeter: os.version=6.6.87.2-microsoft-standard-WSL2
2026-10-02 19:10:48,875 INFO o.a.j.JMeter: file.encoding=UTF-8
2026-10-02 19:10:48,875 INFO o.a.j.JMeter: java.awt.headless=true
2026-10-02 19:10:48,875 INFO o.a.j.JMeter: Max memory     =4294967296
2026-10-02 19:10:48,875 INFO o.a.j.JMeter: Available Processors =12
2026-10-02 19:10:48,882 INFO o.a.j.JMeter: Default Locale=English (EN)
2026-10-02 19:10:48,882 INFO o.a.j.JMeter: JMeter  Locale=English (EN)
2026-10-02 19:10:48,883 INFO o.a.j.JMeter: JMeterHome=/opt/jmeter
2026-10-02 19:10:48,883 INFO o.a.j.JMeter: user.dir  =/tests
2026-10-02 19:10:48,883 INFO o.a.j.JMeter: PWD       =/tests
2026-10-02 19:10:48,883 INFO o.a.j.JMeter: IP: 172.19.0.5 Name: e8e92fd22347 FullName: e8e92fd22347
2026-10-02 19:10:48,893 INFO o.a.j.s.FileServer: Default base='/tests'
2026-10-02 19:10:48,894 INFO o.a.j.s.FileServer: Set new base='/tests'
2026-10-02 19:10:49,064 INFO o.a.j.s.SaveService: Testplan (JMX) version: 2.2. Testlog (JTL) version: 2.2
2026-10-02 19:10:49,086 INFO o.a.j.s.SaveService: Using SaveService properties version 5.0
2026-10-02 19:10:49,089 INFO o.a.j.s.SaveService: Using SaveService properties file encoding UTF-8
2026-10-02 19:10:49,092 INFO o.a.j.s.SaveService: Loading file: /tests/s1.jmx
2026-10-02 19:10:49,140 INFO o.a.j.p.h.s.HTTPSamplerBase: Parser for text/html is org.apache.jmeter.protocol.http.parser.LagartoBasedHtmlParser
2026-10-02 19:10:49,140 INFO o.a.j.p.h.s.HTTPSamplerBase: Parser for application/xhtml+xml is org.apache.jmeter.protocol.http.parser.LagartoBasedHtmlParser
2026-10-02 19:10:49,140 INFO o.a.j.p.h.s.HTTPSamplerBase: Parser for application/xml is org.apache.jmeter.protocol.http.parser.LagartoBasedHtmlParser
2026-10-02 19:10:49,140 INFO o.a.j.p.h.s.HTTPSamplerBase: Parser for text/xml is org.apache.jmeter.protocol.http.parser.LagartoBasedHtmlParser
2026-10-02 19:10:49,140 INFO o.a.j.p.h.s.HTTPSamplerBase: Parser for text/vnd.wap.wml is org.apache.jmeter.protocol.http.parser.RegexpHTMLParser
2026-10-02 19:10:49,140 INFO o.a.j.p.h.s.HTTPSamplerBase: Parser for text/css is org.apache.jmeter.protocol.http.parser.CssParser
2026-10-02 19:10:49,181 INFO o.a.j.JMeter: Creating summariser <summary>
2026-10-02 19:10:49,192 INFO o.a.j.e.StandardJMeterEngine: Running the test!
2026-10-02 19:10:49,193 INFO o.a.j.s.SampleEvent: List of sample_variables: []
2026-10-02 19:10:49,193 INFO o.a.j.s.SampleEvent: List of sample_variables: []
2026-10-02 19:10:49,197 INFO o.a.j.e.u.CompoundVariable: Note: Function class names must contain the string: '.functions.'
2026-10-02 19:10:49,197 INFO o.a.j.e.u.CompoundVariable: Note: Function class names must not contain the string: '.gui.'
2026-10-02 19:10:49,408 INFO o.a.j.JMeter: Running test (1790968249408)
2026-10-02 19:10:49,410 INFO o.a.j.e.StandardJMeterEngine: Starting setUp thread groups
2026-10-02 19:10:49,410 INFO o.a.j.e.StandardJMeterEngine: Starting setUp ThreadGroup: 1 : setUp - login 
2026-10-02 19:10:49,410 INFO o.a.j.e.StandardJMeterEngine: Starting 1 threads for group setUp - login.
2026-10-02 19:10:49,410 INFO o.a.j.e.StandardJMeterEngine: Test will stop abruptly on error
2026-10-02 19:10:49,410 INFO o.a.j.t.ThreadGroup: Starting thread group... number=1 threads=1 ramp-up=1 delayedStart=false
2026-10-02 19:10:49,413 INFO o.a.j.t.ThreadGroup: Started thread group number 1
2026-10-02 19:10:49,414 INFO o.a.j.e.StandardJMeterEngine: Waiting for all setup thread groups to exit
2026-10-02 19:10:49,415 INFO o.a.j.t.JMeterThread: Thread started: setUp - login 1-1
2026-10-02 19:10:49,425 INFO o.a.j.p.h.s.HTTPHCAbstractImpl: Local host = e8e92fd22347
2026-10-02 19:10:49,429 INFO o.a.j.p.h.s.HTTPHC4Impl: HTTP request retry count = 0
2026-10-02 19:10:49,430 INFO o.a.j.s.SampleResult: Note: Sample TimeStamps are START times
2026-10-02 19:10:49,430 INFO o.a.j.s.SampleResult: sampleresult.default.encoding is set to UTF-8
2026-10-02 19:10:49,431 INFO o.a.j.s.SampleResult: sampleresult.useNanoTime=true
2026-10-02 19:10:49,431 INFO o.a.j.s.SampleResult: sampleresult.nanoThreadSleep=5000
2026-10-02 19:10:50,235 INFO o.a.j.t.JMeterThread: Thread is done: setUp - login 1-1
2026-10-02 19:10:50,236 INFO o.a.j.t.JMeterThread: Thread finished: setUp - login 1-1
2026-10-02 19:10:50,237 INFO o.a.j.e.StandardJMeterEngine: All Setup Threads have ended
2026-10-02 19:10:50,259 INFO o.a.j.e.StandardJMeterEngine: Starting ThreadGroup: 1 : S1
2026-10-02 19:10:50,260 INFO o.a.j.e.StandardJMeterEngine: Starting 1 threads for group S1.
2026-10-02 19:10:50,260 INFO o.a.j.e.StandardJMeterEngine: Thread will continue on error
2026-10-02 19:10:50,260 INFO o.a.j.t.ThreadGroup: Starting thread group... number=1 threads=1 ramp-up=1 delayedStart=false
2026-10-02 19:10:50,262 INFO o.a.j.t.ThreadGroup: Started thread group number 1
2026-10-02 19:10:50,262 INFO o.a.j.e.StandardJMeterEngine: All thread groups have been started
2026-10-02 19:10:50,263 INFO o.a.j.t.JMeterThread: Thread started: S1 1-1
2026-10-02 19:11:00,003 INFO o.a.j.r.Summariser: summary +   2602 in 00:00:11 =  245.6/s Avg:     3 Min:     1 Max:   284 Err:     0 (0.00%) Active: 1 Started: 1 Finished: 0
2026-10-02 19:11:30,003 INFO o.a.j.r.Summariser: summary +  10396 in 00:00:30 =  346.5/s Avg:     2 Min:     1 Max:    34 Err:     0 (0.00%) Active: 1 Started: 1 Finished: 0
2026-10-02 19:11:30,003 INFO o.a.j.r.Summariser: summary =  12998 in 00:00:41 =  320.2/s Avg:     2 Min:     1 Max:   284 Err:     0 (0.00%)
2026-10-02 19:11:50,262 INFO o.a.j.t.JMeterThread: Stopping because end time detected by thread: S1 1-1
2026-10-02 19:11:50,263 INFO o.a.j.t.JMeterThread: Thread finished: S1 1-1
2026-10-02 19:11:50,263 INFO o.a.j.e.StandardJMeterEngine: Notifying test listeners of end of test
2026-10-02 19:11:50,265 INFO o.a.j.r.Summariser: summary +   7049 in 00:00:20 =  347.9/s Avg:     2 Min:     1 Max:    20 Err:     0 (0.00%) Active: 0 Started: 1 Finished: 1
2026-10-02 19:11:50,265 INFO o.a.j.r.Summariser: summary =  20047 in 00:01:01 =  329.4/s Avg:     2 Min:     1 Max:   284 Err:     0 (0.00%)
