2026-10-02 22:40:13,335 INFO o.a.j.u.JMeterUtils: Setting Locale to en_EN
2026-10-02 22:40:13,356 INFO o.a.j.JMeter: Loading user properties from: /opt/jmeter/bin/user.properties
2026-10-02 22:40:13,356 INFO o.a.j.JMeter: Loading system properties from: /opt/jmeter/bin/system.properties
2026-10-02 22:40:13,356 INFO o.a.j.JMeter: Loading additional properties from: /tests/run.properties
2026-10-02 22:40:13,356 INFO o.a.j.JMeter: Loading additional properties from: /tests/data/ranges.properties
2026-10-02 22:40:13,356 INFO o.a.j.JMeter: Setting JMeter property: host=nestjs-nginx
2026-10-02 22:40:13,356 INFO o.a.j.JMeter: Setting JMeter property: port=80
2026-10-02 22:40:13,357 INFO o.a.j.JMeter: Setting JMeter property: rampup=1
2026-10-02 22:40:13,357 INFO o.a.j.JMeter: Setting JMeter property: endpoint=EP5
2026-10-02 22:40:13,357 INFO o.a.j.JMeter: Setting JMeter property: users=4
2026-10-02 22:40:13,357 INFO o.a.j.JMeter: Setting JMeter property: duration=60
2026-10-02 22:40:13,361 INFO o.a.j.JMeter: Copyright (c) 1998-2024 The Apache Software Foundation
2026-10-02 22:40:13,361 INFO o.a.j.JMeter: Version 5.6.3
2026-10-02 22:40:13,361 INFO o.a.j.JMeter: java.version=21.0.12.1
2026-10-02 22:40:13,361 INFO o.a.j.JMeter: java.vm.name=OpenJDK 64-Bit Server VM
2026-10-02 22:40:13,361 INFO o.a.j.JMeter: os.name=Linux
2026-10-02 22:40:13,362 INFO o.a.j.JMeter: os.arch=amd64
2026-10-02 22:40:13,362 INFO o.a.j.JMeter: os.version=6.6.87.2-microsoft-standard-WSL2
2026-10-02 22:40:13,362 INFO o.a.j.JMeter: file.encoding=UTF-8
2026-10-02 22:40:13,362 INFO o.a.j.JMeter: java.awt.headless=true
2026-10-02 22:40:13,362 INFO o.a.j.JMeter: Max memory     =4294967296
2026-10-02 22:40:13,362 INFO o.a.j.JMeter: Available Processors =12
2026-10-02 22:40:13,369 INFO o.a.j.JMeter: Default Locale=English (EN)
2026-10-02 22:40:13,369 INFO o.a.j.JMeter: JMeter  Locale=English (EN)
2026-10-02 22:40:13,369 INFO o.a.j.JMeter: JMeterHome=/opt/jmeter
2026-10-02 22:40:13,369 INFO o.a.j.JMeter: user.dir  =/tests
2026-10-02 22:40:13,370 INFO o.a.j.JMeter: PWD       =/tests
2026-10-02 22:40:13,370 INFO o.a.j.JMeter: IP: 172.19.0.5 Name: c1ce8be80f7b FullName: c1ce8be80f7b
2026-10-02 22:40:13,380 INFO o.a.j.s.FileServer: Default base='/tests'
2026-10-02 22:40:13,382 INFO o.a.j.s.FileServer: Set new base='/tests'
2026-10-02 22:40:13,530 INFO o.a.j.s.SaveService: Testplan (JMX) version: 2.2. Testlog (JTL) version: 2.2
2026-10-02 22:40:13,552 INFO o.a.j.s.SaveService: Using SaveService properties version 5.0
2026-10-02 22:40:13,554 INFO o.a.j.s.SaveService: Using SaveService properties file encoding UTF-8
2026-10-02 22:40:13,557 INFO o.a.j.s.SaveService: Loading file: /tests/s3.jmx
2026-10-02 22:40:13,600 INFO o.a.j.p.h.s.HTTPSamplerBase: Parser for text/html is org.apache.jmeter.protocol.http.parser.LagartoBasedHtmlParser
2026-10-02 22:40:13,600 INFO o.a.j.p.h.s.HTTPSamplerBase: Parser for application/xhtml+xml is org.apache.jmeter.protocol.http.parser.LagartoBasedHtmlParser
2026-10-02 22:40:13,600 INFO o.a.j.p.h.s.HTTPSamplerBase: Parser for application/xml is org.apache.jmeter.protocol.http.parser.LagartoBasedHtmlParser
2026-10-02 22:40:13,601 INFO o.a.j.p.h.s.HTTPSamplerBase: Parser for text/xml is org.apache.jmeter.protocol.http.parser.LagartoBasedHtmlParser
2026-10-02 22:40:13,601 INFO o.a.j.p.h.s.HTTPSamplerBase: Parser for text/vnd.wap.wml is org.apache.jmeter.protocol.http.parser.RegexpHTMLParser
2026-10-02 22:40:13,601 INFO o.a.j.p.h.s.HTTPSamplerBase: Parser for text/css is org.apache.jmeter.protocol.http.parser.CssParser
2026-10-02 22:40:13,638 INFO o.a.j.JMeter: Creating summariser <summary>
2026-10-02 22:40:13,652 INFO o.a.j.e.StandardJMeterEngine: Running the test!
2026-10-02 22:40:13,653 INFO o.a.j.s.SampleEvent: List of sample_variables: []
2026-10-02 22:40:13,653 INFO o.a.j.s.SampleEvent: List of sample_variables: []
2026-10-02 22:40:13,657 INFO o.a.j.e.u.CompoundVariable: Note: Function class names must contain the string: '.functions.'
2026-10-02 22:40:13,657 INFO o.a.j.e.u.CompoundVariable: Note: Function class names must not contain the string: '.gui.'
2026-10-02 22:40:13,855 INFO o.a.j.JMeter: Running test (1790980813855)
2026-10-02 22:40:13,857 INFO o.a.j.e.StandardJMeterEngine: Starting setUp thread groups
2026-10-02 22:40:13,857 INFO o.a.j.e.StandardJMeterEngine: Starting setUp ThreadGroup: 1 : setUp - login 
2026-10-02 22:40:13,857 INFO o.a.j.e.StandardJMeterEngine: Starting 1 threads for group setUp - login.
2026-10-02 22:40:13,857 INFO o.a.j.e.StandardJMeterEngine: Test will stop abruptly on error
2026-10-02 22:40:13,857 INFO o.a.j.t.ThreadGroup: Starting thread group... number=1 threads=1 ramp-up=1 delayedStart=false
2026-10-02 22:40:13,860 INFO o.a.j.t.ThreadGroup: Started thread group number 1
2026-10-02 22:40:13,860 INFO o.a.j.e.StandardJMeterEngine: Waiting for all setup thread groups to exit
2026-10-02 22:40:13,861 INFO o.a.j.t.JMeterThread: Thread started: setUp - login 1-1
2026-10-02 22:40:13,871 INFO o.a.j.p.h.s.HTTPHCAbstractImpl: Local host = c1ce8be80f7b
2026-10-02 22:40:13,875 INFO o.a.j.p.h.s.HTTPHC4Impl: HTTP request retry count = 0
2026-10-02 22:40:13,876 INFO o.a.j.s.SampleResult: Note: Sample TimeStamps are START times
2026-10-02 22:40:13,876 INFO o.a.j.s.SampleResult: sampleresult.default.encoding is set to UTF-8
2026-10-02 22:40:13,876 INFO o.a.j.s.SampleResult: sampleresult.useNanoTime=true
2026-10-02 22:40:13,876 INFO o.a.j.s.SampleResult: sampleresult.nanoThreadSleep=5000
2026-10-02 22:40:14,588 INFO o.a.j.t.JMeterThread: Thread is done: setUp - login 1-1
2026-10-02 22:40:14,588 INFO o.a.j.t.JMeterThread: Thread finished: setUp - login 1-1
2026-10-02 22:40:14,588 INFO o.a.j.e.StandardJMeterEngine: All Setup Threads have ended
2026-10-02 22:40:14,609 INFO o.a.j.e.StandardJMeterEngine: Starting ThreadGroup: 1 : S3
2026-10-02 22:40:14,609 INFO o.a.j.e.StandardJMeterEngine: Starting 4 threads for group S3.
2026-10-02 22:40:14,609 INFO o.a.j.e.StandardJMeterEngine: Thread will continue on error
2026-10-02 22:40:14,610 INFO o.a.j.t.ThreadGroup: Starting thread group... number=1 threads=4 ramp-up=1 delayedStart=false
2026-10-02 22:40:14,612 INFO o.a.j.t.JMeterThread: Thread started: S3 1-1
2026-10-02 22:40:14,614 INFO o.a.j.t.ThreadGroup: Started thread group number 1
2026-10-02 22:40:14,614 INFO o.a.j.e.StandardJMeterEngine: All thread groups have been started
2026-10-02 22:40:14,862 INFO o.a.j.t.JMeterThread: Thread started: S3 1-2
2026-10-02 22:40:15,112 INFO o.a.j.t.JMeterThread: Thread started: S3 1-3
2026-10-02 22:40:15,362 INFO o.a.j.t.JMeterThread: Thread started: S3 1-4
2026-10-02 22:40:30,001 INFO o.a.j.r.Summariser: summary +  39253 in 00:00:16 = 2431.3/s Avg:     1 Min:     1 Max:   291 Err:     0 (0.00%) Active: 4 Started: 4 Finished: 0
2026-10-02 22:41:00,001 INFO o.a.j.r.Summariser: summary +  81534 in 00:00:30 = 2717.8/s Avg:     1 Min:     1 Max:    23 Err:     0 (0.00%) Active: 4 Started: 4 Finished: 0
2026-10-02 22:41:00,001 INFO o.a.j.r.Summariser: summary = 120787 in 00:00:46 = 2617.6/s Avg:     1 Min:     1 Max:   291 Err:     0 (0.00%)
2026-10-02 22:41:14,610 INFO o.a.j.t.JMeterThread: Stopping because end time detected by thread: S3 1-1
2026-10-02 22:41:14,610 INFO o.a.j.t.JMeterThread: Thread finished: S3 1-1
2026-10-02 22:41:14,611 INFO o.a.j.t.JMeterThread: Stopping because end time detected by thread: S3 1-2
2026-10-02 22:41:14,612 INFO o.a.j.t.JMeterThread: Thread finished: S3 1-2
2026-10-02 22:41:14,612 INFO o.a.j.t.JMeterThread: Stopping because end time detected by thread: S3 1-3
2026-10-02 22:41:14,612 INFO o.a.j.t.JMeterThread: Thread finished: S3 1-3
2026-10-02 22:41:14,613 INFO o.a.j.t.JMeterThread: Stopping because end time detected by thread: S3 1-4
2026-10-02 22:41:14,613 INFO o.a.j.t.JMeterThread: Thread finished: S3 1-4
2026-10-02 22:41:14,614 INFO o.a.j.e.StandardJMeterEngine: Notifying test listeners of end of test
2026-10-02 22:41:14,616 INFO o.a.j.r.Summariser: summary +  38417 in 00:00:15 = 2628.4/s Avg:     1 Min:     1 Max:    14 Err:     0 (0.00%) Active: 0 Started: 4 Finished: 4
2026-10-02 22:41:14,617 INFO o.a.j.r.Summariser: summary = 159204 in 00:01:01 = 2620.2/s Avg:     1 Min:     1 Max:   291 Err:     0 (0.00%)
