2026-10-07 19:48:25,785 INFO o.a.j.u.JMeterUtils: Setting Locale to en_EN
2026-10-07 19:48:25,803 INFO o.a.j.JMeter: Loading user properties from: /opt/jmeter/bin/user.properties
2026-10-07 19:48:25,804 INFO o.a.j.JMeter: Loading system properties from: /opt/jmeter/bin/system.properties
2026-10-07 19:48:25,804 INFO o.a.j.JMeter: Loading additional properties from: /tests/run.properties
2026-10-07 19:48:25,804 INFO o.a.j.JMeter: Loading additional properties from: /tests/data/ranges.properties
2026-10-07 19:48:25,804 INFO o.a.j.JMeter: Setting JMeter property: host=nestjs-nginx
2026-10-07 19:48:25,804 INFO o.a.j.JMeter: Setting JMeter property: port=80
2026-10-07 19:48:25,804 INFO o.a.j.JMeter: Setting JMeter property: rampup=10
2026-10-07 19:48:25,804 INFO o.a.j.JMeter: Setting JMeter property: endpoint=EP5
2026-10-07 19:48:25,804 INFO o.a.j.JMeter: Setting JMeter property: users=10
2026-10-07 19:48:25,805 INFO o.a.j.JMeter: Setting JMeter property: duration=60
2026-10-07 19:48:25,809 INFO o.a.j.JMeter: Copyright (c) 1998-2024 The Apache Software Foundation
2026-10-07 19:48:25,809 INFO o.a.j.JMeter: Version 5.6.3
2026-10-07 19:48:25,809 INFO o.a.j.JMeter: java.version=21.0.12.1
2026-10-07 19:48:25,809 INFO o.a.j.JMeter: java.vm.name=OpenJDK 64-Bit Server VM
2026-10-07 19:48:25,809 INFO o.a.j.JMeter: os.name=Linux
2026-10-07 19:48:25,809 INFO o.a.j.JMeter: os.arch=amd64
2026-10-07 19:48:25,809 INFO o.a.j.JMeter: os.version=6.6.87.2-microsoft-standard-WSL2
2026-10-07 19:48:25,809 INFO o.a.j.JMeter: file.encoding=UTF-8
2026-10-07 19:48:25,809 INFO o.a.j.JMeter: java.awt.headless=true
2026-10-07 19:48:25,809 INFO o.a.j.JMeter: Max memory     =4294967296
2026-10-07 19:48:25,809 INFO o.a.j.JMeter: Available Processors =12
2026-10-07 19:48:25,816 INFO o.a.j.JMeter: Default Locale=English (EN)
2026-10-07 19:48:25,816 INFO o.a.j.JMeter: JMeter  Locale=English (EN)
2026-10-07 19:48:25,816 INFO o.a.j.JMeter: JMeterHome=/opt/jmeter
2026-10-07 19:48:25,816 INFO o.a.j.JMeter: user.dir  =/tests
2026-10-07 19:48:25,816 INFO o.a.j.JMeter: PWD       =/tests
2026-10-07 19:48:25,816 INFO o.a.j.JMeter: IP: 172.19.0.5 Name: aaa3cd97d5fe FullName: aaa3cd97d5fe
2026-10-07 19:48:25,825 INFO o.a.j.s.FileServer: Default base='/tests'
2026-10-07 19:48:25,826 INFO o.a.j.s.FileServer: Set new base='/tests'
2026-10-07 19:48:25,962 INFO o.a.j.s.SaveService: Testplan (JMX) version: 2.2. Testlog (JTL) version: 2.2
2026-10-07 19:48:25,984 INFO o.a.j.s.SaveService: Using SaveService properties version 5.0
2026-10-07 19:48:25,987 INFO o.a.j.s.SaveService: Using SaveService properties file encoding UTF-8
2026-10-07 19:48:25,990 INFO o.a.j.s.SaveService: Loading file: /tests/s3.jmx
2026-10-07 19:48:26,035 INFO o.a.j.p.h.s.HTTPSamplerBase: Parser for text/html is org.apache.jmeter.protocol.http.parser.LagartoBasedHtmlParser
2026-10-07 19:48:26,035 INFO o.a.j.p.h.s.HTTPSamplerBase: Parser for application/xhtml+xml is org.apache.jmeter.protocol.http.parser.LagartoBasedHtmlParser
2026-10-07 19:48:26,035 INFO o.a.j.p.h.s.HTTPSamplerBase: Parser for application/xml is org.apache.jmeter.protocol.http.parser.LagartoBasedHtmlParser
2026-10-07 19:48:26,035 INFO o.a.j.p.h.s.HTTPSamplerBase: Parser for text/xml is org.apache.jmeter.protocol.http.parser.LagartoBasedHtmlParser
2026-10-07 19:48:26,035 INFO o.a.j.p.h.s.HTTPSamplerBase: Parser for text/vnd.wap.wml is org.apache.jmeter.protocol.http.parser.RegexpHTMLParser
2026-10-07 19:48:26,035 INFO o.a.j.p.h.s.HTTPSamplerBase: Parser for text/css is org.apache.jmeter.protocol.http.parser.CssParser
2026-10-07 19:48:26,076 INFO o.a.j.JMeter: Creating summariser <summary>
2026-10-07 19:48:26,091 INFO o.a.j.e.StandardJMeterEngine: Running the test!
2026-10-07 19:48:26,092 INFO o.a.j.s.SampleEvent: List of sample_variables: []
2026-10-07 19:48:26,092 INFO o.a.j.s.SampleEvent: List of sample_variables: []
2026-10-07 19:48:26,096 INFO o.a.j.e.u.CompoundVariable: Note: Function class names must contain the string: '.functions.'
2026-10-07 19:48:26,096 INFO o.a.j.e.u.CompoundVariable: Note: Function class names must not contain the string: '.gui.'
2026-10-07 19:48:26,308 INFO o.a.j.JMeter: Running test (1791402506308)
2026-10-07 19:48:26,309 INFO o.a.j.e.StandardJMeterEngine: Starting setUp thread groups
2026-10-07 19:48:26,309 INFO o.a.j.e.StandardJMeterEngine: Starting setUp ThreadGroup: 1 : setUp - login 
2026-10-07 19:48:26,310 INFO o.a.j.e.StandardJMeterEngine: Starting 1 threads for group setUp - login.
2026-10-07 19:48:26,310 INFO o.a.j.e.StandardJMeterEngine: Test will stop abruptly on error
2026-10-07 19:48:26,310 INFO o.a.j.t.ThreadGroup: Starting thread group... number=1 threads=1 ramp-up=1 delayedStart=false
2026-10-07 19:48:26,312 INFO o.a.j.t.ThreadGroup: Started thread group number 1
2026-10-07 19:48:26,313 INFO o.a.j.e.StandardJMeterEngine: Waiting for all setup thread groups to exit
2026-10-07 19:48:26,314 INFO o.a.j.t.JMeterThread: Thread started: setUp - login 1-1
2026-10-07 19:48:26,324 INFO o.a.j.p.h.s.HTTPHCAbstractImpl: Local host = aaa3cd97d5fe
2026-10-07 19:48:26,329 INFO o.a.j.p.h.s.HTTPHC4Impl: HTTP request retry count = 0
2026-10-07 19:48:26,330 INFO o.a.j.s.SampleResult: Note: Sample TimeStamps are START times
2026-10-07 19:48:26,330 INFO o.a.j.s.SampleResult: sampleresult.default.encoding is set to UTF-8
2026-10-07 19:48:26,330 INFO o.a.j.s.SampleResult: sampleresult.useNanoTime=true
2026-10-07 19:48:26,330 INFO o.a.j.s.SampleResult: sampleresult.nanoThreadSleep=5000
2026-10-07 19:48:27,126 INFO o.a.j.t.JMeterThread: Thread is done: setUp - login 1-1
2026-10-07 19:48:27,126 INFO o.a.j.t.JMeterThread: Thread finished: setUp - login 1-1
2026-10-07 19:48:27,128 INFO o.a.j.e.StandardJMeterEngine: All Setup Threads have ended
2026-10-07 19:48:27,155 INFO o.a.j.e.StandardJMeterEngine: Starting ThreadGroup: 1 : S3
2026-10-07 19:48:27,156 INFO o.a.j.e.StandardJMeterEngine: Starting 10 threads for group S3.
2026-10-07 19:48:27,156 INFO o.a.j.e.StandardJMeterEngine: Thread will continue on error
2026-10-07 19:48:27,156 INFO o.a.j.t.ThreadGroup: Starting thread group... number=1 threads=10 ramp-up=10 delayedStart=false
2026-10-07 19:48:27,160 INFO o.a.j.t.JMeterThread: Thread started: S3 1-1
2026-10-07 19:48:27,185 INFO o.a.j.t.ThreadGroup: Started thread group number 1
2026-10-07 19:48:27,185 INFO o.a.j.e.StandardJMeterEngine: All thread groups have been started
2026-10-07 19:48:28,176 INFO o.a.j.t.JMeterThread: Thread started: S3 1-2
2026-10-07 19:48:29,163 INFO o.a.j.t.JMeterThread: Thread started: S3 1-3
2026-10-07 19:48:30,001 INFO o.a.j.r.Summariser: summary +   2776 in 00:00:04 =  751.9/s Avg:     1 Min:     1 Max:   292 Err:     0 (0.00%) Active: 3 Started: 3 Finished: 0
2026-10-07 19:48:30,159 INFO o.a.j.t.JMeterThread: Thread started: S3 1-4
2026-10-07 19:48:31,158 INFO o.a.j.t.JMeterThread: Thread started: S3 1-5
2026-10-07 19:48:32,158 INFO o.a.j.t.JMeterThread: Thread started: S3 1-6
2026-10-07 19:48:33,159 INFO o.a.j.t.JMeterThread: Thread started: S3 1-7
2026-10-07 19:48:34,157 INFO o.a.j.t.JMeterThread: Thread started: S3 1-8
2026-10-07 19:48:35,157 INFO o.a.j.t.JMeterThread: Thread started: S3 1-9
2026-10-07 19:48:36,157 INFO o.a.j.t.JMeterThread: Thread started: S3 1-10
2026-10-07 19:49:00,000 INFO o.a.j.r.Summariser: summary + 107233 in 00:00:30 = 3574.4/s Avg:     2 Min:     1 Max:    50 Err:     0 (0.00%) Active: 10 Started: 10 Finished: 0
2026-10-07 19:49:00,001 INFO o.a.j.r.Summariser: summary = 110009 in 00:00:34 = 3265.1/s Avg:     2 Min:     1 Max:   292 Err:     0 (0.00%)
2026-10-07 19:49:27,157 INFO o.a.j.t.JMeterThread: Stopping because end time detected by thread: S3 1-1
2026-10-07 19:49:27,157 INFO o.a.j.t.JMeterThread: Thread finished: S3 1-1
2026-10-07 19:49:27,159 INFO o.a.j.t.JMeterThread: Stopping because end time detected by thread: S3 1-2
2026-10-07 19:49:27,159 INFO o.a.j.t.JMeterThread: Thread finished: S3 1-2
2026-10-07 19:49:27,171 INFO o.a.j.t.JMeterThread: Stopping because end time detected by thread: S3 1-3
2026-10-07 19:49:27,171 INFO o.a.j.t.JMeterThread: Thread finished: S3 1-3
2026-10-07 19:49:27,177 INFO o.a.j.t.JMeterThread: Stopping because end time detected by thread: S3 1-4
2026-10-07 19:49:27,177 INFO o.a.j.t.JMeterThread: Thread finished: S3 1-4
2026-10-07 19:49:27,179 INFO o.a.j.t.JMeterThread: Stopping because end time detected by thread: S3 1-5
2026-10-07 19:49:27,179 INFO o.a.j.t.JMeterThread: Thread finished: S3 1-5
2026-10-07 19:49:27,180 INFO o.a.j.t.JMeterThread: Stopping because end time detected by thread: S3 1-6
2026-10-07 19:49:27,180 INFO o.a.j.t.JMeterThread: Thread finished: S3 1-6
2026-10-07 19:49:27,181 INFO o.a.j.t.JMeterThread: Stopping because end time detected by thread: S3 1-7
2026-10-07 19:49:27,181 INFO o.a.j.t.JMeterThread: Thread finished: S3 1-7
2026-10-07 19:49:27,183 INFO o.a.j.t.JMeterThread: Stopping because end time detected by thread: S3 1-8
2026-10-07 19:49:27,183 INFO o.a.j.t.JMeterThread: Thread finished: S3 1-8
2026-10-07 19:49:27,183 INFO o.a.j.t.JMeterThread: Stopping because end time detected by thread: S3 1-9
2026-10-07 19:49:27,183 INFO o.a.j.t.JMeterThread: Thread finished: S3 1-9
2026-10-07 19:49:27,185 INFO o.a.j.t.JMeterThread: Stopping because end time detected by thread: S3 1-10
2026-10-07 19:49:27,185 INFO o.a.j.t.JMeterThread: Thread finished: S3 1-10
2026-10-07 19:49:27,185 INFO o.a.j.e.StandardJMeterEngine: Notifying test listeners of end of test
2026-10-07 19:49:27,187 INFO o.a.j.r.Summariser: summary + 108317 in 00:00:27 = 3984.1/s Avg:     2 Min:     1 Max:    33 Err:     0 (0.00%) Active: 0 Started: 10 Finished: 10
2026-10-07 19:49:27,188 INFO o.a.j.r.Summariser: summary = 218326 in 00:01:01 = 3586.2/s Avg:     2 Min:     1 Max:   292 Err:     0 (0.00%)
