2026-10-07 19:51:58,886 INFO o.a.j.u.JMeterUtils: Setting Locale to en_EN
2026-10-07 19:51:58,906 INFO o.a.j.JMeter: Loading user properties from: /opt/jmeter/bin/user.properties
2026-10-07 19:51:58,907 INFO o.a.j.JMeter: Loading system properties from: /opt/jmeter/bin/system.properties
2026-10-07 19:51:58,907 INFO o.a.j.JMeter: Loading additional properties from: /tests/run.properties
2026-10-07 19:51:58,907 INFO o.a.j.JMeter: Loading additional properties from: /tests/data/ranges.properties
2026-10-07 19:51:58,907 INFO o.a.j.JMeter: Setting JMeter property: host=laravel-nginx
2026-10-07 19:51:58,907 INFO o.a.j.JMeter: Setting JMeter property: port=80
2026-10-07 19:51:58,907 INFO o.a.j.JMeter: Setting JMeter property: rampup=10
2026-10-07 19:51:58,907 INFO o.a.j.JMeter: Setting JMeter property: endpoint=EP5
2026-10-07 19:51:58,907 INFO o.a.j.JMeter: Setting JMeter property: users=10
2026-10-07 19:51:58,908 INFO o.a.j.JMeter: Setting JMeter property: duration=60
2026-10-07 19:51:58,912 INFO o.a.j.JMeter: Copyright (c) 1998-2024 The Apache Software Foundation
2026-10-07 19:51:58,912 INFO o.a.j.JMeter: Version 5.6.3
2026-10-07 19:51:58,912 INFO o.a.j.JMeter: java.version=21.0.12.1
2026-10-07 19:51:58,912 INFO o.a.j.JMeter: java.vm.name=OpenJDK 64-Bit Server VM
2026-10-07 19:51:58,912 INFO o.a.j.JMeter: os.name=Linux
2026-10-07 19:51:58,912 INFO o.a.j.JMeter: os.arch=amd64
2026-10-07 19:51:58,912 INFO o.a.j.JMeter: os.version=6.6.87.2-microsoft-standard-WSL2
2026-10-07 19:51:58,912 INFO o.a.j.JMeter: file.encoding=UTF-8
2026-10-07 19:51:58,912 INFO o.a.j.JMeter: java.awt.headless=true
2026-10-07 19:51:58,913 INFO o.a.j.JMeter: Max memory     =4294967296
2026-10-07 19:51:58,913 INFO o.a.j.JMeter: Available Processors =12
2026-10-07 19:51:58,920 INFO o.a.j.JMeter: Default Locale=English (EN)
2026-10-07 19:51:58,920 INFO o.a.j.JMeter: JMeter  Locale=English (EN)
2026-10-07 19:51:58,920 INFO o.a.j.JMeter: JMeterHome=/opt/jmeter
2026-10-07 19:51:58,920 INFO o.a.j.JMeter: user.dir  =/tests
2026-10-07 19:51:58,920 INFO o.a.j.JMeter: PWD       =/tests
2026-10-07 19:51:58,921 INFO o.a.j.JMeter: IP: 172.19.0.5 Name: 338887e788ad FullName: 338887e788ad
2026-10-07 19:51:58,930 INFO o.a.j.s.FileServer: Default base='/tests'
2026-10-07 19:51:58,931 INFO o.a.j.s.FileServer: Set new base='/tests'
2026-10-07 19:51:59,091 INFO o.a.j.s.SaveService: Testplan (JMX) version: 2.2. Testlog (JTL) version: 2.2
2026-10-07 19:51:59,114 INFO o.a.j.s.SaveService: Using SaveService properties version 5.0
2026-10-07 19:51:59,117 INFO o.a.j.s.SaveService: Using SaveService properties file encoding UTF-8
2026-10-07 19:51:59,120 INFO o.a.j.s.SaveService: Loading file: /tests/s3.jmx
2026-10-07 19:51:59,172 INFO o.a.j.p.h.s.HTTPSamplerBase: Parser for text/html is org.apache.jmeter.protocol.http.parser.LagartoBasedHtmlParser
2026-10-07 19:51:59,172 INFO o.a.j.p.h.s.HTTPSamplerBase: Parser for application/xhtml+xml is org.apache.jmeter.protocol.http.parser.LagartoBasedHtmlParser
2026-10-07 19:51:59,172 INFO o.a.j.p.h.s.HTTPSamplerBase: Parser for application/xml is org.apache.jmeter.protocol.http.parser.LagartoBasedHtmlParser
2026-10-07 19:51:59,172 INFO o.a.j.p.h.s.HTTPSamplerBase: Parser for text/xml is org.apache.jmeter.protocol.http.parser.LagartoBasedHtmlParser
2026-10-07 19:51:59,172 INFO o.a.j.p.h.s.HTTPSamplerBase: Parser for text/vnd.wap.wml is org.apache.jmeter.protocol.http.parser.RegexpHTMLParser
2026-10-07 19:51:59,172 INFO o.a.j.p.h.s.HTTPSamplerBase: Parser for text/css is org.apache.jmeter.protocol.http.parser.CssParser
2026-10-07 19:51:59,214 INFO o.a.j.JMeter: Creating summariser <summary>
2026-10-07 19:51:59,230 INFO o.a.j.e.StandardJMeterEngine: Running the test!
2026-10-07 19:51:59,231 INFO o.a.j.s.SampleEvent: List of sample_variables: []
2026-10-07 19:51:59,231 INFO o.a.j.s.SampleEvent: List of sample_variables: []
2026-10-07 19:51:59,235 INFO o.a.j.e.u.CompoundVariable: Note: Function class names must contain the string: '.functions.'
2026-10-07 19:51:59,236 INFO o.a.j.e.u.CompoundVariable: Note: Function class names must not contain the string: '.gui.'
2026-10-07 19:51:59,442 INFO o.a.j.JMeter: Running test (1791402719442)
2026-10-07 19:51:59,443 INFO o.a.j.e.StandardJMeterEngine: Starting setUp thread groups
2026-10-07 19:51:59,443 INFO o.a.j.e.StandardJMeterEngine: Starting setUp ThreadGroup: 1 : setUp - login 
2026-10-07 19:51:59,443 INFO o.a.j.e.StandardJMeterEngine: Starting 1 threads for group setUp - login.
2026-10-07 19:51:59,443 INFO o.a.j.e.StandardJMeterEngine: Test will stop abruptly on error
2026-10-07 19:51:59,443 INFO o.a.j.t.ThreadGroup: Starting thread group... number=1 threads=1 ramp-up=1 delayedStart=false
2026-10-07 19:51:59,446 INFO o.a.j.t.ThreadGroup: Started thread group number 1
2026-10-07 19:51:59,446 INFO o.a.j.e.StandardJMeterEngine: Waiting for all setup thread groups to exit
2026-10-07 19:51:59,447 INFO o.a.j.t.JMeterThread: Thread started: setUp - login 1-1
2026-10-07 19:51:59,457 INFO o.a.j.p.h.s.HTTPHCAbstractImpl: Local host = 338887e788ad
2026-10-07 19:51:59,462 INFO o.a.j.p.h.s.HTTPHC4Impl: HTTP request retry count = 0
2026-10-07 19:51:59,463 INFO o.a.j.s.SampleResult: Note: Sample TimeStamps are START times
2026-10-07 19:51:59,463 INFO o.a.j.s.SampleResult: sampleresult.default.encoding is set to UTF-8
2026-10-07 19:51:59,463 INFO o.a.j.s.SampleResult: sampleresult.useNanoTime=true
2026-10-07 19:51:59,463 INFO o.a.j.s.SampleResult: sampleresult.nanoThreadSleep=5000
2026-10-07 19:52:00,175 INFO o.a.j.r.Summariser: summary +      1 in 00:00:01 =    1.4/s Avg:   212 Min:   212 Max:   212 Err:     0 (0.00%) Active: 1 Started: 1 Finished: 0
2026-10-07 19:52:00,176 INFO o.a.j.t.JMeterThread: Thread is done: setUp - login 1-1
2026-10-07 19:52:00,176 INFO o.a.j.t.JMeterThread: Thread finished: setUp - login 1-1
2026-10-07 19:52:00,177 INFO o.a.j.e.StandardJMeterEngine: All Setup Threads have ended
2026-10-07 19:52:00,201 INFO o.a.j.e.StandardJMeterEngine: Starting ThreadGroup: 1 : S3
2026-10-07 19:52:00,201 INFO o.a.j.e.StandardJMeterEngine: Starting 10 threads for group S3.
2026-10-07 19:52:00,201 INFO o.a.j.e.StandardJMeterEngine: Thread will continue on error
2026-10-07 19:52:00,202 INFO o.a.j.t.ThreadGroup: Starting thread group... number=1 threads=10 ramp-up=10 delayedStart=false
2026-10-07 19:52:00,205 INFO o.a.j.t.JMeterThread: Thread started: S3 1-1
2026-10-07 19:52:00,212 INFO o.a.j.t.ThreadGroup: Started thread group number 1
2026-10-07 19:52:00,212 INFO o.a.j.e.StandardJMeterEngine: All thread groups have been started
2026-10-07 19:52:01,205 INFO o.a.j.t.JMeterThread: Thread started: S3 1-2
2026-10-07 19:52:02,204 INFO o.a.j.t.JMeterThread: Thread started: S3 1-3
2026-10-07 19:52:03,204 INFO o.a.j.t.JMeterThread: Thread started: S3 1-4
2026-10-07 19:52:04,203 INFO o.a.j.t.JMeterThread: Thread started: S3 1-5
2026-10-07 19:52:05,204 INFO o.a.j.t.JMeterThread: Thread started: S3 1-6
2026-10-07 19:52:06,204 INFO o.a.j.t.JMeterThread: Thread started: S3 1-7
2026-10-07 19:52:07,204 INFO o.a.j.t.JMeterThread: Thread started: S3 1-8
2026-10-07 19:52:08,203 INFO o.a.j.t.JMeterThread: Thread started: S3 1-9
2026-10-07 19:52:09,203 INFO o.a.j.t.JMeterThread: Thread started: S3 1-10
2026-10-07 19:52:30,002 INFO o.a.j.r.Summariser: summary +  16423 in 00:00:30 =  550.6/s Avg:    15 Min:     5 Max:    53 Err:     0 (0.00%) Active: 10 Started: 10 Finished: 0
2026-10-07 19:52:30,002 INFO o.a.j.r.Summariser: summary =  16424 in 00:00:31 =  537.5/s Avg:    15 Min:     5 Max:   212 Err:     0 (0.00%)
2026-10-07 19:53:00,001 INFO o.a.j.r.Summariser: summary +  15283 in 00:00:30 =  509.4/s Avg:    19 Min:    11 Max:    63 Err:     0 (0.00%) Active: 10 Started: 10 Finished: 0
2026-10-07 19:53:00,002 INFO o.a.j.r.Summariser: summary =  31707 in 00:01:01 =  523.6/s Avg:    17 Min:     5 Max:   212 Err:     0 (0.00%)
2026-10-07 19:53:00,206 INFO o.a.j.t.JMeterThread: Stopping because end time detected by thread: S3 1-4
2026-10-07 19:53:00,206 INFO o.a.j.t.JMeterThread: Thread finished: S3 1-4
2026-10-07 19:53:00,207 INFO o.a.j.t.JMeterThread: Stopping because end time detected by thread: S3 1-3
2026-10-07 19:53:00,208 INFO o.a.j.t.JMeterThread: Thread finished: S3 1-3
2026-10-07 19:53:00,211 INFO o.a.j.t.JMeterThread: Stopping because end time detected by thread: S3 1-2
2026-10-07 19:53:00,211 INFO o.a.j.t.JMeterThread: Thread finished: S3 1-2
2026-10-07 19:53:00,213 INFO o.a.j.t.JMeterThread: Stopping because end time detected by thread: S3 1-10
2026-10-07 19:53:00,213 INFO o.a.j.t.JMeterThread: Thread finished: S3 1-10
2026-10-07 19:53:00,213 INFO o.a.j.t.JMeterThread: Stopping because end time detected by thread: S3 1-6
2026-10-07 19:53:00,213 INFO o.a.j.t.JMeterThread: Thread finished: S3 1-6
2026-10-07 19:53:00,215 INFO o.a.j.t.JMeterThread: Stopping because end time detected by thread: S3 1-5
2026-10-07 19:53:00,216 INFO o.a.j.t.JMeterThread: Thread finished: S3 1-5
2026-10-07 19:53:00,218 INFO o.a.j.t.JMeterThread: Stopping because end time detected by thread: S3 1-1
2026-10-07 19:53:00,218 INFO o.a.j.t.JMeterThread: Thread finished: S3 1-1
2026-10-07 19:53:00,218 INFO o.a.j.t.JMeterThread: Stopping because end time detected by thread: S3 1-7
2026-10-07 19:53:00,219 INFO o.a.j.t.JMeterThread: Thread finished: S3 1-7
2026-10-07 19:53:00,219 INFO o.a.j.t.JMeterThread: Stopping because end time detected by thread: S3 1-8
2026-10-07 19:53:00,220 INFO o.a.j.t.JMeterThread: Thread finished: S3 1-8
2026-10-07 19:53:00,222 INFO o.a.j.t.JMeterThread: Stopping because end time detected by thread: S3 1-9
2026-10-07 19:53:00,222 INFO o.a.j.t.JMeterThread: Thread finished: S3 1-9
2026-10-07 19:53:00,222 INFO o.a.j.e.StandardJMeterEngine: Notifying test listeners of end of test
2026-10-07 19:53:00,224 INFO o.a.j.r.Summariser: summary +    138 in 00:00:00 =  618.8/s Avg:    16 Min:    12 Max:    20 Err:     0 (0.00%) Active: 0 Started: 10 Finished: 10
2026-10-07 19:53:00,225 INFO o.a.j.r.Summariser: summary =  31845 in 00:01:01 =  523.9/s Avg:    17 Min:     5 Max:   212 Err:     0 (0.00%)
