2026-10-07 19:50:53,702 INFO o.a.j.u.JMeterUtils: Setting Locale to en_EN
2026-10-07 19:50:53,723 INFO o.a.j.JMeter: Loading user properties from: /opt/jmeter/bin/user.properties
2026-10-07 19:50:53,724 INFO o.a.j.JMeter: Loading system properties from: /opt/jmeter/bin/system.properties
2026-10-07 19:50:53,724 INFO o.a.j.JMeter: Loading additional properties from: /tests/run.properties
2026-10-07 19:50:53,724 INFO o.a.j.JMeter: Loading additional properties from: /tests/data/ranges.properties
2026-10-07 19:50:53,724 INFO o.a.j.JMeter: Setting JMeter property: host=laravel-nginx
2026-10-07 19:50:53,725 INFO o.a.j.JMeter: Setting JMeter property: port=80
2026-10-07 19:50:53,725 INFO o.a.j.JMeter: Setting JMeter property: rampup=10
2026-10-07 19:50:53,725 INFO o.a.j.JMeter: Setting JMeter property: endpoint=EP5
2026-10-07 19:50:53,725 INFO o.a.j.JMeter: Setting JMeter property: users=10
2026-10-07 19:50:53,725 INFO o.a.j.JMeter: Setting JMeter property: duration=60
2026-10-07 19:50:53,729 INFO o.a.j.JMeter: Copyright (c) 1998-2024 The Apache Software Foundation
2026-10-07 19:50:53,729 INFO o.a.j.JMeter: Version 5.6.3
2026-10-07 19:50:53,729 INFO o.a.j.JMeter: java.version=21.0.12.1
2026-10-07 19:50:53,729 INFO o.a.j.JMeter: java.vm.name=OpenJDK 64-Bit Server VM
2026-10-07 19:50:53,729 INFO o.a.j.JMeter: os.name=Linux
2026-10-07 19:50:53,730 INFO o.a.j.JMeter: os.arch=amd64
2026-10-07 19:50:53,730 INFO o.a.j.JMeter: os.version=6.6.87.2-microsoft-standard-WSL2
2026-10-07 19:50:53,730 INFO o.a.j.JMeter: file.encoding=UTF-8
2026-10-07 19:50:53,730 INFO o.a.j.JMeter: java.awt.headless=true
2026-10-07 19:50:53,730 INFO o.a.j.JMeter: Max memory     =4294967296
2026-10-07 19:50:53,730 INFO o.a.j.JMeter: Available Processors =12
2026-10-07 19:50:53,737 INFO o.a.j.JMeter: Default Locale=English (EN)
2026-10-07 19:50:53,737 INFO o.a.j.JMeter: JMeter  Locale=English (EN)
2026-10-07 19:50:53,737 INFO o.a.j.JMeter: JMeterHome=/opt/jmeter
2026-10-07 19:50:53,738 INFO o.a.j.JMeter: user.dir  =/tests
2026-10-07 19:50:53,738 INFO o.a.j.JMeter: PWD       =/tests
2026-10-07 19:50:53,738 INFO o.a.j.JMeter: IP: 172.19.0.5 Name: b3ccd44b718a FullName: b3ccd44b718a
2026-10-07 19:50:53,747 INFO o.a.j.s.FileServer: Default base='/tests'
2026-10-07 19:50:53,749 INFO o.a.j.s.FileServer: Set new base='/tests'
2026-10-07 19:50:53,917 INFO o.a.j.s.SaveService: Testplan (JMX) version: 2.2. Testlog (JTL) version: 2.2
2026-10-07 19:50:53,947 INFO o.a.j.s.SaveService: Using SaveService properties version 5.0
2026-10-07 19:50:53,951 INFO o.a.j.s.SaveService: Using SaveService properties file encoding UTF-8
2026-10-07 19:50:53,956 INFO o.a.j.s.SaveService: Loading file: /tests/s3.jmx
2026-10-07 19:50:54,007 INFO o.a.j.p.h.s.HTTPSamplerBase: Parser for text/html is org.apache.jmeter.protocol.http.parser.LagartoBasedHtmlParser
2026-10-07 19:50:54,008 INFO o.a.j.p.h.s.HTTPSamplerBase: Parser for application/xhtml+xml is org.apache.jmeter.protocol.http.parser.LagartoBasedHtmlParser
2026-10-07 19:50:54,008 INFO o.a.j.p.h.s.HTTPSamplerBase: Parser for application/xml is org.apache.jmeter.protocol.http.parser.LagartoBasedHtmlParser
2026-10-07 19:50:54,008 INFO o.a.j.p.h.s.HTTPSamplerBase: Parser for text/xml is org.apache.jmeter.protocol.http.parser.LagartoBasedHtmlParser
2026-10-07 19:50:54,008 INFO o.a.j.p.h.s.HTTPSamplerBase: Parser for text/vnd.wap.wml is org.apache.jmeter.protocol.http.parser.RegexpHTMLParser
2026-10-07 19:50:54,008 INFO o.a.j.p.h.s.HTTPSamplerBase: Parser for text/css is org.apache.jmeter.protocol.http.parser.CssParser
2026-10-07 19:50:54,051 INFO o.a.j.JMeter: Creating summariser <summary>
2026-10-07 19:50:54,067 INFO o.a.j.e.StandardJMeterEngine: Running the test!
2026-10-07 19:50:54,068 INFO o.a.j.s.SampleEvent: List of sample_variables: []
2026-10-07 19:50:54,068 INFO o.a.j.s.SampleEvent: List of sample_variables: []
2026-10-07 19:50:54,072 INFO o.a.j.e.u.CompoundVariable: Note: Function class names must contain the string: '.functions.'
2026-10-07 19:50:54,072 INFO o.a.j.e.u.CompoundVariable: Note: Function class names must not contain the string: '.gui.'
2026-10-07 19:50:54,293 INFO o.a.j.JMeter: Running test (1791402654293)
2026-10-07 19:50:54,294 INFO o.a.j.e.StandardJMeterEngine: Starting setUp thread groups
2026-10-07 19:50:54,294 INFO o.a.j.e.StandardJMeterEngine: Starting setUp ThreadGroup: 1 : setUp - login 
2026-10-07 19:50:54,294 INFO o.a.j.e.StandardJMeterEngine: Starting 1 threads for group setUp - login.
2026-10-07 19:50:54,294 INFO o.a.j.e.StandardJMeterEngine: Test will stop abruptly on error
2026-10-07 19:50:54,294 INFO o.a.j.t.ThreadGroup: Starting thread group... number=1 threads=1 ramp-up=1 delayedStart=false
2026-10-07 19:50:54,297 INFO o.a.j.t.ThreadGroup: Started thread group number 1
2026-10-07 19:50:54,297 INFO o.a.j.e.StandardJMeterEngine: Waiting for all setup thread groups to exit
2026-10-07 19:50:54,298 INFO o.a.j.t.JMeterThread: Thread started: setUp - login 1-1
2026-10-07 19:50:54,308 INFO o.a.j.p.h.s.HTTPHCAbstractImpl: Local host = b3ccd44b718a
2026-10-07 19:50:54,313 INFO o.a.j.p.h.s.HTTPHC4Impl: HTTP request retry count = 0
2026-10-07 19:50:54,314 INFO o.a.j.s.SampleResult: Note: Sample TimeStamps are START times
2026-10-07 19:50:54,314 INFO o.a.j.s.SampleResult: sampleresult.default.encoding is set to UTF-8
2026-10-07 19:50:54,314 INFO o.a.j.s.SampleResult: sampleresult.useNanoTime=true
2026-10-07 19:50:54,314 INFO o.a.j.s.SampleResult: sampleresult.nanoThreadSleep=5000
2026-10-07 19:50:55,040 INFO o.a.j.t.JMeterThread: Thread is done: setUp - login 1-1
2026-10-07 19:50:55,040 INFO o.a.j.t.JMeterThread: Thread finished: setUp - login 1-1
2026-10-07 19:50:55,041 INFO o.a.j.e.StandardJMeterEngine: All Setup Threads have ended
2026-10-07 19:50:55,061 INFO o.a.j.e.StandardJMeterEngine: Starting ThreadGroup: 1 : S3
2026-10-07 19:50:55,062 INFO o.a.j.e.StandardJMeterEngine: Starting 10 threads for group S3.
2026-10-07 19:50:55,062 INFO o.a.j.e.StandardJMeterEngine: Thread will continue on error
2026-10-07 19:50:55,062 INFO o.a.j.t.ThreadGroup: Starting thread group... number=1 threads=10 ramp-up=10 delayedStart=false
2026-10-07 19:50:55,064 INFO o.a.j.t.JMeterThread: Thread started: S3 1-1
2026-10-07 19:50:55,070 INFO o.a.j.t.ThreadGroup: Started thread group number 1
2026-10-07 19:50:55,071 INFO o.a.j.e.StandardJMeterEngine: All thread groups have been started
2026-10-07 19:50:56,064 INFO o.a.j.t.JMeterThread: Thread started: S3 1-2
2026-10-07 19:50:57,064 INFO o.a.j.t.JMeterThread: Thread started: S3 1-3
2026-10-07 19:50:58,063 INFO o.a.j.t.JMeterThread: Thread started: S3 1-4
2026-10-07 19:50:59,063 INFO o.a.j.t.JMeterThread: Thread started: S3 1-5
2026-10-07 19:51:00,003 INFO o.a.j.r.Summariser: summary +   2133 in 00:00:06 =  373.6/s Avg:     6 Min:     5 Max:   296 Err:     0 (0.00%) Active: 5 Started: 5 Finished: 0
2026-10-07 19:51:00,063 INFO o.a.j.t.JMeterThread: Thread started: S3 1-6
2026-10-07 19:51:01,064 INFO o.a.j.t.JMeterThread: Thread started: S3 1-7
2026-10-07 19:51:02,063 INFO o.a.j.t.JMeterThread: Thread started: S3 1-8
2026-10-07 19:51:03,063 INFO o.a.j.t.JMeterThread: Thread started: S3 1-9
2026-10-07 19:51:04,063 INFO o.a.j.t.JMeterThread: Thread started: S3 1-10
2026-10-07 19:51:30,002 INFO o.a.j.r.Summariser: summary +  18615 in 00:00:30 =  620.5/s Avg:    15 Min:     5 Max:    38 Err:     0 (0.00%) Active: 10 Started: 10 Finished: 0
2026-10-07 19:51:30,002 INFO o.a.j.r.Summariser: summary =  20748 in 00:00:36 =  581.0/s Avg:    14 Min:     5 Max:   296 Err:     0 (0.00%)
2026-10-07 19:51:55,069 INFO o.a.j.t.JMeterThread: Stopping because end time detected by thread: S3 1-4
2026-10-07 19:51:55,069 INFO o.a.j.t.JMeterThread: Stopping because end time detected by thread: S3 1-5
2026-10-07 19:51:55,069 INFO o.a.j.t.JMeterThread: Thread finished: S3 1-4
2026-10-07 19:51:55,069 INFO o.a.j.t.JMeterThread: Thread finished: S3 1-5
2026-10-07 19:51:55,069 INFO o.a.j.t.JMeterThread: Stopping because end time detected by thread: S3 1-1
2026-10-07 19:51:55,069 INFO o.a.j.t.JMeterThread: Thread finished: S3 1-1
2026-10-07 19:51:55,076 INFO o.a.j.t.JMeterThread: Stopping because end time detected by thread: S3 1-6
2026-10-07 19:51:55,077 INFO o.a.j.t.JMeterThread: Stopping because end time detected by thread: S3 1-7
2026-10-07 19:51:55,077 INFO o.a.j.t.JMeterThread: Thread finished: S3 1-6
2026-10-07 19:51:55,077 INFO o.a.j.t.JMeterThread: Stopping because end time detected by thread: S3 1-3
2026-10-07 19:51:55,077 INFO o.a.j.t.JMeterThread: Thread finished: S3 1-7
2026-10-07 19:51:55,077 INFO o.a.j.t.JMeterThread: Stopping because end time detected by thread: S3 1-2
2026-10-07 19:51:55,077 INFO o.a.j.t.JMeterThread: Thread finished: S3 1-3
2026-10-07 19:51:55,077 INFO o.a.j.t.JMeterThread: Thread finished: S3 1-2
2026-10-07 19:51:55,084 INFO o.a.j.t.JMeterThread: Stopping because end time detected by thread: S3 1-9
2026-10-07 19:51:55,084 INFO o.a.j.t.JMeterThread: Stopping because end time detected by thread: S3 1-10
2026-10-07 19:51:55,084 INFO o.a.j.t.JMeterThread: Thread finished: S3 1-10
2026-10-07 19:51:55,084 INFO o.a.j.t.JMeterThread: Thread finished: S3 1-9
2026-10-07 19:51:55,084 INFO o.a.j.t.JMeterThread: Stopping because end time detected by thread: S3 1-8
2026-10-07 19:51:55,084 INFO o.a.j.t.JMeterThread: Thread finished: S3 1-8
2026-10-07 19:51:55,085 INFO o.a.j.e.StandardJMeterEngine: Notifying test listeners of end of test
2026-10-07 19:51:55,087 INFO o.a.j.r.Summariser: summary +  14935 in 00:00:25 =  595.4/s Avg:    16 Min:     8 Max:    58 Err:     0 (0.00%) Active: 0 Started: 10 Finished: 10
2026-10-07 19:51:55,087 INFO o.a.j.r.Summariser: summary =  35683 in 00:01:01 =  586.9/s Avg:    15 Min:     5 Max:   296 Err:     0 (0.00%)
