2026-10-05 20:18:01,841 INFO o.a.j.u.JMeterUtils: Setting Locale to en_EN
2026-10-05 20:18:01,860 INFO o.a.j.JMeter: Loading user properties from: /opt/jmeter/bin/user.properties
2026-10-05 20:18:01,861 INFO o.a.j.JMeter: Loading system properties from: /opt/jmeter/bin/system.properties
2026-10-05 20:18:01,861 INFO o.a.j.JMeter: Loading additional properties from: /tests/run.properties
2026-10-05 20:18:01,861 INFO o.a.j.JMeter: Loading additional properties from: /tests/data/ranges.properties
2026-10-05 20:18:01,861 INFO o.a.j.JMeter: Setting JMeter property: host=laravel-nginx
2026-10-05 20:18:01,861 INFO o.a.j.JMeter: Setting JMeter property: port=80
2026-10-05 20:18:01,861 INFO o.a.j.JMeter: Setting JMeter property: rampup=1
2026-10-05 20:18:01,861 INFO o.a.j.JMeter: Setting JMeter property: endpoint=EP8
2026-10-05 20:18:01,861 INFO o.a.j.JMeter: Setting JMeter property: users=2
2026-10-05 20:18:01,861 INFO o.a.j.JMeter: Setting JMeter property: duration=60
2026-10-05 20:18:01,866 INFO o.a.j.JMeter: Copyright (c) 1998-2024 The Apache Software Foundation
2026-10-05 20:18:01,866 INFO o.a.j.JMeter: Version 5.6.3
2026-10-05 20:18:01,866 INFO o.a.j.JMeter: java.version=21.0.12.1
2026-10-05 20:18:01,866 INFO o.a.j.JMeter: java.vm.name=OpenJDK 64-Bit Server VM
2026-10-05 20:18:01,866 INFO o.a.j.JMeter: os.name=Linux
2026-10-05 20:18:01,866 INFO o.a.j.JMeter: os.arch=amd64
2026-10-05 20:18:01,866 INFO o.a.j.JMeter: os.version=6.6.87.2-microsoft-standard-WSL2
2026-10-05 20:18:01,866 INFO o.a.j.JMeter: file.encoding=UTF-8
2026-10-05 20:18:01,866 INFO o.a.j.JMeter: java.awt.headless=true
2026-10-05 20:18:01,866 INFO o.a.j.JMeter: Max memory     =4294967296
2026-10-05 20:18:01,866 INFO o.a.j.JMeter: Available Processors =12
2026-10-05 20:18:01,873 INFO o.a.j.JMeter: Default Locale=English (EN)
2026-10-05 20:18:01,873 INFO o.a.j.JMeter: JMeter  Locale=English (EN)
2026-10-05 20:18:01,873 INFO o.a.j.JMeter: JMeterHome=/opt/jmeter
2026-10-05 20:18:01,874 INFO o.a.j.JMeter: user.dir  =/tests
2026-10-05 20:18:01,874 INFO o.a.j.JMeter: PWD       =/tests
2026-10-05 20:18:01,874 INFO o.a.j.JMeter: IP: 172.19.0.5 Name: bf17f1805cf7 FullName: bf17f1805cf7
2026-10-05 20:18:01,883 INFO o.a.j.s.FileServer: Default base='/tests'
2026-10-05 20:18:01,884 INFO o.a.j.s.FileServer: Set new base='/tests'
2026-10-05 20:18:02,031 INFO o.a.j.s.SaveService: Testplan (JMX) version: 2.2. Testlog (JTL) version: 2.2
2026-10-05 20:18:02,053 INFO o.a.j.s.SaveService: Using SaveService properties version 5.0
2026-10-05 20:18:02,055 INFO o.a.j.s.SaveService: Using SaveService properties file encoding UTF-8
2026-10-05 20:18:02,058 INFO o.a.j.s.SaveService: Loading file: /tests/s1.jmx
2026-10-05 20:18:02,099 INFO o.a.j.p.h.s.HTTPSamplerBase: Parser for text/html is org.apache.jmeter.protocol.http.parser.LagartoBasedHtmlParser
2026-10-05 20:18:02,099 INFO o.a.j.p.h.s.HTTPSamplerBase: Parser for application/xhtml+xml is org.apache.jmeter.protocol.http.parser.LagartoBasedHtmlParser
2026-10-05 20:18:02,099 INFO o.a.j.p.h.s.HTTPSamplerBase: Parser for application/xml is org.apache.jmeter.protocol.http.parser.LagartoBasedHtmlParser
2026-10-05 20:18:02,099 INFO o.a.j.p.h.s.HTTPSamplerBase: Parser for text/xml is org.apache.jmeter.protocol.http.parser.LagartoBasedHtmlParser
2026-10-05 20:18:02,099 INFO o.a.j.p.h.s.HTTPSamplerBase: Parser for text/vnd.wap.wml is org.apache.jmeter.protocol.http.parser.RegexpHTMLParser
2026-10-05 20:18:02,099 INFO o.a.j.p.h.s.HTTPSamplerBase: Parser for text/css is org.apache.jmeter.protocol.http.parser.CssParser
2026-10-05 20:18:02,135 INFO o.a.j.JMeter: Creating summariser <summary>
2026-10-05 20:18:02,149 INFO o.a.j.e.StandardJMeterEngine: Running the test!
2026-10-05 20:18:02,150 INFO o.a.j.s.SampleEvent: List of sample_variables: []
2026-10-05 20:18:02,150 INFO o.a.j.s.SampleEvent: List of sample_variables: []
2026-10-05 20:18:02,153 INFO o.a.j.e.u.CompoundVariable: Note: Function class names must contain the string: '.functions.'
2026-10-05 20:18:02,153 INFO o.a.j.e.u.CompoundVariable: Note: Function class names must not contain the string: '.gui.'
2026-10-05 20:18:02,355 INFO o.a.j.JMeter: Running test (1791231482355)
2026-10-05 20:18:02,356 INFO o.a.j.e.StandardJMeterEngine: Starting setUp thread groups
2026-10-05 20:18:02,356 INFO o.a.j.e.StandardJMeterEngine: Starting setUp ThreadGroup: 1 : setUp - login 
2026-10-05 20:18:02,356 INFO o.a.j.e.StandardJMeterEngine: Starting 1 threads for group setUp - login.
2026-10-05 20:18:02,357 INFO o.a.j.e.StandardJMeterEngine: Test will stop abruptly on error
2026-10-05 20:18:02,357 INFO o.a.j.t.ThreadGroup: Starting thread group... number=1 threads=1 ramp-up=1 delayedStart=false
2026-10-05 20:18:02,359 INFO o.a.j.t.ThreadGroup: Started thread group number 1
2026-10-05 20:18:02,359 INFO o.a.j.e.StandardJMeterEngine: Waiting for all setup thread groups to exit
2026-10-05 20:18:02,360 INFO o.a.j.t.JMeterThread: Thread started: setUp - login 1-1
2026-10-05 20:18:02,371 INFO o.a.j.p.h.s.HTTPHCAbstractImpl: Local host = bf17f1805cf7
2026-10-05 20:18:02,376 INFO o.a.j.p.h.s.HTTPHC4Impl: HTTP request retry count = 0
2026-10-05 20:18:02,377 INFO o.a.j.s.SampleResult: Note: Sample TimeStamps are START times
2026-10-05 20:18:02,377 INFO o.a.j.s.SampleResult: sampleresult.default.encoding is set to UTF-8
2026-10-05 20:18:02,377 INFO o.a.j.s.SampleResult: sampleresult.useNanoTime=true
2026-10-05 20:18:02,377 INFO o.a.j.s.SampleResult: sampleresult.nanoThreadSleep=5000
2026-10-05 20:18:03,064 INFO o.a.j.r.Summariser: summary +      1 in 00:00:01 =    1.4/s Avg:   201 Min:   201 Max:   201 Err:     0 (0.00%) Active: 1 Started: 1 Finished: 0
2026-10-05 20:18:03,064 INFO o.a.j.t.JMeterThread: Thread is done: setUp - login 1-1
2026-10-05 20:18:03,064 INFO o.a.j.t.JMeterThread: Thread finished: setUp - login 1-1
2026-10-05 20:18:03,065 INFO o.a.j.e.StandardJMeterEngine: All Setup Threads have ended
2026-10-05 20:18:03,087 INFO o.a.j.e.StandardJMeterEngine: Starting ThreadGroup: 1 : S1
2026-10-05 20:18:03,088 INFO o.a.j.e.StandardJMeterEngine: Starting 2 threads for group S1.
2026-10-05 20:18:03,088 INFO o.a.j.e.StandardJMeterEngine: Thread will continue on error
2026-10-05 20:18:03,088 INFO o.a.j.t.ThreadGroup: Starting thread group... number=1 threads=2 ramp-up=1 delayedStart=false
2026-10-05 20:18:03,090 INFO o.a.j.t.JMeterThread: Thread started: S1 1-1
2026-10-05 20:18:03,091 INFO o.a.j.t.ThreadGroup: Started thread group number 1
2026-10-05 20:18:03,091 INFO o.a.j.e.StandardJMeterEngine: All thread groups have been started
2026-10-05 20:18:03,590 INFO o.a.j.t.JMeterThread: Thread started: S1 1-2
2026-10-05 20:18:30,000 INFO o.a.j.r.Summariser: summary +   8516 in 00:00:27 =  316.1/s Avg:     6 Min:     4 Max:    37 Err:     0 (0.00%) Active: 2 Started: 2 Finished: 0
2026-10-05 20:18:30,001 INFO o.a.j.r.Summariser: summary =   8517 in 00:00:28 =  308.1/s Avg:     6 Min:     4 Max:   201 Err:     0 (0.00%)
2026-10-05 20:19:00,004 INFO o.a.j.r.Summariser: summary +  10177 in 00:00:30 =  339.2/s Avg:     5 Min:     3 Max:    14 Err:     0 (0.00%) Active: 2 Started: 2 Finished: 0
2026-10-05 20:19:00,004 INFO o.a.j.r.Summariser: summary =  18694 in 00:00:58 =  324.3/s Avg:     5 Min:     3 Max:   201 Err:     0 (0.00%)
2026-10-05 20:19:03,091 INFO o.a.j.t.JMeterThread: Stopping because end time detected by thread: S1 1-1
2026-10-05 20:19:03,092 INFO o.a.j.t.JMeterThread: Thread finished: S1 1-1
2026-10-05 20:19:03,092 INFO o.a.j.t.JMeterThread: Stopping because end time detected by thread: S1 1-2
2026-10-05 20:19:03,092 INFO o.a.j.t.JMeterThread: Thread finished: S1 1-2
2026-10-05 20:19:03,092 INFO o.a.j.e.StandardJMeterEngine: Notifying test listeners of end of test
2026-10-05 20:19:03,095 INFO o.a.j.r.Summariser: summary +   1058 in 00:00:03 =  342.2/s Avg:     5 Min:     3 Max:    11 Err:     0 (0.00%) Active: 0 Started: 2 Finished: 2
2026-10-05 20:19:03,095 INFO o.a.j.r.Summariser: summary =  19752 in 00:01:01 =  325.2/s Avg:     5 Min:     3 Max:   201 Err:     0 (0.00%)
