2026-10-05 20:16:57,341 INFO o.a.j.u.JMeterUtils: Setting Locale to en_EN
2026-10-05 20:16:57,362 INFO o.a.j.JMeter: Loading user properties from: /opt/jmeter/bin/user.properties
2026-10-05 20:16:57,362 INFO o.a.j.JMeter: Loading system properties from: /opt/jmeter/bin/system.properties
2026-10-05 20:16:57,362 INFO o.a.j.JMeter: Loading additional properties from: /tests/run.properties
2026-10-05 20:16:57,362 INFO o.a.j.JMeter: Loading additional properties from: /tests/data/ranges.properties
2026-10-05 20:16:57,363 INFO o.a.j.JMeter: Setting JMeter property: host=laravel-nginx
2026-10-05 20:16:57,363 INFO o.a.j.JMeter: Setting JMeter property: port=80
2026-10-05 20:16:57,363 INFO o.a.j.JMeter: Setting JMeter property: rampup=1
2026-10-05 20:16:57,363 INFO o.a.j.JMeter: Setting JMeter property: endpoint=EP8
2026-10-05 20:16:57,363 INFO o.a.j.JMeter: Setting JMeter property: users=2
2026-10-05 20:16:57,363 INFO o.a.j.JMeter: Setting JMeter property: duration=60
2026-10-05 20:16:57,369 INFO o.a.j.JMeter: Copyright (c) 1998-2024 The Apache Software Foundation
2026-10-05 20:16:57,369 INFO o.a.j.JMeter: Version 5.6.3
2026-10-05 20:16:57,369 INFO o.a.j.JMeter: java.version=21.0.12.1
2026-10-05 20:16:57,369 INFO o.a.j.JMeter: java.vm.name=OpenJDK 64-Bit Server VM
2026-10-05 20:16:57,369 INFO o.a.j.JMeter: os.name=Linux
2026-10-05 20:16:57,369 INFO o.a.j.JMeter: os.arch=amd64
2026-10-05 20:16:57,369 INFO o.a.j.JMeter: os.version=6.6.87.2-microsoft-standard-WSL2
2026-10-05 20:16:57,369 INFO o.a.j.JMeter: file.encoding=UTF-8
2026-10-05 20:16:57,369 INFO o.a.j.JMeter: java.awt.headless=true
2026-10-05 20:16:57,369 INFO o.a.j.JMeter: Max memory     =4294967296
2026-10-05 20:16:57,369 INFO o.a.j.JMeter: Available Processors =12
2026-10-05 20:16:57,376 INFO o.a.j.JMeter: Default Locale=English (EN)
2026-10-05 20:16:57,376 INFO o.a.j.JMeter: JMeter  Locale=English (EN)
2026-10-05 20:16:57,376 INFO o.a.j.JMeter: JMeterHome=/opt/jmeter
2026-10-05 20:16:57,376 INFO o.a.j.JMeter: user.dir  =/tests
2026-10-05 20:16:57,377 INFO o.a.j.JMeter: PWD       =/tests
2026-10-05 20:16:57,377 INFO o.a.j.JMeter: IP: 172.19.0.5 Name: 184068214d00 FullName: 184068214d00
2026-10-05 20:16:57,386 INFO o.a.j.s.FileServer: Default base='/tests'
2026-10-05 20:16:57,387 INFO o.a.j.s.FileServer: Set new base='/tests'
2026-10-05 20:16:57,532 INFO o.a.j.s.SaveService: Testplan (JMX) version: 2.2. Testlog (JTL) version: 2.2
2026-10-05 20:16:57,553 INFO o.a.j.s.SaveService: Using SaveService properties version 5.0
2026-10-05 20:16:57,556 INFO o.a.j.s.SaveService: Using SaveService properties file encoding UTF-8
2026-10-05 20:16:57,559 INFO o.a.j.s.SaveService: Loading file: /tests/s1.jmx
2026-10-05 20:16:57,600 INFO o.a.j.p.h.s.HTTPSamplerBase: Parser for text/html is org.apache.jmeter.protocol.http.parser.LagartoBasedHtmlParser
2026-10-05 20:16:57,600 INFO o.a.j.p.h.s.HTTPSamplerBase: Parser for application/xhtml+xml is org.apache.jmeter.protocol.http.parser.LagartoBasedHtmlParser
2026-10-05 20:16:57,600 INFO o.a.j.p.h.s.HTTPSamplerBase: Parser for application/xml is org.apache.jmeter.protocol.http.parser.LagartoBasedHtmlParser
2026-10-05 20:16:57,600 INFO o.a.j.p.h.s.HTTPSamplerBase: Parser for text/xml is org.apache.jmeter.protocol.http.parser.LagartoBasedHtmlParser
2026-10-05 20:16:57,600 INFO o.a.j.p.h.s.HTTPSamplerBase: Parser for text/vnd.wap.wml is org.apache.jmeter.protocol.http.parser.RegexpHTMLParser
2026-10-05 20:16:57,601 INFO o.a.j.p.h.s.HTTPSamplerBase: Parser for text/css is org.apache.jmeter.protocol.http.parser.CssParser
2026-10-05 20:16:57,636 INFO o.a.j.JMeter: Creating summariser <summary>
2026-10-05 20:16:57,649 INFO o.a.j.e.StandardJMeterEngine: Running the test!
2026-10-05 20:16:57,650 INFO o.a.j.s.SampleEvent: List of sample_variables: []
2026-10-05 20:16:57,650 INFO o.a.j.s.SampleEvent: List of sample_variables: []
2026-10-05 20:16:57,653 INFO o.a.j.e.u.CompoundVariable: Note: Function class names must contain the string: '.functions.'
2026-10-05 20:16:57,653 INFO o.a.j.e.u.CompoundVariable: Note: Function class names must not contain the string: '.gui.'
2026-10-05 20:16:57,848 INFO o.a.j.JMeter: Running test (1791231417848)
2026-10-05 20:16:57,849 INFO o.a.j.e.StandardJMeterEngine: Starting setUp thread groups
2026-10-05 20:16:57,849 INFO o.a.j.e.StandardJMeterEngine: Starting setUp ThreadGroup: 1 : setUp - login 
2026-10-05 20:16:57,849 INFO o.a.j.e.StandardJMeterEngine: Starting 1 threads for group setUp - login.
2026-10-05 20:16:57,849 INFO o.a.j.e.StandardJMeterEngine: Test will stop abruptly on error
2026-10-05 20:16:57,850 INFO o.a.j.t.ThreadGroup: Starting thread group... number=1 threads=1 ramp-up=1 delayedStart=false
2026-10-05 20:16:57,852 INFO o.a.j.t.ThreadGroup: Started thread group number 1
2026-10-05 20:16:57,852 INFO o.a.j.e.StandardJMeterEngine: Waiting for all setup thread groups to exit
2026-10-05 20:16:57,853 INFO o.a.j.t.JMeterThread: Thread started: setUp - login 1-1
2026-10-05 20:16:57,864 INFO o.a.j.p.h.s.HTTPHCAbstractImpl: Local host = 184068214d00
2026-10-05 20:16:57,868 INFO o.a.j.p.h.s.HTTPHC4Impl: HTTP request retry count = 0
2026-10-05 20:16:57,869 INFO o.a.j.s.SampleResult: Note: Sample TimeStamps are START times
2026-10-05 20:16:57,869 INFO o.a.j.s.SampleResult: sampleresult.default.encoding is set to UTF-8
2026-10-05 20:16:57,869 INFO o.a.j.s.SampleResult: sampleresult.useNanoTime=true
2026-10-05 20:16:57,869 INFO o.a.j.s.SampleResult: sampleresult.nanoThreadSleep=5000
2026-10-05 20:16:58,575 INFO o.a.j.t.JMeterThread: Thread is done: setUp - login 1-1
2026-10-05 20:16:58,575 INFO o.a.j.t.JMeterThread: Thread finished: setUp - login 1-1
2026-10-05 20:16:58,576 INFO o.a.j.e.StandardJMeterEngine: All Setup Threads have ended
2026-10-05 20:16:58,598 INFO o.a.j.e.StandardJMeterEngine: Starting ThreadGroup: 1 : S1
2026-10-05 20:16:58,598 INFO o.a.j.e.StandardJMeterEngine: Starting 2 threads for group S1.
2026-10-05 20:16:58,598 INFO o.a.j.e.StandardJMeterEngine: Thread will continue on error
2026-10-05 20:16:58,598 INFO o.a.j.t.ThreadGroup: Starting thread group... number=1 threads=2 ramp-up=1 delayedStart=false
2026-10-05 20:16:58,600 INFO o.a.j.t.JMeterThread: Thread started: S1 1-1
2026-10-05 20:16:58,601 INFO o.a.j.t.ThreadGroup: Started thread group number 1
2026-10-05 20:16:58,601 INFO o.a.j.e.StandardJMeterEngine: All thread groups have been started
2026-10-05 20:16:59,101 INFO o.a.j.t.JMeterThread: Thread started: S1 1-2
2026-10-05 20:17:00,005 INFO o.a.j.r.Summariser: summary +    317 in 00:00:02 =  147.1/s Avg:     7 Min:     4 Max:   289 Err:     0 (0.00%) Active: 2 Started: 2 Finished: 0
2026-10-05 20:17:30,001 INFO o.a.j.r.Summariser: summary +   9864 in 00:00:30 =  328.8/s Avg:     5 Min:     4 Max:    13 Err:     0 (0.00%) Active: 2 Started: 2 Finished: 0
2026-10-05 20:17:30,001 INFO o.a.j.r.Summariser: summary =  10181 in 00:00:32 =  316.6/s Avg:     6 Min:     4 Max:   289 Err:     0 (0.00%)
2026-10-05 20:17:58,600 INFO o.a.j.t.JMeterThread: Stopping because end time detected by thread: S1 1-1
2026-10-05 20:17:58,601 INFO o.a.j.t.JMeterThread: Thread finished: S1 1-1
2026-10-05 20:17:58,602 INFO o.a.j.t.JMeterThread: Stopping because end time detected by thread: S1 1-2
2026-10-05 20:17:58,602 INFO o.a.j.t.JMeterThread: Thread finished: S1 1-2
2026-10-05 20:17:58,602 INFO o.a.j.e.StandardJMeterEngine: Notifying test listeners of end of test
2026-10-05 20:17:58,604 INFO o.a.j.r.Summariser: summary +   9780 in 00:00:29 =  341.9/s Avg:     5 Min:     3 Max:    10 Err:     0 (0.00%) Active: 0 Started: 2 Finished: 2
2026-10-05 20:17:58,605 INFO o.a.j.r.Summariser: summary =  19961 in 00:01:01 =  328.5/s Avg:     5 Min:     3 Max:   289 Err:     0 (0.00%)
