2026-10-05 20:27:52,199 INFO o.a.j.u.JMeterUtils: Setting Locale to en_EN
2026-10-05 20:27:52,218 INFO o.a.j.JMeter: Loading user properties from: /opt/jmeter/bin/user.properties
2026-10-05 20:27:52,218 INFO o.a.j.JMeter: Loading system properties from: /opt/jmeter/bin/system.properties
2026-10-05 20:27:52,218 INFO o.a.j.JMeter: Loading additional properties from: /tests/run.properties
2026-10-05 20:27:52,218 INFO o.a.j.JMeter: Loading additional properties from: /tests/data/ranges.properties
2026-10-05 20:27:52,219 INFO o.a.j.JMeter: Setting JMeter property: host=laravel-nginx
2026-10-05 20:27:52,219 INFO o.a.j.JMeter: Setting JMeter property: port=80
2026-10-05 20:27:52,219 INFO o.a.j.JMeter: Setting JMeter property: rampup=1
2026-10-05 20:27:52,219 INFO o.a.j.JMeter: Setting JMeter property: endpoint=EP8
2026-10-05 20:27:52,219 INFO o.a.j.JMeter: Setting JMeter property: users=10
2026-10-05 20:27:52,219 INFO o.a.j.JMeter: Setting JMeter property: duration=60
2026-10-05 20:27:52,225 INFO o.a.j.JMeter: Copyright (c) 1998-2024 The Apache Software Foundation
2026-10-05 20:27:52,225 INFO o.a.j.JMeter: Version 5.6.3
2026-10-05 20:27:52,225 INFO o.a.j.JMeter: java.version=21.0.12.1
2026-10-05 20:27:52,225 INFO o.a.j.JMeter: java.vm.name=OpenJDK 64-Bit Server VM
2026-10-05 20:27:52,225 INFO o.a.j.JMeter: os.name=Linux
2026-10-05 20:27:52,225 INFO o.a.j.JMeter: os.arch=amd64
2026-10-05 20:27:52,225 INFO o.a.j.JMeter: os.version=6.6.87.2-microsoft-standard-WSL2
2026-10-05 20:27:52,226 INFO o.a.j.JMeter: file.encoding=UTF-8
2026-10-05 20:27:52,226 INFO o.a.j.JMeter: java.awt.headless=true
2026-10-05 20:27:52,226 INFO o.a.j.JMeter: Max memory     =4294967296
2026-10-05 20:27:52,226 INFO o.a.j.JMeter: Available Processors =12
2026-10-05 20:27:52,234 INFO o.a.j.JMeter: Default Locale=English (EN)
2026-10-05 20:27:52,234 INFO o.a.j.JMeter: JMeter  Locale=English (EN)
2026-10-05 20:27:52,234 INFO o.a.j.JMeter: JMeterHome=/opt/jmeter
2026-10-05 20:27:52,234 INFO o.a.j.JMeter: user.dir  =/tests
2026-10-05 20:27:52,235 INFO o.a.j.JMeter: PWD       =/tests
2026-10-05 20:27:52,235 INFO o.a.j.JMeter: IP: 172.19.0.5 Name: cd85f99a1658 FullName: cd85f99a1658
2026-10-05 20:27:52,245 INFO o.a.j.s.FileServer: Default base='/tests'
2026-10-05 20:27:52,246 INFO o.a.j.s.FileServer: Set new base='/tests'
2026-10-05 20:27:52,392 INFO o.a.j.s.SaveService: Testplan (JMX) version: 2.2. Testlog (JTL) version: 2.2
2026-10-05 20:27:52,413 INFO o.a.j.s.SaveService: Using SaveService properties version 5.0
2026-10-05 20:27:52,417 INFO o.a.j.s.SaveService: Using SaveService properties file encoding UTF-8
2026-10-05 20:27:52,420 INFO o.a.j.s.SaveService: Loading file: /tests/s1.jmx
2026-10-05 20:27:52,461 INFO o.a.j.p.h.s.HTTPSamplerBase: Parser for text/html is org.apache.jmeter.protocol.http.parser.LagartoBasedHtmlParser
2026-10-05 20:27:52,462 INFO o.a.j.p.h.s.HTTPSamplerBase: Parser for application/xhtml+xml is org.apache.jmeter.protocol.http.parser.LagartoBasedHtmlParser
2026-10-05 20:27:52,462 INFO o.a.j.p.h.s.HTTPSamplerBase: Parser for application/xml is org.apache.jmeter.protocol.http.parser.LagartoBasedHtmlParser
2026-10-05 20:27:52,462 INFO o.a.j.p.h.s.HTTPSamplerBase: Parser for text/xml is org.apache.jmeter.protocol.http.parser.LagartoBasedHtmlParser
2026-10-05 20:27:52,462 INFO o.a.j.p.h.s.HTTPSamplerBase: Parser for text/vnd.wap.wml is org.apache.jmeter.protocol.http.parser.RegexpHTMLParser
2026-10-05 20:27:52,462 INFO o.a.j.p.h.s.HTTPSamplerBase: Parser for text/css is org.apache.jmeter.protocol.http.parser.CssParser
2026-10-05 20:27:52,497 INFO o.a.j.JMeter: Creating summariser <summary>
2026-10-05 20:27:52,510 INFO o.a.j.e.StandardJMeterEngine: Running the test!
2026-10-05 20:27:52,511 INFO o.a.j.s.SampleEvent: List of sample_variables: []
2026-10-05 20:27:52,511 INFO o.a.j.s.SampleEvent: List of sample_variables: []
2026-10-05 20:27:52,515 INFO o.a.j.e.u.CompoundVariable: Note: Function class names must contain the string: '.functions.'
2026-10-05 20:27:52,515 INFO o.a.j.e.u.CompoundVariable: Note: Function class names must not contain the string: '.gui.'
2026-10-05 20:27:52,720 INFO o.a.j.JMeter: Running test (1791232072720)
2026-10-05 20:27:52,721 INFO o.a.j.e.StandardJMeterEngine: Starting setUp thread groups
2026-10-05 20:27:52,721 INFO o.a.j.e.StandardJMeterEngine: Starting setUp ThreadGroup: 1 : setUp - login 
2026-10-05 20:27:52,721 INFO o.a.j.e.StandardJMeterEngine: Starting 1 threads for group setUp - login.
2026-10-05 20:27:52,721 INFO o.a.j.e.StandardJMeterEngine: Test will stop abruptly on error
2026-10-05 20:27:52,722 INFO o.a.j.t.ThreadGroup: Starting thread group... number=1 threads=1 ramp-up=1 delayedStart=false
2026-10-05 20:27:52,724 INFO o.a.j.t.ThreadGroup: Started thread group number 1
2026-10-05 20:27:52,724 INFO o.a.j.e.StandardJMeterEngine: Waiting for all setup thread groups to exit
2026-10-05 20:27:52,726 INFO o.a.j.t.JMeterThread: Thread started: setUp - login 1-1
2026-10-05 20:27:52,737 INFO o.a.j.p.h.s.HTTPHCAbstractImpl: Local host = cd85f99a1658
2026-10-05 20:27:52,741 INFO o.a.j.p.h.s.HTTPHC4Impl: HTTP request retry count = 0
2026-10-05 20:27:52,742 INFO o.a.j.s.SampleResult: Note: Sample TimeStamps are START times
2026-10-05 20:27:52,742 INFO o.a.j.s.SampleResult: sampleresult.default.encoding is set to UTF-8
2026-10-05 20:27:52,742 INFO o.a.j.s.SampleResult: sampleresult.useNanoTime=true
2026-10-05 20:27:52,742 INFO o.a.j.s.SampleResult: sampleresult.nanoThreadSleep=5000
2026-10-05 20:27:53,365 INFO o.a.j.t.JMeterThread: Thread is done: setUp - login 1-1
2026-10-05 20:27:53,365 INFO o.a.j.t.JMeterThread: Thread finished: setUp - login 1-1
2026-10-05 20:27:53,366 INFO o.a.j.e.StandardJMeterEngine: All Setup Threads have ended
2026-10-05 20:27:53,388 INFO o.a.j.e.StandardJMeterEngine: Starting ThreadGroup: 1 : S1
2026-10-05 20:27:53,388 INFO o.a.j.e.StandardJMeterEngine: Starting 10 threads for group S1.
2026-10-05 20:27:53,388 INFO o.a.j.e.StandardJMeterEngine: Thread will continue on error
2026-10-05 20:27:53,388 INFO o.a.j.t.ThreadGroup: Starting thread group... number=1 threads=10 ramp-up=1 delayedStart=false
2026-10-05 20:27:53,390 INFO o.a.j.t.JMeterThread: Thread started: S1 1-1
2026-10-05 20:27:53,397 INFO o.a.j.t.ThreadGroup: Started thread group number 1
2026-10-05 20:27:53,397 INFO o.a.j.e.StandardJMeterEngine: All thread groups have been started
2026-10-05 20:27:53,490 INFO o.a.j.t.JMeterThread: Thread started: S1 1-2
2026-10-05 20:27:53,590 INFO o.a.j.t.JMeterThread: Thread started: S1 1-3
2026-10-05 20:27:53,690 INFO o.a.j.t.JMeterThread: Thread started: S1 1-4
2026-10-05 20:27:53,789 INFO o.a.j.t.JMeterThread: Thread started: S1 1-5
2026-10-05 20:27:53,889 INFO o.a.j.t.JMeterThread: Thread started: S1 1-6
2026-10-05 20:27:53,990 INFO o.a.j.t.JMeterThread: Thread started: S1 1-7
2026-10-05 20:27:54,090 INFO o.a.j.t.JMeterThread: Thread started: S1 1-8
2026-10-05 20:27:54,189 INFO o.a.j.t.JMeterThread: Thread started: S1 1-9
2026-10-05 20:27:54,289 INFO o.a.j.t.JMeterThread: Thread started: S1 1-10
2026-10-05 20:28:00,003 INFO o.a.j.r.Summariser: summary +   4289 in 00:00:07 =  589.0/s Avg:    14 Min:     4 Max:   203 Err:     0 (0.00%) Active: 10 Started: 10 Finished: 0
2026-10-05 20:28:30,001 INFO o.a.j.r.Summariser: summary +  20230 in 00:00:30 =  674.4/s Avg:    14 Min:     8 Max:    63 Err:     0 (0.00%) Active: 10 Started: 10 Finished: 0
2026-10-05 20:28:30,001 INFO o.a.j.r.Summariser: summary =  24519 in 00:00:37 =  657.7/s Avg:    14 Min:     4 Max:   203 Err:     0 (0.00%)
2026-10-05 20:28:53,392 INFO o.a.j.t.JMeterThread: Stopping because end time detected by thread: S1 1-2
2026-10-05 20:28:53,392 INFO o.a.j.t.JMeterThread: Thread finished: S1 1-2
2026-10-05 20:28:53,392 INFO o.a.j.t.JMeterThread: Stopping because end time detected by thread: S1 1-4
2026-10-05 20:28:53,393 INFO o.a.j.t.JMeterThread: Thread finished: S1 1-4
2026-10-05 20:28:53,396 INFO o.a.j.t.JMeterThread: Stopping because end time detected by thread: S1 1-1
2026-10-05 20:28:53,396 INFO o.a.j.t.JMeterThread: Thread finished: S1 1-1
2026-10-05 20:28:53,396 INFO o.a.j.t.JMeterThread: Stopping because end time detected by thread: S1 1-8
2026-10-05 20:28:53,397 INFO o.a.j.t.JMeterThread: Thread finished: S1 1-8
2026-10-05 20:28:53,399 INFO o.a.j.t.JMeterThread: Stopping because end time detected by thread: S1 1-10
2026-10-05 20:28:53,399 INFO o.a.j.t.JMeterThread: Thread finished: S1 1-10
2026-10-05 20:28:53,400 INFO o.a.j.t.JMeterThread: Stopping because end time detected by thread: S1 1-6
2026-10-05 20:28:53,400 INFO o.a.j.t.JMeterThread: Thread finished: S1 1-6
2026-10-05 20:28:53,403 INFO o.a.j.t.JMeterThread: Stopping because end time detected by thread: S1 1-3
2026-10-05 20:28:53,403 INFO o.a.j.t.JMeterThread: Thread finished: S1 1-3
2026-10-05 20:28:53,404 INFO o.a.j.t.JMeterThread: Stopping because end time detected by thread: S1 1-5
2026-10-05 20:28:53,404 INFO o.a.j.t.JMeterThread: Thread finished: S1 1-5
2026-10-05 20:28:53,406 INFO o.a.j.t.JMeterThread: Stopping because end time detected by thread: S1 1-7
2026-10-05 20:28:53,406 INFO o.a.j.t.JMeterThread: Thread finished: S1 1-7
2026-10-05 20:28:53,407 INFO o.a.j.t.JMeterThread: Stopping because end time detected by thread: S1 1-9
2026-10-05 20:28:53,407 INFO o.a.j.t.JMeterThread: Thread finished: S1 1-9
2026-10-05 20:28:53,407 INFO o.a.j.e.StandardJMeterEngine: Notifying test listeners of end of test
2026-10-05 20:28:53,409 INFO o.a.j.r.Summariser: summary +  16067 in 00:00:23 =  686.4/s Avg:    14 Min:     8 Max:    47 Err:     0 (0.00%) Active: 0 Started: 10 Finished: 10
2026-10-05 20:28:53,410 INFO o.a.j.r.Summariser: summary =  40586 in 00:01:01 =  668.8/s Avg:    14 Min:     4 Max:   203 Err:     0 (0.00%)
