2026-10-05 20:26:47,473 INFO o.a.j.u.JMeterUtils: Setting Locale to en_EN
2026-10-05 20:26:47,494 INFO o.a.j.JMeter: Loading user properties from: /opt/jmeter/bin/user.properties
2026-10-05 20:26:47,494 INFO o.a.j.JMeter: Loading system properties from: /opt/jmeter/bin/system.properties
2026-10-05 20:26:47,494 INFO o.a.j.JMeter: Loading additional properties from: /tests/run.properties
2026-10-05 20:26:47,494 INFO o.a.j.JMeter: Loading additional properties from: /tests/data/ranges.properties
2026-10-05 20:26:47,495 INFO o.a.j.JMeter: Setting JMeter property: host=laravel-nginx
2026-10-05 20:26:47,495 INFO o.a.j.JMeter: Setting JMeter property: port=80
2026-10-05 20:26:47,495 INFO o.a.j.JMeter: Setting JMeter property: rampup=1
2026-10-05 20:26:47,495 INFO o.a.j.JMeter: Setting JMeter property: endpoint=EP8
2026-10-05 20:26:47,495 INFO o.a.j.JMeter: Setting JMeter property: users=10
2026-10-05 20:26:47,495 INFO o.a.j.JMeter: Setting JMeter property: duration=60
2026-10-05 20:26:47,500 INFO o.a.j.JMeter: Copyright (c) 1998-2024 The Apache Software Foundation
2026-10-05 20:26:47,500 INFO o.a.j.JMeter: Version 5.6.3
2026-10-05 20:26:47,500 INFO o.a.j.JMeter: java.version=21.0.12.1
2026-10-05 20:26:47,500 INFO o.a.j.JMeter: java.vm.name=OpenJDK 64-Bit Server VM
2026-10-05 20:26:47,500 INFO o.a.j.JMeter: os.name=Linux
2026-10-05 20:26:47,500 INFO o.a.j.JMeter: os.arch=amd64
2026-10-05 20:26:47,500 INFO o.a.j.JMeter: os.version=6.6.87.2-microsoft-standard-WSL2
2026-10-05 20:26:47,500 INFO o.a.j.JMeter: file.encoding=UTF-8
2026-10-05 20:26:47,500 INFO o.a.j.JMeter: java.awt.headless=true
2026-10-05 20:26:47,500 INFO o.a.j.JMeter: Max memory     =4294967296
2026-10-05 20:26:47,501 INFO o.a.j.JMeter: Available Processors =12
2026-10-05 20:26:47,507 INFO o.a.j.JMeter: Default Locale=English (EN)
2026-10-05 20:26:47,507 INFO o.a.j.JMeter: JMeter  Locale=English (EN)
2026-10-05 20:26:47,507 INFO o.a.j.JMeter: JMeterHome=/opt/jmeter
2026-10-05 20:26:47,507 INFO o.a.j.JMeter: user.dir  =/tests
2026-10-05 20:26:47,508 INFO o.a.j.JMeter: PWD       =/tests
2026-10-05 20:26:47,508 INFO o.a.j.JMeter: IP: 172.19.0.5 Name: 4c354ef1a764 FullName: 4c354ef1a764
2026-10-05 20:26:47,516 INFO o.a.j.s.FileServer: Default base='/tests'
2026-10-05 20:26:47,518 INFO o.a.j.s.FileServer: Set new base='/tests'
2026-10-05 20:26:47,661 INFO o.a.j.s.SaveService: Testplan (JMX) version: 2.2. Testlog (JTL) version: 2.2
2026-10-05 20:26:47,683 INFO o.a.j.s.SaveService: Using SaveService properties version 5.0
2026-10-05 20:26:47,686 INFO o.a.j.s.SaveService: Using SaveService properties file encoding UTF-8
2026-10-05 20:26:47,689 INFO o.a.j.s.SaveService: Loading file: /tests/s1.jmx
2026-10-05 20:26:47,730 INFO o.a.j.p.h.s.HTTPSamplerBase: Parser for text/html is org.apache.jmeter.protocol.http.parser.LagartoBasedHtmlParser
2026-10-05 20:26:47,730 INFO o.a.j.p.h.s.HTTPSamplerBase: Parser for application/xhtml+xml is org.apache.jmeter.protocol.http.parser.LagartoBasedHtmlParser
2026-10-05 20:26:47,730 INFO o.a.j.p.h.s.HTTPSamplerBase: Parser for application/xml is org.apache.jmeter.protocol.http.parser.LagartoBasedHtmlParser
2026-10-05 20:26:47,730 INFO o.a.j.p.h.s.HTTPSamplerBase: Parser for text/xml is org.apache.jmeter.protocol.http.parser.LagartoBasedHtmlParser
2026-10-05 20:26:47,730 INFO o.a.j.p.h.s.HTTPSamplerBase: Parser for text/vnd.wap.wml is org.apache.jmeter.protocol.http.parser.RegexpHTMLParser
2026-10-05 20:26:47,730 INFO o.a.j.p.h.s.HTTPSamplerBase: Parser for text/css is org.apache.jmeter.protocol.http.parser.CssParser
2026-10-05 20:26:47,765 INFO o.a.j.JMeter: Creating summariser <summary>
2026-10-05 20:26:47,779 INFO o.a.j.e.StandardJMeterEngine: Running the test!
2026-10-05 20:26:47,779 INFO o.a.j.s.SampleEvent: List of sample_variables: []
2026-10-05 20:26:47,779 INFO o.a.j.s.SampleEvent: List of sample_variables: []
2026-10-05 20:26:47,783 INFO o.a.j.e.u.CompoundVariable: Note: Function class names must contain the string: '.functions.'
2026-10-05 20:26:47,783 INFO o.a.j.e.u.CompoundVariable: Note: Function class names must not contain the string: '.gui.'
2026-10-05 20:26:47,980 INFO o.a.j.JMeter: Running test (1791232007980)
2026-10-05 20:26:47,982 INFO o.a.j.e.StandardJMeterEngine: Starting setUp thread groups
2026-10-05 20:26:47,982 INFO o.a.j.e.StandardJMeterEngine: Starting setUp ThreadGroup: 1 : setUp - login 
2026-10-05 20:26:47,982 INFO o.a.j.e.StandardJMeterEngine: Starting 1 threads for group setUp - login.
2026-10-05 20:26:47,982 INFO o.a.j.e.StandardJMeterEngine: Test will stop abruptly on error
2026-10-05 20:26:47,982 INFO o.a.j.t.ThreadGroup: Starting thread group... number=1 threads=1 ramp-up=1 delayedStart=false
2026-10-05 20:26:47,984 INFO o.a.j.t.ThreadGroup: Started thread group number 1
2026-10-05 20:26:47,985 INFO o.a.j.e.StandardJMeterEngine: Waiting for all setup thread groups to exit
2026-10-05 20:26:47,986 INFO o.a.j.t.JMeterThread: Thread started: setUp - login 1-1
2026-10-05 20:26:47,997 INFO o.a.j.p.h.s.HTTPHCAbstractImpl: Local host = 4c354ef1a764
2026-10-05 20:26:48,001 INFO o.a.j.p.h.s.HTTPHC4Impl: HTTP request retry count = 0
2026-10-05 20:26:48,002 INFO o.a.j.s.SampleResult: Note: Sample TimeStamps are START times
2026-10-05 20:26:48,002 INFO o.a.j.s.SampleResult: sampleresult.default.encoding is set to UTF-8
2026-10-05 20:26:48,003 INFO o.a.j.s.SampleResult: sampleresult.useNanoTime=true
2026-10-05 20:26:48,003 INFO o.a.j.s.SampleResult: sampleresult.nanoThreadSleep=5000
2026-10-05 20:26:48,781 INFO o.a.j.t.JMeterThread: Thread is done: setUp - login 1-1
2026-10-05 20:26:48,781 INFO o.a.j.t.JMeterThread: Thread finished: setUp - login 1-1
2026-10-05 20:26:48,782 INFO o.a.j.e.StandardJMeterEngine: All Setup Threads have ended
2026-10-05 20:26:48,803 INFO o.a.j.e.StandardJMeterEngine: Starting ThreadGroup: 1 : S1
2026-10-05 20:26:48,803 INFO o.a.j.e.StandardJMeterEngine: Starting 10 threads for group S1.
2026-10-05 20:26:48,804 INFO o.a.j.e.StandardJMeterEngine: Thread will continue on error
2026-10-05 20:26:48,804 INFO o.a.j.t.ThreadGroup: Starting thread group... number=1 threads=10 ramp-up=1 delayedStart=false
2026-10-05 20:26:48,806 INFO o.a.j.t.JMeterThread: Thread started: S1 1-1
2026-10-05 20:26:48,812 INFO o.a.j.t.ThreadGroup: Started thread group number 1
2026-10-05 20:26:48,813 INFO o.a.j.e.StandardJMeterEngine: All thread groups have been started
2026-10-05 20:26:48,906 INFO o.a.j.t.JMeterThread: Thread started: S1 1-2
2026-10-05 20:26:49,005 INFO o.a.j.t.JMeterThread: Thread started: S1 1-3
2026-10-05 20:26:49,105 INFO o.a.j.t.JMeterThread: Thread started: S1 1-4
2026-10-05 20:26:49,205 INFO o.a.j.t.JMeterThread: Thread started: S1 1-5
2026-10-05 20:26:49,305 INFO o.a.j.t.JMeterThread: Thread started: S1 1-6
2026-10-05 20:26:49,406 INFO o.a.j.t.JMeterThread: Thread started: S1 1-7
2026-10-05 20:26:49,506 INFO o.a.j.t.JMeterThread: Thread started: S1 1-8
2026-10-05 20:26:49,606 INFO o.a.j.t.JMeterThread: Thread started: S1 1-9
2026-10-05 20:26:49,705 INFO o.a.j.t.JMeterThread: Thread started: S1 1-10
2026-10-05 20:27:00,002 INFO o.a.j.r.Summariser: summary +   7291 in 00:00:12 =  606.5/s Avg:    14 Min:     4 Max:   294 Err:     0 (0.00%) Active: 10 Started: 10 Finished: 0
2026-10-05 20:27:30,001 INFO o.a.j.r.Summariser: summary +  20633 in 00:00:30 =  687.8/s Avg:    14 Min:     8 Max:    32 Err:     0 (0.00%) Active: 10 Started: 10 Finished: 0
2026-10-05 20:27:30,001 INFO o.a.j.r.Summariser: summary =  27924 in 00:00:42 =  664.5/s Avg:    14 Min:     4 Max:   294 Err:     0 (0.00%)
2026-10-05 20:27:48,809 INFO o.a.j.t.JMeterThread: Stopping because end time detected by thread: S1 1-3
2026-10-05 20:27:48,809 INFO o.a.j.t.JMeterThread: Thread finished: S1 1-3
2026-10-05 20:27:48,811 INFO o.a.j.t.JMeterThread: Stopping because end time detected by thread: S1 1-2
2026-10-05 20:27:48,811 INFO o.a.j.t.JMeterThread: Stopping because end time detected by thread: S1 1-6
2026-10-05 20:27:48,811 INFO o.a.j.t.JMeterThread: Thread finished: S1 1-2
2026-10-05 20:27:48,811 INFO o.a.j.t.JMeterThread: Thread finished: S1 1-6
2026-10-05 20:27:48,815 INFO o.a.j.t.JMeterThread: Stopping because end time detected by thread: S1 1-1
2026-10-05 20:27:48,815 INFO o.a.j.t.JMeterThread: Thread finished: S1 1-1
2026-10-05 20:27:48,817 INFO o.a.j.t.JMeterThread: Stopping because end time detected by thread: S1 1-5
2026-10-05 20:27:48,817 INFO o.a.j.t.JMeterThread: Thread finished: S1 1-5
2026-10-05 20:27:48,817 INFO o.a.j.t.JMeterThread: Stopping because end time detected by thread: S1 1-4
2026-10-05 20:27:48,817 INFO o.a.j.t.JMeterThread: Thread finished: S1 1-4
2026-10-05 20:27:48,819 INFO o.a.j.t.JMeterThread: Stopping because end time detected by thread: S1 1-7
2026-10-05 20:27:48,819 INFO o.a.j.t.JMeterThread: Thread finished: S1 1-7
2026-10-05 20:27:48,821 INFO o.a.j.t.JMeterThread: Stopping because end time detected by thread: S1 1-10
2026-10-05 20:27:48,821 INFO o.a.j.t.JMeterThread: Thread finished: S1 1-10
2026-10-05 20:27:48,823 INFO o.a.j.t.JMeterThread: Stopping because end time detected by thread: S1 1-9
2026-10-05 20:27:48,823 INFO o.a.j.t.JMeterThread: Thread finished: S1 1-9
2026-10-05 20:27:48,825 INFO o.a.j.t.JMeterThread: Stopping because end time detected by thread: S1 1-8
2026-10-05 20:27:48,825 INFO o.a.j.t.JMeterThread: Thread finished: S1 1-8
2026-10-05 20:27:48,825 INFO o.a.j.e.StandardJMeterEngine: Notifying test listeners of end of test
2026-10-05 20:27:48,828 INFO o.a.j.r.Summariser: summary +  13053 in 00:00:19 =  693.3/s Avg:    14 Min:     8 Max:    46 Err:     0 (0.00%) Active: 0 Started: 10 Finished: 10
2026-10-05 20:27:48,828 INFO o.a.j.r.Summariser: summary =  40977 in 00:01:01 =  673.4/s Avg:    14 Min:     4 Max:   294 Err:     0 (0.00%)
