2026-10-02 22:50:09,417 INFO o.a.j.u.JMeterUtils: Setting Locale to en_EN
2026-10-02 22:50:09,441 INFO o.a.j.JMeter: Loading user properties from: /opt/jmeter/bin/user.properties
2026-10-02 22:50:09,441 INFO o.a.j.JMeter: Loading system properties from: /opt/jmeter/bin/system.properties
2026-10-02 22:50:09,442 INFO o.a.j.JMeter: Loading additional properties from: /tests/run.properties
2026-10-02 22:50:09,442 INFO o.a.j.JMeter: Loading additional properties from: /tests/data/ranges.properties
2026-10-02 22:50:09,442 INFO o.a.j.JMeter: Setting JMeter property: host=nestjs-nginx
2026-10-02 22:50:09,442 INFO o.a.j.JMeter: Setting JMeter property: port=80
2026-10-02 22:50:09,442 INFO o.a.j.JMeter: Setting JMeter property: rampup=1
2026-10-02 22:50:09,442 INFO o.a.j.JMeter: Setting JMeter property: endpoint=EP6
2026-10-02 22:50:09,442 INFO o.a.j.JMeter: Setting JMeter property: users=1
2026-10-02 22:50:09,442 INFO o.a.j.JMeter: Setting JMeter property: duration=60
2026-10-02 22:50:09,447 INFO o.a.j.JMeter: Copyright (c) 1998-2024 The Apache Software Foundation
2026-10-02 22:50:09,447 INFO o.a.j.JMeter: Version 5.6.3
2026-10-02 22:50:09,447 INFO o.a.j.JMeter: java.version=21.0.12.1
2026-10-02 22:50:09,447 INFO o.a.j.JMeter: java.vm.name=OpenJDK 64-Bit Server VM
2026-10-02 22:50:09,448 INFO o.a.j.JMeter: os.name=Linux
2026-10-02 22:50:09,448 INFO o.a.j.JMeter: os.arch=amd64
2026-10-02 22:50:09,448 INFO o.a.j.JMeter: os.version=6.6.87.2-microsoft-standard-WSL2
2026-10-02 22:50:09,448 INFO o.a.j.JMeter: file.encoding=UTF-8
2026-10-02 22:50:09,448 INFO o.a.j.JMeter: java.awt.headless=true
2026-10-02 22:50:09,448 INFO o.a.j.JMeter: Max memory     =4294967296
2026-10-02 22:50:09,448 INFO o.a.j.JMeter: Available Processors =12
2026-10-02 22:50:09,457 INFO o.a.j.JMeter: Default Locale=English (EN)
2026-10-02 22:50:09,458 INFO o.a.j.JMeter: JMeter  Locale=English (EN)
2026-10-02 22:50:09,458 INFO o.a.j.JMeter: JMeterHome=/opt/jmeter
2026-10-02 22:50:09,458 INFO o.a.j.JMeter: user.dir  =/tests
2026-10-02 22:50:09,458 INFO o.a.j.JMeter: PWD       =/tests
2026-10-02 22:50:09,458 INFO o.a.j.JMeter: IP: 172.19.0.5 Name: a911444c347e FullName: a911444c347e
2026-10-02 22:50:09,470 INFO o.a.j.s.FileServer: Default base='/tests'
2026-10-02 22:50:09,471 INFO o.a.j.s.FileServer: Set new base='/tests'
2026-10-02 22:50:09,650 INFO o.a.j.s.SaveService: Testplan (JMX) version: 2.2. Testlog (JTL) version: 2.2
2026-10-02 22:50:09,676 INFO o.a.j.s.SaveService: Using SaveService properties version 5.0
2026-10-02 22:50:09,679 INFO o.a.j.s.SaveService: Using SaveService properties file encoding UTF-8
2026-10-02 22:50:09,682 INFO o.a.j.s.SaveService: Loading file: /tests/s3.jmx
2026-10-02 22:50:09,732 INFO o.a.j.p.h.s.HTTPSamplerBase: Parser for text/html is org.apache.jmeter.protocol.http.parser.LagartoBasedHtmlParser
2026-10-02 22:50:09,732 INFO o.a.j.p.h.s.HTTPSamplerBase: Parser for application/xhtml+xml is org.apache.jmeter.protocol.http.parser.LagartoBasedHtmlParser
2026-10-02 22:50:09,733 INFO o.a.j.p.h.s.HTTPSamplerBase: Parser for application/xml is org.apache.jmeter.protocol.http.parser.LagartoBasedHtmlParser
2026-10-02 22:50:09,733 INFO o.a.j.p.h.s.HTTPSamplerBase: Parser for text/xml is org.apache.jmeter.protocol.http.parser.LagartoBasedHtmlParser
2026-10-02 22:50:09,733 INFO o.a.j.p.h.s.HTTPSamplerBase: Parser for text/vnd.wap.wml is org.apache.jmeter.protocol.http.parser.RegexpHTMLParser
2026-10-02 22:50:09,733 INFO o.a.j.p.h.s.HTTPSamplerBase: Parser for text/css is org.apache.jmeter.protocol.http.parser.CssParser
2026-10-02 22:50:09,776 INFO o.a.j.JMeter: Creating summariser <summary>
2026-10-02 22:50:09,802 INFO o.a.j.e.StandardJMeterEngine: Running the test!
2026-10-02 22:50:09,803 INFO o.a.j.s.SampleEvent: List of sample_variables: []
2026-10-02 22:50:09,803 INFO o.a.j.s.SampleEvent: List of sample_variables: []
2026-10-02 22:50:09,809 INFO o.a.j.e.u.CompoundVariable: Note: Function class names must contain the string: '.functions.'
2026-10-02 22:50:09,810 INFO o.a.j.e.u.CompoundVariable: Note: Function class names must not contain the string: '.gui.'
2026-10-02 22:50:10,061 INFO o.a.j.JMeter: Running test (1790981410061)
2026-10-02 22:50:10,064 INFO o.a.j.e.StandardJMeterEngine: Starting setUp thread groups
2026-10-02 22:50:10,064 INFO o.a.j.e.StandardJMeterEngine: Starting setUp ThreadGroup: 1 : setUp - login 
2026-10-02 22:50:10,064 INFO o.a.j.e.StandardJMeterEngine: Starting 1 threads for group setUp - login.
2026-10-02 22:50:10,064 INFO o.a.j.e.StandardJMeterEngine: Test will stop abruptly on error
2026-10-02 22:50:10,064 INFO o.a.j.t.ThreadGroup: Starting thread group... number=1 threads=1 ramp-up=1 delayedStart=false
2026-10-02 22:50:10,068 INFO o.a.j.t.ThreadGroup: Started thread group number 1
2026-10-02 22:50:10,068 INFO o.a.j.e.StandardJMeterEngine: Waiting for all setup thread groups to exit
2026-10-02 22:50:10,070 INFO o.a.j.t.JMeterThread: Thread started: setUp - login 1-1
2026-10-02 22:50:10,086 INFO o.a.j.p.h.s.HTTPHCAbstractImpl: Local host = a911444c347e
2026-10-02 22:50:10,095 INFO o.a.j.p.h.s.HTTPHC4Impl: HTTP request retry count = 0
2026-10-02 22:50:10,096 INFO o.a.j.s.SampleResult: Note: Sample TimeStamps are START times
2026-10-02 22:50:10,096 INFO o.a.j.s.SampleResult: sampleresult.default.encoding is set to UTF-8
2026-10-02 22:50:10,097 INFO o.a.j.s.SampleResult: sampleresult.useNanoTime=true
2026-10-02 22:50:10,097 INFO o.a.j.s.SampleResult: sampleresult.nanoThreadSleep=5000
2026-10-02 22:50:10,996 INFO o.a.j.t.JMeterThread: Thread is done: setUp - login 1-1
2026-10-02 22:50:10,997 INFO o.a.j.t.JMeterThread: Thread finished: setUp - login 1-1
2026-10-02 22:50:10,998 INFO o.a.j.e.StandardJMeterEngine: All Setup Threads have ended
2026-10-02 22:50:11,021 INFO o.a.j.e.StandardJMeterEngine: Starting ThreadGroup: 1 : S3
2026-10-02 22:50:11,021 INFO o.a.j.e.StandardJMeterEngine: Starting 1 threads for group S3.
2026-10-02 22:50:11,021 INFO o.a.j.e.StandardJMeterEngine: Thread will continue on error
2026-10-02 22:50:11,021 INFO o.a.j.t.ThreadGroup: Starting thread group... number=1 threads=1 ramp-up=1 delayedStart=false
2026-10-02 22:50:11,023 INFO o.a.j.t.ThreadGroup: Started thread group number 1
2026-10-02 22:50:11,023 INFO o.a.j.e.StandardJMeterEngine: All thread groups have been started
2026-10-02 22:50:11,024 INFO o.a.j.t.JMeterThread: Thread started: S3 1-1
2026-10-02 22:50:30,103 INFO o.a.j.r.Summariser: summary +    150 in 00:00:20 =    7.5/s Avg:   128 Min:   114 Max:   320 Err:     0 (0.00%) Active: 1 Started: 1 Finished: 0
2026-10-02 22:51:00,029 INFO o.a.j.r.Summariser: summary +    232 in 00:00:30 =    7.8/s Avg:   123 Min:   114 Max:   182 Err:     0 (0.00%) Active: 1 Started: 1 Finished: 0
2026-10-02 22:51:00,029 INFO o.a.j.r.Summariser: summary =    382 in 00:00:50 =    7.6/s Avg:   125 Min:   114 Max:   320 Err:     0 (0.00%)
2026-10-02 22:51:11,087 INFO o.a.j.t.JMeterThread: Stopping because end time detected by thread: S3 1-1
2026-10-02 22:51:11,087 INFO o.a.j.t.JMeterThread: Thread finished: S3 1-1
2026-10-02 22:51:11,088 INFO o.a.j.e.StandardJMeterEngine: Notifying test listeners of end of test
2026-10-02 22:51:11,090 INFO o.a.j.r.Summariser: summary +     80 in 00:00:11 =    7.2/s Avg:   122 Min:   115 Max:   163 Err:     0 (0.00%) Active: 0 Started: 1 Finished: 1
2026-10-02 22:51:11,090 INFO o.a.j.r.Summariser: summary =    462 in 00:01:01 =    7.6/s Avg:   124 Min:   114 Max:   320 Err:     0 (0.00%)
