Stopping laravel-app laravel-nginx so only nestjs uses the CPUs
 Container benchmark-laravel-nginx-1  Stopping
 Container benchmark-laravel-nginx-1  Stopped
 Container benchmark-laravel-app-1  Stopping
 Container benchmark-laravel-app-1  Stopped
 Container benchmark-postgres-1  Running
 Container benchmark-postgres-1  Waiting
 Container benchmark-postgres-1  Healthy
 Container benchmark-nestjs-app-1  Starting
 Container benchmark-nestjs-app-1  Started
 Container benchmark-nestjs-nginx-1  Starting
 Container benchmark-nestjs-nginx-1  Started
 Container benchmark-nestjs-app-1  Waiting
 Container benchmark-nestjs-nginx-1  Waiting
 Container benchmark-postgres-1  Waiting
 Container benchmark-postgres-1  Healthy
 Container benchmark-nestjs-app-1  Healthy
 Container benchmark-nestjs-nginx-1  Healthy
[1/4] nestjs smoke/s2-h2-pilot-ep3-20261003 EP3 vu=500 rep=1 (about 10 min left)
 Container benchmark-nestjs-app-1  Restarting
 Container benchmark-nestjs-app-1  Started
 Container benchmark-nestjs-nginx-1  Restarting
 Container benchmark-nestjs-nginx-1  Started
 Container benchmark-postgres-1  Running
 Container benchmark-nestjs-app-1  Running
 Container benchmark-nestjs-nginx-1  Running
 Container benchmark-postgres-1  Waiting
 Container benchmark-postgres-1  Healthy
 Container benchmark-nestjs-app-1  Waiting
 Container benchmark-nestjs-nginx-1  Waiting
 Container benchmark-postgres-1  Waiting
 Container benchmark-postgres-1  Healthy
 Container benchmark-nestjs-app-1  Healthy
 Container benchmark-nestjs-nginx-1  Healthy
Oct 03, 2026 5:12:49 PM java.util.prefs.FileSystemPreferences$1 run
INFO: Created user preferences directory.
Oct 03, 2026 5:13:57 PM java.util.prefs.FileSystemPreferences$1 run
INFO: Created user preferences directory.
Stopping nestjs-app nestjs-nginx so only laravel uses the CPUs
 Container benchmark-nestjs-nginx-1  Stopping
 Container benchmark-nestjs-nginx-1  Stopped
 Container benchmark-nestjs-app-1  Stopping
 Container benchmark-nestjs-app-1  Stopped
 Container benchmark-postgres-1  Running
 Container benchmark-postgres-1  Waiting
 Container benchmark-postgres-1  Healthy
 Container benchmark-laravel-app-1  Starting
 Container benchmark-laravel-app-1  Started
 Container benchmark-laravel-nginx-1  Starting
 Container benchmark-laravel-nginx-1  Started
 Container benchmark-laravel-app-1  Waiting
 Container benchmark-laravel-nginx-1  Waiting
 Container benchmark-postgres-1  Waiting
 Container benchmark-postgres-1  Healthy
 Container benchmark-laravel-app-1  Healthy
 Container benchmark-laravel-nginx-1  Healthy
[2/4] laravel smoke/s2-h2-pilot-ep3-20261003 EP3 vu=500 rep=1 (about 7 min left)
 Container benchmark-laravel-app-1  Restarting
 Container benchmark-laravel-app-1  Started
 Container benchmark-laravel-nginx-1  Restarting
 Container benchmark-laravel-nginx-1  Started
 Container benchmark-postgres-1  Running
 Container benchmark-laravel-app-1  Running
 Container benchmark-laravel-nginx-1  Running
 Container benchmark-postgres-1  Waiting
 Container benchmark-postgres-1  Healthy
 Container benchmark-laravel-nginx-1  Waiting
 Container benchmark-postgres-1  Waiting
 Container benchmark-laravel-app-1  Waiting
 Container benchmark-postgres-1  Healthy
 Container benchmark-laravel-app-1  Healthy
 Container benchmark-laravel-nginx-1  Healthy
Oct 03, 2026 5:15:23 PM java.util.prefs.FileSystemPreferences$1 run
INFO: Created user preferences directory.
Oct 03, 2026 5:16:32 PM java.util.prefs.FileSystemPreferences$1 run
INFO: Created user preferences directory.
Stopping laravel-app laravel-nginx so only nestjs uses the CPUs
 Container benchmark-laravel-nginx-1  Stopping
 Container benchmark-laravel-nginx-1  Stopped
 Container benchmark-laravel-app-1  Stopping
 Container benchmark-laravel-app-1  Stopped
 Container benchmark-postgres-1  Running
 Container benchmark-postgres-1  Waiting
 Container benchmark-postgres-1  Healthy
 Container benchmark-nestjs-app-1  Starting
 Container benchmark-nestjs-app-1  Started
 Container benchmark-nestjs-nginx-1  Starting
 Container benchmark-nestjs-nginx-1  Started
 Container benchmark-nestjs-app-1  Waiting
 Container benchmark-nestjs-nginx-1  Waiting
 Container benchmark-postgres-1  Waiting
 Container benchmark-postgres-1  Healthy
 Container benchmark-nestjs-app-1  Healthy
 Container benchmark-nestjs-nginx-1  Healthy
[3/4] nestjs smoke/s2-h2-pilot-ep3-20261003 EP3 vu=1000 rep=1 (about 5 min left)
 Container benchmark-nestjs-app-1  Restarting
 Container benchmark-nestjs-app-1  Started
 Container benchmark-nestjs-nginx-1  Restarting
 Container benchmark-nestjs-nginx-1  Started
 Container benchmark-postgres-1  Running
 Container benchmark-nestjs-app-1  Running
 Container benchmark-nestjs-nginx-1  Running
 Container benchmark-postgres-1  Waiting
 Container benchmark-postgres-1  Healthy
 Container benchmark-postgres-1  Waiting
 Container benchmark-nestjs-app-1  Waiting
 Container benchmark-nestjs-nginx-1  Waiting
 Container benchmark-nestjs-app-1  Healthy
 Container benchmark-postgres-1  Healthy
 Container benchmark-nestjs-nginx-1  Healthy
Oct 03, 2026 5:17:59 PM java.util.prefs.FileSystemPreferences$1 run
INFO: Created user preferences directory.
Oct 03, 2026 5:19:11 PM java.util.prefs.FileSystemPreferences$1 run
INFO: Created user preferences directory.
Stopping nestjs-app nestjs-nginx so only laravel uses the CPUs
 Container benchmark-nestjs-nginx-1  Stopping
 Container benchmark-nestjs-nginx-1  Stopped
 Container benchmark-nestjs-app-1  Stopping
 Container benchmark-nestjs-app-1  Stopped
 Container benchmark-postgres-1  Running
 Container benchmark-postgres-1  Waiting
 Container benchmark-postgres-1  Healthy
 Container benchmark-laravel-app-1  Starting
 Container benchmark-laravel-app-1  Started
 Container benchmark-laravel-nginx-1  Starting
 Container benchmark-laravel-nginx-1  Started
 Container benchmark-laravel-app-1  Waiting
 Container benchmark-laravel-nginx-1  Waiting
 Container benchmark-postgres-1  Waiting
 Container benchmark-postgres-1  Healthy
 Container benchmark-laravel-app-1  Healthy
 Container benchmark-laravel-nginx-1  Healthy
[4/4] laravel smoke/s2-h2-pilot-ep3-20261003 EP3 vu=1000 rep=1 (about 2 min left)
 Container benchmark-laravel-app-1  Restarting
 Container benchmark-laravel-app-1  Started
 Container benchmark-laravel-nginx-1  Restarting
 Container benchmark-laravel-nginx-1  Started
 Container benchmark-postgres-1  Running
 Container benchmark-laravel-app-1  Running
 Container benchmark-laravel-nginx-1  Running
 Container benchmark-postgres-1  Waiting
 Container benchmark-postgres-1  Healthy
 Container benchmark-postgres-1  Waiting
 Container benchmark-laravel-app-1  Waiting
 Container benchmark-laravel-nginx-1  Waiting
 Container benchmark-laravel-app-1  Healthy
 Container benchmark-postgres-1  Healthy
 Container benchmark-laravel-nginx-1  Healthy
Oct 03, 2026 5:20:41 PM java.util.prefs.FileSystemPreferences$1 run
INFO: Created user preferences directory.
Oct 03, 2026 5:21:56 PM java.util.prefs.FileSystemPreferences$1 run
INFO: Created user preferences directory.
Done: results/smoke/s2-h2-pilot-ep3-20261003/
