2026-10-05 19:53:26,127 INFO o.a.j.u.JMeterUtils: Setting Locale to en_EN
2026-10-05 19:53:26,147 INFO o.a.j.JMeter: Loading user properties from: /opt/jmeter/bin/user.properties
2026-10-05 19:53:26,147 INFO o.a.j.JMeter: Loading system properties from: /opt/jmeter/bin/system.properties
2026-10-05 19:53:26,147 INFO o.a.j.JMeter: Loading additional properties from: /tests/run.properties
2026-10-05 19:53:26,148 INFO o.a.j.JMeter: Loading additional properties from: /tests/data/ranges.properties
2026-10-05 19:53:26,148 INFO o.a.j.JMeter: Setting JMeter property: host=laravel-nginx
2026-10-05 19:53:26,148 INFO o.a.j.JMeter: Setting JMeter property: port=80
2026-10-05 19:53:26,148 INFO o.a.j.JMeter: Setting JMeter property: rampup=1
2026-10-05 19:53:26,148 INFO o.a.j.JMeter: Setting JMeter property: endpoint=EP2
2026-10-05 19:53:26,148 INFO o.a.j.JMeter: Setting JMeter property: users=1
2026-10-05 19:53:26,148 INFO o.a.j.JMeter: Setting JMeter property: duration=60
2026-10-05 19:53:26,153 INFO o.a.j.JMeter: Copyright (c) 1998-2024 The Apache Software Foundation
2026-10-05 19:53:26,153 INFO o.a.j.JMeter: Version 5.6.3
2026-10-05 19:53:26,153 INFO o.a.j.JMeter: java.version=21.0.12.1
2026-10-05 19:53:26,153 INFO o.a.j.JMeter: java.vm.name=OpenJDK 64-Bit Server VM
2026-10-05 19:53:26,153 INFO o.a.j.JMeter: os.name=Linux
2026-10-05 19:53:26,153 INFO o.a.j.JMeter: os.arch=amd64
2026-10-05 19:53:26,153 INFO o.a.j.JMeter: os.version=6.6.87.2-microsoft-standard-WSL2
2026-10-05 19:53:26,154 INFO o.a.j.JMeter: file.encoding=UTF-8
2026-10-05 19:53:26,154 INFO o.a.j.JMeter: java.awt.headless=true
2026-10-05 19:53:26,154 INFO o.a.j.JMeter: Max memory     =4294967296
2026-10-05 19:53:26,154 INFO o.a.j.JMeter: Available Processors =12
2026-10-05 19:53:26,161 INFO o.a.j.JMeter: Default Locale=English (EN)
2026-10-05 19:53:26,161 INFO o.a.j.JMeter: JMeter  Locale=English (EN)
2026-10-05 19:53:26,161 INFO o.a.j.JMeter: JMeterHome=/opt/jmeter
2026-10-05 19:53:26,161 INFO o.a.j.JMeter: user.dir  =/tests
2026-10-05 19:53:26,161 INFO o.a.j.JMeter: PWD       =/tests
2026-10-05 19:53:26,162 INFO o.a.j.JMeter: IP: 172.19.0.5 Name: ec79e59d188e FullName: ec79e59d188e
2026-10-05 19:53:26,171 INFO o.a.j.s.FileServer: Default base='/tests'
2026-10-05 19:53:26,172 INFO o.a.j.s.FileServer: Set new base='/tests'
2026-10-05 19:53:26,331 INFO o.a.j.s.SaveService: Testplan (JMX) version: 2.2. Testlog (JTL) version: 2.2
2026-10-05 19:53:26,355 INFO o.a.j.s.SaveService: Using SaveService properties version 5.0
2026-10-05 19:53:26,358 INFO o.a.j.s.SaveService: Using SaveService properties file encoding UTF-8
2026-10-05 19:53:26,361 INFO o.a.j.s.SaveService: Loading file: /tests/s1.jmx
2026-10-05 19:53:26,407 INFO o.a.j.p.h.s.HTTPSamplerBase: Parser for text/html is org.apache.jmeter.protocol.http.parser.LagartoBasedHtmlParser
2026-10-05 19:53:26,407 INFO o.a.j.p.h.s.HTTPSamplerBase: Parser for application/xhtml+xml is org.apache.jmeter.protocol.http.parser.LagartoBasedHtmlParser
2026-10-05 19:53:26,407 INFO o.a.j.p.h.s.HTTPSamplerBase: Parser for application/xml is org.apache.jmeter.protocol.http.parser.LagartoBasedHtmlParser
2026-10-05 19:53:26,407 INFO o.a.j.p.h.s.HTTPSamplerBase: Parser for text/xml is org.apache.jmeter.protocol.http.parser.LagartoBasedHtmlParser
2026-10-05 19:53:26,407 INFO o.a.j.p.h.s.HTTPSamplerBase: Parser for text/vnd.wap.wml is org.apache.jmeter.protocol.http.parser.RegexpHTMLParser
2026-10-05 19:53:26,407 INFO o.a.j.p.h.s.HTTPSamplerBase: Parser for text/css is org.apache.jmeter.protocol.http.parser.CssParser
2026-10-05 19:53:26,444 INFO o.a.j.JMeter: Creating summariser <summary>
2026-10-05 19:53:26,458 INFO o.a.j.e.StandardJMeterEngine: Running the test!
2026-10-05 19:53:26,459 INFO o.a.j.s.SampleEvent: List of sample_variables: []
2026-10-05 19:53:26,459 INFO o.a.j.s.SampleEvent: List of sample_variables: []
2026-10-05 19:53:26,462 INFO o.a.j.e.u.CompoundVariable: Note: Function class names must contain the string: '.functions.'
2026-10-05 19:53:26,462 INFO o.a.j.e.u.CompoundVariable: Note: Function class names must not contain the string: '.gui.'
2026-10-05 19:53:26,692 INFO o.a.j.JMeter: Running test (1791230006692)
2026-10-05 19:53:26,693 INFO o.a.j.e.StandardJMeterEngine: Starting setUp thread groups
2026-10-05 19:53:26,693 INFO o.a.j.e.StandardJMeterEngine: Starting setUp ThreadGroup: 1 : setUp - login 
2026-10-05 19:53:26,694 INFO o.a.j.e.StandardJMeterEngine: Starting 1 threads for group setUp - login.
2026-10-05 19:53:26,694 INFO o.a.j.e.StandardJMeterEngine: Test will stop abruptly on error
2026-10-05 19:53:26,694 INFO o.a.j.t.ThreadGroup: Starting thread group... number=1 threads=1 ramp-up=1 delayedStart=false
2026-10-05 19:53:26,697 INFO o.a.j.t.ThreadGroup: Started thread group number 1
2026-10-05 19:53:26,697 INFO o.a.j.e.StandardJMeterEngine: Waiting for all setup thread groups to exit
2026-10-05 19:53:26,698 INFO o.a.j.t.JMeterThread: Thread started: setUp - login 1-1
2026-10-05 19:53:26,711 INFO o.a.j.p.h.s.HTTPHCAbstractImpl: Local host = ec79e59d188e
2026-10-05 19:53:26,717 INFO o.a.j.p.h.s.HTTPHC4Impl: HTTP request retry count = 0
2026-10-05 19:53:26,718 INFO o.a.j.s.SampleResult: Note: Sample TimeStamps are START times
2026-10-05 19:53:26,718 INFO o.a.j.s.SampleResult: sampleresult.default.encoding is set to UTF-8
2026-10-05 19:53:26,718 INFO o.a.j.s.SampleResult: sampleresult.useNanoTime=true
2026-10-05 19:53:26,719 INFO o.a.j.s.SampleResult: sampleresult.nanoThreadSleep=5000
2026-10-05 19:53:27,403 INFO o.a.j.t.JMeterThread: Thread is done: setUp - login 1-1
2026-10-05 19:53:27,403 INFO o.a.j.t.JMeterThread: Thread finished: setUp - login 1-1
2026-10-05 19:53:27,404 INFO o.a.j.e.StandardJMeterEngine: All Setup Threads have ended
2026-10-05 19:53:27,427 INFO o.a.j.e.StandardJMeterEngine: Starting ThreadGroup: 1 : S1
2026-10-05 19:53:27,427 INFO o.a.j.e.StandardJMeterEngine: Starting 1 threads for group S1.
2026-10-05 19:53:27,427 INFO o.a.j.e.StandardJMeterEngine: Thread will continue on error
2026-10-05 19:53:27,427 INFO o.a.j.t.ThreadGroup: Starting thread group... number=1 threads=1 ramp-up=1 delayedStart=false
2026-10-05 19:53:27,428 INFO o.a.j.t.ThreadGroup: Started thread group number 1
2026-10-05 19:53:27,428 INFO o.a.j.e.StandardJMeterEngine: All thread groups have been started
2026-10-05 19:53:27,429 INFO o.a.j.t.JMeterThread: Thread started: S1 1-1
2026-10-05 19:53:30,008 INFO o.a.j.r.Summariser: summary +    257 in 00:00:03 =   77.5/s Avg:    10 Min:     7 Max:   207 Err:     0 (0.00%) Active: 1 Started: 1 Finished: 0
2026-10-05 19:54:00,006 INFO o.a.j.r.Summariser: summary +   3204 in 00:00:30 =  106.8/s Avg:     9 Min:     7 Max:    16 Err:     0 (0.00%) Active: 1 Started: 1 Finished: 0
2026-10-05 19:54:00,006 INFO o.a.j.r.Summariser: summary =   3461 in 00:00:33 =  103.9/s Avg:     9 Min:     7 Max:   207 Err:     0 (0.00%)
2026-10-05 19:54:27,435 INFO o.a.j.t.JMeterThread: Stopping because end time detected by thread: S1 1-1
2026-10-05 19:54:27,435 INFO o.a.j.t.JMeterThread: Thread finished: S1 1-1
2026-10-05 19:54:27,435 INFO o.a.j.e.StandardJMeterEngine: Notifying test listeners of end of test
2026-10-05 19:54:27,438 INFO o.a.j.r.Summariser: summary +   2994 in 00:00:27 =  109.1/s Avg:     9 Min:     7 Max:    18 Err:     0 (0.00%) Active: 0 Started: 1 Finished: 1
2026-10-05 19:54:27,438 INFO o.a.j.r.Summariser: summary =   6455 in 00:01:01 =  106.3/s Avg:     9 Min:     7 Max:   207 Err:     0 (0.00%)
