2026-10-02 18:19:49,727 INFO o.a.j.u.JMeterUtils: Setting Locale to en_EN
2026-10-02 18:19:49,750 INFO o.a.j.JMeter: Loading user properties from: /opt/jmeter/bin/user.properties
2026-10-02 18:19:49,750 INFO o.a.j.JMeter: Loading system properties from: /opt/jmeter/bin/system.properties
2026-10-02 18:19:49,750 INFO o.a.j.JMeter: Loading additional properties from: /tests/run.properties
2026-10-02 18:19:49,750 INFO o.a.j.JMeter: Loading additional properties from: /tests/data/ranges.properties
2026-10-02 18:19:49,751 INFO o.a.j.JMeter: Setting JMeter property: host=nestjs-nginx
2026-10-02 18:19:49,751 INFO o.a.j.JMeter: Setting JMeter property: port=80
2026-10-02 18:19:49,751 INFO o.a.j.JMeter: Setting JMeter property: rampup=1
2026-10-02 18:19:49,751 INFO o.a.j.JMeter: Setting JMeter property: endpoint=EP1
2026-10-02 18:19:49,751 INFO o.a.j.JMeter: Setting JMeter property: users=1
2026-10-02 18:19:49,751 INFO o.a.j.JMeter: Setting JMeter property: duration=60
2026-10-02 18:19:49,757 INFO o.a.j.JMeter: Copyright (c) 1998-2024 The Apache Software Foundation
2026-10-02 18:19:49,757 INFO o.a.j.JMeter: Version 5.6.3
2026-10-02 18:19:49,757 INFO o.a.j.JMeter: java.version=21.0.12.1
2026-10-02 18:19:49,758 INFO o.a.j.JMeter: java.vm.name=OpenJDK 64-Bit Server VM
2026-10-02 18:19:49,758 INFO o.a.j.JMeter: os.name=Linux
2026-10-02 18:19:49,758 INFO o.a.j.JMeter: os.arch=amd64
2026-10-02 18:19:49,758 INFO o.a.j.JMeter: os.version=6.6.87.2-microsoft-standard-WSL2
2026-10-02 18:19:49,758 INFO o.a.j.JMeter: file.encoding=UTF-8
2026-10-02 18:19:49,758 INFO o.a.j.JMeter: java.awt.headless=true
2026-10-02 18:19:49,758 INFO o.a.j.JMeter: Max memory     =4294967296
2026-10-02 18:19:49,758 INFO o.a.j.JMeter: Available Processors =12
2026-10-02 18:19:49,768 INFO o.a.j.JMeter: Default Locale=English (EN)
2026-10-02 18:19:49,768 INFO o.a.j.JMeter: JMeter  Locale=English (EN)
2026-10-02 18:19:49,768 INFO o.a.j.JMeter: JMeterHome=/opt/jmeter
2026-10-02 18:19:49,768 INFO o.a.j.JMeter: user.dir  =/tests
2026-10-02 18:19:49,768 INFO o.a.j.JMeter: PWD       =/tests
2026-10-02 18:19:49,768 INFO o.a.j.JMeter: IP: 172.19.0.5 Name: fa0621c85475 FullName: fa0621c85475
2026-10-02 18:19:49,778 INFO o.a.j.s.FileServer: Default base='/tests'
2026-10-02 18:19:49,779 INFO o.a.j.s.FileServer: Set new base='/tests'
2026-10-02 18:19:49,931 INFO o.a.j.s.SaveService: Testplan (JMX) version: 2.2. Testlog (JTL) version: 2.2
2026-10-02 18:19:49,953 INFO o.a.j.s.SaveService: Using SaveService properties version 5.0
2026-10-02 18:19:49,955 INFO o.a.j.s.SaveService: Using SaveService properties file encoding UTF-8
2026-10-02 18:19:49,958 INFO o.a.j.s.SaveService: Loading file: /tests/s1.jmx
2026-10-02 18:19:50,000 INFO o.a.j.p.h.s.HTTPSamplerBase: Parser for text/html is org.apache.jmeter.protocol.http.parser.LagartoBasedHtmlParser
2026-10-02 18:19:50,001 INFO o.a.j.p.h.s.HTTPSamplerBase: Parser for application/xhtml+xml is org.apache.jmeter.protocol.http.parser.LagartoBasedHtmlParser
2026-10-02 18:19:50,001 INFO o.a.j.p.h.s.HTTPSamplerBase: Parser for application/xml is org.apache.jmeter.protocol.http.parser.LagartoBasedHtmlParser
2026-10-02 18:19:50,001 INFO o.a.j.p.h.s.HTTPSamplerBase: Parser for text/xml is org.apache.jmeter.protocol.http.parser.LagartoBasedHtmlParser
2026-10-02 18:19:50,001 INFO o.a.j.p.h.s.HTTPSamplerBase: Parser for text/vnd.wap.wml is org.apache.jmeter.protocol.http.parser.RegexpHTMLParser
2026-10-02 18:19:50,001 INFO o.a.j.p.h.s.HTTPSamplerBase: Parser for text/css is org.apache.jmeter.protocol.http.parser.CssParser
2026-10-02 18:19:50,037 INFO o.a.j.JMeter: Creating summariser <summary>
2026-10-02 18:19:50,047 INFO o.a.j.e.StandardJMeterEngine: Running the test!
2026-10-02 18:19:50,047 INFO o.a.j.s.SampleEvent: List of sample_variables: []
2026-10-02 18:19:50,047 INFO o.a.j.s.SampleEvent: List of sample_variables: []
2026-10-02 18:19:50,051 INFO o.a.j.e.u.CompoundVariable: Note: Function class names must contain the string: '.functions.'
2026-10-02 18:19:50,051 INFO o.a.j.e.u.CompoundVariable: Note: Function class names must not contain the string: '.gui.'
2026-10-02 18:19:50,248 INFO o.a.j.JMeter: Running test (1790965190247)
2026-10-02 18:19:50,249 INFO o.a.j.e.StandardJMeterEngine: Starting setUp thread groups
2026-10-02 18:19:50,249 INFO o.a.j.e.StandardJMeterEngine: Starting setUp ThreadGroup: 1 : setUp - login 
2026-10-02 18:19:50,249 INFO o.a.j.e.StandardJMeterEngine: Starting 1 threads for group setUp - login.
2026-10-02 18:19:50,249 INFO o.a.j.e.StandardJMeterEngine: Test will stop abruptly on error
2026-10-02 18:19:50,250 INFO o.a.j.t.ThreadGroup: Starting thread group... number=1 threads=1 ramp-up=1 delayedStart=false
2026-10-02 18:19:50,253 INFO o.a.j.t.ThreadGroup: Started thread group number 1
2026-10-02 18:19:50,253 INFO o.a.j.e.StandardJMeterEngine: Waiting for all setup thread groups to exit
2026-10-02 18:19:50,254 INFO o.a.j.t.JMeterThread: Thread started: setUp - login 1-1
2026-10-02 18:19:50,266 INFO o.a.j.p.h.s.HTTPHCAbstractImpl: Local host = fa0621c85475
2026-10-02 18:19:50,270 INFO o.a.j.p.h.s.HTTPHC4Impl: HTTP request retry count = 0
2026-10-02 18:19:50,271 INFO o.a.j.s.SampleResult: Note: Sample TimeStamps are START times
2026-10-02 18:19:50,271 INFO o.a.j.s.SampleResult: sampleresult.default.encoding is set to UTF-8
2026-10-02 18:19:50,271 INFO o.a.j.s.SampleResult: sampleresult.useNanoTime=true
2026-10-02 18:19:50,272 INFO o.a.j.s.SampleResult: sampleresult.nanoThreadSleep=5000
2026-10-02 18:19:51,013 INFO o.a.j.t.JMeterThread: Thread is done: setUp - login 1-1
2026-10-02 18:19:51,013 INFO o.a.j.t.JMeterThread: Thread finished: setUp - login 1-1
2026-10-02 18:19:51,014 INFO o.a.j.e.StandardJMeterEngine: All Setup Threads have ended
2026-10-02 18:19:51,037 INFO o.a.j.e.StandardJMeterEngine: Starting ThreadGroup: 1 : S1
2026-10-02 18:19:51,037 INFO o.a.j.e.StandardJMeterEngine: Starting 1 threads for group S1.
2026-10-02 18:19:51,037 INFO o.a.j.e.StandardJMeterEngine: Thread will continue on error
2026-10-02 18:19:51,038 INFO o.a.j.t.ThreadGroup: Starting thread group... number=1 threads=1 ramp-up=1 delayedStart=false
2026-10-02 18:19:51,039 INFO o.a.j.t.ThreadGroup: Started thread group number 1
2026-10-02 18:19:51,039 INFO o.a.j.e.StandardJMeterEngine: All thread groups have been started
2026-10-02 18:19:51,040 INFO o.a.j.t.JMeterThread: Thread started: S1 1-1
2026-10-02 18:20:00,001 INFO o.a.j.r.Summariser: summary +   5720 in 00:00:10 =  586.5/s Avg:     1 Min:     1 Max:   315 Err:     0 (0.00%) Active: 1 Started: 1 Finished: 0
2026-10-02 18:20:30,001 INFO o.a.j.r.Summariser: summary +  23453 in 00:00:30 =  781.8/s Avg:     1 Min:     1 Max:     8 Err:     0 (0.00%) Active: 1 Started: 1 Finished: 0
2026-10-02 18:20:30,001 INFO o.a.j.r.Summariser: summary =  29173 in 00:00:40 =  733.9/s Avg:     1 Min:     1 Max:   315 Err:     0 (0.00%)
2026-10-02 18:20:51,038 INFO o.a.j.t.JMeterThread: Stopping because end time detected by thread: S1 1-1
2026-10-02 18:20:51,038 INFO o.a.j.t.JMeterThread: Thread finished: S1 1-1
2026-10-02 18:20:51,039 INFO o.a.j.e.StandardJMeterEngine: Notifying test listeners of end of test
2026-10-02 18:20:51,041 INFO o.a.j.r.Summariser: summary +  16589 in 00:00:21 =  788.4/s Avg:     1 Min:     1 Max:     7 Err:     0 (0.00%) Active: 0 Started: 1 Finished: 1
2026-10-02 18:20:51,041 INFO o.a.j.r.Summariser: summary =  45762 in 00:01:01 =  752.7/s Avg:     1 Min:     1 Max:   315 Err:     0 (0.00%)
