2026-10-02 22:06:49,495 INFO o.a.j.u.JMeterUtils: Setting Locale to en_EN
2026-10-02 22:06:49,533 INFO o.a.j.JMeter: Loading user properties from: /opt/jmeter/bin/user.properties
2026-10-02 22:06:49,533 INFO o.a.j.JMeter: Loading system properties from: /opt/jmeter/bin/system.properties
2026-10-02 22:06:49,534 INFO o.a.j.JMeter: Loading additional properties from: /tests/run.properties
2026-10-02 22:06:49,534 INFO o.a.j.JMeter: Loading additional properties from: /tests/data/ranges.properties
2026-10-02 22:06:49,534 INFO o.a.j.JMeter: Setting JMeter property: host=laravel-nginx
2026-10-02 22:06:49,534 INFO o.a.j.JMeter: Setting JMeter property: port=80
2026-10-02 22:06:49,534 INFO o.a.j.JMeter: Setting JMeter property: rampup=1
2026-10-02 22:06:49,534 INFO o.a.j.JMeter: Setting JMeter property: endpoint=EP1
2026-10-02 22:06:49,534 INFO o.a.j.JMeter: Setting JMeter property: users=10
2026-10-02 22:06:49,535 INFO o.a.j.JMeter: Setting JMeter property: duration=60
2026-10-02 22:06:49,541 INFO o.a.j.JMeter: Copyright (c) 1998-2024 The Apache Software Foundation
2026-10-02 22:06:49,541 INFO o.a.j.JMeter: Version 5.6.3
2026-10-02 22:06:49,541 INFO o.a.j.JMeter: java.version=21.0.12.1
2026-10-02 22:06:49,541 INFO o.a.j.JMeter: java.vm.name=OpenJDK 64-Bit Server VM
2026-10-02 22:06:49,541 INFO o.a.j.JMeter: os.name=Linux
2026-10-02 22:06:49,541 INFO o.a.j.JMeter: os.arch=amd64
2026-10-02 22:06:49,541 INFO o.a.j.JMeter: os.version=6.6.87.2-microsoft-standard-WSL2
2026-10-02 22:06:49,541 INFO o.a.j.JMeter: file.encoding=UTF-8
2026-10-02 22:06:49,541 INFO o.a.j.JMeter: java.awt.headless=true
2026-10-02 22:06:49,542 INFO o.a.j.JMeter: Max memory     =4294967296
2026-10-02 22:06:49,542 INFO o.a.j.JMeter: Available Processors =12
2026-10-02 22:06:49,551 INFO o.a.j.JMeter: Default Locale=English (EN)
2026-10-02 22:06:49,552 INFO o.a.j.JMeter: JMeter  Locale=English (EN)
2026-10-02 22:06:49,552 INFO o.a.j.JMeter: JMeterHome=/opt/jmeter
2026-10-02 22:06:49,552 INFO o.a.j.JMeter: user.dir  =/tests
2026-10-02 22:06:49,552 INFO o.a.j.JMeter: PWD       =/tests
2026-10-02 22:06:49,552 INFO o.a.j.JMeter: IP: 172.19.0.5 Name: e4d77a9c6547 FullName: e4d77a9c6547
2026-10-02 22:06:49,564 INFO o.a.j.s.FileServer: Default base='/tests'
2026-10-02 22:06:49,565 INFO o.a.j.s.FileServer: Set new base='/tests'
2026-10-02 22:06:49,720 INFO o.a.j.s.SaveService: Testplan (JMX) version: 2.2. Testlog (JTL) version: 2.2
2026-10-02 22:06:49,743 INFO o.a.j.s.SaveService: Using SaveService properties version 5.0
2026-10-02 22:06:49,746 INFO o.a.j.s.SaveService: Using SaveService properties file encoding UTF-8
2026-10-02 22:06:49,749 INFO o.a.j.s.SaveService: Loading file: /tests/s3.jmx
2026-10-02 22:06:49,791 INFO o.a.j.p.h.s.HTTPSamplerBase: Parser for text/html is org.apache.jmeter.protocol.http.parser.LagartoBasedHtmlParser
2026-10-02 22:06:49,791 INFO o.a.j.p.h.s.HTTPSamplerBase: Parser for application/xhtml+xml is org.apache.jmeter.protocol.http.parser.LagartoBasedHtmlParser
2026-10-02 22:06:49,791 INFO o.a.j.p.h.s.HTTPSamplerBase: Parser for application/xml is org.apache.jmeter.protocol.http.parser.LagartoBasedHtmlParser
2026-10-02 22:06:49,791 INFO o.a.j.p.h.s.HTTPSamplerBase: Parser for text/xml is org.apache.jmeter.protocol.http.parser.LagartoBasedHtmlParser
2026-10-02 22:06:49,791 INFO o.a.j.p.h.s.HTTPSamplerBase: Parser for text/vnd.wap.wml is org.apache.jmeter.protocol.http.parser.RegexpHTMLParser
2026-10-02 22:06:49,791 INFO o.a.j.p.h.s.HTTPSamplerBase: Parser for text/css is org.apache.jmeter.protocol.http.parser.CssParser
2026-10-02 22:06:49,829 INFO o.a.j.JMeter: Creating summariser <summary>
2026-10-02 22:06:49,839 INFO o.a.j.e.StandardJMeterEngine: Running the test!
2026-10-02 22:06:49,839 INFO o.a.j.s.SampleEvent: List of sample_variables: []
2026-10-02 22:06:49,839 INFO o.a.j.s.SampleEvent: List of sample_variables: []
2026-10-02 22:06:49,843 INFO o.a.j.e.u.CompoundVariable: Note: Function class names must contain the string: '.functions.'
2026-10-02 22:06:49,843 INFO o.a.j.e.u.CompoundVariable: Note: Function class names must not contain the string: '.gui.'
2026-10-02 22:06:50,041 INFO o.a.j.JMeter: Running test (1790978810041)
2026-10-02 22:06:50,043 INFO o.a.j.e.StandardJMeterEngine: Starting setUp thread groups
2026-10-02 22:06:50,043 INFO o.a.j.e.StandardJMeterEngine: Starting setUp ThreadGroup: 1 : setUp - login 
2026-10-02 22:06:50,043 INFO o.a.j.e.StandardJMeterEngine: Starting 1 threads for group setUp - login.
2026-10-02 22:06:50,043 INFO o.a.j.e.StandardJMeterEngine: Test will stop abruptly on error
2026-10-02 22:06:50,043 INFO o.a.j.t.ThreadGroup: Starting thread group... number=1 threads=1 ramp-up=1 delayedStart=false
2026-10-02 22:06:50,046 INFO o.a.j.t.ThreadGroup: Started thread group number 1
2026-10-02 22:06:50,046 INFO o.a.j.e.StandardJMeterEngine: Waiting for all setup thread groups to exit
2026-10-02 22:06:50,047 INFO o.a.j.t.JMeterThread: Thread started: setUp - login 1-1
2026-10-02 22:06:50,058 INFO o.a.j.p.h.s.HTTPHCAbstractImpl: Local host = e4d77a9c6547
2026-10-02 22:06:50,061 INFO o.a.j.p.h.s.HTTPHC4Impl: HTTP request retry count = 0
2026-10-02 22:06:50,062 INFO o.a.j.s.SampleResult: Note: Sample TimeStamps are START times
2026-10-02 22:06:50,062 INFO o.a.j.s.SampleResult: sampleresult.default.encoding is set to UTF-8
2026-10-02 22:06:50,062 INFO o.a.j.s.SampleResult: sampleresult.useNanoTime=true
2026-10-02 22:06:50,063 INFO o.a.j.s.SampleResult: sampleresult.nanoThreadSleep=5000
2026-10-02 22:06:50,801 INFO o.a.j.t.JMeterThread: Thread is done: setUp - login 1-1
2026-10-02 22:06:50,801 INFO o.a.j.t.JMeterThread: Thread finished: setUp - login 1-1
2026-10-02 22:06:50,802 INFO o.a.j.e.StandardJMeterEngine: All Setup Threads have ended
2026-10-02 22:06:50,820 INFO o.a.j.e.StandardJMeterEngine: Starting ThreadGroup: 1 : S3
2026-10-02 22:06:50,821 INFO o.a.j.e.StandardJMeterEngine: Starting 10 threads for group S3.
2026-10-02 22:06:50,821 INFO o.a.j.e.StandardJMeterEngine: Thread will continue on error
2026-10-02 22:06:50,821 INFO o.a.j.t.ThreadGroup: Starting thread group... number=1 threads=10 ramp-up=1 delayedStart=false
2026-10-02 22:06:50,823 INFO o.a.j.t.JMeterThread: Thread started: S3 1-1
2026-10-02 22:06:50,829 INFO o.a.j.t.ThreadGroup: Started thread group number 1
2026-10-02 22:06:50,829 INFO o.a.j.e.StandardJMeterEngine: All thread groups have been started
2026-10-02 22:06:50,923 INFO o.a.j.t.JMeterThread: Thread started: S3 1-2
2026-10-02 22:06:51,023 INFO o.a.j.t.JMeterThread: Thread started: S3 1-3
2026-10-02 22:06:51,123 INFO o.a.j.t.JMeterThread: Thread started: S3 1-4
2026-10-02 22:06:51,223 INFO o.a.j.t.JMeterThread: Thread started: S3 1-5
2026-10-02 22:06:51,322 INFO o.a.j.t.JMeterThread: Thread started: S3 1-6
2026-10-02 22:06:51,423 INFO o.a.j.t.JMeterThread: Thread started: S3 1-7
2026-10-02 22:06:51,522 INFO o.a.j.t.JMeterThread: Thread started: S3 1-8
2026-10-02 22:06:51,622 INFO o.a.j.t.JMeterThread: Thread started: S3 1-9
2026-10-02 22:06:51,723 INFO o.a.j.t.JMeterThread: Thread started: S3 1-10
2026-10-02 22:07:00,002 INFO o.a.j.r.Summariser: summary +   4103 in 00:00:10 =  412.0/s Avg:    18 Min:     6 Max:   301 Err:     0 (0.00%) Active: 10 Started: 10 Finished: 0
2026-10-02 22:07:30,003 INFO o.a.j.r.Summariser: summary +  15351 in 00:00:30 =  511.6/s Avg:    18 Min:    12 Max:    72 Err:     0 (0.00%) Active: 10 Started: 10 Finished: 0
2026-10-02 22:07:30,004 INFO o.a.j.r.Summariser: summary =  19454 in 00:00:40 =  486.8/s Avg:    18 Min:     6 Max:   301 Err:     0 (0.00%)
2026-10-02 22:07:50,827 INFO o.a.j.t.JMeterThread: Stopping because end time detected by thread: S3 1-7
2026-10-02 22:07:50,827 INFO o.a.j.t.JMeterThread: Stopping because end time detected by thread: S3 1-5
2026-10-02 22:07:50,827 INFO o.a.j.t.JMeterThread: Thread finished: S3 1-7
2026-10-02 22:07:50,827 INFO o.a.j.t.JMeterThread: Stopping because end time detected by thread: S3 1-1
2026-10-02 22:07:50,827 INFO o.a.j.t.JMeterThread: Thread finished: S3 1-5
2026-10-02 22:07:50,828 INFO o.a.j.t.JMeterThread: Thread finished: S3 1-1
2026-10-02 22:07:50,835 INFO o.a.j.t.JMeterThread: Stopping because end time detected by thread: S3 1-6
2026-10-02 22:07:50,835 INFO o.a.j.t.JMeterThread: Stopping because end time detected by thread: S3 1-4
2026-10-02 22:07:50,835 INFO o.a.j.t.JMeterThread: Stopping because end time detected by thread: S3 1-8
2026-10-02 22:07:50,835 INFO o.a.j.t.JMeterThread: Stopping because end time detected by thread: S3 1-3
2026-10-02 22:07:50,835 INFO o.a.j.t.JMeterThread: Thread finished: S3 1-6
2026-10-02 22:07:50,835 INFO o.a.j.t.JMeterThread: Thread finished: S3 1-3
2026-10-02 22:07:50,835 INFO o.a.j.t.JMeterThread: Thread finished: S3 1-4
2026-10-02 22:07:50,835 INFO o.a.j.t.JMeterThread: Thread finished: S3 1-8
2026-10-02 22:07:50,843 INFO o.a.j.t.JMeterThread: Stopping because end time detected by thread: S3 1-10
2026-10-02 22:07:50,843 INFO o.a.j.t.JMeterThread: Stopping because end time detected by thread: S3 1-2
2026-10-02 22:07:50,843 INFO o.a.j.t.JMeterThread: Thread finished: S3 1-10
2026-10-02 22:07:50,843 INFO o.a.j.t.JMeterThread: Thread finished: S3 1-2
2026-10-02 22:07:50,844 INFO o.a.j.t.JMeterThread: Stopping because end time detected by thread: S3 1-9
2026-10-02 22:07:50,844 INFO o.a.j.t.JMeterThread: Thread finished: S3 1-9
2026-10-02 22:07:50,845 INFO o.a.j.e.StandardJMeterEngine: Notifying test listeners of end of test
2026-10-02 22:07:50,847 INFO o.a.j.r.Summariser: summary +  11481 in 00:00:21 =  550.8/s Avg:    18 Min:    11 Max:   109 Err:     0 (0.00%) Active: 0 Started: 10 Finished: 10
2026-10-02 22:07:50,848 INFO o.a.j.r.Summariser: summary =  30935 in 00:01:01 =  508.7/s Avg:    18 Min:     6 Max:   301 Err:     0 (0.00%)
