2026-10-02 23:00:05,740 INFO o.a.j.u.JMeterUtils: Setting Locale to en_EN
2026-10-02 23:00:05,761 INFO o.a.j.JMeter: Loading user properties from: /opt/jmeter/bin/user.properties
2026-10-02 23:00:05,762 INFO o.a.j.JMeter: Loading system properties from: /opt/jmeter/bin/system.properties
2026-10-02 23:00:05,762 INFO o.a.j.JMeter: Loading additional properties from: /tests/run.properties
2026-10-02 23:00:05,762 INFO o.a.j.JMeter: Loading additional properties from: /tests/data/ranges.properties
2026-10-02 23:00:05,763 INFO o.a.j.JMeter: Setting JMeter property: host=nestjs-nginx
2026-10-02 23:00:05,763 INFO o.a.j.JMeter: Setting JMeter property: port=80
2026-10-02 23:00:05,763 INFO o.a.j.JMeter: Setting JMeter property: rampup=1
2026-10-02 23:00:05,763 INFO o.a.j.JMeter: Setting JMeter property: endpoint=EP6
2026-10-02 23:00:05,763 INFO o.a.j.JMeter: Setting JMeter property: users=4
2026-10-02 23:00:05,763 INFO o.a.j.JMeter: Setting JMeter property: duration=60
2026-10-02 23:00:05,768 INFO o.a.j.JMeter: Copyright (c) 1998-2024 The Apache Software Foundation
2026-10-02 23:00:05,768 INFO o.a.j.JMeter: Version 5.6.3
2026-10-02 23:00:05,768 INFO o.a.j.JMeter: java.version=21.0.12.1
2026-10-02 23:00:05,768 INFO o.a.j.JMeter: java.vm.name=OpenJDK 64-Bit Server VM
2026-10-02 23:00:05,768 INFO o.a.j.JMeter: os.name=Linux
2026-10-02 23:00:05,769 INFO o.a.j.JMeter: os.arch=amd64
2026-10-02 23:00:05,769 INFO o.a.j.JMeter: os.version=6.6.87.2-microsoft-standard-WSL2
2026-10-02 23:00:05,769 INFO o.a.j.JMeter: file.encoding=UTF-8
2026-10-02 23:00:05,769 INFO o.a.j.JMeter: java.awt.headless=true
2026-10-02 23:00:05,769 INFO o.a.j.JMeter: Max memory     =4294967296
2026-10-02 23:00:05,769 INFO o.a.j.JMeter: Available Processors =12
2026-10-02 23:00:05,776 INFO o.a.j.JMeter: Default Locale=English (EN)
2026-10-02 23:00:05,777 INFO o.a.j.JMeter: JMeter  Locale=English (EN)
2026-10-02 23:00:05,777 INFO o.a.j.JMeter: JMeterHome=/opt/jmeter
2026-10-02 23:00:05,777 INFO o.a.j.JMeter: user.dir  =/tests
2026-10-02 23:00:05,777 INFO o.a.j.JMeter: PWD       =/tests
2026-10-02 23:00:05,777 INFO o.a.j.JMeter: IP: 172.19.0.5 Name: 7f0d4ab848e7 FullName: 7f0d4ab848e7
2026-10-02 23:00:05,788 INFO o.a.j.s.FileServer: Default base='/tests'
2026-10-02 23:00:05,790 INFO o.a.j.s.FileServer: Set new base='/tests'
2026-10-02 23:00:05,952 INFO o.a.j.s.SaveService: Testplan (JMX) version: 2.2. Testlog (JTL) version: 2.2
2026-10-02 23:00:05,976 INFO o.a.j.s.SaveService: Using SaveService properties version 5.0
2026-10-02 23:00:05,979 INFO o.a.j.s.SaveService: Using SaveService properties file encoding UTF-8
2026-10-02 23:00:05,982 INFO o.a.j.s.SaveService: Loading file: /tests/s3.jmx
2026-10-02 23:00:06,025 INFO o.a.j.p.h.s.HTTPSamplerBase: Parser for text/html is org.apache.jmeter.protocol.http.parser.LagartoBasedHtmlParser
2026-10-02 23:00:06,025 INFO o.a.j.p.h.s.HTTPSamplerBase: Parser for application/xhtml+xml is org.apache.jmeter.protocol.http.parser.LagartoBasedHtmlParser
2026-10-02 23:00:06,025 INFO o.a.j.p.h.s.HTTPSamplerBase: Parser for application/xml is org.apache.jmeter.protocol.http.parser.LagartoBasedHtmlParser
2026-10-02 23:00:06,025 INFO o.a.j.p.h.s.HTTPSamplerBase: Parser for text/xml is org.apache.jmeter.protocol.http.parser.LagartoBasedHtmlParser
2026-10-02 23:00:06,025 INFO o.a.j.p.h.s.HTTPSamplerBase: Parser for text/vnd.wap.wml is org.apache.jmeter.protocol.http.parser.RegexpHTMLParser
2026-10-02 23:00:06,025 INFO o.a.j.p.h.s.HTTPSamplerBase: Parser for text/css is org.apache.jmeter.protocol.http.parser.CssParser
2026-10-02 23:00:06,069 INFO o.a.j.JMeter: Creating summariser <summary>
2026-10-02 23:00:06,092 INFO o.a.j.e.StandardJMeterEngine: Running the test!
2026-10-02 23:00:06,092 INFO o.a.j.s.SampleEvent: List of sample_variables: []
2026-10-02 23:00:06,092 INFO o.a.j.s.SampleEvent: List of sample_variables: []
2026-10-02 23:00:06,098 INFO o.a.j.e.u.CompoundVariable: Note: Function class names must contain the string: '.functions.'
2026-10-02 23:00:06,098 INFO o.a.j.e.u.CompoundVariable: Note: Function class names must not contain the string: '.gui.'
2026-10-02 23:00:06,341 INFO o.a.j.JMeter: Running test (1790982006341)
2026-10-02 23:00:06,342 INFO o.a.j.e.StandardJMeterEngine: Starting setUp thread groups
2026-10-02 23:00:06,342 INFO o.a.j.e.StandardJMeterEngine: Starting setUp ThreadGroup: 1 : setUp - login 
2026-10-02 23:00:06,342 INFO o.a.j.e.StandardJMeterEngine: Starting 1 threads for group setUp - login.
2026-10-02 23:00:06,342 INFO o.a.j.e.StandardJMeterEngine: Test will stop abruptly on error
2026-10-02 23:00:06,342 INFO o.a.j.t.ThreadGroup: Starting thread group... number=1 threads=1 ramp-up=1 delayedStart=false
2026-10-02 23:00:06,345 INFO o.a.j.t.ThreadGroup: Started thread group number 1
2026-10-02 23:00:06,345 INFO o.a.j.e.StandardJMeterEngine: Waiting for all setup thread groups to exit
2026-10-02 23:00:06,346 INFO o.a.j.t.JMeterThread: Thread started: setUp - login 1-1
2026-10-02 23:00:06,357 INFO o.a.j.p.h.s.HTTPHCAbstractImpl: Local host = 7f0d4ab848e7
2026-10-02 23:00:06,362 INFO o.a.j.p.h.s.HTTPHC4Impl: HTTP request retry count = 0
2026-10-02 23:00:06,363 INFO o.a.j.s.SampleResult: Note: Sample TimeStamps are START times
2026-10-02 23:00:06,363 INFO o.a.j.s.SampleResult: sampleresult.default.encoding is set to UTF-8
2026-10-02 23:00:06,363 INFO o.a.j.s.SampleResult: sampleresult.useNanoTime=true
2026-10-02 23:00:06,363 INFO o.a.j.s.SampleResult: sampleresult.nanoThreadSleep=5000
2026-10-02 23:00:07,114 INFO o.a.j.t.JMeterThread: Thread is done: setUp - login 1-1
2026-10-02 23:00:07,114 INFO o.a.j.t.JMeterThread: Thread finished: setUp - login 1-1
2026-10-02 23:00:07,115 INFO o.a.j.e.StandardJMeterEngine: All Setup Threads have ended
2026-10-02 23:00:07,139 INFO o.a.j.e.StandardJMeterEngine: Starting ThreadGroup: 1 : S3
2026-10-02 23:00:07,140 INFO o.a.j.e.StandardJMeterEngine: Starting 4 threads for group S3.
2026-10-02 23:00:07,140 INFO o.a.j.e.StandardJMeterEngine: Thread will continue on error
2026-10-02 23:00:07,140 INFO o.a.j.t.ThreadGroup: Starting thread group... number=1 threads=4 ramp-up=1 delayedStart=false
2026-10-02 23:00:07,143 INFO o.a.j.t.JMeterThread: Thread started: S3 1-1
2026-10-02 23:00:07,146 INFO o.a.j.t.ThreadGroup: Started thread group number 1
2026-10-02 23:00:07,146 INFO o.a.j.e.StandardJMeterEngine: All thread groups have been started
2026-10-02 23:00:07,393 INFO o.a.j.t.JMeterThread: Thread started: S3 1-2
2026-10-02 23:00:07,643 INFO o.a.j.t.JMeterThread: Thread started: S3 1-3
2026-10-02 23:00:07,892 INFO o.a.j.t.JMeterThread: Thread started: S3 1-4
2026-10-02 23:00:30,062 INFO o.a.j.r.Summariser: summary +    530 in 00:00:24 =   22.3/s Avg:   160 Min:   130 Max:   277 Err:     0 (0.00%) Active: 4 Started: 4 Finished: 0
2026-10-02 23:01:00,019 INFO o.a.j.r.Summariser: summary +    723 in 00:00:30 =   24.1/s Avg:   158 Min:   124 Max:   243 Err:     0 (0.00%) Active: 4 Started: 4 Finished: 0
2026-10-02 23:01:00,019 INFO o.a.j.r.Summariser: summary =   1253 in 00:00:54 =   23.3/s Avg:   159 Min:   124 Max:   277 Err:     0 (0.00%)
2026-10-02 23:01:07,188 INFO o.a.j.t.JMeterThread: Stopping because end time detected by thread: S3 1-4
2026-10-02 23:01:07,188 INFO o.a.j.t.JMeterThread: Thread finished: S3 1-4
2026-10-02 23:01:07,254 INFO o.a.j.t.JMeterThread: Stopping because end time detected by thread: S3 1-2
2026-10-02 23:01:07,254 INFO o.a.j.t.JMeterThread: Thread finished: S3 1-2
2026-10-02 23:01:07,257 INFO o.a.j.t.JMeterThread: Stopping because end time detected by thread: S3 1-1
2026-10-02 23:01:07,257 INFO o.a.j.t.JMeterThread: Thread finished: S3 1-1
2026-10-02 23:01:07,262 INFO o.a.j.t.JMeterThread: Stopping because end time detected by thread: S3 1-3
2026-10-02 23:01:07,262 INFO o.a.j.t.JMeterThread: Thread finished: S3 1-3
2026-10-02 23:01:07,262 INFO o.a.j.e.StandardJMeterEngine: Notifying test listeners of end of test
2026-10-02 23:01:07,265 INFO o.a.j.r.Summariser: summary +    182 in 00:00:07 =   25.1/s Avg:   160 Min:   133 Max:   226 Err:     0 (0.00%) Active: 0 Started: 4 Finished: 4
2026-10-02 23:01:07,265 INFO o.a.j.r.Summariser: summary =   1435 in 00:01:01 =   23.6/s Avg:   159 Min:   124 Max:   277 Err:     0 (0.00%)
