2026-10-05 19:48:30,449 INFO o.a.j.u.JMeterUtils: Setting Locale to en_EN
2026-10-05 19:48:30,476 INFO o.a.j.JMeter: Loading user properties from: /opt/jmeter/bin/user.properties
2026-10-05 19:48:30,476 INFO o.a.j.JMeter: Loading system properties from: /opt/jmeter/bin/system.properties
2026-10-05 19:48:30,476 INFO o.a.j.JMeter: Loading additional properties from: /tests/run.properties
2026-10-05 19:48:30,477 INFO o.a.j.JMeter: Loading additional properties from: /tests/data/ranges.properties
2026-10-05 19:48:30,477 INFO o.a.j.JMeter: Setting JMeter property: host=laravel-nginx
2026-10-05 19:48:30,477 INFO o.a.j.JMeter: Setting JMeter property: port=80
2026-10-05 19:48:30,477 INFO o.a.j.JMeter: Setting JMeter property: rampup=1
2026-10-05 19:48:30,477 INFO o.a.j.JMeter: Setting JMeter property: endpoint=EP1
2026-10-05 19:48:30,477 INFO o.a.j.JMeter: Setting JMeter property: users=10
2026-10-05 19:48:30,478 INFO o.a.j.JMeter: Setting JMeter property: duration=60
2026-10-05 19:48:30,484 INFO o.a.j.JMeter: Copyright (c) 1998-2024 The Apache Software Foundation
2026-10-05 19:48:30,484 INFO o.a.j.JMeter: Version 5.6.3
2026-10-05 19:48:30,484 INFO o.a.j.JMeter: java.version=21.0.12.1
2026-10-05 19:48:30,484 INFO o.a.j.JMeter: java.vm.name=OpenJDK 64-Bit Server VM
2026-10-05 19:48:30,484 INFO o.a.j.JMeter: os.name=Linux
2026-10-05 19:48:30,484 INFO o.a.j.JMeter: os.arch=amd64
2026-10-05 19:48:30,484 INFO o.a.j.JMeter: os.version=6.6.87.2-microsoft-standard-WSL2
2026-10-05 19:48:30,484 INFO o.a.j.JMeter: file.encoding=UTF-8
2026-10-05 19:48:30,484 INFO o.a.j.JMeter: java.awt.headless=true
2026-10-05 19:48:30,484 INFO o.a.j.JMeter: Max memory     =4294967296
2026-10-05 19:48:30,485 INFO o.a.j.JMeter: Available Processors =12
2026-10-05 19:48:30,493 INFO o.a.j.JMeter: Default Locale=English (EN)
2026-10-05 19:48:30,494 INFO o.a.j.JMeter: JMeter  Locale=English (EN)
2026-10-05 19:48:30,494 INFO o.a.j.JMeter: JMeterHome=/opt/jmeter
2026-10-05 19:48:30,494 INFO o.a.j.JMeter: user.dir  =/tests
2026-10-05 19:48:30,494 INFO o.a.j.JMeter: PWD       =/tests
2026-10-05 19:48:30,495 INFO o.a.j.JMeter: IP: 172.19.0.5 Name: abc2cad2b6bb FullName: abc2cad2b6bb
2026-10-05 19:48:30,509 INFO o.a.j.s.FileServer: Default base='/tests'
2026-10-05 19:48:30,511 INFO o.a.j.s.FileServer: Set new base='/tests'
2026-10-05 19:48:30,696 INFO o.a.j.s.SaveService: Testplan (JMX) version: 2.2. Testlog (JTL) version: 2.2
2026-10-05 19:48:30,728 INFO o.a.j.s.SaveService: Using SaveService properties version 5.0
2026-10-05 19:48:30,732 INFO o.a.j.s.SaveService: Using SaveService properties file encoding UTF-8
2026-10-05 19:48:30,736 INFO o.a.j.s.SaveService: Loading file: /tests/s1.jmx
2026-10-05 19:48:30,786 INFO o.a.j.p.h.s.HTTPSamplerBase: Parser for text/html is org.apache.jmeter.protocol.http.parser.LagartoBasedHtmlParser
2026-10-05 19:48:30,786 INFO o.a.j.p.h.s.HTTPSamplerBase: Parser for application/xhtml+xml is org.apache.jmeter.protocol.http.parser.LagartoBasedHtmlParser
2026-10-05 19:48:30,786 INFO o.a.j.p.h.s.HTTPSamplerBase: Parser for application/xml is org.apache.jmeter.protocol.http.parser.LagartoBasedHtmlParser
2026-10-05 19:48:30,787 INFO o.a.j.p.h.s.HTTPSamplerBase: Parser for text/xml is org.apache.jmeter.protocol.http.parser.LagartoBasedHtmlParser
2026-10-05 19:48:30,787 INFO o.a.j.p.h.s.HTTPSamplerBase: Parser for text/vnd.wap.wml is org.apache.jmeter.protocol.http.parser.RegexpHTMLParser
2026-10-05 19:48:30,787 INFO o.a.j.p.h.s.HTTPSamplerBase: Parser for text/css is org.apache.jmeter.protocol.http.parser.CssParser
2026-10-05 19:48:30,841 INFO o.a.j.JMeter: Creating summariser <summary>
2026-10-05 19:48:30,859 INFO o.a.j.e.StandardJMeterEngine: Running the test!
2026-10-05 19:48:30,860 INFO o.a.j.s.SampleEvent: List of sample_variables: []
2026-10-05 19:48:30,860 INFO o.a.j.s.SampleEvent: List of sample_variables: []
2026-10-05 19:48:30,865 INFO o.a.j.e.u.CompoundVariable: Note: Function class names must contain the string: '.functions.'
2026-10-05 19:48:30,865 INFO o.a.j.e.u.CompoundVariable: Note: Function class names must not contain the string: '.gui.'
2026-10-05 19:48:31,080 INFO o.a.j.JMeter: Running test (1791229711080)
2026-10-05 19:48:31,082 INFO o.a.j.e.StandardJMeterEngine: Starting setUp thread groups
2026-10-05 19:48:31,082 INFO o.a.j.e.StandardJMeterEngine: Starting setUp ThreadGroup: 1 : setUp - login 
2026-10-05 19:48:31,082 INFO o.a.j.e.StandardJMeterEngine: Starting 1 threads for group setUp - login.
2026-10-05 19:48:31,082 INFO o.a.j.e.StandardJMeterEngine: Test will stop abruptly on error
2026-10-05 19:48:31,082 INFO o.a.j.t.ThreadGroup: Starting thread group... number=1 threads=1 ramp-up=1 delayedStart=false
2026-10-05 19:48:31,085 INFO o.a.j.t.ThreadGroup: Started thread group number 1
2026-10-05 19:48:31,085 INFO o.a.j.e.StandardJMeterEngine: Waiting for all setup thread groups to exit
2026-10-05 19:48:31,086 INFO o.a.j.t.JMeterThread: Thread started: setUp - login 1-1
2026-10-05 19:48:31,099 INFO o.a.j.p.h.s.HTTPHCAbstractImpl: Local host = abc2cad2b6bb
2026-10-05 19:48:31,105 INFO o.a.j.p.h.s.HTTPHC4Impl: HTTP request retry count = 0
2026-10-05 19:48:31,106 INFO o.a.j.s.SampleResult: Note: Sample TimeStamps are START times
2026-10-05 19:48:31,106 INFO o.a.j.s.SampleResult: sampleresult.default.encoding is set to UTF-8
2026-10-05 19:48:31,106 INFO o.a.j.s.SampleResult: sampleresult.useNanoTime=true
2026-10-05 19:48:31,106 INFO o.a.j.s.SampleResult: sampleresult.nanoThreadSleep=5000
2026-10-05 19:48:31,780 INFO o.a.j.r.Summariser: summary +      1 in 00:00:01 =    1.4/s Avg:   206 Min:   206 Max:   206 Err:     0 (0.00%) Active: 1 Started: 1 Finished: 0
2026-10-05 19:48:31,780 INFO o.a.j.t.JMeterThread: Thread is done: setUp - login 1-1
2026-10-05 19:48:31,780 INFO o.a.j.t.JMeterThread: Thread finished: setUp - login 1-1
2026-10-05 19:48:31,781 INFO o.a.j.e.StandardJMeterEngine: All Setup Threads have ended
2026-10-05 19:48:31,801 INFO o.a.j.e.StandardJMeterEngine: Starting ThreadGroup: 1 : S1
2026-10-05 19:48:31,801 INFO o.a.j.e.StandardJMeterEngine: Starting 10 threads for group S1.
2026-10-05 19:48:31,801 INFO o.a.j.e.StandardJMeterEngine: Thread will continue on error
2026-10-05 19:48:31,802 INFO o.a.j.t.ThreadGroup: Starting thread group... number=1 threads=10 ramp-up=1 delayedStart=false
2026-10-05 19:48:31,803 INFO o.a.j.t.JMeterThread: Thread started: S1 1-1
2026-10-05 19:48:31,809 INFO o.a.j.t.ThreadGroup: Started thread group number 1
2026-10-05 19:48:31,810 INFO o.a.j.e.StandardJMeterEngine: All thread groups have been started
2026-10-05 19:48:31,904 INFO o.a.j.t.JMeterThread: Thread started: S1 1-2
2026-10-05 19:48:32,004 INFO o.a.j.t.JMeterThread: Thread started: S1 1-3
2026-10-05 19:48:32,104 INFO o.a.j.t.JMeterThread: Thread started: S1 1-4
2026-10-05 19:48:32,203 INFO o.a.j.t.JMeterThread: Thread started: S1 1-5
2026-10-05 19:48:32,303 INFO o.a.j.t.JMeterThread: Thread started: S1 1-6
2026-10-05 19:48:32,403 INFO o.a.j.t.JMeterThread: Thread started: S1 1-7
2026-10-05 19:48:32,503 INFO o.a.j.t.JMeterThread: Thread started: S1 1-8
2026-10-05 19:48:32,603 INFO o.a.j.t.JMeterThread: Thread started: S1 1-9
2026-10-05 19:48:32,704 INFO o.a.j.t.JMeterThread: Thread started: S1 1-10
2026-10-05 19:49:00,004 INFO o.a.j.r.Summariser: summary +  16487 in 00:00:28 =  584.1/s Avg:    16 Min:     6 Max:    57 Err:     0 (0.00%) Active: 10 Started: 10 Finished: 0
2026-10-05 19:49:00,004 INFO o.a.j.r.Summariser: summary =  16488 in 00:00:29 =  570.1/s Avg:    16 Min:     6 Max:   206 Err:     0 (0.00%)
2026-10-05 19:49:30,002 INFO o.a.j.r.Summariser: summary +  19098 in 00:00:30 =  636.6/s Avg:    15 Min:    11 Max:    60 Err:     0 (0.00%) Active: 10 Started: 10 Finished: 0
2026-10-05 19:49:30,003 INFO o.a.j.r.Summariser: summary =  35586 in 00:00:59 =  604.0/s Avg:    16 Min:     6 Max:   206 Err:     0 (0.00%)
2026-10-05 19:49:31,806 INFO o.a.j.t.JMeterThread: Stopping because end time detected by thread: S1 1-3
2026-10-05 19:49:31,806 INFO o.a.j.t.JMeterThread: Thread finished: S1 1-3
2026-10-05 19:49:31,806 INFO o.a.j.t.JMeterThread: Stopping because end time detected by thread: S1 1-1
2026-10-05 19:49:31,806 INFO o.a.j.t.JMeterThread: Thread finished: S1 1-1
2026-10-05 19:49:31,806 INFO o.a.j.t.JMeterThread: Stopping because end time detected by thread: S1 1-5
2026-10-05 19:49:31,806 INFO o.a.j.t.JMeterThread: Thread finished: S1 1-5
2026-10-05 19:49:31,813 INFO o.a.j.t.JMeterThread: Stopping because end time detected by thread: S1 1-6
2026-10-05 19:49:31,813 INFO o.a.j.t.JMeterThread: Stopping because end time detected by thread: S1 1-4
2026-10-05 19:49:31,814 INFO o.a.j.t.JMeterThread: Thread finished: S1 1-4
2026-10-05 19:49:31,814 INFO o.a.j.t.JMeterThread: Thread finished: S1 1-6
2026-10-05 19:49:31,814 INFO o.a.j.t.JMeterThread: Stopping because end time detected by thread: S1 1-7
2026-10-05 19:49:31,814 INFO o.a.j.t.JMeterThread: Thread finished: S1 1-7
2026-10-05 19:49:31,814 INFO o.a.j.t.JMeterThread: Stopping because end time detected by thread: S1 1-9
2026-10-05 19:49:31,814 INFO o.a.j.t.JMeterThread: Thread finished: S1 1-9
2026-10-05 19:49:31,821 INFO o.a.j.t.JMeterThread: Stopping because end time detected by thread: S1 1-2
2026-10-05 19:49:31,821 INFO o.a.j.t.JMeterThread: Stopping because end time detected by thread: S1 1-10
2026-10-05 19:49:31,821 INFO o.a.j.t.JMeterThread: Thread finished: S1 1-2
2026-10-05 19:49:31,821 INFO o.a.j.t.JMeterThread: Thread finished: S1 1-10
2026-10-05 19:49:31,821 INFO o.a.j.t.JMeterThread: Stopping because end time detected by thread: S1 1-8
2026-10-05 19:49:31,821 INFO o.a.j.t.JMeterThread: Thread finished: S1 1-8
2026-10-05 19:49:31,822 INFO o.a.j.e.StandardJMeterEngine: Notifying test listeners of end of test
2026-10-05 19:49:31,824 INFO o.a.j.r.Summariser: summary +    970 in 00:00:02 =  532.4/s Avg:    18 Min:    11 Max:    96 Err:     0 (0.00%) Active: 0 Started: 10 Finished: 10
2026-10-05 19:49:31,825 INFO o.a.j.r.Summariser: summary =  36556 in 00:01:01 =  601.8/s Avg:    16 Min:     6 Max:   206 Err:     0 (0.00%)
