2026-10-07 19:12:19,576 INFO o.a.j.u.JMeterUtils: Setting Locale to en_EN
2026-10-07 19:12:19,596 INFO o.a.j.JMeter: Loading user properties from: /opt/jmeter/bin/user.properties
2026-10-07 19:12:19,596 INFO o.a.j.JMeter: Loading system properties from: /opt/jmeter/bin/system.properties
2026-10-07 19:12:19,596 INFO o.a.j.JMeter: Loading additional properties from: /tests/run.properties
2026-10-07 19:12:19,596 INFO o.a.j.JMeter: Loading additional properties from: /tests/data/ranges.properties
2026-10-07 19:12:19,597 INFO o.a.j.JMeter: Setting JMeter property: host=laravel-nginx
2026-10-07 19:12:19,597 INFO o.a.j.JMeter: Setting JMeter property: port=80
2026-10-07 19:12:19,597 INFO o.a.j.JMeter: Setting JMeter property: rampup=10
2026-10-07 19:12:19,597 INFO o.a.j.JMeter: Setting JMeter property: endpoint=EP1
2026-10-07 19:12:19,597 INFO o.a.j.JMeter: Setting JMeter property: users=10
2026-10-07 19:12:19,597 INFO o.a.j.JMeter: Setting JMeter property: duration=60
2026-10-07 19:12:19,602 INFO o.a.j.JMeter: Copyright (c) 1998-2024 The Apache Software Foundation
2026-10-07 19:12:19,603 INFO o.a.j.JMeter: Version 5.6.3
2026-10-07 19:12:19,603 INFO o.a.j.JMeter: java.version=21.0.12.1
2026-10-07 19:12:19,603 INFO o.a.j.JMeter: java.vm.name=OpenJDK 64-Bit Server VM
2026-10-07 19:12:19,603 INFO o.a.j.JMeter: os.name=Linux
2026-10-07 19:12:19,603 INFO o.a.j.JMeter: os.arch=amd64
2026-10-07 19:12:19,603 INFO o.a.j.JMeter: os.version=6.6.87.2-microsoft-standard-WSL2
2026-10-07 19:12:19,603 INFO o.a.j.JMeter: file.encoding=UTF-8
2026-10-07 19:12:19,603 INFO o.a.j.JMeter: java.awt.headless=true
2026-10-07 19:12:19,603 INFO o.a.j.JMeter: Max memory     =4294967296
2026-10-07 19:12:19,603 INFO o.a.j.JMeter: Available Processors =12
2026-10-07 19:12:19,611 INFO o.a.j.JMeter: Default Locale=English (EN)
2026-10-07 19:12:19,611 INFO o.a.j.JMeter: JMeter  Locale=English (EN)
2026-10-07 19:12:19,611 INFO o.a.j.JMeter: JMeterHome=/opt/jmeter
2026-10-07 19:12:19,611 INFO o.a.j.JMeter: user.dir  =/tests
2026-10-07 19:12:19,611 INFO o.a.j.JMeter: PWD       =/tests
2026-10-07 19:12:19,611 INFO o.a.j.JMeter: IP: 172.19.0.5 Name: 88bf26c53f53 FullName: 88bf26c53f53
2026-10-07 19:12:19,621 INFO o.a.j.s.FileServer: Default base='/tests'
2026-10-07 19:12:19,622 INFO o.a.j.s.FileServer: Set new base='/tests'
2026-10-07 19:12:19,762 INFO o.a.j.s.SaveService: Testplan (JMX) version: 2.2. Testlog (JTL) version: 2.2
2026-10-07 19:12:19,782 INFO o.a.j.s.SaveService: Using SaveService properties version 5.0
2026-10-07 19:12:19,784 INFO o.a.j.s.SaveService: Using SaveService properties file encoding UTF-8
2026-10-07 19:12:19,788 INFO o.a.j.s.SaveService: Loading file: /tests/s3.jmx
2026-10-07 19:12:19,827 INFO o.a.j.p.h.s.HTTPSamplerBase: Parser for text/html is org.apache.jmeter.protocol.http.parser.LagartoBasedHtmlParser
2026-10-07 19:12:19,827 INFO o.a.j.p.h.s.HTTPSamplerBase: Parser for application/xhtml+xml is org.apache.jmeter.protocol.http.parser.LagartoBasedHtmlParser
2026-10-07 19:12:19,827 INFO o.a.j.p.h.s.HTTPSamplerBase: Parser for application/xml is org.apache.jmeter.protocol.http.parser.LagartoBasedHtmlParser
2026-10-07 19:12:19,827 INFO o.a.j.p.h.s.HTTPSamplerBase: Parser for text/xml is org.apache.jmeter.protocol.http.parser.LagartoBasedHtmlParser
2026-10-07 19:12:19,827 INFO o.a.j.p.h.s.HTTPSamplerBase: Parser for text/vnd.wap.wml is org.apache.jmeter.protocol.http.parser.RegexpHTMLParser
2026-10-07 19:12:19,828 INFO o.a.j.p.h.s.HTTPSamplerBase: Parser for text/css is org.apache.jmeter.protocol.http.parser.CssParser
2026-10-07 19:12:19,863 INFO o.a.j.JMeter: Creating summariser <summary>
2026-10-07 19:12:19,876 INFO o.a.j.e.StandardJMeterEngine: Running the test!
2026-10-07 19:12:19,877 INFO o.a.j.s.SampleEvent: List of sample_variables: []
2026-10-07 19:12:19,877 INFO o.a.j.s.SampleEvent: List of sample_variables: []
2026-10-07 19:12:19,880 INFO o.a.j.e.u.CompoundVariable: Note: Function class names must contain the string: '.functions.'
2026-10-07 19:12:19,880 INFO o.a.j.e.u.CompoundVariable: Note: Function class names must not contain the string: '.gui.'
2026-10-07 19:12:20,086 INFO o.a.j.JMeter: Running test (1791400340085)
2026-10-07 19:12:20,087 INFO o.a.j.e.StandardJMeterEngine: Starting setUp thread groups
2026-10-07 19:12:20,087 INFO o.a.j.e.StandardJMeterEngine: Starting setUp ThreadGroup: 1 : setUp - login 
2026-10-07 19:12:20,087 INFO o.a.j.e.StandardJMeterEngine: Starting 1 threads for group setUp - login.
2026-10-07 19:12:20,087 INFO o.a.j.e.StandardJMeterEngine: Test will stop abruptly on error
2026-10-07 19:12:20,087 INFO o.a.j.t.ThreadGroup: Starting thread group... number=1 threads=1 ramp-up=1 delayedStart=false
2026-10-07 19:12:20,089 INFO o.a.j.t.ThreadGroup: Started thread group number 1
2026-10-07 19:12:20,090 INFO o.a.j.e.StandardJMeterEngine: Waiting for all setup thread groups to exit
2026-10-07 19:12:20,091 INFO o.a.j.t.JMeterThread: Thread started: setUp - login 1-1
2026-10-07 19:12:20,102 INFO o.a.j.p.h.s.HTTPHCAbstractImpl: Local host = 88bf26c53f53
2026-10-07 19:12:20,106 INFO o.a.j.p.h.s.HTTPHC4Impl: HTTP request retry count = 0
2026-10-07 19:12:20,107 INFO o.a.j.s.SampleResult: Note: Sample TimeStamps are START times
2026-10-07 19:12:20,107 INFO o.a.j.s.SampleResult: sampleresult.default.encoding is set to UTF-8
2026-10-07 19:12:20,107 INFO o.a.j.s.SampleResult: sampleresult.useNanoTime=true
2026-10-07 19:12:20,107 INFO o.a.j.s.SampleResult: sampleresult.nanoThreadSleep=5000
2026-10-07 19:12:20,731 INFO o.a.j.t.JMeterThread: Thread is done: setUp - login 1-1
2026-10-07 19:12:20,731 INFO o.a.j.t.JMeterThread: Thread finished: setUp - login 1-1
2026-10-07 19:12:20,732 INFO o.a.j.e.StandardJMeterEngine: All Setup Threads have ended
2026-10-07 19:12:20,753 INFO o.a.j.e.StandardJMeterEngine: Starting ThreadGroup: 1 : S3
2026-10-07 19:12:20,754 INFO o.a.j.e.StandardJMeterEngine: Starting 10 threads for group S3.
2026-10-07 19:12:20,754 INFO o.a.j.e.StandardJMeterEngine: Thread will continue on error
2026-10-07 19:12:20,754 INFO o.a.j.t.ThreadGroup: Starting thread group... number=1 threads=10 ramp-up=10 delayedStart=false
2026-10-07 19:12:20,756 INFO o.a.j.t.JMeterThread: Thread started: S3 1-1
2026-10-07 19:12:20,763 INFO o.a.j.t.ThreadGroup: Started thread group number 1
2026-10-07 19:12:20,763 INFO o.a.j.e.StandardJMeterEngine: All thread groups have been started
2026-10-07 19:12:21,756 INFO o.a.j.t.JMeterThread: Thread started: S3 1-2
2026-10-07 19:12:22,756 INFO o.a.j.t.JMeterThread: Thread started: S3 1-3
2026-10-07 19:12:23,756 INFO o.a.j.t.JMeterThread: Thread started: S3 1-4
2026-10-07 19:12:24,755 INFO o.a.j.t.JMeterThread: Thread started: S3 1-5
2026-10-07 19:12:25,755 INFO o.a.j.t.JMeterThread: Thread started: S3 1-6
2026-10-07 19:12:26,755 INFO o.a.j.t.JMeterThread: Thread started: S3 1-7
2026-10-07 19:12:27,755 INFO o.a.j.t.JMeterThread: Thread started: S3 1-8
2026-10-07 19:12:28,755 INFO o.a.j.t.JMeterThread: Thread started: S3 1-9
2026-10-07 19:12:29,756 INFO o.a.j.t.JMeterThread: Thread started: S3 1-10
2026-10-07 19:12:30,001 INFO o.a.j.r.Summariser: summary +   4909 in 00:00:10 =  495.1/s Avg:     9 Min:     5 Max:   200 Err:     0 (0.00%) Active: 10 Started: 10 Finished: 0
2026-10-07 19:13:00,003 INFO o.a.j.r.Summariser: summary +  19596 in 00:00:30 =  653.1/s Avg:    15 Min:    10 Max:    38 Err:     0 (0.00%) Active: 10 Started: 10 Finished: 0
2026-10-07 19:13:00,003 INFO o.a.j.r.Summariser: summary =  24505 in 00:00:40 =  613.9/s Avg:    14 Min:     5 Max:   200 Err:     0 (0.00%)
2026-10-07 19:13:20,762 INFO o.a.j.t.JMeterThread: Stopping because end time detected by thread: S3 1-8
2026-10-07 19:13:20,762 INFO o.a.j.t.JMeterThread: Thread finished: S3 1-8
2026-10-07 19:13:20,763 INFO o.a.j.t.JMeterThread: Stopping because end time detected by thread: S3 1-7
2026-10-07 19:13:20,764 INFO o.a.j.t.JMeterThread: Thread finished: S3 1-7
2026-10-07 19:13:20,764 INFO o.a.j.t.JMeterThread: Stopping because end time detected by thread: S3 1-4
2026-10-07 19:13:20,764 INFO o.a.j.t.JMeterThread: Thread finished: S3 1-4
2026-10-07 19:13:20,766 INFO o.a.j.t.JMeterThread: Stopping because end time detected by thread: S3 1-2
2026-10-07 19:13:20,766 INFO o.a.j.t.JMeterThread: Thread finished: S3 1-2
2026-10-07 19:13:20,768 INFO o.a.j.t.JMeterThread: Stopping because end time detected by thread: S3 1-3
2026-10-07 19:13:20,768 INFO o.a.j.t.JMeterThread: Thread finished: S3 1-3
2026-10-07 19:13:20,769 INFO o.a.j.t.JMeterThread: Stopping because end time detected by thread: S3 1-1
2026-10-07 19:13:20,770 INFO o.a.j.t.JMeterThread: Thread finished: S3 1-1
2026-10-07 19:13:20,770 INFO o.a.j.t.JMeterThread: Stopping because end time detected by thread: S3 1-10
2026-10-07 19:13:20,770 INFO o.a.j.t.JMeterThread: Thread finished: S3 1-10
2026-10-07 19:13:20,772 INFO o.a.j.t.JMeterThread: Stopping because end time detected by thread: S3 1-6
2026-10-07 19:13:20,772 INFO o.a.j.t.JMeterThread: Thread finished: S3 1-6
2026-10-07 19:13:20,774 INFO o.a.j.t.JMeterThread: Stopping because end time detected by thread: S3 1-5
2026-10-07 19:13:20,774 INFO o.a.j.t.JMeterThread: Thread finished: S3 1-5
2026-10-07 19:13:20,775 INFO o.a.j.t.JMeterThread: Stopping because end time detected by thread: S3 1-9
2026-10-07 19:13:20,775 INFO o.a.j.t.JMeterThread: Thread finished: S3 1-9
2026-10-07 19:13:20,775 INFO o.a.j.e.StandardJMeterEngine: Notifying test listeners of end of test
2026-10-07 19:13:20,778 INFO o.a.j.r.Summariser: summary +  13572 in 00:00:21 =  653.3/s Avg:    15 Min:     9 Max:    43 Err:     0 (0.00%) Active: 0 Started: 10 Finished: 10
2026-10-07 19:13:20,778 INFO o.a.j.r.Summariser: summary =  38077 in 00:01:01 =  627.4/s Avg:    14 Min:     5 Max:   200 Err:     0 (0.00%)
