2026-10-07 19:11:14,525 INFO o.a.j.u.JMeterUtils: Setting Locale to en_EN
2026-10-07 19:11:14,543 INFO o.a.j.JMeter: Loading user properties from: /opt/jmeter/bin/user.properties
2026-10-07 19:11:14,543 INFO o.a.j.JMeter: Loading system properties from: /opt/jmeter/bin/system.properties
2026-10-07 19:11:14,544 INFO o.a.j.JMeter: Loading additional properties from: /tests/run.properties
2026-10-07 19:11:14,544 INFO o.a.j.JMeter: Loading additional properties from: /tests/data/ranges.properties
2026-10-07 19:11:14,544 INFO o.a.j.JMeter: Setting JMeter property: host=laravel-nginx
2026-10-07 19:11:14,544 INFO o.a.j.JMeter: Setting JMeter property: port=80
2026-10-07 19:11:14,544 INFO o.a.j.JMeter: Setting JMeter property: rampup=10
2026-10-07 19:11:14,544 INFO o.a.j.JMeter: Setting JMeter property: endpoint=EP1
2026-10-07 19:11:14,544 INFO o.a.j.JMeter: Setting JMeter property: users=10
2026-10-07 19:11:14,544 INFO o.a.j.JMeter: Setting JMeter property: duration=60
2026-10-07 19:11:14,548 INFO o.a.j.JMeter: Copyright (c) 1998-2024 The Apache Software Foundation
2026-10-07 19:11:14,548 INFO o.a.j.JMeter: Version 5.6.3
2026-10-07 19:11:14,548 INFO o.a.j.JMeter: java.version=21.0.12.1
2026-10-07 19:11:14,549 INFO o.a.j.JMeter: java.vm.name=OpenJDK 64-Bit Server VM
2026-10-07 19:11:14,549 INFO o.a.j.JMeter: os.name=Linux
2026-10-07 19:11:14,549 INFO o.a.j.JMeter: os.arch=amd64
2026-10-07 19:11:14,549 INFO o.a.j.JMeter: os.version=6.6.87.2-microsoft-standard-WSL2
2026-10-07 19:11:14,549 INFO o.a.j.JMeter: file.encoding=UTF-8
2026-10-07 19:11:14,549 INFO o.a.j.JMeter: java.awt.headless=true
2026-10-07 19:11:14,549 INFO o.a.j.JMeter: Max memory     =4294967296
2026-10-07 19:11:14,549 INFO o.a.j.JMeter: Available Processors =12
2026-10-07 19:11:14,556 INFO o.a.j.JMeter: Default Locale=English (EN)
2026-10-07 19:11:14,556 INFO o.a.j.JMeter: JMeter  Locale=English (EN)
2026-10-07 19:11:14,556 INFO o.a.j.JMeter: JMeterHome=/opt/jmeter
2026-10-07 19:11:14,556 INFO o.a.j.JMeter: user.dir  =/tests
2026-10-07 19:11:14,556 INFO o.a.j.JMeter: PWD       =/tests
2026-10-07 19:11:14,556 INFO o.a.j.JMeter: IP: 172.19.0.5 Name: 392a3f208a17 FullName: 392a3f208a17
2026-10-07 19:11:14,565 INFO o.a.j.s.FileServer: Default base='/tests'
2026-10-07 19:11:14,566 INFO o.a.j.s.FileServer: Set new base='/tests'
2026-10-07 19:11:14,703 INFO o.a.j.s.SaveService: Testplan (JMX) version: 2.2. Testlog (JTL) version: 2.2
2026-10-07 19:11:14,723 INFO o.a.j.s.SaveService: Using SaveService properties version 5.0
2026-10-07 19:11:14,726 INFO o.a.j.s.SaveService: Using SaveService properties file encoding UTF-8
2026-10-07 19:11:14,729 INFO o.a.j.s.SaveService: Loading file: /tests/s3.jmx
2026-10-07 19:11:14,766 INFO o.a.j.p.h.s.HTTPSamplerBase: Parser for text/html is org.apache.jmeter.protocol.http.parser.LagartoBasedHtmlParser
2026-10-07 19:11:14,766 INFO o.a.j.p.h.s.HTTPSamplerBase: Parser for application/xhtml+xml is org.apache.jmeter.protocol.http.parser.LagartoBasedHtmlParser
2026-10-07 19:11:14,766 INFO o.a.j.p.h.s.HTTPSamplerBase: Parser for application/xml is org.apache.jmeter.protocol.http.parser.LagartoBasedHtmlParser
2026-10-07 19:11:14,766 INFO o.a.j.p.h.s.HTTPSamplerBase: Parser for text/xml is org.apache.jmeter.protocol.http.parser.LagartoBasedHtmlParser
2026-10-07 19:11:14,766 INFO o.a.j.p.h.s.HTTPSamplerBase: Parser for text/vnd.wap.wml is org.apache.jmeter.protocol.http.parser.RegexpHTMLParser
2026-10-07 19:11:14,766 INFO o.a.j.p.h.s.HTTPSamplerBase: Parser for text/css is org.apache.jmeter.protocol.http.parser.CssParser
2026-10-07 19:11:14,802 INFO o.a.j.JMeter: Creating summariser <summary>
2026-10-07 19:11:14,814 INFO o.a.j.e.StandardJMeterEngine: Running the test!
2026-10-07 19:11:14,815 INFO o.a.j.s.SampleEvent: List of sample_variables: []
2026-10-07 19:11:14,815 INFO o.a.j.s.SampleEvent: List of sample_variables: []
2026-10-07 19:11:14,818 INFO o.a.j.e.u.CompoundVariable: Note: Function class names must contain the string: '.functions.'
2026-10-07 19:11:14,818 INFO o.a.j.e.u.CompoundVariable: Note: Function class names must not contain the string: '.gui.'
2026-10-07 19:11:15,007 INFO o.a.j.JMeter: Running test (1791400275006)
2026-10-07 19:11:15,007 INFO o.a.j.e.StandardJMeterEngine: Starting setUp thread groups
2026-10-07 19:11:15,008 INFO o.a.j.e.StandardJMeterEngine: Starting setUp ThreadGroup: 1 : setUp - login 
2026-10-07 19:11:15,008 INFO o.a.j.e.StandardJMeterEngine: Starting 1 threads for group setUp - login.
2026-10-07 19:11:15,008 INFO o.a.j.e.StandardJMeterEngine: Test will stop abruptly on error
2026-10-07 19:11:15,008 INFO o.a.j.t.ThreadGroup: Starting thread group... number=1 threads=1 ramp-up=1 delayedStart=false
2026-10-07 19:11:15,010 INFO o.a.j.t.ThreadGroup: Started thread group number 1
2026-10-07 19:11:15,010 INFO o.a.j.e.StandardJMeterEngine: Waiting for all setup thread groups to exit
2026-10-07 19:11:15,011 INFO o.a.j.t.JMeterThread: Thread started: setUp - login 1-1
2026-10-07 19:11:15,021 INFO o.a.j.p.h.s.HTTPHCAbstractImpl: Local host = 392a3f208a17
2026-10-07 19:11:15,025 INFO o.a.j.p.h.s.HTTPHC4Impl: HTTP request retry count = 0
2026-10-07 19:11:15,026 INFO o.a.j.s.SampleResult: Note: Sample TimeStamps are START times
2026-10-07 19:11:15,026 INFO o.a.j.s.SampleResult: sampleresult.default.encoding is set to UTF-8
2026-10-07 19:11:15,026 INFO o.a.j.s.SampleResult: sampleresult.useNanoTime=true
2026-10-07 19:11:15,026 INFO o.a.j.s.SampleResult: sampleresult.nanoThreadSleep=5000
2026-10-07 19:11:15,754 INFO o.a.j.t.JMeterThread: Thread is done: setUp - login 1-1
2026-10-07 19:11:15,754 INFO o.a.j.t.JMeterThread: Thread finished: setUp - login 1-1
2026-10-07 19:11:15,755 INFO o.a.j.e.StandardJMeterEngine: All Setup Threads have ended
2026-10-07 19:11:15,776 INFO o.a.j.e.StandardJMeterEngine: Starting ThreadGroup: 1 : S3
2026-10-07 19:11:15,776 INFO o.a.j.e.StandardJMeterEngine: Starting 10 threads for group S3.
2026-10-07 19:11:15,776 INFO o.a.j.e.StandardJMeterEngine: Thread will continue on error
2026-10-07 19:11:15,777 INFO o.a.j.t.ThreadGroup: Starting thread group... number=1 threads=10 ramp-up=10 delayedStart=false
2026-10-07 19:11:15,779 INFO o.a.j.t.JMeterThread: Thread started: S3 1-1
2026-10-07 19:11:15,785 INFO o.a.j.t.ThreadGroup: Started thread group number 1
2026-10-07 19:11:15,785 INFO o.a.j.e.StandardJMeterEngine: All thread groups have been started
2026-10-07 19:11:16,779 INFO o.a.j.t.JMeterThread: Thread started: S3 1-2
2026-10-07 19:11:17,779 INFO o.a.j.t.JMeterThread: Thread started: S3 1-3
2026-10-07 19:11:18,779 INFO o.a.j.t.JMeterThread: Thread started: S3 1-4
2026-10-07 19:11:19,778 INFO o.a.j.t.JMeterThread: Thread started: S3 1-5
2026-10-07 19:11:20,778 INFO o.a.j.t.JMeterThread: Thread started: S3 1-6
2026-10-07 19:11:21,778 INFO o.a.j.t.JMeterThread: Thread started: S3 1-7
2026-10-07 19:11:22,779 INFO o.a.j.t.JMeterThread: Thread started: S3 1-8
2026-10-07 19:11:23,778 INFO o.a.j.t.JMeterThread: Thread started: S3 1-9
2026-10-07 19:11:24,778 INFO o.a.j.t.JMeterThread: Thread started: S3 1-10
2026-10-07 19:11:30,001 INFO o.a.j.r.Summariser: summary +   8632 in 00:00:15 =  575.7/s Avg:    11 Min:     5 Max:   283 Err:     0 (0.00%) Active: 10 Started: 10 Finished: 0
2026-10-07 19:12:00,005 INFO o.a.j.r.Summariser: summary +  18266 in 00:00:30 =  608.8/s Avg:    16 Min:    10 Max:    53 Err:     0 (0.00%) Active: 10 Started: 10 Finished: 0
2026-10-07 19:12:00,006 INFO o.a.j.r.Summariser: summary =  26898 in 00:00:45 =  597.7/s Avg:    14 Min:     5 Max:   283 Err:     0 (0.00%)
2026-10-07 19:12:15,777 INFO o.a.j.t.JMeterThread: Stopping because end time detected by thread: S3 1-1
2026-10-07 19:12:15,778 INFO o.a.j.t.JMeterThread: Thread finished: S3 1-1
2026-10-07 19:12:15,783 INFO o.a.j.t.JMeterThread: Stopping because end time detected by thread: S3 1-2
2026-10-07 19:12:15,783 INFO o.a.j.t.JMeterThread: Stopping because end time detected by thread: S3 1-8
2026-10-07 19:12:15,783 INFO o.a.j.t.JMeterThread: Stopping because end time detected by thread: S3 1-7
2026-10-07 19:12:15,783 INFO o.a.j.t.JMeterThread: Thread finished: S3 1-7
2026-10-07 19:12:15,783 INFO o.a.j.t.JMeterThread: Thread finished: S3 1-2
2026-10-07 19:12:15,783 INFO o.a.j.t.JMeterThread: Thread finished: S3 1-8
2026-10-07 19:12:15,785 INFO o.a.j.t.JMeterThread: Stopping because end time detected by thread: S3 1-3
2026-10-07 19:12:15,786 INFO o.a.j.t.JMeterThread: Thread finished: S3 1-3
2026-10-07 19:12:15,789 INFO o.a.j.t.JMeterThread: Stopping because end time detected by thread: S3 1-6
2026-10-07 19:12:15,790 INFO o.a.j.t.JMeterThread: Stopping because end time detected by thread: S3 1-9
2026-10-07 19:12:15,790 INFO o.a.j.t.JMeterThread: Thread finished: S3 1-6
2026-10-07 19:12:15,790 INFO o.a.j.t.JMeterThread: Thread finished: S3 1-9
2026-10-07 19:12:15,790 INFO o.a.j.t.JMeterThread: Stopping because end time detected by thread: S3 1-4
2026-10-07 19:12:15,791 INFO o.a.j.t.JMeterThread: Thread finished: S3 1-4
2026-10-07 19:12:15,792 INFO o.a.j.t.JMeterThread: Stopping because end time detected by thread: S3 1-5
2026-10-07 19:12:15,792 INFO o.a.j.t.JMeterThread: Thread finished: S3 1-5
2026-10-07 19:12:15,795 INFO o.a.j.t.JMeterThread: Stopping because end time detected by thread: S3 1-10
2026-10-07 19:12:15,795 INFO o.a.j.t.JMeterThread: Thread finished: S3 1-10
2026-10-07 19:12:15,795 INFO o.a.j.e.StandardJMeterEngine: Notifying test listeners of end of test
2026-10-07 19:12:15,798 INFO o.a.j.r.Summariser: summary +   9905 in 00:00:16 =  627.2/s Avg:    15 Min:    11 Max:    36 Err:     0 (0.00%) Active: 0 Started: 10 Finished: 10
2026-10-07 19:12:15,798 INFO o.a.j.r.Summariser: summary =  36803 in 00:01:01 =  605.4/s Avg:    14 Min:     5 Max:   283 Err:     0 (0.00%)
