2026-10-02 19:13:07,187 INFO o.a.j.u.JMeterUtils: Setting Locale to en_EN
2026-10-02 19:13:07,210 INFO o.a.j.JMeter: Loading user properties from: /opt/jmeter/bin/user.properties
2026-10-02 19:13:07,210 INFO o.a.j.JMeter: Loading system properties from: /opt/jmeter/bin/system.properties
2026-10-02 19:13:07,211 INFO o.a.j.JMeter: Loading additional properties from: /tests/run.properties
2026-10-02 19:13:07,211 INFO o.a.j.JMeter: Loading additional properties from: /tests/data/ranges.properties
2026-10-02 19:13:07,211 INFO o.a.j.JMeter: Setting JMeter property: host=nestjs-nginx
2026-10-02 19:13:07,211 INFO o.a.j.JMeter: Setting JMeter property: port=80
2026-10-02 19:13:07,211 INFO o.a.j.JMeter: Setting JMeter property: rampup=1
2026-10-02 19:13:07,211 INFO o.a.j.JMeter: Setting JMeter property: endpoint=EP8
2026-10-02 19:13:07,212 INFO o.a.j.JMeter: Setting JMeter property: users=2
2026-10-02 19:13:07,212 INFO o.a.j.JMeter: Setting JMeter property: duration=60
2026-10-02 19:13:07,217 INFO o.a.j.JMeter: Copyright (c) 1998-2024 The Apache Software Foundation
2026-10-02 19:13:07,217 INFO o.a.j.JMeter: Version 5.6.3
2026-10-02 19:13:07,217 INFO o.a.j.JMeter: java.version=21.0.12.1
2026-10-02 19:13:07,218 INFO o.a.j.JMeter: java.vm.name=OpenJDK 64-Bit Server VM
2026-10-02 19:13:07,218 INFO o.a.j.JMeter: os.name=Linux
2026-10-02 19:13:07,218 INFO o.a.j.JMeter: os.arch=amd64
2026-10-02 19:13:07,218 INFO o.a.j.JMeter: os.version=6.6.87.2-microsoft-standard-WSL2
2026-10-02 19:13:07,218 INFO o.a.j.JMeter: file.encoding=UTF-8
2026-10-02 19:13:07,218 INFO o.a.j.JMeter: java.awt.headless=true
2026-10-02 19:13:07,218 INFO o.a.j.JMeter: Max memory     =4294967296
2026-10-02 19:13:07,218 INFO o.a.j.JMeter: Available Processors =12
2026-10-02 19:13:07,225 INFO o.a.j.JMeter: Default Locale=English (EN)
2026-10-02 19:13:07,226 INFO o.a.j.JMeter: JMeter  Locale=English (EN)
2026-10-02 19:13:07,226 INFO o.a.j.JMeter: JMeterHome=/opt/jmeter
2026-10-02 19:13:07,226 INFO o.a.j.JMeter: user.dir  =/tests
2026-10-02 19:13:07,226 INFO o.a.j.JMeter: PWD       =/tests
2026-10-02 19:13:07,226 INFO o.a.j.JMeter: IP: 172.19.0.5 Name: 1d6fd2d9a332 FullName: 1d6fd2d9a332
2026-10-02 19:13:07,236 INFO o.a.j.s.FileServer: Default base='/tests'
2026-10-02 19:13:07,237 INFO o.a.j.s.FileServer: Set new base='/tests'
2026-10-02 19:13:07,394 INFO o.a.j.s.SaveService: Testplan (JMX) version: 2.2. Testlog (JTL) version: 2.2
2026-10-02 19:13:07,417 INFO o.a.j.s.SaveService: Using SaveService properties version 5.0
2026-10-02 19:13:07,420 INFO o.a.j.s.SaveService: Using SaveService properties file encoding UTF-8
2026-10-02 19:13:07,423 INFO o.a.j.s.SaveService: Loading file: /tests/s1.jmx
2026-10-02 19:13:07,469 INFO o.a.j.p.h.s.HTTPSamplerBase: Parser for text/html is org.apache.jmeter.protocol.http.parser.LagartoBasedHtmlParser
2026-10-02 19:13:07,469 INFO o.a.j.p.h.s.HTTPSamplerBase: Parser for application/xhtml+xml is org.apache.jmeter.protocol.http.parser.LagartoBasedHtmlParser
2026-10-02 19:13:07,469 INFO o.a.j.p.h.s.HTTPSamplerBase: Parser for application/xml is org.apache.jmeter.protocol.http.parser.LagartoBasedHtmlParser
2026-10-02 19:13:07,469 INFO o.a.j.p.h.s.HTTPSamplerBase: Parser for text/xml is org.apache.jmeter.protocol.http.parser.LagartoBasedHtmlParser
2026-10-02 19:13:07,469 INFO o.a.j.p.h.s.HTTPSamplerBase: Parser for text/vnd.wap.wml is org.apache.jmeter.protocol.http.parser.RegexpHTMLParser
2026-10-02 19:13:07,470 INFO o.a.j.p.h.s.HTTPSamplerBase: Parser for text/css is org.apache.jmeter.protocol.http.parser.CssParser
2026-10-02 19:13:07,514 INFO o.a.j.JMeter: Creating summariser <summary>
2026-10-02 19:13:07,525 INFO o.a.j.e.StandardJMeterEngine: Running the test!
2026-10-02 19:13:07,526 INFO o.a.j.s.SampleEvent: List of sample_variables: []
2026-10-02 19:13:07,526 INFO o.a.j.s.SampleEvent: List of sample_variables: []
2026-10-02 19:13:07,529 INFO o.a.j.e.u.CompoundVariable: Note: Function class names must contain the string: '.functions.'
2026-10-02 19:13:07,529 INFO o.a.j.e.u.CompoundVariable: Note: Function class names must not contain the string: '.gui.'
2026-10-02 19:13:07,735 INFO o.a.j.JMeter: Running test (1790968387735)
2026-10-02 19:13:07,737 INFO o.a.j.e.StandardJMeterEngine: Starting setUp thread groups
2026-10-02 19:13:07,737 INFO o.a.j.e.StandardJMeterEngine: Starting setUp ThreadGroup: 1 : setUp - login 
2026-10-02 19:13:07,737 INFO o.a.j.e.StandardJMeterEngine: Starting 1 threads for group setUp - login.
2026-10-02 19:13:07,737 INFO o.a.j.e.StandardJMeterEngine: Test will stop abruptly on error
2026-10-02 19:13:07,737 INFO o.a.j.t.ThreadGroup: Starting thread group... number=1 threads=1 ramp-up=1 delayedStart=false
2026-10-02 19:13:07,740 INFO o.a.j.t.ThreadGroup: Started thread group number 1
2026-10-02 19:13:07,741 INFO o.a.j.e.StandardJMeterEngine: Waiting for all setup thread groups to exit
2026-10-02 19:13:07,742 INFO o.a.j.t.JMeterThread: Thread started: setUp - login 1-1
2026-10-02 19:13:07,753 INFO o.a.j.p.h.s.HTTPHCAbstractImpl: Local host = 1d6fd2d9a332
2026-10-02 19:13:07,758 INFO o.a.j.p.h.s.HTTPHC4Impl: HTTP request retry count = 0
2026-10-02 19:13:07,759 INFO o.a.j.s.SampleResult: Note: Sample TimeStamps are START times
2026-10-02 19:13:07,759 INFO o.a.j.s.SampleResult: sampleresult.default.encoding is set to UTF-8
2026-10-02 19:13:07,759 INFO o.a.j.s.SampleResult: sampleresult.useNanoTime=true
2026-10-02 19:13:07,760 INFO o.a.j.s.SampleResult: sampleresult.nanoThreadSleep=5000
2026-10-02 19:13:08,509 INFO o.a.j.t.JMeterThread: Thread is done: setUp - login 1-1
2026-10-02 19:13:08,510 INFO o.a.j.t.JMeterThread: Thread finished: setUp - login 1-1
2026-10-02 19:13:08,510 INFO o.a.j.e.StandardJMeterEngine: All Setup Threads have ended
2026-10-02 19:13:08,534 INFO o.a.j.e.StandardJMeterEngine: Starting ThreadGroup: 1 : S1
2026-10-02 19:13:08,534 INFO o.a.j.e.StandardJMeterEngine: Starting 2 threads for group S1.
2026-10-02 19:13:08,534 INFO o.a.j.e.StandardJMeterEngine: Thread will continue on error
2026-10-02 19:13:08,534 INFO o.a.j.t.ThreadGroup: Starting thread group... number=1 threads=2 ramp-up=1 delayedStart=false
2026-10-02 19:13:08,537 INFO o.a.j.t.JMeterThread: Thread started: S1 1-1
2026-10-02 19:13:08,537 INFO o.a.j.t.ThreadGroup: Started thread group number 1
2026-10-02 19:13:08,537 INFO o.a.j.e.StandardJMeterEngine: All thread groups have been started
2026-10-02 19:13:09,036 INFO o.a.j.t.JMeterThread: Thread started: S1 1-2
2026-10-02 19:13:30,002 INFO o.a.j.r.Summariser: summary +  12711 in 00:00:22 =  570.9/s Avg:     3 Min:     1 Max:   278 Err:     0 (0.00%) Active: 2 Started: 2 Finished: 0
2026-10-02 19:14:00,001 INFO o.a.j.r.Summariser: summary +  19204 in 00:00:30 =  640.2/s Avg:     3 Min:     1 Max:    34 Err:     0 (0.00%) Active: 2 Started: 2 Finished: 0
2026-10-02 19:14:00,001 INFO o.a.j.r.Summariser: summary =  31915 in 00:00:52 =  610.6/s Avg:     3 Min:     1 Max:   278 Err:     0 (0.00%)
2026-10-02 19:14:08,535 INFO o.a.j.t.JMeterThread: Stopping because end time detected by thread: S1 1-1
2026-10-02 19:14:08,535 INFO o.a.j.t.JMeterThread: Thread finished: S1 1-1
2026-10-02 19:14:08,536 INFO o.a.j.t.JMeterThread: Stopping because end time detected by thread: S1 1-2
2026-10-02 19:14:08,536 INFO o.a.j.t.JMeterThread: Thread finished: S1 1-2
2026-10-02 19:14:08,537 INFO o.a.j.e.StandardJMeterEngine: Notifying test listeners of end of test
2026-10-02 19:14:08,539 INFO o.a.j.r.Summariser: summary +   6277 in 00:00:09 =  735.1/s Avg:     2 Min:     1 Max:     9 Err:     0 (0.00%) Active: 0 Started: 2 Finished: 2
2026-10-02 19:14:08,539 INFO o.a.j.r.Summariser: summary =  38192 in 00:01:01 =  628.1/s Avg:     3 Min:     1 Max:   278 Err:     0 (0.00%)
