2026-10-05 19:41:08,430 INFO o.a.j.u.JMeterUtils: Setting Locale to en_EN
2026-10-05 19:41:08,449 INFO o.a.j.JMeter: Loading user properties from: /opt/jmeter/bin/user.properties
2026-10-05 19:41:08,449 INFO o.a.j.JMeter: Loading system properties from: /opt/jmeter/bin/system.properties
2026-10-05 19:41:08,449 INFO o.a.j.JMeter: Loading additional properties from: /tests/run.properties
2026-10-05 19:41:08,449 INFO o.a.j.JMeter: Loading additional properties from: /tests/data/ranges.properties
2026-10-05 19:41:08,450 INFO o.a.j.JMeter: Setting JMeter property: host=nestjs-nginx
2026-10-05 19:41:08,450 INFO o.a.j.JMeter: Setting JMeter property: port=80
2026-10-05 19:41:08,450 INFO o.a.j.JMeter: Setting JMeter property: rampup=1
2026-10-05 19:41:08,450 INFO o.a.j.JMeter: Setting JMeter property: endpoint=EP1
2026-10-05 19:41:08,450 INFO o.a.j.JMeter: Setting JMeter property: users=4
2026-10-05 19:41:08,450 INFO o.a.j.JMeter: Setting JMeter property: duration=60
2026-10-05 19:41:08,454 INFO o.a.j.JMeter: Copyright (c) 1998-2024 The Apache Software Foundation
2026-10-05 19:41:08,454 INFO o.a.j.JMeter: Version 5.6.3
2026-10-05 19:41:08,454 INFO o.a.j.JMeter: java.version=21.0.12.1
2026-10-05 19:41:08,454 INFO o.a.j.JMeter: java.vm.name=OpenJDK 64-Bit Server VM
2026-10-05 19:41:08,454 INFO o.a.j.JMeter: os.name=Linux
2026-10-05 19:41:08,454 INFO o.a.j.JMeter: os.arch=amd64
2026-10-05 19:41:08,454 INFO o.a.j.JMeter: os.version=6.6.87.2-microsoft-standard-WSL2
2026-10-05 19:41:08,454 INFO o.a.j.JMeter: file.encoding=UTF-8
2026-10-05 19:41:08,454 INFO o.a.j.JMeter: java.awt.headless=true
2026-10-05 19:41:08,455 INFO o.a.j.JMeter: Max memory     =4294967296
2026-10-05 19:41:08,455 INFO o.a.j.JMeter: Available Processors =12
2026-10-05 19:41:08,461 INFO o.a.j.JMeter: Default Locale=English (EN)
2026-10-05 19:41:08,461 INFO o.a.j.JMeter: JMeter  Locale=English (EN)
2026-10-05 19:41:08,461 INFO o.a.j.JMeter: JMeterHome=/opt/jmeter
2026-10-05 19:41:08,461 INFO o.a.j.JMeter: user.dir  =/tests
2026-10-05 19:41:08,461 INFO o.a.j.JMeter: PWD       =/tests
2026-10-05 19:41:08,462 INFO o.a.j.JMeter: IP: 172.19.0.5 Name: 41a84e1052a6 FullName: 41a84e1052a6
2026-10-05 19:41:08,471 INFO o.a.j.s.FileServer: Default base='/tests'
2026-10-05 19:41:08,472 INFO o.a.j.s.FileServer: Set new base='/tests'
2026-10-05 19:41:08,617 INFO o.a.j.s.SaveService: Testplan (JMX) version: 2.2. Testlog (JTL) version: 2.2
2026-10-05 19:41:08,637 INFO o.a.j.s.SaveService: Using SaveService properties version 5.0
2026-10-05 19:41:08,640 INFO o.a.j.s.SaveService: Using SaveService properties file encoding UTF-8
2026-10-05 19:41:08,643 INFO o.a.j.s.SaveService: Loading file: /tests/s1.jmx
2026-10-05 19:41:08,682 INFO o.a.j.p.h.s.HTTPSamplerBase: Parser for text/html is org.apache.jmeter.protocol.http.parser.LagartoBasedHtmlParser
2026-10-05 19:41:08,682 INFO o.a.j.p.h.s.HTTPSamplerBase: Parser for application/xhtml+xml is org.apache.jmeter.protocol.http.parser.LagartoBasedHtmlParser
2026-10-05 19:41:08,682 INFO o.a.j.p.h.s.HTTPSamplerBase: Parser for application/xml is org.apache.jmeter.protocol.http.parser.LagartoBasedHtmlParser
2026-10-05 19:41:08,682 INFO o.a.j.p.h.s.HTTPSamplerBase: Parser for text/xml is org.apache.jmeter.protocol.http.parser.LagartoBasedHtmlParser
2026-10-05 19:41:08,683 INFO o.a.j.p.h.s.HTTPSamplerBase: Parser for text/vnd.wap.wml is org.apache.jmeter.protocol.http.parser.RegexpHTMLParser
2026-10-05 19:41:08,683 INFO o.a.j.p.h.s.HTTPSamplerBase: Parser for text/css is org.apache.jmeter.protocol.http.parser.CssParser
2026-10-05 19:41:08,715 INFO o.a.j.JMeter: Creating summariser <summary>
2026-10-05 19:41:08,728 INFO o.a.j.e.StandardJMeterEngine: Running the test!
2026-10-05 19:41:08,728 INFO o.a.j.s.SampleEvent: List of sample_variables: []
2026-10-05 19:41:08,728 INFO o.a.j.s.SampleEvent: List of sample_variables: []
2026-10-05 19:41:08,732 INFO o.a.j.e.u.CompoundVariable: Note: Function class names must contain the string: '.functions.'
2026-10-05 19:41:08,732 INFO o.a.j.e.u.CompoundVariable: Note: Function class names must not contain the string: '.gui.'
2026-10-05 19:41:08,918 INFO o.a.j.JMeter: Running test (1791229268918)
2026-10-05 19:41:08,919 INFO o.a.j.e.StandardJMeterEngine: Starting setUp thread groups
2026-10-05 19:41:08,919 INFO o.a.j.e.StandardJMeterEngine: Starting setUp ThreadGroup: 1 : setUp - login 
2026-10-05 19:41:08,919 INFO o.a.j.e.StandardJMeterEngine: Starting 1 threads for group setUp - login.
2026-10-05 19:41:08,919 INFO o.a.j.e.StandardJMeterEngine: Test will stop abruptly on error
2026-10-05 19:41:08,919 INFO o.a.j.t.ThreadGroup: Starting thread group... number=1 threads=1 ramp-up=1 delayedStart=false
2026-10-05 19:41:08,922 INFO o.a.j.t.ThreadGroup: Started thread group number 1
2026-10-05 19:41:08,922 INFO o.a.j.e.StandardJMeterEngine: Waiting for all setup thread groups to exit
2026-10-05 19:41:08,923 INFO o.a.j.t.JMeterThread: Thread started: setUp - login 1-1
2026-10-05 19:41:08,933 INFO o.a.j.p.h.s.HTTPHCAbstractImpl: Local host = 41a84e1052a6
2026-10-05 19:41:08,937 INFO o.a.j.p.h.s.HTTPHC4Impl: HTTP request retry count = 0
2026-10-05 19:41:08,938 INFO o.a.j.s.SampleResult: Note: Sample TimeStamps are START times
2026-10-05 19:41:08,938 INFO o.a.j.s.SampleResult: sampleresult.default.encoding is set to UTF-8
2026-10-05 19:41:08,938 INFO o.a.j.s.SampleResult: sampleresult.useNanoTime=true
2026-10-05 19:41:08,938 INFO o.a.j.s.SampleResult: sampleresult.nanoThreadSleep=5000
2026-10-05 19:41:09,616 INFO o.a.j.t.JMeterThread: Thread is done: setUp - login 1-1
2026-10-05 19:41:09,616 INFO o.a.j.t.JMeterThread: Thread finished: setUp - login 1-1
2026-10-05 19:41:09,617 INFO o.a.j.e.StandardJMeterEngine: All Setup Threads have ended
2026-10-05 19:41:09,638 INFO o.a.j.e.StandardJMeterEngine: Starting ThreadGroup: 1 : S1
2026-10-05 19:41:09,638 INFO o.a.j.e.StandardJMeterEngine: Starting 4 threads for group S1.
2026-10-05 19:41:09,638 INFO o.a.j.e.StandardJMeterEngine: Thread will continue on error
2026-10-05 19:41:09,639 INFO o.a.j.t.ThreadGroup: Starting thread group... number=1 threads=4 ramp-up=1 delayedStart=false
2026-10-05 19:41:09,641 INFO o.a.j.t.JMeterThread: Thread started: S1 1-1
2026-10-05 19:41:09,643 INFO o.a.j.t.ThreadGroup: Started thread group number 1
2026-10-05 19:41:09,643 INFO o.a.j.e.StandardJMeterEngine: All thread groups have been started
2026-10-05 19:41:09,891 INFO o.a.j.t.JMeterThread: Thread started: S1 1-2
2026-10-05 19:41:10,141 INFO o.a.j.t.JMeterThread: Thread started: S1 1-3
2026-10-05 19:41:10,391 INFO o.a.j.t.JMeterThread: Thread started: S1 1-4
2026-10-05 19:41:30,001 INFO o.a.j.r.Summariser: summary +  58212 in 00:00:21 = 2761.2/s Avg:     1 Min:     1 Max:   267 Err:     0 (0.00%) Active: 4 Started: 4 Finished: 0
2026-10-05 19:42:00,000 INFO o.a.j.r.Summariser: summary +  91336 in 00:00:30 = 3044.5/s Avg:     1 Min:     1 Max:    14 Err:     0 (0.00%) Active: 4 Started: 4 Finished: 0
2026-10-05 19:42:00,000 INFO o.a.j.r.Summariser: summary = 149548 in 00:00:51 = 2927.6/s Avg:     1 Min:     1 Max:   267 Err:     0 (0.00%)
2026-10-05 19:42:09,639 INFO o.a.j.t.JMeterThread: Stopping because end time detected by thread: S1 1-1
2026-10-05 19:42:09,639 INFO o.a.j.t.JMeterThread: Thread finished: S1 1-1
2026-10-05 19:42:09,640 INFO o.a.j.t.JMeterThread: Stopping because end time detected by thread: S1 1-2
2026-10-05 19:42:09,640 INFO o.a.j.t.JMeterThread: Thread finished: S1 1-2
2026-10-05 19:42:09,641 INFO o.a.j.t.JMeterThread: Stopping because end time detected by thread: S1 1-3
2026-10-05 19:42:09,641 INFO o.a.j.t.JMeterThread: Thread finished: S1 1-3
2026-10-05 19:42:09,642 INFO o.a.j.t.JMeterThread: Stopping because end time detected by thread: S1 1-4
2026-10-05 19:42:09,642 INFO o.a.j.t.JMeterThread: Thread finished: S1 1-4
2026-10-05 19:42:09,642 INFO o.a.j.e.StandardJMeterEngine: Notifying test listeners of end of test
2026-10-05 19:42:09,645 INFO o.a.j.r.Summariser: summary +  29419 in 00:00:10 = 3050.2/s Avg:     1 Min:     1 Max:    16 Err:     0 (0.00%) Active: 0 Started: 4 Finished: 4
2026-10-05 19:42:09,645 INFO o.a.j.r.Summariser: summary = 178967 in 00:01:01 = 2947.1/s Avg:     1 Min:     1 Max:   267 Err:     0 (0.00%)
