2026-10-05 19:40:03,686 INFO o.a.j.u.JMeterUtils: Setting Locale to en_EN
2026-10-05 19:40:03,707 INFO o.a.j.JMeter: Loading user properties from: /opt/jmeter/bin/user.properties
2026-10-05 19:40:03,707 INFO o.a.j.JMeter: Loading system properties from: /opt/jmeter/bin/system.properties
2026-10-05 19:40:03,707 INFO o.a.j.JMeter: Loading additional properties from: /tests/run.properties
2026-10-05 19:40:03,707 INFO o.a.j.JMeter: Loading additional properties from: /tests/data/ranges.properties
2026-10-05 19:40:03,707 INFO o.a.j.JMeter: Setting JMeter property: host=nestjs-nginx
2026-10-05 19:40:03,708 INFO o.a.j.JMeter: Setting JMeter property: port=80
2026-10-05 19:40:03,708 INFO o.a.j.JMeter: Setting JMeter property: rampup=1
2026-10-05 19:40:03,708 INFO o.a.j.JMeter: Setting JMeter property: endpoint=EP1
2026-10-05 19:40:03,708 INFO o.a.j.JMeter: Setting JMeter property: users=4
2026-10-05 19:40:03,708 INFO o.a.j.JMeter: Setting JMeter property: duration=60
2026-10-05 19:40:03,712 INFO o.a.j.JMeter: Copyright (c) 1998-2024 The Apache Software Foundation
2026-10-05 19:40:03,713 INFO o.a.j.JMeter: Version 5.6.3
2026-10-05 19:40:03,713 INFO o.a.j.JMeter: java.version=21.0.12.1
2026-10-05 19:40:03,713 INFO o.a.j.JMeter: java.vm.name=OpenJDK 64-Bit Server VM
2026-10-05 19:40:03,713 INFO o.a.j.JMeter: os.name=Linux
2026-10-05 19:40:03,713 INFO o.a.j.JMeter: os.arch=amd64
2026-10-05 19:40:03,713 INFO o.a.j.JMeter: os.version=6.6.87.2-microsoft-standard-WSL2
2026-10-05 19:40:03,713 INFO o.a.j.JMeter: file.encoding=UTF-8
2026-10-05 19:40:03,713 INFO o.a.j.JMeter: java.awt.headless=true
2026-10-05 19:40:03,713 INFO o.a.j.JMeter: Max memory     =4294967296
2026-10-05 19:40:03,713 INFO o.a.j.JMeter: Available Processors =12
2026-10-05 19:40:03,721 INFO o.a.j.JMeter: Default Locale=English (EN)
2026-10-05 19:40:03,721 INFO o.a.j.JMeter: JMeter  Locale=English (EN)
2026-10-05 19:40:03,722 INFO o.a.j.JMeter: JMeterHome=/opt/jmeter
2026-10-05 19:40:03,722 INFO o.a.j.JMeter: user.dir  =/tests
2026-10-05 19:40:03,722 INFO o.a.j.JMeter: PWD       =/tests
2026-10-05 19:40:03,722 INFO o.a.j.JMeter: IP: 172.19.0.5 Name: 200be4708604 FullName: 200be4708604
2026-10-05 19:40:03,731 INFO o.a.j.s.FileServer: Default base='/tests'
2026-10-05 19:40:03,733 INFO o.a.j.s.FileServer: Set new base='/tests'
2026-10-05 19:40:03,901 INFO o.a.j.s.SaveService: Testplan (JMX) version: 2.2. Testlog (JTL) version: 2.2
2026-10-05 19:40:03,923 INFO o.a.j.s.SaveService: Using SaveService properties version 5.0
2026-10-05 19:40:03,926 INFO o.a.j.s.SaveService: Using SaveService properties file encoding UTF-8
2026-10-05 19:40:03,928 INFO o.a.j.s.SaveService: Loading file: /tests/s1.jmx
2026-10-05 19:40:03,968 INFO o.a.j.p.h.s.HTTPSamplerBase: Parser for text/html is org.apache.jmeter.protocol.http.parser.LagartoBasedHtmlParser
2026-10-05 19:40:03,968 INFO o.a.j.p.h.s.HTTPSamplerBase: Parser for application/xhtml+xml is org.apache.jmeter.protocol.http.parser.LagartoBasedHtmlParser
2026-10-05 19:40:03,968 INFO o.a.j.p.h.s.HTTPSamplerBase: Parser for application/xml is org.apache.jmeter.protocol.http.parser.LagartoBasedHtmlParser
2026-10-05 19:40:03,968 INFO o.a.j.p.h.s.HTTPSamplerBase: Parser for text/xml is org.apache.jmeter.protocol.http.parser.LagartoBasedHtmlParser
2026-10-05 19:40:03,968 INFO o.a.j.p.h.s.HTTPSamplerBase: Parser for text/vnd.wap.wml is org.apache.jmeter.protocol.http.parser.RegexpHTMLParser
2026-10-05 19:40:03,968 INFO o.a.j.p.h.s.HTTPSamplerBase: Parser for text/css is org.apache.jmeter.protocol.http.parser.CssParser
2026-10-05 19:40:04,003 INFO o.a.j.JMeter: Creating summariser <summary>
2026-10-05 19:40:04,015 INFO o.a.j.e.StandardJMeterEngine: Running the test!
2026-10-05 19:40:04,016 INFO o.a.j.s.SampleEvent: List of sample_variables: []
2026-10-05 19:40:04,016 INFO o.a.j.s.SampleEvent: List of sample_variables: []
2026-10-05 19:40:04,019 INFO o.a.j.e.u.CompoundVariable: Note: Function class names must contain the string: '.functions.'
2026-10-05 19:40:04,019 INFO o.a.j.e.u.CompoundVariable: Note: Function class names must not contain the string: '.gui.'
2026-10-05 19:40:04,220 INFO o.a.j.JMeter: Running test (1791229204220)
2026-10-05 19:40:04,221 INFO o.a.j.e.StandardJMeterEngine: Starting setUp thread groups
2026-10-05 19:40:04,221 INFO o.a.j.e.StandardJMeterEngine: Starting setUp ThreadGroup: 1 : setUp - login 
2026-10-05 19:40:04,221 INFO o.a.j.e.StandardJMeterEngine: Starting 1 threads for group setUp - login.
2026-10-05 19:40:04,221 INFO o.a.j.e.StandardJMeterEngine: Test will stop abruptly on error
2026-10-05 19:40:04,221 INFO o.a.j.t.ThreadGroup: Starting thread group... number=1 threads=1 ramp-up=1 delayedStart=false
2026-10-05 19:40:04,224 INFO o.a.j.t.ThreadGroup: Started thread group number 1
2026-10-05 19:40:04,224 INFO o.a.j.e.StandardJMeterEngine: Waiting for all setup thread groups to exit
2026-10-05 19:40:04,225 INFO o.a.j.t.JMeterThread: Thread started: setUp - login 1-1
2026-10-05 19:40:04,236 INFO o.a.j.p.h.s.HTTPHCAbstractImpl: Local host = 200be4708604
2026-10-05 19:40:04,240 INFO o.a.j.p.h.s.HTTPHC4Impl: HTTP request retry count = 0
2026-10-05 19:40:04,241 INFO o.a.j.s.SampleResult: Note: Sample TimeStamps are START times
2026-10-05 19:40:04,241 INFO o.a.j.s.SampleResult: sampleresult.default.encoding is set to UTF-8
2026-10-05 19:40:04,241 INFO o.a.j.s.SampleResult: sampleresult.useNanoTime=true
2026-10-05 19:40:04,241 INFO o.a.j.s.SampleResult: sampleresult.nanoThreadSleep=5000
2026-10-05 19:40:04,940 INFO o.a.j.r.Summariser: summary +      1 in 00:00:01 =    1.4/s Avg:   279 Min:   279 Max:   279 Err:     0 (0.00%) Active: 1 Started: 1 Finished: 0
2026-10-05 19:40:04,940 INFO o.a.j.t.JMeterThread: Thread is done: setUp - login 1-1
2026-10-05 19:40:04,941 INFO o.a.j.t.JMeterThread: Thread finished: setUp - login 1-1
2026-10-05 19:40:04,941 INFO o.a.j.e.StandardJMeterEngine: All Setup Threads have ended
2026-10-05 19:40:04,962 INFO o.a.j.e.StandardJMeterEngine: Starting ThreadGroup: 1 : S1
2026-10-05 19:40:04,962 INFO o.a.j.e.StandardJMeterEngine: Starting 4 threads for group S1.
2026-10-05 19:40:04,962 INFO o.a.j.e.StandardJMeterEngine: Thread will continue on error
2026-10-05 19:40:04,962 INFO o.a.j.t.ThreadGroup: Starting thread group... number=1 threads=4 ramp-up=1 delayedStart=false
2026-10-05 19:40:04,965 INFO o.a.j.t.JMeterThread: Thread started: S1 1-1
2026-10-05 19:40:04,966 INFO o.a.j.t.ThreadGroup: Started thread group number 1
2026-10-05 19:40:04,966 INFO o.a.j.e.StandardJMeterEngine: All thread groups have been started
2026-10-05 19:40:05,215 INFO o.a.j.t.JMeterThread: Thread started: S1 1-2
2026-10-05 19:40:05,464 INFO o.a.j.t.JMeterThread: Thread started: S1 1-3
2026-10-05 19:40:05,714 INFO o.a.j.t.JMeterThread: Thread started: S1 1-4
2026-10-05 19:40:30,001 INFO o.a.j.r.Summariser: summary +  67768 in 00:00:25 = 2704.1/s Avg:     1 Min:     1 Max:    20 Err:     0 (0.00%) Active: 4 Started: 4 Finished: 0
2026-10-05 19:40:30,001 INFO o.a.j.r.Summariser: summary =  67769 in 00:00:26 = 2628.7/s Avg:     1 Min:     1 Max:   279 Err:     0 (0.00%)
2026-10-05 19:41:00,000 INFO o.a.j.r.Summariser: summary +  91367 in 00:00:30 = 3045.6/s Avg:     1 Min:     1 Max:    15 Err:     0 (0.00%) Active: 4 Started: 4 Finished: 0
2026-10-05 19:41:00,000 INFO o.a.j.r.Summariser: summary = 159136 in 00:00:56 = 2852.9/s Avg:     1 Min:     1 Max:   279 Err:     0 (0.00%)
2026-10-05 19:41:04,963 INFO o.a.j.t.JMeterThread: Stopping because end time detected by thread: S1 1-1
2026-10-05 19:41:04,964 INFO o.a.j.t.JMeterThread: Thread finished: S1 1-1
2026-10-05 19:41:04,965 INFO o.a.j.t.JMeterThread: Stopping because end time detected by thread: S1 1-2
2026-10-05 19:41:04,965 INFO o.a.j.t.JMeterThread: Thread finished: S1 1-2
2026-10-05 19:41:04,965 INFO o.a.j.t.JMeterThread: Stopping because end time detected by thread: S1 1-3
2026-10-05 19:41:04,965 INFO o.a.j.t.JMeterThread: Thread finished: S1 1-3
2026-10-05 19:41:04,966 INFO o.a.j.t.JMeterThread: Stopping because end time detected by thread: S1 1-4
2026-10-05 19:41:04,967 INFO o.a.j.t.JMeterThread: Thread finished: S1 1-4
2026-10-05 19:41:04,967 INFO o.a.j.e.StandardJMeterEngine: Notifying test listeners of end of test
2026-10-05 19:41:04,969 INFO o.a.j.r.Summariser: summary +  14932 in 00:00:05 = 3005.0/s Avg:     1 Min:     1 Max:    13 Err:     0 (0.00%) Active: 0 Started: 4 Finished: 4
2026-10-05 19:41:04,969 INFO o.a.j.r.Summariser: summary = 174068 in 00:01:01 = 2865.4/s Avg:     1 Min:     1 Max:   279 Err:     0 (0.00%)
