2026-10-02 22:41:35,795 INFO o.a.j.u.JMeterUtils: Setting Locale to en_EN
2026-10-02 22:41:35,823 INFO o.a.j.JMeter: Loading user properties from: /opt/jmeter/bin/user.properties
2026-10-02 22:41:35,823 INFO o.a.j.JMeter: Loading system properties from: /opt/jmeter/bin/system.properties
2026-10-02 22:41:35,823 INFO o.a.j.JMeter: Loading additional properties from: /tests/run.properties
2026-10-02 22:41:35,824 INFO o.a.j.JMeter: Loading additional properties from: /tests/data/ranges.properties
2026-10-02 22:41:35,824 INFO o.a.j.JMeter: Setting JMeter property: host=laravel-nginx
2026-10-02 22:41:35,824 INFO o.a.j.JMeter: Setting JMeter property: port=80
2026-10-02 22:41:35,824 INFO o.a.j.JMeter: Setting JMeter property: rampup=1
2026-10-02 22:41:35,824 INFO o.a.j.JMeter: Setting JMeter property: endpoint=EP5
2026-10-02 22:41:35,825 INFO o.a.j.JMeter: Setting JMeter property: users=4
2026-10-02 22:41:35,825 INFO o.a.j.JMeter: Setting JMeter property: duration=60
2026-10-02 22:41:35,832 INFO o.a.j.JMeter: Copyright (c) 1998-2024 The Apache Software Foundation
2026-10-02 22:41:35,832 INFO o.a.j.JMeter: Version 5.6.3
2026-10-02 22:41:35,832 INFO o.a.j.JMeter: java.version=21.0.12.1
2026-10-02 22:41:35,832 INFO o.a.j.JMeter: java.vm.name=OpenJDK 64-Bit Server VM
2026-10-02 22:41:35,832 INFO o.a.j.JMeter: os.name=Linux
2026-10-02 22:41:35,832 INFO o.a.j.JMeter: os.arch=amd64
2026-10-02 22:41:35,832 INFO o.a.j.JMeter: os.version=6.6.87.2-microsoft-standard-WSL2
2026-10-02 22:41:35,832 INFO o.a.j.JMeter: file.encoding=UTF-8
2026-10-02 22:41:35,833 INFO o.a.j.JMeter: java.awt.headless=true
2026-10-02 22:41:35,833 INFO o.a.j.JMeter: Max memory     =4294967296
2026-10-02 22:41:35,833 INFO o.a.j.JMeter: Available Processors =12
2026-10-02 22:41:35,843 INFO o.a.j.JMeter: Default Locale=English (EN)
2026-10-02 22:41:35,844 INFO o.a.j.JMeter: JMeter  Locale=English (EN)
2026-10-02 22:41:35,844 INFO o.a.j.JMeter: JMeterHome=/opt/jmeter
2026-10-02 22:41:35,844 INFO o.a.j.JMeter: user.dir  =/tests
2026-10-02 22:41:35,844 INFO o.a.j.JMeter: PWD       =/tests
2026-10-02 22:41:35,844 INFO o.a.j.JMeter: IP: 172.19.0.5 Name: e410d643a123 FullName: e410d643a123
2026-10-02 22:41:35,857 INFO o.a.j.s.FileServer: Default base='/tests'
2026-10-02 22:41:35,859 INFO o.a.j.s.FileServer: Set new base='/tests'
2026-10-02 22:41:36,022 INFO o.a.j.s.SaveService: Testplan (JMX) version: 2.2. Testlog (JTL) version: 2.2
2026-10-02 22:41:36,044 INFO o.a.j.s.SaveService: Using SaveService properties version 5.0
2026-10-02 22:41:36,047 INFO o.a.j.s.SaveService: Using SaveService properties file encoding UTF-8
2026-10-02 22:41:36,050 INFO o.a.j.s.SaveService: Loading file: /tests/s3.jmx
2026-10-02 22:41:36,092 INFO o.a.j.p.h.s.HTTPSamplerBase: Parser for text/html is org.apache.jmeter.protocol.http.parser.LagartoBasedHtmlParser
2026-10-02 22:41:36,092 INFO o.a.j.p.h.s.HTTPSamplerBase: Parser for application/xhtml+xml is org.apache.jmeter.protocol.http.parser.LagartoBasedHtmlParser
2026-10-02 22:41:36,092 INFO o.a.j.p.h.s.HTTPSamplerBase: Parser for application/xml is org.apache.jmeter.protocol.http.parser.LagartoBasedHtmlParser
2026-10-02 22:41:36,092 INFO o.a.j.p.h.s.HTTPSamplerBase: Parser for text/xml is org.apache.jmeter.protocol.http.parser.LagartoBasedHtmlParser
2026-10-02 22:41:36,093 INFO o.a.j.p.h.s.HTTPSamplerBase: Parser for text/vnd.wap.wml is org.apache.jmeter.protocol.http.parser.RegexpHTMLParser
2026-10-02 22:41:36,093 INFO o.a.j.p.h.s.HTTPSamplerBase: Parser for text/css is org.apache.jmeter.protocol.http.parser.CssParser
2026-10-02 22:41:36,130 INFO o.a.j.JMeter: Creating summariser <summary>
2026-10-02 22:41:36,139 INFO o.a.j.e.StandardJMeterEngine: Running the test!
2026-10-02 22:41:36,140 INFO o.a.j.s.SampleEvent: List of sample_variables: []
2026-10-02 22:41:36,140 INFO o.a.j.s.SampleEvent: List of sample_variables: []
2026-10-02 22:41:36,143 INFO o.a.j.e.u.CompoundVariable: Note: Function class names must contain the string: '.functions.'
2026-10-02 22:41:36,143 INFO o.a.j.e.u.CompoundVariable: Note: Function class names must not contain the string: '.gui.'
2026-10-02 22:41:36,339 INFO o.a.j.JMeter: Running test (1790980896339)
2026-10-02 22:41:36,340 INFO o.a.j.e.StandardJMeterEngine: Starting setUp thread groups
2026-10-02 22:41:36,340 INFO o.a.j.e.StandardJMeterEngine: Starting setUp ThreadGroup: 1 : setUp - login 
2026-10-02 22:41:36,340 INFO o.a.j.e.StandardJMeterEngine: Starting 1 threads for group setUp - login.
2026-10-02 22:41:36,340 INFO o.a.j.e.StandardJMeterEngine: Test will stop abruptly on error
2026-10-02 22:41:36,341 INFO o.a.j.t.ThreadGroup: Starting thread group... number=1 threads=1 ramp-up=1 delayedStart=false
2026-10-02 22:41:36,343 INFO o.a.j.t.ThreadGroup: Started thread group number 1
2026-10-02 22:41:36,343 INFO o.a.j.e.StandardJMeterEngine: Waiting for all setup thread groups to exit
2026-10-02 22:41:36,344 INFO o.a.j.t.JMeterThread: Thread started: setUp - login 1-1
2026-10-02 22:41:36,355 INFO o.a.j.p.h.s.HTTPHCAbstractImpl: Local host = e410d643a123
2026-10-02 22:41:36,359 INFO o.a.j.p.h.s.HTTPHC4Impl: HTTP request retry count = 0
2026-10-02 22:41:36,360 INFO o.a.j.s.SampleResult: Note: Sample TimeStamps are START times
2026-10-02 22:41:36,360 INFO o.a.j.s.SampleResult: sampleresult.default.encoding is set to UTF-8
2026-10-02 22:41:36,360 INFO o.a.j.s.SampleResult: sampleresult.useNanoTime=true
2026-10-02 22:41:36,360 INFO o.a.j.s.SampleResult: sampleresult.nanoThreadSleep=5000
2026-10-02 22:41:37,110 INFO o.a.j.t.JMeterThread: Thread is done: setUp - login 1-1
2026-10-02 22:41:37,110 INFO o.a.j.t.JMeterThread: Thread finished: setUp - login 1-1
2026-10-02 22:41:37,111 INFO o.a.j.e.StandardJMeterEngine: All Setup Threads have ended
2026-10-02 22:41:37,131 INFO o.a.j.e.StandardJMeterEngine: Starting ThreadGroup: 1 : S3
2026-10-02 22:41:37,132 INFO o.a.j.e.StandardJMeterEngine: Starting 4 threads for group S3.
2026-10-02 22:41:37,132 INFO o.a.j.e.StandardJMeterEngine: Thread will continue on error
2026-10-02 22:41:37,132 INFO o.a.j.t.ThreadGroup: Starting thread group... number=1 threads=4 ramp-up=1 delayedStart=false
2026-10-02 22:41:37,134 INFO o.a.j.t.JMeterThread: Thread started: S3 1-1
2026-10-02 22:41:37,136 INFO o.a.j.t.ThreadGroup: Started thread group number 1
2026-10-02 22:41:37,137 INFO o.a.j.e.StandardJMeterEngine: All thread groups have been started
2026-10-02 22:41:37,384 INFO o.a.j.t.JMeterThread: Thread started: S3 1-2
2026-10-02 22:41:37,633 INFO o.a.j.t.JMeterThread: Thread started: S3 1-3
2026-10-02 22:41:37,884 INFO o.a.j.t.JMeterThread: Thread started: S3 1-4
2026-10-02 22:42:00,007 INFO o.a.j.r.Summariser: summary +  11352 in 00:00:24 =  479.7/s Avg:     7 Min:     5 Max:   290 Err:     0 (0.00%) Active: 4 Started: 4 Finished: 0
2026-10-02 22:42:30,002 INFO o.a.j.r.Summariser: summary +  15926 in 00:00:30 =  531.0/s Avg:     7 Min:     5 Max:    30 Err:     0 (0.00%) Active: 4 Started: 4 Finished: 0
2026-10-02 22:42:30,002 INFO o.a.j.r.Summariser: summary =  27278 in 00:00:54 =  508.3/s Avg:     7 Min:     5 Max:   290 Err:     0 (0.00%)
2026-10-02 22:42:37,132 INFO o.a.j.t.JMeterThread: Stopping because end time detected by thread: S3 1-1
2026-10-02 22:42:37,133 INFO o.a.j.t.JMeterThread: Thread finished: S3 1-1
2026-10-02 22:42:37,139 INFO o.a.j.t.JMeterThread: Stopping because end time detected by thread: S3 1-3
2026-10-02 22:42:37,139 INFO o.a.j.t.JMeterThread: Thread finished: S3 1-3
2026-10-02 22:42:37,139 INFO o.a.j.t.JMeterThread: Stopping because end time detected by thread: S3 1-4
2026-10-02 22:42:37,139 INFO o.a.j.t.JMeterThread: Stopping because end time detected by thread: S3 1-2
2026-10-02 22:42:37,140 INFO o.a.j.t.JMeterThread: Thread finished: S3 1-4
2026-10-02 22:42:37,140 INFO o.a.j.t.JMeterThread: Thread finished: S3 1-2
2026-10-02 22:42:37,140 INFO o.a.j.e.StandardJMeterEngine: Notifying test listeners of end of test
2026-10-02 22:42:37,143 INFO o.a.j.r.Summariser: summary +   4188 in 00:00:07 =  586.5/s Avg:     6 Min:     5 Max:    15 Err:     0 (0.00%) Active: 0 Started: 4 Finished: 4
2026-10-02 22:42:37,143 INFO o.a.j.r.Summariser: summary =  31466 in 00:01:01 =  517.5/s Avg:     7 Min:     5 Max:   290 Err:     0 (0.00%)
