2026-10-05 19:33:45,525 INFO o.a.j.u.JMeterUtils: Setting Locale to en_EN
2026-10-05 19:33:45,546 INFO o.a.j.JMeter: Loading user properties from: /opt/jmeter/bin/user.properties
2026-10-05 19:33:45,546 INFO o.a.j.JMeter: Loading system properties from: /opt/jmeter/bin/system.properties
2026-10-05 19:33:45,547 INFO o.a.j.JMeter: Loading additional properties from: /tests/run.properties
2026-10-05 19:33:45,547 INFO o.a.j.JMeter: Loading additional properties from: /tests/data/ranges.properties
2026-10-05 19:33:45,547 INFO o.a.j.JMeter: Setting JMeter property: host=laravel-nginx
2026-10-05 19:33:45,547 INFO o.a.j.JMeter: Setting JMeter property: port=80
2026-10-05 19:33:45,547 INFO o.a.j.JMeter: Setting JMeter property: rampup=1
2026-10-05 19:33:45,547 INFO o.a.j.JMeter: Setting JMeter property: endpoint=EP1
2026-10-05 19:33:45,547 INFO o.a.j.JMeter: Setting JMeter property: users=1
2026-10-05 19:33:45,548 INFO o.a.j.JMeter: Setting JMeter property: duration=60
2026-10-05 19:33:45,554 INFO o.a.j.JMeter: Copyright (c) 1998-2024 The Apache Software Foundation
2026-10-05 19:33:45,554 INFO o.a.j.JMeter: Version 5.6.3
2026-10-05 19:33:45,554 INFO o.a.j.JMeter: java.version=21.0.12.1
2026-10-05 19:33:45,554 INFO o.a.j.JMeter: java.vm.name=OpenJDK 64-Bit Server VM
2026-10-05 19:33:45,554 INFO o.a.j.JMeter: os.name=Linux
2026-10-05 19:33:45,554 INFO o.a.j.JMeter: os.arch=amd64
2026-10-05 19:33:45,554 INFO o.a.j.JMeter: os.version=6.6.87.2-microsoft-standard-WSL2
2026-10-05 19:33:45,554 INFO o.a.j.JMeter: file.encoding=UTF-8
2026-10-05 19:33:45,554 INFO o.a.j.JMeter: java.awt.headless=true
2026-10-05 19:33:45,555 INFO o.a.j.JMeter: Max memory     =4294967296
2026-10-05 19:33:45,555 INFO o.a.j.JMeter: Available Processors =12
2026-10-05 19:33:45,562 INFO o.a.j.JMeter: Default Locale=English (EN)
2026-10-05 19:33:45,562 INFO o.a.j.JMeter: JMeter  Locale=English (EN)
2026-10-05 19:33:45,562 INFO o.a.j.JMeter: JMeterHome=/opt/jmeter
2026-10-05 19:33:45,562 INFO o.a.j.JMeter: user.dir  =/tests
2026-10-05 19:33:45,562 INFO o.a.j.JMeter: PWD       =/tests
2026-10-05 19:33:45,562 INFO o.a.j.JMeter: IP: 172.19.0.5 Name: 541ccb3487f3 FullName: 541ccb3487f3
2026-10-05 19:33:45,572 INFO o.a.j.s.FileServer: Default base='/tests'
2026-10-05 19:33:45,573 INFO o.a.j.s.FileServer: Set new base='/tests'
2026-10-05 19:33:45,724 INFO o.a.j.s.SaveService: Testplan (JMX) version: 2.2. Testlog (JTL) version: 2.2
2026-10-05 19:33:45,745 INFO o.a.j.s.SaveService: Using SaveService properties version 5.0
2026-10-05 19:33:45,748 INFO o.a.j.s.SaveService: Using SaveService properties file encoding UTF-8
2026-10-05 19:33:45,752 INFO o.a.j.s.SaveService: Loading file: /tests/s1.jmx
2026-10-05 19:33:45,794 INFO o.a.j.p.h.s.HTTPSamplerBase: Parser for text/html is org.apache.jmeter.protocol.http.parser.LagartoBasedHtmlParser
2026-10-05 19:33:45,794 INFO o.a.j.p.h.s.HTTPSamplerBase: Parser for application/xhtml+xml is org.apache.jmeter.protocol.http.parser.LagartoBasedHtmlParser
2026-10-05 19:33:45,795 INFO o.a.j.p.h.s.HTTPSamplerBase: Parser for application/xml is org.apache.jmeter.protocol.http.parser.LagartoBasedHtmlParser
2026-10-05 19:33:45,795 INFO o.a.j.p.h.s.HTTPSamplerBase: Parser for text/xml is org.apache.jmeter.protocol.http.parser.LagartoBasedHtmlParser
2026-10-05 19:33:45,795 INFO o.a.j.p.h.s.HTTPSamplerBase: Parser for text/vnd.wap.wml is org.apache.jmeter.protocol.http.parser.RegexpHTMLParser
2026-10-05 19:33:45,795 INFO o.a.j.p.h.s.HTTPSamplerBase: Parser for text/css is org.apache.jmeter.protocol.http.parser.CssParser
2026-10-05 19:33:45,832 INFO o.a.j.JMeter: Creating summariser <summary>
2026-10-05 19:33:45,845 INFO o.a.j.e.StandardJMeterEngine: Running the test!
2026-10-05 19:33:45,846 INFO o.a.j.s.SampleEvent: List of sample_variables: []
2026-10-05 19:33:45,846 INFO o.a.j.s.SampleEvent: List of sample_variables: []
2026-10-05 19:33:45,849 INFO o.a.j.e.u.CompoundVariable: Note: Function class names must contain the string: '.functions.'
2026-10-05 19:33:45,849 INFO o.a.j.e.u.CompoundVariable: Note: Function class names must not contain the string: '.gui.'
2026-10-05 19:33:46,043 INFO o.a.j.JMeter: Running test (1791228826043)
2026-10-05 19:33:46,044 INFO o.a.j.e.StandardJMeterEngine: Starting setUp thread groups
2026-10-05 19:33:46,045 INFO o.a.j.e.StandardJMeterEngine: Starting setUp ThreadGroup: 1 : setUp - login 
2026-10-05 19:33:46,045 INFO o.a.j.e.StandardJMeterEngine: Starting 1 threads for group setUp - login.
2026-10-05 19:33:46,045 INFO o.a.j.e.StandardJMeterEngine: Test will stop abruptly on error
2026-10-05 19:33:46,045 INFO o.a.j.t.ThreadGroup: Starting thread group... number=1 threads=1 ramp-up=1 delayedStart=false
2026-10-05 19:33:46,047 INFO o.a.j.t.ThreadGroup: Started thread group number 1
2026-10-05 19:33:46,047 INFO o.a.j.e.StandardJMeterEngine: Waiting for all setup thread groups to exit
2026-10-05 19:33:46,049 INFO o.a.j.t.JMeterThread: Thread started: setUp - login 1-1
2026-10-05 19:33:46,060 INFO o.a.j.p.h.s.HTTPHCAbstractImpl: Local host = 541ccb3487f3
2026-10-05 19:33:46,064 INFO o.a.j.p.h.s.HTTPHC4Impl: HTTP request retry count = 0
2026-10-05 19:33:46,065 INFO o.a.j.s.SampleResult: Note: Sample TimeStamps are START times
2026-10-05 19:33:46,065 INFO o.a.j.s.SampleResult: sampleresult.default.encoding is set to UTF-8
2026-10-05 19:33:46,065 INFO o.a.j.s.SampleResult: sampleresult.useNanoTime=true
2026-10-05 19:33:46,065 INFO o.a.j.s.SampleResult: sampleresult.nanoThreadSleep=5000
2026-10-05 19:33:46,733 INFO o.a.j.t.JMeterThread: Thread is done: setUp - login 1-1
2026-10-05 19:33:46,733 INFO o.a.j.t.JMeterThread: Thread finished: setUp - login 1-1
2026-10-05 19:33:46,734 INFO o.a.j.e.StandardJMeterEngine: All Setup Threads have ended
2026-10-05 19:33:46,756 INFO o.a.j.e.StandardJMeterEngine: Starting ThreadGroup: 1 : S1
2026-10-05 19:33:46,756 INFO o.a.j.e.StandardJMeterEngine: Starting 1 threads for group S1.
2026-10-05 19:33:46,756 INFO o.a.j.e.StandardJMeterEngine: Thread will continue on error
2026-10-05 19:33:46,757 INFO o.a.j.t.ThreadGroup: Starting thread group... number=1 threads=1 ramp-up=1 delayedStart=false
2026-10-05 19:33:46,758 INFO o.a.j.t.ThreadGroup: Started thread group number 1
2026-10-05 19:33:46,758 INFO o.a.j.e.StandardJMeterEngine: All thread groups have been started
2026-10-05 19:33:46,759 INFO o.a.j.t.JMeterThread: Thread started: S1 1-1
2026-10-05 19:34:00,003 INFO o.a.j.r.Summariser: summary +   2107 in 00:00:14 =  150.9/s Avg:     6 Min:     5 Max:   201 Err:     0 (0.00%) Active: 1 Started: 1 Finished: 0
2026-10-05 19:34:30,003 INFO o.a.j.r.Summariser: summary +   4896 in 00:00:30 =  163.2/s Avg:     6 Min:     5 Max:    18 Err:     0 (0.00%) Active: 1 Started: 1 Finished: 0
2026-10-05 19:34:30,004 INFO o.a.j.r.Summariser: summary =   7003 in 00:00:44 =  159.3/s Avg:     6 Min:     5 Max:   201 Err:     0 (0.00%)
2026-10-05 19:34:46,757 INFO o.a.j.t.JMeterThread: Stopping because end time detected by thread: S1 1-1
2026-10-05 19:34:46,758 INFO o.a.j.t.JMeterThread: Thread finished: S1 1-1
2026-10-05 19:34:46,758 INFO o.a.j.e.StandardJMeterEngine: Notifying test listeners of end of test
2026-10-05 19:34:46,760 INFO o.a.j.r.Summariser: summary +   2765 in 00:00:17 =  165.0/s Avg:     5 Min:     5 Max:    11 Err:     0 (0.00%) Active: 0 Started: 1 Finished: 1
2026-10-05 19:34:46,761 INFO o.a.j.r.Summariser: summary =   9768 in 00:01:01 =  160.9/s Avg:     6 Min:     5 Max:   201 Err:     0 (0.00%)
