2026-10-05 20:25:25,274 INFO o.a.j.u.JMeterUtils: Setting Locale to en_EN
2026-10-05 20:25:25,293 INFO o.a.j.JMeter: Loading user properties from: /opt/jmeter/bin/user.properties
2026-10-05 20:25:25,293 INFO o.a.j.JMeter: Loading system properties from: /opt/jmeter/bin/system.properties
2026-10-05 20:25:25,294 INFO o.a.j.JMeter: Loading additional properties from: /tests/run.properties
2026-10-05 20:25:25,294 INFO o.a.j.JMeter: Loading additional properties from: /tests/data/ranges.properties
2026-10-05 20:25:25,294 INFO o.a.j.JMeter: Setting JMeter property: host=nestjs-nginx
2026-10-05 20:25:25,294 INFO o.a.j.JMeter: Setting JMeter property: port=80
2026-10-05 20:25:25,294 INFO o.a.j.JMeter: Setting JMeter property: rampup=1
2026-10-05 20:25:25,294 INFO o.a.j.JMeter: Setting JMeter property: endpoint=EP8
2026-10-05 20:25:25,294 INFO o.a.j.JMeter: Setting JMeter property: users=10
2026-10-05 20:25:25,294 INFO o.a.j.JMeter: Setting JMeter property: duration=60
2026-10-05 20:25:25,298 INFO o.a.j.JMeter: Copyright (c) 1998-2024 The Apache Software Foundation
2026-10-05 20:25:25,299 INFO o.a.j.JMeter: Version 5.6.3
2026-10-05 20:25:25,299 INFO o.a.j.JMeter: java.version=21.0.12.1
2026-10-05 20:25:25,299 INFO o.a.j.JMeter: java.vm.name=OpenJDK 64-Bit Server VM
2026-10-05 20:25:25,299 INFO o.a.j.JMeter: os.name=Linux
2026-10-05 20:25:25,299 INFO o.a.j.JMeter: os.arch=amd64
2026-10-05 20:25:25,299 INFO o.a.j.JMeter: os.version=6.6.87.2-microsoft-standard-WSL2
2026-10-05 20:25:25,299 INFO o.a.j.JMeter: file.encoding=UTF-8
2026-10-05 20:25:25,299 INFO o.a.j.JMeter: java.awt.headless=true
2026-10-05 20:25:25,299 INFO o.a.j.JMeter: Max memory     =4294967296
2026-10-05 20:25:25,299 INFO o.a.j.JMeter: Available Processors =12
2026-10-05 20:25:25,308 INFO o.a.j.JMeter: Default Locale=English (EN)
2026-10-05 20:25:25,308 INFO o.a.j.JMeter: JMeter  Locale=English (EN)
2026-10-05 20:25:25,308 INFO o.a.j.JMeter: JMeterHome=/opt/jmeter
2026-10-05 20:25:25,308 INFO o.a.j.JMeter: user.dir  =/tests
2026-10-05 20:25:25,309 INFO o.a.j.JMeter: PWD       =/tests
2026-10-05 20:25:25,309 INFO o.a.j.JMeter: IP: 172.19.0.5 Name: 756f5e7674ff FullName: 756f5e7674ff
2026-10-05 20:25:25,321 INFO o.a.j.s.FileServer: Default base='/tests'
2026-10-05 20:25:25,323 INFO o.a.j.s.FileServer: Set new base='/tests'
2026-10-05 20:25:25,475 INFO o.a.j.s.SaveService: Testplan (JMX) version: 2.2. Testlog (JTL) version: 2.2
2026-10-05 20:25:25,496 INFO o.a.j.s.SaveService: Using SaveService properties version 5.0
2026-10-05 20:25:25,499 INFO o.a.j.s.SaveService: Using SaveService properties file encoding UTF-8
2026-10-05 20:25:25,502 INFO o.a.j.s.SaveService: Loading file: /tests/s1.jmx
2026-10-05 20:25:25,547 INFO o.a.j.p.h.s.HTTPSamplerBase: Parser for text/html is org.apache.jmeter.protocol.http.parser.LagartoBasedHtmlParser
2026-10-05 20:25:25,547 INFO o.a.j.p.h.s.HTTPSamplerBase: Parser for application/xhtml+xml is org.apache.jmeter.protocol.http.parser.LagartoBasedHtmlParser
2026-10-05 20:25:25,547 INFO o.a.j.p.h.s.HTTPSamplerBase: Parser for application/xml is org.apache.jmeter.protocol.http.parser.LagartoBasedHtmlParser
2026-10-05 20:25:25,547 INFO o.a.j.p.h.s.HTTPSamplerBase: Parser for text/xml is org.apache.jmeter.protocol.http.parser.LagartoBasedHtmlParser
2026-10-05 20:25:25,547 INFO o.a.j.p.h.s.HTTPSamplerBase: Parser for text/vnd.wap.wml is org.apache.jmeter.protocol.http.parser.RegexpHTMLParser
2026-10-05 20:25:25,548 INFO o.a.j.p.h.s.HTTPSamplerBase: Parser for text/css is org.apache.jmeter.protocol.http.parser.CssParser
2026-10-05 20:25:25,598 INFO o.a.j.JMeter: Creating summariser <summary>
2026-10-05 20:25:25,617 INFO o.a.j.e.StandardJMeterEngine: Running the test!
2026-10-05 20:25:25,618 INFO o.a.j.s.SampleEvent: List of sample_variables: []
2026-10-05 20:25:25,618 INFO o.a.j.s.SampleEvent: List of sample_variables: []
2026-10-05 20:25:25,622 INFO o.a.j.e.u.CompoundVariable: Note: Function class names must contain the string: '.functions.'
2026-10-05 20:25:25,623 INFO o.a.j.e.u.CompoundVariable: Note: Function class names must not contain the string: '.gui.'
2026-10-05 20:25:25,865 INFO o.a.j.JMeter: Running test (1791231925865)
2026-10-05 20:25:25,867 INFO o.a.j.e.StandardJMeterEngine: Starting setUp thread groups
2026-10-05 20:25:25,867 INFO o.a.j.e.StandardJMeterEngine: Starting setUp ThreadGroup: 1 : setUp - login 
2026-10-05 20:25:25,867 INFO o.a.j.e.StandardJMeterEngine: Starting 1 threads for group setUp - login.
2026-10-05 20:25:25,867 INFO o.a.j.e.StandardJMeterEngine: Test will stop abruptly on error
2026-10-05 20:25:25,867 INFO o.a.j.t.ThreadGroup: Starting thread group... number=1 threads=1 ramp-up=1 delayedStart=false
2026-10-05 20:25:25,870 INFO o.a.j.t.ThreadGroup: Started thread group number 1
2026-10-05 20:25:25,870 INFO o.a.j.e.StandardJMeterEngine: Waiting for all setup thread groups to exit
2026-10-05 20:25:25,871 INFO o.a.j.t.JMeterThread: Thread started: setUp - login 1-1
2026-10-05 20:25:25,882 INFO o.a.j.p.h.s.HTTPHCAbstractImpl: Local host = 756f5e7674ff
2026-10-05 20:25:25,886 INFO o.a.j.p.h.s.HTTPHC4Impl: HTTP request retry count = 0
2026-10-05 20:25:25,887 INFO o.a.j.s.SampleResult: Note: Sample TimeStamps are START times
2026-10-05 20:25:25,888 INFO o.a.j.s.SampleResult: sampleresult.default.encoding is set to UTF-8
2026-10-05 20:25:25,888 INFO o.a.j.s.SampleResult: sampleresult.useNanoTime=true
2026-10-05 20:25:25,888 INFO o.a.j.s.SampleResult: sampleresult.nanoThreadSleep=5000
2026-10-05 20:25:26,600 INFO o.a.j.t.JMeterThread: Thread is done: setUp - login 1-1
2026-10-05 20:25:26,600 INFO o.a.j.t.JMeterThread: Thread finished: setUp - login 1-1
2026-10-05 20:25:26,601 INFO o.a.j.e.StandardJMeterEngine: All Setup Threads have ended
2026-10-05 20:25:26,624 INFO o.a.j.e.StandardJMeterEngine: Starting ThreadGroup: 1 : S1
2026-10-05 20:25:26,624 INFO o.a.j.e.StandardJMeterEngine: Starting 10 threads for group S1.
2026-10-05 20:25:26,624 INFO o.a.j.e.StandardJMeterEngine: Thread will continue on error
2026-10-05 20:25:26,624 INFO o.a.j.t.ThreadGroup: Starting thread group... number=1 threads=10 ramp-up=1 delayedStart=false
2026-10-05 20:25:26,626 INFO o.a.j.t.JMeterThread: Thread started: S1 1-1
2026-10-05 20:25:26,633 INFO o.a.j.t.ThreadGroup: Started thread group number 1
2026-10-05 20:25:26,634 INFO o.a.j.e.StandardJMeterEngine: All thread groups have been started
2026-10-05 20:25:26,727 INFO o.a.j.t.JMeterThread: Thread started: S1 1-2
2026-10-05 20:25:26,826 INFO o.a.j.t.JMeterThread: Thread started: S1 1-3
2026-10-05 20:25:26,926 INFO o.a.j.t.JMeterThread: Thread started: S1 1-4
2026-10-05 20:25:27,025 INFO o.a.j.t.JMeterThread: Thread started: S1 1-5
2026-10-05 20:25:27,125 INFO o.a.j.t.JMeterThread: Thread started: S1 1-6
2026-10-05 20:25:27,226 INFO o.a.j.t.JMeterThread: Thread started: S1 1-7
2026-10-05 20:25:27,326 INFO o.a.j.t.JMeterThread: Thread started: S1 1-8
2026-10-05 20:25:27,425 INFO o.a.j.t.JMeterThread: Thread started: S1 1-9
2026-10-05 20:25:27,525 INFO o.a.j.t.JMeterThread: Thread started: S1 1-10
2026-10-05 20:25:30,001 INFO o.a.j.r.Summariser: summary +   7110 in 00:00:04 = 1719.5/s Avg:     4 Min:     1 Max:   274 Err:     0 (0.00%) Active: 10 Started: 10 Finished: 0
2026-10-05 20:26:00,000 INFO o.a.j.r.Summariser: summary +  77260 in 00:00:30 = 2575.3/s Avg:     3 Min:     1 Max:    31 Err:     0 (0.00%) Active: 10 Started: 10 Finished: 0
2026-10-05 20:26:00,000 INFO o.a.j.r.Summariser: summary =  84370 in 00:00:34 = 2471.7/s Avg:     3 Min:     1 Max:   274 Err:     0 (0.00%)
2026-10-05 20:26:26,626 INFO o.a.j.t.JMeterThread: Stopping because end time detected by thread: S1 1-2
2026-10-05 20:26:26,626 INFO o.a.j.t.JMeterThread: Thread finished: S1 1-2
2026-10-05 20:26:26,627 INFO o.a.j.t.JMeterThread: Stopping because end time detected by thread: S1 1-3
2026-10-05 20:26:26,627 INFO o.a.j.t.JMeterThread: Stopping because end time detected by thread: S1 1-1
2026-10-05 20:26:26,627 INFO o.a.j.t.JMeterThread: Thread finished: S1 1-3
2026-10-05 20:26:26,627 INFO o.a.j.t.JMeterThread: Thread finished: S1 1-1
2026-10-05 20:26:26,629 INFO o.a.j.t.JMeterThread: Stopping because end time detected by thread: S1 1-5
2026-10-05 20:26:26,629 INFO o.a.j.t.JMeterThread: Thread finished: S1 1-5
2026-10-05 20:26:26,631 INFO o.a.j.t.JMeterThread: Stopping because end time detected by thread: S1 1-6
2026-10-05 20:26:26,631 INFO o.a.j.t.JMeterThread: Thread finished: S1 1-6
2026-10-05 20:26:26,631 INFO o.a.j.t.JMeterThread: Stopping because end time detected by thread: S1 1-4
2026-10-05 20:26:26,631 INFO o.a.j.t.JMeterThread: Thread finished: S1 1-4
2026-10-05 20:26:26,632 INFO o.a.j.t.JMeterThread: Stopping because end time detected by thread: S1 1-8
2026-10-05 20:26:26,632 INFO o.a.j.t.JMeterThread: Thread finished: S1 1-8
2026-10-05 20:26:26,632 INFO o.a.j.t.JMeterThread: Stopping because end time detected by thread: S1 1-9
2026-10-05 20:26:26,632 INFO o.a.j.t.JMeterThread: Thread finished: S1 1-9
2026-10-05 20:26:26,633 INFO o.a.j.t.JMeterThread: Stopping because end time detected by thread: S1 1-7
2026-10-05 20:26:26,633 INFO o.a.j.t.JMeterThread: Thread finished: S1 1-7
2026-10-05 20:26:26,633 INFO o.a.j.t.JMeterThread: Stopping because end time detected by thread: S1 1-10
2026-10-05 20:26:26,633 INFO o.a.j.t.JMeterThread: Thread finished: S1 1-10
2026-10-05 20:26:26,634 INFO o.a.j.e.StandardJMeterEngine: Notifying test listeners of end of test
2026-10-05 20:26:26,636 INFO o.a.j.r.Summariser: summary +  69071 in 00:00:27 = 2593.1/s Avg:     3 Min:     1 Max:    22 Err:     0 (0.00%) Active: 0 Started: 10 Finished: 10
2026-10-05 20:26:26,636 INFO o.a.j.r.Summariser: summary = 153441 in 00:01:01 = 2524.9/s Avg:     3 Min:     1 Max:   274 Err:     0 (0.00%)
