2026-10-02 23:05:02,174 INFO o.a.j.u.JMeterUtils: Setting Locale to en_EN
2026-10-02 23:05:02,197 INFO o.a.j.JMeter: Loading user properties from: /opt/jmeter/bin/user.properties
2026-10-02 23:05:02,197 INFO o.a.j.JMeter: Loading system properties from: /opt/jmeter/bin/system.properties
2026-10-02 23:05:02,198 INFO o.a.j.JMeter: Loading additional properties from: /tests/run.properties
2026-10-02 23:05:02,198 INFO o.a.j.JMeter: Loading additional properties from: /tests/data/ranges.properties
2026-10-02 23:05:02,198 INFO o.a.j.JMeter: Setting JMeter property: host=nestjs-nginx
2026-10-02 23:05:02,198 INFO o.a.j.JMeter: Setting JMeter property: port=80
2026-10-02 23:05:02,198 INFO o.a.j.JMeter: Setting JMeter property: rampup=1
2026-10-02 23:05:02,198 INFO o.a.j.JMeter: Setting JMeter property: endpoint=EP6
2026-10-02 23:05:02,198 INFO o.a.j.JMeter: Setting JMeter property: users=10
2026-10-02 23:05:02,198 INFO o.a.j.JMeter: Setting JMeter property: duration=60
2026-10-02 23:05:02,203 INFO o.a.j.JMeter: Copyright (c) 1998-2024 The Apache Software Foundation
2026-10-02 23:05:02,203 INFO o.a.j.JMeter: Version 5.6.3
2026-10-02 23:05:02,203 INFO o.a.j.JMeter: java.version=21.0.12.1
2026-10-02 23:05:02,203 INFO o.a.j.JMeter: java.vm.name=OpenJDK 64-Bit Server VM
2026-10-02 23:05:02,204 INFO o.a.j.JMeter: os.name=Linux
2026-10-02 23:05:02,204 INFO o.a.j.JMeter: os.arch=amd64
2026-10-02 23:05:02,204 INFO o.a.j.JMeter: os.version=6.6.87.2-microsoft-standard-WSL2
2026-10-02 23:05:02,204 INFO o.a.j.JMeter: file.encoding=UTF-8
2026-10-02 23:05:02,204 INFO o.a.j.JMeter: java.awt.headless=true
2026-10-02 23:05:02,204 INFO o.a.j.JMeter: Max memory     =4294967296
2026-10-02 23:05:02,204 INFO o.a.j.JMeter: Available Processors =12
2026-10-02 23:05:02,211 INFO o.a.j.JMeter: Default Locale=English (EN)
2026-10-02 23:05:02,211 INFO o.a.j.JMeter: JMeter  Locale=English (EN)
2026-10-02 23:05:02,211 INFO o.a.j.JMeter: JMeterHome=/opt/jmeter
2026-10-02 23:05:02,211 INFO o.a.j.JMeter: user.dir  =/tests
2026-10-02 23:05:02,211 INFO o.a.j.JMeter: PWD       =/tests
2026-10-02 23:05:02,211 INFO o.a.j.JMeter: IP: 172.19.0.5 Name: 1d1ac45f423b FullName: 1d1ac45f423b
2026-10-02 23:05:02,221 INFO o.a.j.s.FileServer: Default base='/tests'
2026-10-02 23:05:02,222 INFO o.a.j.s.FileServer: Set new base='/tests'
2026-10-02 23:05:02,370 INFO o.a.j.s.SaveService: Testplan (JMX) version: 2.2. Testlog (JTL) version: 2.2
2026-10-02 23:05:02,391 INFO o.a.j.s.SaveService: Using SaveService properties version 5.0
2026-10-02 23:05:02,393 INFO o.a.j.s.SaveService: Using SaveService properties file encoding UTF-8
2026-10-02 23:05:02,396 INFO o.a.j.s.SaveService: Loading file: /tests/s3.jmx
2026-10-02 23:05:02,435 INFO o.a.j.p.h.s.HTTPSamplerBase: Parser for text/html is org.apache.jmeter.protocol.http.parser.LagartoBasedHtmlParser
2026-10-02 23:05:02,435 INFO o.a.j.p.h.s.HTTPSamplerBase: Parser for application/xhtml+xml is org.apache.jmeter.protocol.http.parser.LagartoBasedHtmlParser
2026-10-02 23:05:02,435 INFO o.a.j.p.h.s.HTTPSamplerBase: Parser for application/xml is org.apache.jmeter.protocol.http.parser.LagartoBasedHtmlParser
2026-10-02 23:05:02,436 INFO o.a.j.p.h.s.HTTPSamplerBase: Parser for text/xml is org.apache.jmeter.protocol.http.parser.LagartoBasedHtmlParser
2026-10-02 23:05:02,436 INFO o.a.j.p.h.s.HTTPSamplerBase: Parser for text/vnd.wap.wml is org.apache.jmeter.protocol.http.parser.RegexpHTMLParser
2026-10-02 23:05:02,436 INFO o.a.j.p.h.s.HTTPSamplerBase: Parser for text/css is org.apache.jmeter.protocol.http.parser.CssParser
2026-10-02 23:05:02,473 INFO o.a.j.JMeter: Creating summariser <summary>
2026-10-02 23:05:02,486 INFO o.a.j.e.StandardJMeterEngine: Running the test!
2026-10-02 23:05:02,487 INFO o.a.j.s.SampleEvent: List of sample_variables: []
2026-10-02 23:05:02,487 INFO o.a.j.s.SampleEvent: List of sample_variables: []
2026-10-02 23:05:02,490 INFO o.a.j.e.u.CompoundVariable: Note: Function class names must contain the string: '.functions.'
2026-10-02 23:05:02,490 INFO o.a.j.e.u.CompoundVariable: Note: Function class names must not contain the string: '.gui.'
2026-10-02 23:05:02,681 INFO o.a.j.JMeter: Running test (1790982302681)
2026-10-02 23:05:02,682 INFO o.a.j.e.StandardJMeterEngine: Starting setUp thread groups
2026-10-02 23:05:02,682 INFO o.a.j.e.StandardJMeterEngine: Starting setUp ThreadGroup: 1 : setUp - login 
2026-10-02 23:05:02,683 INFO o.a.j.e.StandardJMeterEngine: Starting 1 threads for group setUp - login.
2026-10-02 23:05:02,683 INFO o.a.j.e.StandardJMeterEngine: Test will stop abruptly on error
2026-10-02 23:05:02,683 INFO o.a.j.t.ThreadGroup: Starting thread group... number=1 threads=1 ramp-up=1 delayedStart=false
2026-10-02 23:05:02,686 INFO o.a.j.t.ThreadGroup: Started thread group number 1
2026-10-02 23:05:02,686 INFO o.a.j.e.StandardJMeterEngine: Waiting for all setup thread groups to exit
2026-10-02 23:05:02,687 INFO o.a.j.t.JMeterThread: Thread started: setUp - login 1-1
2026-10-02 23:05:02,696 INFO o.a.j.p.h.s.HTTPHCAbstractImpl: Local host = 1d1ac45f423b
2026-10-02 23:05:02,701 INFO o.a.j.p.h.s.HTTPHC4Impl: HTTP request retry count = 0
2026-10-02 23:05:02,702 INFO o.a.j.s.SampleResult: Note: Sample TimeStamps are START times
2026-10-02 23:05:02,702 INFO o.a.j.s.SampleResult: sampleresult.default.encoding is set to UTF-8
2026-10-02 23:05:02,702 INFO o.a.j.s.SampleResult: sampleresult.useNanoTime=true
2026-10-02 23:05:02,702 INFO o.a.j.s.SampleResult: sampleresult.nanoThreadSleep=5000
2026-10-02 23:05:03,372 INFO o.a.j.r.Summariser: summary +      1 in 00:00:01 =    1.4/s Avg:   258 Min:   258 Max:   258 Err:     0 (0.00%) Active: 1 Started: 1 Finished: 0
2026-10-02 23:05:03,372 INFO o.a.j.t.JMeterThread: Thread is done: setUp - login 1-1
2026-10-02 23:05:03,372 INFO o.a.j.t.JMeterThread: Thread finished: setUp - login 1-1
2026-10-02 23:05:03,373 INFO o.a.j.e.StandardJMeterEngine: All Setup Threads have ended
2026-10-02 23:05:03,394 INFO o.a.j.e.StandardJMeterEngine: Starting ThreadGroup: 1 : S3
2026-10-02 23:05:03,395 INFO o.a.j.e.StandardJMeterEngine: Starting 10 threads for group S3.
2026-10-02 23:05:03,395 INFO o.a.j.e.StandardJMeterEngine: Thread will continue on error
2026-10-02 23:05:03,395 INFO o.a.j.t.ThreadGroup: Starting thread group... number=1 threads=10 ramp-up=1 delayedStart=false
2026-10-02 23:05:03,397 INFO o.a.j.t.JMeterThread: Thread started: S3 1-1
2026-10-02 23:05:03,404 INFO o.a.j.t.ThreadGroup: Started thread group number 1
2026-10-02 23:05:03,404 INFO o.a.j.e.StandardJMeterEngine: All thread groups have been started
2026-10-02 23:05:03,497 INFO o.a.j.t.JMeterThread: Thread started: S3 1-2
2026-10-02 23:05:03,596 INFO o.a.j.t.JMeterThread: Thread started: S3 1-3
2026-10-02 23:05:03,697 INFO o.a.j.t.JMeterThread: Thread started: S3 1-4
2026-10-02 23:05:03,797 INFO o.a.j.t.JMeterThread: Thread started: S3 1-5
2026-10-02 23:05:03,896 INFO o.a.j.t.JMeterThread: Thread started: S3 1-6
2026-10-02 23:05:03,996 INFO o.a.j.t.JMeterThread: Thread started: S3 1-7
2026-10-02 23:05:04,097 INFO o.a.j.t.JMeterThread: Thread started: S3 1-8
2026-10-02 23:05:04,196 INFO o.a.j.t.JMeterThread: Thread started: S3 1-9
2026-10-02 23:05:04,296 INFO o.a.j.t.JMeterThread: Thread started: S3 1-10
2026-10-02 23:05:30,030 INFO o.a.j.r.Summariser: summary +    510 in 00:00:27 =   19.1/s Avg:   483 Min:   113 Max:   613 Err:     0 (0.00%) Active: 10 Started: 10 Finished: 0
2026-10-02 23:05:30,030 INFO o.a.j.r.Summariser: summary =    511 in 00:00:27 =   18.7/s Avg:   483 Min:   113 Max:   613 Err:     0 (0.00%)
2026-10-02 23:06:00,037 INFO o.a.j.r.Summariser: summary +    584 in 00:00:30 =   19.5/s Avg:   493 Min:   408 Max:   662 Err:     0 (0.00%) Active: 10 Started: 10 Finished: 0
2026-10-02 23:06:00,037 INFO o.a.j.r.Summariser: summary =   1095 in 00:00:57 =   19.1/s Avg:   488 Min:   113 Max:   662 Err:     0 (0.00%)
2026-10-02 23:06:03,424 INFO o.a.j.t.JMeterThread: Stopping because end time detected by thread: S3 1-5
2026-10-02 23:06:03,424 INFO o.a.j.t.JMeterThread: Thread finished: S3 1-5
2026-10-02 23:06:03,425 INFO o.a.j.t.JMeterThread: Stopping because end time detected by thread: S3 1-10
2026-10-02 23:06:03,425 INFO o.a.j.t.JMeterThread: Thread finished: S3 1-10
2026-10-02 23:06:03,450 INFO o.a.j.t.JMeterThread: Stopping because end time detected by thread: S3 1-3
2026-10-02 23:06:03,451 INFO o.a.j.t.JMeterThread: Thread finished: S3 1-3
2026-10-02 23:06:03,533 INFO o.a.j.t.JMeterThread: Stopping because end time detected by thread: S3 1-6
2026-10-02 23:06:03,533 INFO o.a.j.t.JMeterThread: Thread finished: S3 1-6
2026-10-02 23:06:03,565 INFO o.a.j.t.JMeterThread: Stopping because end time detected by thread: S3 1-7
2026-10-02 23:06:03,565 INFO o.a.j.t.JMeterThread: Thread finished: S3 1-7
2026-10-02 23:06:03,575 INFO o.a.j.t.JMeterThread: Stopping because end time detected by thread: S3 1-4
2026-10-02 23:06:03,576 INFO o.a.j.t.JMeterThread: Thread finished: S3 1-4
2026-10-02 23:06:03,636 INFO o.a.j.t.JMeterThread: Stopping because end time detected by thread: S3 1-2
2026-10-02 23:06:03,636 INFO o.a.j.t.JMeterThread: Thread finished: S3 1-2
2026-10-02 23:06:03,644 INFO o.a.j.t.JMeterThread: Stopping because end time detected by thread: S3 1-9
2026-10-02 23:06:03,644 INFO o.a.j.t.JMeterThread: Thread finished: S3 1-9
2026-10-02 23:06:03,653 INFO o.a.j.t.JMeterThread: Stopping because end time detected by thread: S3 1-8
2026-10-02 23:06:03,653 INFO o.a.j.t.JMeterThread: Stopping because end time detected by thread: S3 1-1
2026-10-02 23:06:03,653 INFO o.a.j.t.JMeterThread: Thread finished: S3 1-8
2026-10-02 23:06:03,653 INFO o.a.j.t.JMeterThread: Thread finished: S3 1-1
2026-10-02 23:06:03,654 INFO o.a.j.e.StandardJMeterEngine: Notifying test listeners of end of test
2026-10-02 23:06:03,656 INFO o.a.j.r.Summariser: summary +     78 in 00:00:04 =   21.5/s Avg:   480 Min:   294 Max:   584 Err:     0 (0.00%) Active: 0 Started: 10 Finished: 10
2026-10-02 23:06:03,657 INFO o.a.j.r.Summariser: summary =   1173 in 00:01:01 =   19.2/s Avg:   488 Min:   113 Max:   662 Err:     0 (0.00%)
