2026-10-02 23:03:57,264 INFO o.a.j.u.JMeterUtils: Setting Locale to en_EN
2026-10-02 23:03:57,283 INFO o.a.j.JMeter: Loading user properties from: /opt/jmeter/bin/user.properties
2026-10-02 23:03:57,284 INFO o.a.j.JMeter: Loading system properties from: /opt/jmeter/bin/system.properties
2026-10-02 23:03:57,284 INFO o.a.j.JMeter: Loading additional properties from: /tests/run.properties
2026-10-02 23:03:57,284 INFO o.a.j.JMeter: Loading additional properties from: /tests/data/ranges.properties
2026-10-02 23:03:57,284 INFO o.a.j.JMeter: Setting JMeter property: host=nestjs-nginx
2026-10-02 23:03:57,284 INFO o.a.j.JMeter: Setting JMeter property: port=80
2026-10-02 23:03:57,284 INFO o.a.j.JMeter: Setting JMeter property: rampup=1
2026-10-02 23:03:57,285 INFO o.a.j.JMeter: Setting JMeter property: endpoint=EP6
2026-10-02 23:03:57,285 INFO o.a.j.JMeter: Setting JMeter property: users=10
2026-10-02 23:03:57,285 INFO o.a.j.JMeter: Setting JMeter property: duration=60
2026-10-02 23:03:57,289 INFO o.a.j.JMeter: Copyright (c) 1998-2024 The Apache Software Foundation
2026-10-02 23:03:57,289 INFO o.a.j.JMeter: Version 5.6.3
2026-10-02 23:03:57,289 INFO o.a.j.JMeter: java.version=21.0.12.1
2026-10-02 23:03:57,289 INFO o.a.j.JMeter: java.vm.name=OpenJDK 64-Bit Server VM
2026-10-02 23:03:57,289 INFO o.a.j.JMeter: os.name=Linux
2026-10-02 23:03:57,289 INFO o.a.j.JMeter: os.arch=amd64
2026-10-02 23:03:57,290 INFO o.a.j.JMeter: os.version=6.6.87.2-microsoft-standard-WSL2
2026-10-02 23:03:57,290 INFO o.a.j.JMeter: file.encoding=UTF-8
2026-10-02 23:03:57,290 INFO o.a.j.JMeter: java.awt.headless=true
2026-10-02 23:03:57,290 INFO o.a.j.JMeter: Max memory     =4294967296
2026-10-02 23:03:57,290 INFO o.a.j.JMeter: Available Processors =12
2026-10-02 23:03:57,297 INFO o.a.j.JMeter: Default Locale=English (EN)
2026-10-02 23:03:57,297 INFO o.a.j.JMeter: JMeter  Locale=English (EN)
2026-10-02 23:03:57,297 INFO o.a.j.JMeter: JMeterHome=/opt/jmeter
2026-10-02 23:03:57,297 INFO o.a.j.JMeter: user.dir  =/tests
2026-10-02 23:03:57,297 INFO o.a.j.JMeter: PWD       =/tests
2026-10-02 23:03:57,297 INFO o.a.j.JMeter: IP: 172.19.0.5 Name: 444d443e9301 FullName: 444d443e9301
2026-10-02 23:03:57,307 INFO o.a.j.s.FileServer: Default base='/tests'
2026-10-02 23:03:57,308 INFO o.a.j.s.FileServer: Set new base='/tests'
2026-10-02 23:03:57,443 INFO o.a.j.s.SaveService: Testplan (JMX) version: 2.2. Testlog (JTL) version: 2.2
2026-10-02 23:03:57,463 INFO o.a.j.s.SaveService: Using SaveService properties version 5.0
2026-10-02 23:03:57,465 INFO o.a.j.s.SaveService: Using SaveService properties file encoding UTF-8
2026-10-02 23:03:57,468 INFO o.a.j.s.SaveService: Loading file: /tests/s3.jmx
2026-10-02 23:03:57,507 INFO o.a.j.p.h.s.HTTPSamplerBase: Parser for text/html is org.apache.jmeter.protocol.http.parser.LagartoBasedHtmlParser
2026-10-02 23:03:57,507 INFO o.a.j.p.h.s.HTTPSamplerBase: Parser for application/xhtml+xml is org.apache.jmeter.protocol.http.parser.LagartoBasedHtmlParser
2026-10-02 23:03:57,507 INFO o.a.j.p.h.s.HTTPSamplerBase: Parser for application/xml is org.apache.jmeter.protocol.http.parser.LagartoBasedHtmlParser
2026-10-02 23:03:57,507 INFO o.a.j.p.h.s.HTTPSamplerBase: Parser for text/xml is org.apache.jmeter.protocol.http.parser.LagartoBasedHtmlParser
2026-10-02 23:03:57,507 INFO o.a.j.p.h.s.HTTPSamplerBase: Parser for text/vnd.wap.wml is org.apache.jmeter.protocol.http.parser.RegexpHTMLParser
2026-10-02 23:03:57,508 INFO o.a.j.p.h.s.HTTPSamplerBase: Parser for text/css is org.apache.jmeter.protocol.http.parser.CssParser
2026-10-02 23:03:57,542 INFO o.a.j.JMeter: Creating summariser <summary>
2026-10-02 23:03:57,551 INFO o.a.j.e.StandardJMeterEngine: Running the test!
2026-10-02 23:03:57,551 INFO o.a.j.s.SampleEvent: List of sample_variables: []
2026-10-02 23:03:57,551 INFO o.a.j.s.SampleEvent: List of sample_variables: []
2026-10-02 23:03:57,554 INFO o.a.j.e.u.CompoundVariable: Note: Function class names must contain the string: '.functions.'
2026-10-02 23:03:57,554 INFO o.a.j.e.u.CompoundVariable: Note: Function class names must not contain the string: '.gui.'
2026-10-02 23:03:57,737 INFO o.a.j.JMeter: Running test (1790982237736)
2026-10-02 23:03:57,738 INFO o.a.j.e.StandardJMeterEngine: Starting setUp thread groups
2026-10-02 23:03:57,738 INFO o.a.j.e.StandardJMeterEngine: Starting setUp ThreadGroup: 1 : setUp - login 
2026-10-02 23:03:57,738 INFO o.a.j.e.StandardJMeterEngine: Starting 1 threads for group setUp - login.
2026-10-02 23:03:57,738 INFO o.a.j.e.StandardJMeterEngine: Test will stop abruptly on error
2026-10-02 23:03:57,738 INFO o.a.j.t.ThreadGroup: Starting thread group... number=1 threads=1 ramp-up=1 delayedStart=false
2026-10-02 23:03:57,741 INFO o.a.j.t.ThreadGroup: Started thread group number 1
2026-10-02 23:03:57,741 INFO o.a.j.e.StandardJMeterEngine: Waiting for all setup thread groups to exit
2026-10-02 23:03:57,742 INFO o.a.j.t.JMeterThread: Thread started: setUp - login 1-1
2026-10-02 23:03:57,752 INFO o.a.j.p.h.s.HTTPHCAbstractImpl: Local host = 444d443e9301
2026-10-02 23:03:57,755 INFO o.a.j.p.h.s.HTTPHC4Impl: HTTP request retry count = 0
2026-10-02 23:03:57,756 INFO o.a.j.s.SampleResult: Note: Sample TimeStamps are START times
2026-10-02 23:03:57,756 INFO o.a.j.s.SampleResult: sampleresult.default.encoding is set to UTF-8
2026-10-02 23:03:57,756 INFO o.a.j.s.SampleResult: sampleresult.useNanoTime=true
2026-10-02 23:03:57,756 INFO o.a.j.s.SampleResult: sampleresult.nanoThreadSleep=5000
2026-10-02 23:03:58,439 INFO o.a.j.t.JMeterThread: Thread is done: setUp - login 1-1
2026-10-02 23:03:58,440 INFO o.a.j.t.JMeterThread: Thread finished: setUp - login 1-1
2026-10-02 23:03:58,441 INFO o.a.j.e.StandardJMeterEngine: All Setup Threads have ended
2026-10-02 23:03:58,460 INFO o.a.j.e.StandardJMeterEngine: Starting ThreadGroup: 1 : S3
2026-10-02 23:03:58,460 INFO o.a.j.e.StandardJMeterEngine: Starting 10 threads for group S3.
2026-10-02 23:03:58,460 INFO o.a.j.e.StandardJMeterEngine: Thread will continue on error
2026-10-02 23:03:58,460 INFO o.a.j.t.ThreadGroup: Starting thread group... number=1 threads=10 ramp-up=1 delayedStart=false
2026-10-02 23:03:58,462 INFO o.a.j.t.JMeterThread: Thread started: S3 1-1
2026-10-02 23:03:58,469 INFO o.a.j.t.ThreadGroup: Started thread group number 1
2026-10-02 23:03:58,469 INFO o.a.j.e.StandardJMeterEngine: All thread groups have been started
2026-10-02 23:03:58,562 INFO o.a.j.t.JMeterThread: Thread started: S3 1-2
2026-10-02 23:03:58,662 INFO o.a.j.t.JMeterThread: Thread started: S3 1-3
2026-10-02 23:03:58,762 INFO o.a.j.t.JMeterThread: Thread started: S3 1-4
2026-10-02 23:03:58,861 INFO o.a.j.t.JMeterThread: Thread started: S3 1-5
2026-10-02 23:03:58,961 INFO o.a.j.t.JMeterThread: Thread started: S3 1-6
2026-10-02 23:03:59,062 INFO o.a.j.t.JMeterThread: Thread started: S3 1-7
2026-10-02 23:03:59,161 INFO o.a.j.t.JMeterThread: Thread started: S3 1-8
2026-10-02 23:03:59,261 INFO o.a.j.t.JMeterThread: Thread started: S3 1-9
2026-10-02 23:03:59,362 INFO o.a.j.t.JMeterThread: Thread started: S3 1-10
2026-10-02 23:04:00,045 INFO o.a.j.r.Summariser: summary +     30 in 00:00:02 =   13.0/s Avg:   287 Min:   122 Max:   499 Err:     0 (0.00%) Active: 10 Started: 10 Finished: 0
2026-10-02 23:04:30,209 INFO o.a.j.r.Summariser: summary +    576 in 00:00:30 =   19.1/s Avg:   501 Min:   403 Max:   681 Err:     0 (0.00%) Active: 10 Started: 10 Finished: 0
2026-10-02 23:04:30,209 INFO o.a.j.r.Summariser: summary =    606 in 00:00:32 =   18.7/s Avg:   490 Min:   122 Max:   681 Err:     0 (0.00%)
2026-10-02 23:04:58,496 INFO o.a.j.t.JMeterThread: Stopping because end time detected by thread: S3 1-1
2026-10-02 23:04:58,496 INFO o.a.j.t.JMeterThread: Thread finished: S3 1-1
2026-10-02 23:04:58,604 INFO o.a.j.t.JMeterThread: Stopping because end time detected by thread: S3 1-5
2026-10-02 23:04:58,604 INFO o.a.j.t.JMeterThread: Thread finished: S3 1-5
2026-10-02 23:04:58,626 INFO o.a.j.t.JMeterThread: Stopping because end time detected by thread: S3 1-2
2026-10-02 23:04:58,626 INFO o.a.j.t.JMeterThread: Thread finished: S3 1-2
2026-10-02 23:04:58,626 INFO o.a.j.t.JMeterThread: Stopping because end time detected by thread: S3 1-4
2026-10-02 23:04:58,627 INFO o.a.j.t.JMeterThread: Thread finished: S3 1-4
2026-10-02 23:04:58,627 INFO o.a.j.t.JMeterThread: Stopping because end time detected by thread: S3 1-7
2026-10-02 23:04:58,627 INFO o.a.j.t.JMeterThread: Thread finished: S3 1-7
2026-10-02 23:04:58,701 INFO o.a.j.t.JMeterThread: Stopping because end time detected by thread: S3 1-8
2026-10-02 23:04:58,701 INFO o.a.j.t.JMeterThread: Thread finished: S3 1-8
2026-10-02 23:04:58,717 INFO o.a.j.t.JMeterThread: Stopping because end time detected by thread: S3 1-6
2026-10-02 23:04:58,717 INFO o.a.j.t.JMeterThread: Thread finished: S3 1-6
2026-10-02 23:04:58,728 INFO o.a.j.t.JMeterThread: Stopping because end time detected by thread: S3 1-3
2026-10-02 23:04:58,728 INFO o.a.j.t.JMeterThread: Thread finished: S3 1-3
2026-10-02 23:04:58,735 INFO o.a.j.t.JMeterThread: Stopping because end time detected by thread: S3 1-10
2026-10-02 23:04:58,735 INFO o.a.j.t.JMeterThread: Thread finished: S3 1-10
2026-10-02 23:04:58,738 INFO o.a.j.t.JMeterThread: Stopping because end time detected by thread: S3 1-9
2026-10-02 23:04:58,738 INFO o.a.j.t.JMeterThread: Thread finished: S3 1-9
2026-10-02 23:04:58,738 INFO o.a.j.e.StandardJMeterEngine: Notifying test listeners of end of test
2026-10-02 23:04:58,740 INFO o.a.j.r.Summariser: summary +    560 in 00:00:29 =   19.6/s Avg:   491 Min:   328 Max:   695 Err:     0 (0.00%) Active: 0 Started: 10 Finished: 10
2026-10-02 23:04:58,741 INFO o.a.j.r.Summariser: summary =   1166 in 00:01:01 =   19.1/s Avg:   491 Min:   122 Max:   695 Err:     0 (0.00%)
