2026-10-03 16:46:13,625 INFO o.a.j.u.JMeterUtils: Setting Locale to en_EN
2026-10-03 16:46:13,644 INFO o.a.j.JMeter: Loading user properties from: /opt/jmeter/bin/user.properties
2026-10-03 16:46:13,645 INFO o.a.j.JMeter: Loading system properties from: /opt/jmeter/bin/system.properties
2026-10-03 16:46:13,645 INFO o.a.j.JMeter: Loading additional properties from: /tests/run.properties
2026-10-03 16:46:13,645 INFO o.a.j.JMeter: Loading additional properties from: /tests/data/ranges.properties
2026-10-03 16:46:13,645 INFO o.a.j.JMeter: Setting JMeter property: host=laravel-nginx
2026-10-03 16:46:13,645 INFO o.a.j.JMeter: Setting JMeter property: port=80
2026-10-03 16:46:13,645 INFO o.a.j.JMeter: Setting JMeter property: rampup=10
2026-10-03 16:46:13,645 INFO o.a.j.JMeter: Setting JMeter property: endpoint=EP3
2026-10-03 16:46:13,645 INFO o.a.j.JMeter: Setting JMeter property: users=10
2026-10-03 16:46:13,645 INFO o.a.j.JMeter: Setting JMeter property: duration=20
2026-10-03 16:46:13,646 INFO o.a.j.JMeter: Setting JMeter property: ep9.start=2026-10-21
2026-10-03 16:46:13,646 INFO o.a.j.JMeter: Setting JMeter property: ep9.offset=100000000
2026-10-03 16:46:13,650 INFO o.a.j.JMeter: Copyright (c) 1998-2024 The Apache Software Foundation
2026-10-03 16:46:13,650 INFO o.a.j.JMeter: Version 5.6.3
2026-10-03 16:46:13,650 INFO o.a.j.JMeter: java.version=21.0.12.1
2026-10-03 16:46:13,650 INFO o.a.j.JMeter: java.vm.name=OpenJDK 64-Bit Server VM
2026-10-03 16:46:13,650 INFO o.a.j.JMeter: os.name=Linux
2026-10-03 16:46:13,650 INFO o.a.j.JMeter: os.arch=amd64
2026-10-03 16:46:13,650 INFO o.a.j.JMeter: os.version=6.6.87.2-microsoft-standard-WSL2
2026-10-03 16:46:13,650 INFO o.a.j.JMeter: file.encoding=UTF-8
2026-10-03 16:46:13,650 INFO o.a.j.JMeter: java.awt.headless=true
2026-10-03 16:46:13,651 INFO o.a.j.JMeter: Max memory     =4294967296
2026-10-03 16:46:13,651 INFO o.a.j.JMeter: Available Processors =12
2026-10-03 16:46:13,658 INFO o.a.j.JMeter: Default Locale=English (EN)
2026-10-03 16:46:13,658 INFO o.a.j.JMeter: JMeter  Locale=English (EN)
2026-10-03 16:46:13,658 INFO o.a.j.JMeter: JMeterHome=/opt/jmeter
2026-10-03 16:46:13,659 INFO o.a.j.JMeter: user.dir  =/tests
2026-10-03 16:46:13,659 INFO o.a.j.JMeter: PWD       =/tests
2026-10-03 16:46:13,659 INFO o.a.j.JMeter: IP: 172.19.0.4 Name: ee57c86ebf2e FullName: ee57c86ebf2e
2026-10-03 16:46:13,668 INFO o.a.j.s.FileServer: Default base='/tests'
2026-10-03 16:46:13,670 INFO o.a.j.s.FileServer: Set new base='/tests'
2026-10-03 16:46:13,808 INFO o.a.j.s.SaveService: Testplan (JMX) version: 2.2. Testlog (JTL) version: 2.2
2026-10-03 16:46:13,830 INFO o.a.j.s.SaveService: Using SaveService properties version 5.0
2026-10-03 16:46:13,833 INFO o.a.j.s.SaveService: Using SaveService properties file encoding UTF-8
2026-10-03 16:46:13,836 INFO o.a.j.s.SaveService: Loading file: /tests/s2.jmx
2026-10-03 16:46:13,874 INFO o.a.j.p.h.s.HTTPSamplerBase: Parser for text/html is org.apache.jmeter.protocol.http.parser.LagartoBasedHtmlParser
2026-10-03 16:46:13,874 INFO o.a.j.p.h.s.HTTPSamplerBase: Parser for application/xhtml+xml is org.apache.jmeter.protocol.http.parser.LagartoBasedHtmlParser
2026-10-03 16:46:13,874 INFO o.a.j.p.h.s.HTTPSamplerBase: Parser for application/xml is org.apache.jmeter.protocol.http.parser.LagartoBasedHtmlParser
2026-10-03 16:46:13,874 INFO o.a.j.p.h.s.HTTPSamplerBase: Parser for text/xml is org.apache.jmeter.protocol.http.parser.LagartoBasedHtmlParser
2026-10-03 16:46:13,874 INFO o.a.j.p.h.s.HTTPSamplerBase: Parser for text/vnd.wap.wml is org.apache.jmeter.protocol.http.parser.RegexpHTMLParser
2026-10-03 16:46:13,874 INFO o.a.j.p.h.s.HTTPSamplerBase: Parser for text/css is org.apache.jmeter.protocol.http.parser.CssParser
2026-10-03 16:46:13,912 INFO o.a.j.JMeter: Creating summariser <summary>
2026-10-03 16:46:13,928 INFO o.a.j.e.StandardJMeterEngine: Running the test!
2026-10-03 16:46:13,929 INFO o.a.j.s.SampleEvent: List of sample_variables: []
2026-10-03 16:46:13,929 INFO o.a.j.s.SampleEvent: List of sample_variables: []
2026-10-03 16:46:13,932 INFO o.a.j.e.u.CompoundVariable: Note: Function class names must contain the string: '.functions.'
2026-10-03 16:46:13,932 INFO o.a.j.e.u.CompoundVariable: Note: Function class names must not contain the string: '.gui.'
2026-10-03 16:46:14,121 INFO o.a.j.JMeter: Running test (1791045974121)
2026-10-03 16:46:14,122 INFO o.a.j.e.StandardJMeterEngine: Starting setUp thread groups
2026-10-03 16:46:14,122 INFO o.a.j.e.StandardJMeterEngine: Starting setUp ThreadGroup: 1 : setUp - login 
2026-10-03 16:46:14,122 INFO o.a.j.e.StandardJMeterEngine: Starting 1 threads for group setUp - login.
2026-10-03 16:46:14,122 INFO o.a.j.e.StandardJMeterEngine: Test will stop abruptly on error
2026-10-03 16:46:14,122 INFO o.a.j.t.ThreadGroup: Starting thread group... number=1 threads=1 ramp-up=1 delayedStart=false
2026-10-03 16:46:14,125 INFO o.a.j.t.ThreadGroup: Started thread group number 1
2026-10-03 16:46:14,125 INFO o.a.j.e.StandardJMeterEngine: Waiting for all setup thread groups to exit
2026-10-03 16:46:14,126 INFO o.a.j.t.JMeterThread: Thread started: setUp - login 1-1
2026-10-03 16:46:14,136 INFO o.a.j.p.h.s.HTTPHCAbstractImpl: Local host = ee57c86ebf2e
2026-10-03 16:46:14,139 INFO o.a.j.p.h.s.HTTPHC4Impl: HTTP request retry count = 0
2026-10-03 16:46:14,140 INFO o.a.j.s.SampleResult: Note: Sample TimeStamps are START times
2026-10-03 16:46:14,140 INFO o.a.j.s.SampleResult: sampleresult.default.encoding is set to UTF-8
2026-10-03 16:46:14,140 INFO o.a.j.s.SampleResult: sampleresult.useNanoTime=true
2026-10-03 16:46:14,140 INFO o.a.j.s.SampleResult: sampleresult.nanoThreadSleep=5000
2026-10-03 16:46:14,750 INFO o.a.j.t.JMeterThread: Thread is done: setUp - login 1-1
2026-10-03 16:46:14,750 INFO o.a.j.t.JMeterThread: Thread finished: setUp - login 1-1
2026-10-03 16:46:14,751 INFO o.a.j.e.StandardJMeterEngine: All Setup Threads have ended
2026-10-03 16:46:14,774 INFO o.a.j.e.StandardJMeterEngine: Starting ThreadGroup: 1 : S2
2026-10-03 16:46:14,774 INFO o.a.j.e.StandardJMeterEngine: Starting 10 threads for group S2.
2026-10-03 16:46:14,774 INFO o.a.j.e.StandardJMeterEngine: Thread will continue on error
2026-10-03 16:46:14,774 INFO o.a.j.t.ThreadGroup: Starting thread group... number=1 threads=10 ramp-up=10 delayedStart=false
2026-10-03 16:46:14,783 INFO o.a.j.t.ThreadGroup: Started thread group number 1
2026-10-03 16:46:14,783 INFO o.a.j.e.StandardJMeterEngine: All thread groups have been started
2026-10-03 16:46:14,784 INFO o.a.j.t.JMeterThread: Thread started: S2 1-1
2026-10-03 16:46:14,784 INFO o.a.j.s.FileServer: Stored: /tests/data/available_menu_items.csv
2026-10-03 16:46:15,782 INFO o.a.j.t.JMeterThread: Thread started: S2 1-2
2026-10-03 16:46:16,781 INFO o.a.j.t.JMeterThread: Thread started: S2 1-3
2026-10-03 16:46:17,781 INFO o.a.j.t.JMeterThread: Thread started: S2 1-4
2026-10-03 16:46:18,781 INFO o.a.j.t.JMeterThread: Thread started: S2 1-5
2026-10-03 16:46:19,778 INFO o.a.j.t.JMeterThread: Thread started: S2 1-6
2026-10-03 16:46:20,779 INFO o.a.j.t.JMeterThread: Thread started: S2 1-7
2026-10-03 16:46:21,778 INFO o.a.j.t.JMeterThread: Thread started: S2 1-8
2026-10-03 16:46:22,778 INFO o.a.j.t.JMeterThread: Thread started: S2 1-9
2026-10-03 16:46:23,777 INFO o.a.j.t.JMeterThread: Thread started: S2 1-10
2026-10-03 16:46:30,002 INFO o.a.j.r.Summariser: summary +   1925 in 00:00:16 =  121.2/s Avg:    55 Min:    15 Max:   202 Err:     0 (0.00%) Active: 10 Started: 10 Finished: 0
2026-10-03 16:46:34,786 INFO o.a.j.t.JMeterThread: Stopping because end time detected by thread: S2 1-3
2026-10-03 16:46:34,787 INFO o.a.j.t.JMeterThread: Thread finished: S2 1-3
2026-10-03 16:46:34,795 INFO o.a.j.t.JMeterThread: Stopping because end time detected by thread: S2 1-8
2026-10-03 16:46:34,795 INFO o.a.j.t.JMeterThread: Thread finished: S2 1-8
2026-10-03 16:46:34,802 INFO o.a.j.t.JMeterThread: Stopping because end time detected by thread: S2 1-7
2026-10-03 16:46:34,802 INFO o.a.j.t.JMeterThread: Thread finished: S2 1-7
2026-10-03 16:46:34,803 INFO o.a.j.t.JMeterThread: Stopping because end time detected by thread: S2 1-6
2026-10-03 16:46:34,803 INFO o.a.j.t.JMeterThread: Thread finished: S2 1-6
2026-10-03 16:46:34,811 INFO o.a.j.t.JMeterThread: Stopping because end time detected by thread: S2 1-9
2026-10-03 16:46:34,811 INFO o.a.j.t.JMeterThread: Thread finished: S2 1-9
2026-10-03 16:46:34,828 INFO o.a.j.t.JMeterThread: Stopping because end time detected by thread: S2 1-4
2026-10-03 16:46:34,828 INFO o.a.j.t.JMeterThread: Thread finished: S2 1-4
2026-10-03 16:46:34,831 INFO o.a.j.t.JMeterThread: Stopping because end time detected by thread: S2 1-10
2026-10-03 16:46:34,831 INFO o.a.j.t.JMeterThread: Thread finished: S2 1-10
2026-10-03 16:46:34,834 INFO o.a.j.t.JMeterThread: Stopping because end time detected by thread: S2 1-1
2026-10-03 16:46:34,834 INFO o.a.j.t.JMeterThread: Thread finished: S2 1-1
2026-10-03 16:46:34,837 INFO o.a.j.t.JMeterThread: Stopping because end time detected by thread: S2 1-2
2026-10-03 16:46:34,837 INFO o.a.j.t.JMeterThread: Thread finished: S2 1-2
2026-10-03 16:46:34,863 INFO o.a.j.t.JMeterThread: Stopping because end time detected by thread: S2 1-5
2026-10-03 16:46:34,863 INFO o.a.j.t.JMeterThread: Thread finished: S2 1-5
2026-10-03 16:46:34,863 INFO o.a.j.e.StandardJMeterEngine: Notifying test listeners of end of test
2026-10-03 16:46:34,863 INFO o.a.j.s.FileServer: Close: /tests/data/available_menu_items.csv
2026-10-03 16:46:34,866 INFO o.a.j.r.Summariser: summary +    506 in 00:00:05 =  104.0/s Avg:    95 Min:    46 Max:   181 Err:     0 (0.00%) Active: 0 Started: 10 Finished: 10
2026-10-03 16:46:34,866 INFO o.a.j.r.Summariser: summary =   2431 in 00:00:21 =  117.2/s Avg:    63 Min:    15 Max:   202 Err:     0 (0.00%)
