2026-10-02 22:45:10,093 INFO o.a.j.u.JMeterUtils: Setting Locale to en_EN
2026-10-02 22:45:10,112 INFO o.a.j.JMeter: Loading user properties from: /opt/jmeter/bin/user.properties
2026-10-02 22:45:10,112 INFO o.a.j.JMeter: Loading system properties from: /opt/jmeter/bin/system.properties
2026-10-02 22:45:10,112 INFO o.a.j.JMeter: Loading additional properties from: /tests/run.properties
2026-10-02 22:45:10,112 INFO o.a.j.JMeter: Loading additional properties from: /tests/data/ranges.properties
2026-10-02 22:45:10,112 INFO o.a.j.JMeter: Setting JMeter property: host=nestjs-nginx
2026-10-02 22:45:10,112 INFO o.a.j.JMeter: Setting JMeter property: port=80
2026-10-02 22:45:10,113 INFO o.a.j.JMeter: Setting JMeter property: rampup=1
2026-10-02 22:45:10,113 INFO o.a.j.JMeter: Setting JMeter property: endpoint=EP5
2026-10-02 22:45:10,113 INFO o.a.j.JMeter: Setting JMeter property: users=10
2026-10-02 22:45:10,113 INFO o.a.j.JMeter: Setting JMeter property: duration=60
2026-10-02 22:45:10,118 INFO o.a.j.JMeter: Copyright (c) 1998-2024 The Apache Software Foundation
2026-10-02 22:45:10,118 INFO o.a.j.JMeter: Version 5.6.3
2026-10-02 22:45:10,118 INFO o.a.j.JMeter: java.version=21.0.12.1
2026-10-02 22:45:10,118 INFO o.a.j.JMeter: java.vm.name=OpenJDK 64-Bit Server VM
2026-10-02 22:45:10,118 INFO o.a.j.JMeter: os.name=Linux
2026-10-02 22:45:10,118 INFO o.a.j.JMeter: os.arch=amd64
2026-10-02 22:45:10,118 INFO o.a.j.JMeter: os.version=6.6.87.2-microsoft-standard-WSL2
2026-10-02 22:45:10,118 INFO o.a.j.JMeter: file.encoding=UTF-8
2026-10-02 22:45:10,118 INFO o.a.j.JMeter: java.awt.headless=true
2026-10-02 22:45:10,118 INFO o.a.j.JMeter: Max memory     =4294967296
2026-10-02 22:45:10,118 INFO o.a.j.JMeter: Available Processors =12
2026-10-02 22:45:10,125 INFO o.a.j.JMeter: Default Locale=English (EN)
2026-10-02 22:45:10,125 INFO o.a.j.JMeter: JMeter  Locale=English (EN)
2026-10-02 22:45:10,125 INFO o.a.j.JMeter: JMeterHome=/opt/jmeter
2026-10-02 22:45:10,125 INFO o.a.j.JMeter: user.dir  =/tests
2026-10-02 22:45:10,125 INFO o.a.j.JMeter: PWD       =/tests
2026-10-02 22:45:10,126 INFO o.a.j.JMeter: IP: 172.19.0.5 Name: a9ab0abba7cd FullName: a9ab0abba7cd
2026-10-02 22:45:10,134 INFO o.a.j.s.FileServer: Default base='/tests'
2026-10-02 22:45:10,136 INFO o.a.j.s.FileServer: Set new base='/tests'
2026-10-02 22:45:10,281 INFO o.a.j.s.SaveService: Testplan (JMX) version: 2.2. Testlog (JTL) version: 2.2
2026-10-02 22:45:10,301 INFO o.a.j.s.SaveService: Using SaveService properties version 5.0
2026-10-02 22:45:10,304 INFO o.a.j.s.SaveService: Using SaveService properties file encoding UTF-8
2026-10-02 22:45:10,306 INFO o.a.j.s.SaveService: Loading file: /tests/s3.jmx
2026-10-02 22:45:10,345 INFO o.a.j.p.h.s.HTTPSamplerBase: Parser for text/html is org.apache.jmeter.protocol.http.parser.LagartoBasedHtmlParser
2026-10-02 22:45:10,345 INFO o.a.j.p.h.s.HTTPSamplerBase: Parser for application/xhtml+xml is org.apache.jmeter.protocol.http.parser.LagartoBasedHtmlParser
2026-10-02 22:45:10,345 INFO o.a.j.p.h.s.HTTPSamplerBase: Parser for application/xml is org.apache.jmeter.protocol.http.parser.LagartoBasedHtmlParser
2026-10-02 22:45:10,345 INFO o.a.j.p.h.s.HTTPSamplerBase: Parser for text/xml is org.apache.jmeter.protocol.http.parser.LagartoBasedHtmlParser
2026-10-02 22:45:10,345 INFO o.a.j.p.h.s.HTTPSamplerBase: Parser for text/vnd.wap.wml is org.apache.jmeter.protocol.http.parser.RegexpHTMLParser
2026-10-02 22:45:10,346 INFO o.a.j.p.h.s.HTTPSamplerBase: Parser for text/css is org.apache.jmeter.protocol.http.parser.CssParser
2026-10-02 22:45:10,382 INFO o.a.j.JMeter: Creating summariser <summary>
2026-10-02 22:45:10,395 INFO o.a.j.e.StandardJMeterEngine: Running the test!
2026-10-02 22:45:10,396 INFO o.a.j.s.SampleEvent: List of sample_variables: []
2026-10-02 22:45:10,396 INFO o.a.j.s.SampleEvent: List of sample_variables: []
2026-10-02 22:45:10,400 INFO o.a.j.e.u.CompoundVariable: Note: Function class names must contain the string: '.functions.'
2026-10-02 22:45:10,400 INFO o.a.j.e.u.CompoundVariable: Note: Function class names must not contain the string: '.gui.'
2026-10-02 22:45:10,596 INFO o.a.j.JMeter: Running test (1790981110596)
2026-10-02 22:45:10,597 INFO o.a.j.e.StandardJMeterEngine: Starting setUp thread groups
2026-10-02 22:45:10,597 INFO o.a.j.e.StandardJMeterEngine: Starting setUp ThreadGroup: 1 : setUp - login 
2026-10-02 22:45:10,598 INFO o.a.j.e.StandardJMeterEngine: Starting 1 threads for group setUp - login.
2026-10-02 22:45:10,598 INFO o.a.j.e.StandardJMeterEngine: Test will stop abruptly on error
2026-10-02 22:45:10,598 INFO o.a.j.t.ThreadGroup: Starting thread group... number=1 threads=1 ramp-up=1 delayedStart=false
2026-10-02 22:45:10,600 INFO o.a.j.t.ThreadGroup: Started thread group number 1
2026-10-02 22:45:10,600 INFO o.a.j.e.StandardJMeterEngine: Waiting for all setup thread groups to exit
2026-10-02 22:45:10,601 INFO o.a.j.t.JMeterThread: Thread started: setUp - login 1-1
2026-10-02 22:45:10,612 INFO o.a.j.p.h.s.HTTPHCAbstractImpl: Local host = a9ab0abba7cd
2026-10-02 22:45:10,616 INFO o.a.j.p.h.s.HTTPHC4Impl: HTTP request retry count = 0
2026-10-02 22:45:10,617 INFO o.a.j.s.SampleResult: Note: Sample TimeStamps are START times
2026-10-02 22:45:10,618 INFO o.a.j.s.SampleResult: sampleresult.default.encoding is set to UTF-8
2026-10-02 22:45:10,618 INFO o.a.j.s.SampleResult: sampleresult.useNanoTime=true
2026-10-02 22:45:10,618 INFO o.a.j.s.SampleResult: sampleresult.nanoThreadSleep=5000
2026-10-02 22:45:11,320 INFO o.a.j.t.JMeterThread: Thread is done: setUp - login 1-1
2026-10-02 22:45:11,321 INFO o.a.j.t.JMeterThread: Thread finished: setUp - login 1-1
2026-10-02 22:45:11,322 INFO o.a.j.e.StandardJMeterEngine: All Setup Threads have ended
2026-10-02 22:45:11,343 INFO o.a.j.e.StandardJMeterEngine: Starting ThreadGroup: 1 : S3
2026-10-02 22:45:11,343 INFO o.a.j.e.StandardJMeterEngine: Starting 10 threads for group S3.
2026-10-02 22:45:11,343 INFO o.a.j.e.StandardJMeterEngine: Thread will continue on error
2026-10-02 22:45:11,343 INFO o.a.j.t.ThreadGroup: Starting thread group... number=1 threads=10 ramp-up=1 delayedStart=false
2026-10-02 22:45:11,346 INFO o.a.j.t.JMeterThread: Thread started: S3 1-1
2026-10-02 22:45:11,352 INFO o.a.j.t.ThreadGroup: Started thread group number 1
2026-10-02 22:45:11,352 INFO o.a.j.e.StandardJMeterEngine: All thread groups have been started
2026-10-02 22:45:11,445 INFO o.a.j.t.JMeterThread: Thread started: S3 1-2
2026-10-02 22:45:11,545 INFO o.a.j.t.JMeterThread: Thread started: S3 1-3
2026-10-02 22:45:11,645 INFO o.a.j.t.JMeterThread: Thread started: S3 1-4
2026-10-02 22:45:11,745 INFO o.a.j.t.JMeterThread: Thread started: S3 1-5
2026-10-02 22:45:11,844 INFO o.a.j.t.JMeterThread: Thread started: S3 1-6
2026-10-02 22:45:11,945 INFO o.a.j.t.JMeterThread: Thread started: S3 1-7
2026-10-02 22:45:12,045 INFO o.a.j.t.JMeterThread: Thread started: S3 1-8
2026-10-02 22:45:12,144 INFO o.a.j.t.JMeterThread: Thread started: S3 1-9
2026-10-02 22:45:12,245 INFO o.a.j.t.JMeterThread: Thread started: S3 1-10
2026-10-02 22:45:30,001 INFO o.a.j.r.Summariser: summary +  66049 in 00:00:19 = 3403.9/s Avg:     2 Min:     1 Max:   278 Err:     0 (0.00%) Active: 10 Started: 10 Finished: 0
2026-10-02 22:46:00,001 INFO o.a.j.r.Summariser: summary + 114516 in 00:00:30 = 3817.2/s Avg:     2 Min:     1 Max:    32 Err:     0 (0.00%) Active: 10 Started: 10 Finished: 0
2026-10-02 22:46:00,001 INFO o.a.j.r.Summariser: summary = 180565 in 00:00:49 = 3654.9/s Avg:     2 Min:     1 Max:   278 Err:     0 (0.00%)
2026-10-02 22:46:11,344 INFO o.a.j.t.JMeterThread: Stopping because end time detected by thread: S3 1-1
2026-10-02 22:46:11,344 INFO o.a.j.t.JMeterThread: Thread finished: S3 1-1
2026-10-02 22:46:11,345 INFO o.a.j.t.JMeterThread: Stopping because end time detected by thread: S3 1-2
2026-10-02 22:46:11,345 INFO o.a.j.t.JMeterThread: Thread finished: S3 1-2
2026-10-02 22:46:11,347 INFO o.a.j.t.JMeterThread: Stopping because end time detected by thread: S3 1-3
2026-10-02 22:46:11,347 INFO o.a.j.t.JMeterThread: Thread finished: S3 1-3
2026-10-02 22:46:11,348 INFO o.a.j.t.JMeterThread: Stopping because end time detected by thread: S3 1-4
2026-10-02 22:46:11,349 INFO o.a.j.t.JMeterThread: Thread finished: S3 1-4
2026-10-02 22:46:11,349 INFO o.a.j.t.JMeterThread: Stopping because end time detected by thread: S3 1-5
2026-10-02 22:46:11,349 INFO o.a.j.t.JMeterThread: Thread finished: S3 1-5
2026-10-02 22:46:11,350 INFO o.a.j.t.JMeterThread: Stopping because end time detected by thread: S3 1-6
2026-10-02 22:46:11,350 INFO o.a.j.t.JMeterThread: Stopping because end time detected by thread: S3 1-7
2026-10-02 22:46:11,350 INFO o.a.j.t.JMeterThread: Thread finished: S3 1-6
2026-10-02 22:46:11,350 INFO o.a.j.t.JMeterThread: Thread finished: S3 1-7
2026-10-02 22:46:11,351 INFO o.a.j.t.JMeterThread: Stopping because end time detected by thread: S3 1-8
2026-10-02 22:46:11,351 INFO o.a.j.t.JMeterThread: Thread finished: S3 1-8
2026-10-02 22:46:11,352 INFO o.a.j.t.JMeterThread: Stopping because end time detected by thread: S3 1-9
2026-10-02 22:46:11,352 INFO o.a.j.t.JMeterThread: Thread finished: S3 1-9
2026-10-02 22:46:11,352 INFO o.a.j.t.JMeterThread: Stopping because end time detected by thread: S3 1-10
2026-10-02 22:46:11,352 INFO o.a.j.t.JMeterThread: Thread finished: S3 1-10
2026-10-02 22:46:11,353 INFO o.a.j.e.StandardJMeterEngine: Notifying test listeners of end of test
2026-10-02 22:46:11,355 INFO o.a.j.r.Summariser: summary +  44890 in 00:00:11 = 3953.7/s Avg:     2 Min:     1 Max:    31 Err:     0 (0.00%) Active: 0 Started: 10 Finished: 10
2026-10-02 22:46:11,355 INFO o.a.j.r.Summariser: summary = 225455 in 00:01:01 = 3710.6/s Avg:     2 Min:     1 Max:   278 Err:     0 (0.00%)
