2026-10-02 22:44:05,079 INFO o.a.j.u.JMeterUtils: Setting Locale to en_EN
2026-10-02 22:44:05,099 INFO o.a.j.JMeter: Loading user properties from: /opt/jmeter/bin/user.properties
2026-10-02 22:44:05,100 INFO o.a.j.JMeter: Loading system properties from: /opt/jmeter/bin/system.properties
2026-10-02 22:44:05,100 INFO o.a.j.JMeter: Loading additional properties from: /tests/run.properties
2026-10-02 22:44:05,100 INFO o.a.j.JMeter: Loading additional properties from: /tests/data/ranges.properties
2026-10-02 22:44:05,100 INFO o.a.j.JMeter: Setting JMeter property: host=nestjs-nginx
2026-10-02 22:44:05,100 INFO o.a.j.JMeter: Setting JMeter property: port=80
2026-10-02 22:44:05,100 INFO o.a.j.JMeter: Setting JMeter property: rampup=1
2026-10-02 22:44:05,100 INFO o.a.j.JMeter: Setting JMeter property: endpoint=EP5
2026-10-02 22:44:05,101 INFO o.a.j.JMeter: Setting JMeter property: users=10
2026-10-02 22:44:05,101 INFO o.a.j.JMeter: Setting JMeter property: duration=60
2026-10-02 22:44:05,106 INFO o.a.j.JMeter: Copyright (c) 1998-2024 The Apache Software Foundation
2026-10-02 22:44:05,106 INFO o.a.j.JMeter: Version 5.6.3
2026-10-02 22:44:05,106 INFO o.a.j.JMeter: java.version=21.0.12.1
2026-10-02 22:44:05,107 INFO o.a.j.JMeter: java.vm.name=OpenJDK 64-Bit Server VM
2026-10-02 22:44:05,107 INFO o.a.j.JMeter: os.name=Linux
2026-10-02 22:44:05,107 INFO o.a.j.JMeter: os.arch=amd64
2026-10-02 22:44:05,107 INFO o.a.j.JMeter: os.version=6.6.87.2-microsoft-standard-WSL2
2026-10-02 22:44:05,107 INFO o.a.j.JMeter: file.encoding=UTF-8
2026-10-02 22:44:05,107 INFO o.a.j.JMeter: java.awt.headless=true
2026-10-02 22:44:05,107 INFO o.a.j.JMeter: Max memory     =4294967296
2026-10-02 22:44:05,107 INFO o.a.j.JMeter: Available Processors =12
2026-10-02 22:44:05,114 INFO o.a.j.JMeter: Default Locale=English (EN)
2026-10-02 22:44:05,114 INFO o.a.j.JMeter: JMeter  Locale=English (EN)
2026-10-02 22:44:05,114 INFO o.a.j.JMeter: JMeterHome=/opt/jmeter
2026-10-02 22:44:05,115 INFO o.a.j.JMeter: user.dir  =/tests
2026-10-02 22:44:05,115 INFO o.a.j.JMeter: PWD       =/tests
2026-10-02 22:44:05,115 INFO o.a.j.JMeter: IP: 172.19.0.5 Name: 91888de3d2f2 FullName: 91888de3d2f2
2026-10-02 22:44:05,125 INFO o.a.j.s.FileServer: Default base='/tests'
2026-10-02 22:44:05,126 INFO o.a.j.s.FileServer: Set new base='/tests'
2026-10-02 22:44:05,269 INFO o.a.j.s.SaveService: Testplan (JMX) version: 2.2. Testlog (JTL) version: 2.2
2026-10-02 22:44:05,289 INFO o.a.j.s.SaveService: Using SaveService properties version 5.0
2026-10-02 22:44:05,292 INFO o.a.j.s.SaveService: Using SaveService properties file encoding UTF-8
2026-10-02 22:44:05,295 INFO o.a.j.s.SaveService: Loading file: /tests/s3.jmx
2026-10-02 22:44:05,333 INFO o.a.j.p.h.s.HTTPSamplerBase: Parser for text/html is org.apache.jmeter.protocol.http.parser.LagartoBasedHtmlParser
2026-10-02 22:44:05,334 INFO o.a.j.p.h.s.HTTPSamplerBase: Parser for application/xhtml+xml is org.apache.jmeter.protocol.http.parser.LagartoBasedHtmlParser
2026-10-02 22:44:05,334 INFO o.a.j.p.h.s.HTTPSamplerBase: Parser for application/xml is org.apache.jmeter.protocol.http.parser.LagartoBasedHtmlParser
2026-10-02 22:44:05,334 INFO o.a.j.p.h.s.HTTPSamplerBase: Parser for text/xml is org.apache.jmeter.protocol.http.parser.LagartoBasedHtmlParser
2026-10-02 22:44:05,334 INFO o.a.j.p.h.s.HTTPSamplerBase: Parser for text/vnd.wap.wml is org.apache.jmeter.protocol.http.parser.RegexpHTMLParser
2026-10-02 22:44:05,334 INFO o.a.j.p.h.s.HTTPSamplerBase: Parser for text/css is org.apache.jmeter.protocol.http.parser.CssParser
2026-10-02 22:44:05,369 INFO o.a.j.JMeter: Creating summariser <summary>
2026-10-02 22:44:05,377 INFO o.a.j.e.StandardJMeterEngine: Running the test!
2026-10-02 22:44:05,378 INFO o.a.j.s.SampleEvent: List of sample_variables: []
2026-10-02 22:44:05,378 INFO o.a.j.s.SampleEvent: List of sample_variables: []
2026-10-02 22:44:05,382 INFO o.a.j.e.u.CompoundVariable: Note: Function class names must contain the string: '.functions.'
2026-10-02 22:44:05,382 INFO o.a.j.e.u.CompoundVariable: Note: Function class names must not contain the string: '.gui.'
2026-10-02 22:44:05,577 INFO o.a.j.JMeter: Running test (1790981045577)
2026-10-02 22:44:05,578 INFO o.a.j.e.StandardJMeterEngine: Starting setUp thread groups
2026-10-02 22:44:05,578 INFO o.a.j.e.StandardJMeterEngine: Starting setUp ThreadGroup: 1 : setUp - login 
2026-10-02 22:44:05,578 INFO o.a.j.e.StandardJMeterEngine: Starting 1 threads for group setUp - login.
2026-10-02 22:44:05,578 INFO o.a.j.e.StandardJMeterEngine: Test will stop abruptly on error
2026-10-02 22:44:05,579 INFO o.a.j.t.ThreadGroup: Starting thread group... number=1 threads=1 ramp-up=1 delayedStart=false
2026-10-02 22:44:05,581 INFO o.a.j.t.ThreadGroup: Started thread group number 1
2026-10-02 22:44:05,581 INFO o.a.j.e.StandardJMeterEngine: Waiting for all setup thread groups to exit
2026-10-02 22:44:05,582 INFO o.a.j.t.JMeterThread: Thread started: setUp - login 1-1
2026-10-02 22:44:05,593 INFO o.a.j.p.h.s.HTTPHCAbstractImpl: Local host = 91888de3d2f2
2026-10-02 22:44:05,597 INFO o.a.j.p.h.s.HTTPHC4Impl: HTTP request retry count = 0
2026-10-02 22:44:05,598 INFO o.a.j.s.SampleResult: Note: Sample TimeStamps are START times
2026-10-02 22:44:05,598 INFO o.a.j.s.SampleResult: sampleresult.default.encoding is set to UTF-8
2026-10-02 22:44:05,598 INFO o.a.j.s.SampleResult: sampleresult.useNanoTime=true
2026-10-02 22:44:05,598 INFO o.a.j.s.SampleResult: sampleresult.nanoThreadSleep=5000
2026-10-02 22:44:06,379 INFO o.a.j.t.JMeterThread: Thread is done: setUp - login 1-1
2026-10-02 22:44:06,379 INFO o.a.j.t.JMeterThread: Thread finished: setUp - login 1-1
2026-10-02 22:44:06,380 INFO o.a.j.e.StandardJMeterEngine: All Setup Threads have ended
2026-10-02 22:44:06,401 INFO o.a.j.e.StandardJMeterEngine: Starting ThreadGroup: 1 : S3
2026-10-02 22:44:06,401 INFO o.a.j.e.StandardJMeterEngine: Starting 10 threads for group S3.
2026-10-02 22:44:06,401 INFO o.a.j.e.StandardJMeterEngine: Thread will continue on error
2026-10-02 22:44:06,402 INFO o.a.j.t.ThreadGroup: Starting thread group... number=1 threads=10 ramp-up=1 delayedStart=false
2026-10-02 22:44:06,404 INFO o.a.j.t.JMeterThread: Thread started: S3 1-1
2026-10-02 22:44:06,410 INFO o.a.j.t.ThreadGroup: Started thread group number 1
2026-10-02 22:44:06,410 INFO o.a.j.e.StandardJMeterEngine: All thread groups have been started
2026-10-02 22:44:06,504 INFO o.a.j.t.JMeterThread: Thread started: S3 1-2
2026-10-02 22:44:06,604 INFO o.a.j.t.JMeterThread: Thread started: S3 1-3
2026-10-02 22:44:06,704 INFO o.a.j.t.JMeterThread: Thread started: S3 1-4
2026-10-02 22:44:06,804 INFO o.a.j.t.JMeterThread: Thread started: S3 1-5
2026-10-02 22:44:06,903 INFO o.a.j.t.JMeterThread: Thread started: S3 1-6
2026-10-02 22:44:07,003 INFO o.a.j.t.JMeterThread: Thread started: S3 1-7
2026-10-02 22:44:07,104 INFO o.a.j.t.JMeterThread: Thread started: S3 1-8
2026-10-02 22:44:07,204 INFO o.a.j.t.JMeterThread: Thread started: S3 1-9
2026-10-02 22:44:07,303 INFO o.a.j.t.JMeterThread: Thread started: S3 1-10
2026-10-02 22:44:30,001 INFO o.a.j.r.Summariser: summary +  73392 in 00:00:24 = 3005.0/s Avg:     2 Min:     1 Max:   301 Err:     0 (0.00%) Active: 10 Started: 10 Finished: 0
2026-10-02 22:45:00,001 INFO o.a.j.r.Summariser: summary + 113399 in 00:00:30 = 3780.0/s Avg:     2 Min:     1 Max:    41 Err:     0 (0.00%) Active: 10 Started: 10 Finished: 0
2026-10-02 22:45:00,001 INFO o.a.j.r.Summariser: summary = 186791 in 00:00:54 = 3432.2/s Avg:     2 Min:     1 Max:   301 Err:     0 (0.00%)
2026-10-02 22:45:06,404 INFO o.a.j.t.JMeterThread: Stopping because end time detected by thread: S3 1-1
2026-10-02 22:45:06,404 INFO o.a.j.t.JMeterThread: Thread finished: S3 1-1
2026-10-02 22:45:06,406 INFO o.a.j.t.JMeterThread: Stopping because end time detected by thread: S3 1-3
2026-10-02 22:45:06,406 INFO o.a.j.t.JMeterThread: Stopping because end time detected by thread: S3 1-2
2026-10-02 22:45:06,406 INFO o.a.j.t.JMeterThread: Stopping because end time detected by thread: S3 1-5
2026-10-02 22:45:06,406 INFO o.a.j.t.JMeterThread: Thread finished: S3 1-2
2026-10-02 22:45:06,406 INFO o.a.j.t.JMeterThread: Thread finished: S3 1-5
2026-10-02 22:45:06,406 INFO o.a.j.t.JMeterThread: Thread finished: S3 1-3
2026-10-02 22:45:06,407 INFO o.a.j.t.JMeterThread: Stopping because end time detected by thread: S3 1-4
2026-10-02 22:45:06,407 INFO o.a.j.t.JMeterThread: Thread finished: S3 1-4
2026-10-02 22:45:06,408 INFO o.a.j.t.JMeterThread: Stopping because end time detected by thread: S3 1-6
2026-10-02 22:45:06,408 INFO o.a.j.t.JMeterThread: Thread finished: S3 1-6
2026-10-02 22:45:06,408 INFO o.a.j.t.JMeterThread: Stopping because end time detected by thread: S3 1-8
2026-10-02 22:45:06,408 INFO o.a.j.t.JMeterThread: Thread finished: S3 1-8
2026-10-02 22:45:06,408 INFO o.a.j.t.JMeterThread: Stopping because end time detected by thread: S3 1-7
2026-10-02 22:45:06,408 INFO o.a.j.t.JMeterThread: Thread finished: S3 1-7
2026-10-02 22:45:06,410 INFO o.a.j.t.JMeterThread: Stopping because end time detected by thread: S3 1-9
2026-10-02 22:45:06,410 INFO o.a.j.t.JMeterThread: Thread finished: S3 1-9
2026-10-02 22:45:06,410 INFO o.a.j.t.JMeterThread: Stopping because end time detected by thread: S3 1-10
2026-10-02 22:45:06,410 INFO o.a.j.t.JMeterThread: Thread finished: S3 1-10
2026-10-02 22:45:06,411 INFO o.a.j.e.StandardJMeterEngine: Notifying test listeners of end of test
2026-10-02 22:45:06,413 INFO o.a.j.r.Summariser: summary +  26711 in 00:00:06 = 4165.1/s Avg:     2 Min:     1 Max:    30 Err:     0 (0.00%) Active: 0 Started: 10 Finished: 10
2026-10-02 22:45:06,414 INFO o.a.j.r.Summariser: summary = 213502 in 00:01:01 = 3509.5/s Avg:     2 Min:     1 Max:   301 Err:     0 (0.00%)
