2026-10-02 23:07:31,238 INFO o.a.j.u.JMeterUtils: Setting Locale to en_EN
2026-10-02 23:07:31,258 INFO o.a.j.JMeter: Loading user properties from: /opt/jmeter/bin/user.properties
2026-10-02 23:07:31,258 INFO o.a.j.JMeter: Loading system properties from: /opt/jmeter/bin/system.properties
2026-10-02 23:07:31,259 INFO o.a.j.JMeter: Loading additional properties from: /tests/run.properties
2026-10-02 23:07:31,259 INFO o.a.j.JMeter: Loading additional properties from: /tests/data/ranges.properties
2026-10-02 23:07:31,259 INFO o.a.j.JMeter: Setting JMeter property: host=laravel-nginx
2026-10-02 23:07:31,259 INFO o.a.j.JMeter: Setting JMeter property: port=80
2026-10-02 23:07:31,259 INFO o.a.j.JMeter: Setting JMeter property: rampup=1
2026-10-02 23:07:31,259 INFO o.a.j.JMeter: Setting JMeter property: endpoint=EP6
2026-10-02 23:07:31,259 INFO o.a.j.JMeter: Setting JMeter property: users=10
2026-10-02 23:07:31,259 INFO o.a.j.JMeter: Setting JMeter property: duration=60
2026-10-02 23:07:31,265 INFO o.a.j.JMeter: Copyright (c) 1998-2024 The Apache Software Foundation
2026-10-02 23:07:31,265 INFO o.a.j.JMeter: Version 5.6.3
2026-10-02 23:07:31,265 INFO o.a.j.JMeter: java.version=21.0.12.1
2026-10-02 23:07:31,265 INFO o.a.j.JMeter: java.vm.name=OpenJDK 64-Bit Server VM
2026-10-02 23:07:31,265 INFO o.a.j.JMeter: os.name=Linux
2026-10-02 23:07:31,266 INFO o.a.j.JMeter: os.arch=amd64
2026-10-02 23:07:31,266 INFO o.a.j.JMeter: os.version=6.6.87.2-microsoft-standard-WSL2
2026-10-02 23:07:31,266 INFO o.a.j.JMeter: file.encoding=UTF-8
2026-10-02 23:07:31,266 INFO o.a.j.JMeter: java.awt.headless=true
2026-10-02 23:07:31,266 INFO o.a.j.JMeter: Max memory     =4294967296
2026-10-02 23:07:31,266 INFO o.a.j.JMeter: Available Processors =12
2026-10-02 23:07:31,272 INFO o.a.j.JMeter: Default Locale=English (EN)
2026-10-02 23:07:31,272 INFO o.a.j.JMeter: JMeter  Locale=English (EN)
2026-10-02 23:07:31,272 INFO o.a.j.JMeter: JMeterHome=/opt/jmeter
2026-10-02 23:07:31,272 INFO o.a.j.JMeter: user.dir  =/tests
2026-10-02 23:07:31,273 INFO o.a.j.JMeter: PWD       =/tests
2026-10-02 23:07:31,273 INFO o.a.j.JMeter: IP: 172.19.0.5 Name: 0997e90e7951 FullName: 0997e90e7951
2026-10-02 23:07:31,282 INFO o.a.j.s.FileServer: Default base='/tests'
2026-10-02 23:07:31,283 INFO o.a.j.s.FileServer: Set new base='/tests'
2026-10-02 23:07:31,427 INFO o.a.j.s.SaveService: Testplan (JMX) version: 2.2. Testlog (JTL) version: 2.2
2026-10-02 23:07:31,448 INFO o.a.j.s.SaveService: Using SaveService properties version 5.0
2026-10-02 23:07:31,450 INFO o.a.j.s.SaveService: Using SaveService properties file encoding UTF-8
2026-10-02 23:07:31,453 INFO o.a.j.s.SaveService: Loading file: /tests/s3.jmx
2026-10-02 23:07:31,491 INFO o.a.j.p.h.s.HTTPSamplerBase: Parser for text/html is org.apache.jmeter.protocol.http.parser.LagartoBasedHtmlParser
2026-10-02 23:07:31,491 INFO o.a.j.p.h.s.HTTPSamplerBase: Parser for application/xhtml+xml is org.apache.jmeter.protocol.http.parser.LagartoBasedHtmlParser
2026-10-02 23:07:31,491 INFO o.a.j.p.h.s.HTTPSamplerBase: Parser for application/xml is org.apache.jmeter.protocol.http.parser.LagartoBasedHtmlParser
2026-10-02 23:07:31,491 INFO o.a.j.p.h.s.HTTPSamplerBase: Parser for text/xml is org.apache.jmeter.protocol.http.parser.LagartoBasedHtmlParser
2026-10-02 23:07:31,491 INFO o.a.j.p.h.s.HTTPSamplerBase: Parser for text/vnd.wap.wml is org.apache.jmeter.protocol.http.parser.RegexpHTMLParser
2026-10-02 23:07:31,491 INFO o.a.j.p.h.s.HTTPSamplerBase: Parser for text/css is org.apache.jmeter.protocol.http.parser.CssParser
2026-10-02 23:07:31,525 INFO o.a.j.JMeter: Creating summariser <summary>
2026-10-02 23:07:31,538 INFO o.a.j.e.StandardJMeterEngine: Running the test!
2026-10-02 23:07:31,538 INFO o.a.j.s.SampleEvent: List of sample_variables: []
2026-10-02 23:07:31,538 INFO o.a.j.s.SampleEvent: List of sample_variables: []
2026-10-02 23:07:31,542 INFO o.a.j.e.u.CompoundVariable: Note: Function class names must contain the string: '.functions.'
2026-10-02 23:07:31,542 INFO o.a.j.e.u.CompoundVariable: Note: Function class names must not contain the string: '.gui.'
2026-10-02 23:07:31,739 INFO o.a.j.JMeter: Running test (1790982451739)
2026-10-02 23:07:31,740 INFO o.a.j.e.StandardJMeterEngine: Starting setUp thread groups
2026-10-02 23:07:31,740 INFO o.a.j.e.StandardJMeterEngine: Starting setUp ThreadGroup: 1 : setUp - login 
2026-10-02 23:07:31,740 INFO o.a.j.e.StandardJMeterEngine: Starting 1 threads for group setUp - login.
2026-10-02 23:07:31,740 INFO o.a.j.e.StandardJMeterEngine: Test will stop abruptly on error
2026-10-02 23:07:31,740 INFO o.a.j.t.ThreadGroup: Starting thread group... number=1 threads=1 ramp-up=1 delayedStart=false
2026-10-02 23:07:31,742 INFO o.a.j.t.ThreadGroup: Started thread group number 1
2026-10-02 23:07:31,743 INFO o.a.j.e.StandardJMeterEngine: Waiting for all setup thread groups to exit
2026-10-02 23:07:31,744 INFO o.a.j.t.JMeterThread: Thread started: setUp - login 1-1
2026-10-02 23:07:31,753 INFO o.a.j.p.h.s.HTTPHCAbstractImpl: Local host = 0997e90e7951
2026-10-02 23:07:31,757 INFO o.a.j.p.h.s.HTTPHC4Impl: HTTP request retry count = 0
2026-10-02 23:07:31,758 INFO o.a.j.s.SampleResult: Note: Sample TimeStamps are START times
2026-10-02 23:07:31,758 INFO o.a.j.s.SampleResult: sampleresult.default.encoding is set to UTF-8
2026-10-02 23:07:31,758 INFO o.a.j.s.SampleResult: sampleresult.useNanoTime=true
2026-10-02 23:07:31,758 INFO o.a.j.s.SampleResult: sampleresult.nanoThreadSleep=5000
2026-10-02 23:07:32,378 INFO o.a.j.r.Summariser: summary +      1 in 00:00:01 =    1.6/s Avg:   197 Min:   197 Max:   197 Err:     0 (0.00%) Active: 1 Started: 1 Finished: 0
2026-10-02 23:07:32,378 INFO o.a.j.t.JMeterThread: Thread is done: setUp - login 1-1
2026-10-02 23:07:32,378 INFO o.a.j.t.JMeterThread: Thread finished: setUp - login 1-1
2026-10-02 23:07:32,379 INFO o.a.j.e.StandardJMeterEngine: All Setup Threads have ended
2026-10-02 23:07:32,401 INFO o.a.j.e.StandardJMeterEngine: Starting ThreadGroup: 1 : S3
2026-10-02 23:07:32,401 INFO o.a.j.e.StandardJMeterEngine: Starting 10 threads for group S3.
2026-10-02 23:07:32,401 INFO o.a.j.e.StandardJMeterEngine: Thread will continue on error
2026-10-02 23:07:32,401 INFO o.a.j.t.ThreadGroup: Starting thread group... number=1 threads=10 ramp-up=1 delayedStart=false
2026-10-02 23:07:32,404 INFO o.a.j.t.JMeterThread: Thread started: S3 1-1
2026-10-02 23:07:32,409 INFO o.a.j.t.ThreadGroup: Started thread group number 1
2026-10-02 23:07:32,409 INFO o.a.j.e.StandardJMeterEngine: All thread groups have been started
2026-10-02 23:07:32,503 INFO o.a.j.t.JMeterThread: Thread started: S3 1-2
2026-10-02 23:07:32,603 INFO o.a.j.t.JMeterThread: Thread started: S3 1-3
2026-10-02 23:07:32,702 INFO o.a.j.t.JMeterThread: Thread started: S3 1-4
2026-10-02 23:07:32,803 INFO o.a.j.t.JMeterThread: Thread started: S3 1-5
2026-10-02 23:07:32,902 INFO o.a.j.t.JMeterThread: Thread started: S3 1-6
2026-10-02 23:07:33,002 INFO o.a.j.t.JMeterThread: Thread started: S3 1-7
2026-10-02 23:07:33,102 INFO o.a.j.t.JMeterThread: Thread started: S3 1-8
2026-10-02 23:07:33,202 INFO o.a.j.t.JMeterThread: Thread started: S3 1-9
2026-10-02 23:07:33,303 INFO o.a.j.t.JMeterThread: Thread started: S3 1-10
2026-10-02 23:08:00,042 INFO o.a.j.r.Summariser: summary +    773 in 00:00:28 =   27.9/s Avg:   333 Min:   117 Max:   480 Err:     0 (0.00%) Active: 10 Started: 10 Finished: 0
2026-10-02 23:08:00,043 INFO o.a.j.r.Summariser: summary =    774 in 00:00:28 =   27.3/s Avg:   333 Min:   117 Max:   480 Err:     0 (0.00%)
2026-10-02 23:08:30,004 INFO o.a.j.r.Summariser: summary +    816 in 00:00:30 =   27.2/s Avg:   351 Min:   244 Max:   586 Err:     0 (0.00%) Active: 10 Started: 10 Finished: 0
2026-10-02 23:08:30,004 INFO o.a.j.r.Summariser: summary =   1590 in 00:00:58 =   27.3/s Avg:   342 Min:   117 Max:   586 Err:     0 (0.00%)
2026-10-02 23:08:32,457 INFO o.a.j.t.JMeterThread: Stopping because end time detected by thread: S3 1-10
2026-10-02 23:08:32,458 INFO o.a.j.t.JMeterThread: Thread finished: S3 1-10
2026-10-02 23:08:32,493 INFO o.a.j.t.JMeterThread: Stopping because end time detected by thread: S3 1-8
2026-10-02 23:08:32,493 INFO o.a.j.t.JMeterThread: Thread finished: S3 1-8
2026-10-02 23:08:32,525 INFO o.a.j.t.JMeterThread: Stopping because end time detected by thread: S3 1-7
2026-10-02 23:08:32,525 INFO o.a.j.t.JMeterThread: Thread finished: S3 1-7
2026-10-02 23:08:32,535 INFO o.a.j.t.JMeterThread: Stopping because end time detected by thread: S3 1-6
2026-10-02 23:08:32,535 INFO o.a.j.t.JMeterThread: Thread finished: S3 1-6
2026-10-02 23:08:32,581 INFO o.a.j.t.JMeterThread: Stopping because end time detected by thread: S3 1-1
2026-10-02 23:08:32,582 INFO o.a.j.t.JMeterThread: Thread finished: S3 1-1
2026-10-02 23:08:32,623 INFO o.a.j.t.JMeterThread: Stopping because end time detected by thread: S3 1-2
2026-10-02 23:08:32,623 INFO o.a.j.t.JMeterThread: Thread finished: S3 1-2
2026-10-02 23:08:32,643 INFO o.a.j.t.JMeterThread: Stopping because end time detected by thread: S3 1-5
2026-10-02 23:08:32,643 INFO o.a.j.t.JMeterThread: Thread finished: S3 1-5
2026-10-02 23:08:32,666 INFO o.a.j.t.JMeterThread: Stopping because end time detected by thread: S3 1-4
2026-10-02 23:08:32,666 INFO o.a.j.t.JMeterThread: Thread finished: S3 1-4
2026-10-02 23:08:32,703 INFO o.a.j.t.JMeterThread: Stopping because end time detected by thread: S3 1-3
2026-10-02 23:08:32,703 INFO o.a.j.t.JMeterThread: Thread finished: S3 1-3
2026-10-02 23:08:32,739 INFO o.a.j.t.JMeterThread: Stopping because end time detected by thread: S3 1-9
2026-10-02 23:08:32,739 INFO o.a.j.t.JMeterThread: Thread finished: S3 1-9
2026-10-02 23:08:32,740 INFO o.a.j.e.StandardJMeterEngine: Notifying test listeners of end of test
2026-10-02 23:08:32,742 INFO o.a.j.r.Summariser: summary +     76 in 00:00:03 =   27.7/s Avg:   364 Min:   252 Max:   578 Err:     0 (0.00%) Active: 0 Started: 10 Finished: 10
2026-10-02 23:08:32,742 INFO o.a.j.r.Summariser: summary =   1666 in 00:01:01 =   27.3/s Avg:   343 Min:   117 Max:   586 Err:     0 (0.00%)
