2026-10-02 23:06:26,243 INFO o.a.j.u.JMeterUtils: Setting Locale to en_EN
2026-10-02 23:06:26,283 INFO o.a.j.JMeter: Loading user properties from: /opt/jmeter/bin/user.properties
2026-10-02 23:06:26,284 INFO o.a.j.JMeter: Loading system properties from: /opt/jmeter/bin/system.properties
2026-10-02 23:06:26,284 INFO o.a.j.JMeter: Loading additional properties from: /tests/run.properties
2026-10-02 23:06:26,284 INFO o.a.j.JMeter: Loading additional properties from: /tests/data/ranges.properties
2026-10-02 23:06:26,284 INFO o.a.j.JMeter: Setting JMeter property: host=laravel-nginx
2026-10-02 23:06:26,284 INFO o.a.j.JMeter: Setting JMeter property: port=80
2026-10-02 23:06:26,284 INFO o.a.j.JMeter: Setting JMeter property: rampup=1
2026-10-02 23:06:26,285 INFO o.a.j.JMeter: Setting JMeter property: endpoint=EP6
2026-10-02 23:06:26,285 INFO o.a.j.JMeter: Setting JMeter property: users=10
2026-10-02 23:06:26,285 INFO o.a.j.JMeter: Setting JMeter property: duration=60
2026-10-02 23:06:26,300 INFO o.a.j.JMeter: Copyright (c) 1998-2024 The Apache Software Foundation
2026-10-02 23:06:26,300 INFO o.a.j.JMeter: Version 5.6.3
2026-10-02 23:06:26,300 INFO o.a.j.JMeter: java.version=21.0.12.1
2026-10-02 23:06:26,301 INFO o.a.j.JMeter: java.vm.name=OpenJDK 64-Bit Server VM
2026-10-02 23:06:26,301 INFO o.a.j.JMeter: os.name=Linux
2026-10-02 23:06:26,301 INFO o.a.j.JMeter: os.arch=amd64
2026-10-02 23:06:26,301 INFO o.a.j.JMeter: os.version=6.6.87.2-microsoft-standard-WSL2
2026-10-02 23:06:26,301 INFO o.a.j.JMeter: file.encoding=UTF-8
2026-10-02 23:06:26,301 INFO o.a.j.JMeter: java.awt.headless=true
2026-10-02 23:06:26,301 INFO o.a.j.JMeter: Max memory     =4294967296
2026-10-02 23:06:26,301 INFO o.a.j.JMeter: Available Processors =12
2026-10-02 23:06:26,313 INFO o.a.j.JMeter: Default Locale=English (EN)
2026-10-02 23:06:26,313 INFO o.a.j.JMeter: JMeter  Locale=English (EN)
2026-10-02 23:06:26,313 INFO o.a.j.JMeter: JMeterHome=/opt/jmeter
2026-10-02 23:06:26,314 INFO o.a.j.JMeter: user.dir  =/tests
2026-10-02 23:06:26,314 INFO o.a.j.JMeter: PWD       =/tests
2026-10-02 23:06:26,314 INFO o.a.j.JMeter: IP: 172.19.0.5 Name: 8780620d25ab FullName: 8780620d25ab
2026-10-02 23:06:26,324 INFO o.a.j.s.FileServer: Default base='/tests'
2026-10-02 23:06:26,325 INFO o.a.j.s.FileServer: Set new base='/tests'
2026-10-02 23:06:26,500 INFO o.a.j.s.SaveService: Testplan (JMX) version: 2.2. Testlog (JTL) version: 2.2
2026-10-02 23:06:26,522 INFO o.a.j.s.SaveService: Using SaveService properties version 5.0
2026-10-02 23:06:26,524 INFO o.a.j.s.SaveService: Using SaveService properties file encoding UTF-8
2026-10-02 23:06:26,528 INFO o.a.j.s.SaveService: Loading file: /tests/s3.jmx
2026-10-02 23:06:26,572 INFO o.a.j.p.h.s.HTTPSamplerBase: Parser for text/html is org.apache.jmeter.protocol.http.parser.LagartoBasedHtmlParser
2026-10-02 23:06:26,572 INFO o.a.j.p.h.s.HTTPSamplerBase: Parser for application/xhtml+xml is org.apache.jmeter.protocol.http.parser.LagartoBasedHtmlParser
2026-10-02 23:06:26,573 INFO o.a.j.p.h.s.HTTPSamplerBase: Parser for application/xml is org.apache.jmeter.protocol.http.parser.LagartoBasedHtmlParser
2026-10-02 23:06:26,573 INFO o.a.j.p.h.s.HTTPSamplerBase: Parser for text/xml is org.apache.jmeter.protocol.http.parser.LagartoBasedHtmlParser
2026-10-02 23:06:26,573 INFO o.a.j.p.h.s.HTTPSamplerBase: Parser for text/vnd.wap.wml is org.apache.jmeter.protocol.http.parser.RegexpHTMLParser
2026-10-02 23:06:26,573 INFO o.a.j.p.h.s.HTTPSamplerBase: Parser for text/css is org.apache.jmeter.protocol.http.parser.CssParser
2026-10-02 23:06:26,611 INFO o.a.j.JMeter: Creating summariser <summary>
2026-10-02 23:06:26,622 INFO o.a.j.e.StandardJMeterEngine: Running the test!
2026-10-02 23:06:26,622 INFO o.a.j.s.SampleEvent: List of sample_variables: []
2026-10-02 23:06:26,622 INFO o.a.j.s.SampleEvent: List of sample_variables: []
2026-10-02 23:06:26,626 INFO o.a.j.e.u.CompoundVariable: Note: Function class names must contain the string: '.functions.'
2026-10-02 23:06:26,626 INFO o.a.j.e.u.CompoundVariable: Note: Function class names must not contain the string: '.gui.'
2026-10-02 23:06:26,833 INFO o.a.j.JMeter: Running test (1790982386833)
2026-10-02 23:06:26,836 INFO o.a.j.e.StandardJMeterEngine: Starting setUp thread groups
2026-10-02 23:06:26,836 INFO o.a.j.e.StandardJMeterEngine: Starting setUp ThreadGroup: 1 : setUp - login 
2026-10-02 23:06:26,836 INFO o.a.j.e.StandardJMeterEngine: Starting 1 threads for group setUp - login.
2026-10-02 23:06:26,836 INFO o.a.j.e.StandardJMeterEngine: Test will stop abruptly on error
2026-10-02 23:06:26,836 INFO o.a.j.t.ThreadGroup: Starting thread group... number=1 threads=1 ramp-up=1 delayedStart=false
2026-10-02 23:06:26,839 INFO o.a.j.t.ThreadGroup: Started thread group number 1
2026-10-02 23:06:26,839 INFO o.a.j.e.StandardJMeterEngine: Waiting for all setup thread groups to exit
2026-10-02 23:06:26,840 INFO o.a.j.t.JMeterThread: Thread started: setUp - login 1-1
2026-10-02 23:06:26,851 INFO o.a.j.p.h.s.HTTPHCAbstractImpl: Local host = 8780620d25ab
2026-10-02 23:06:26,856 INFO o.a.j.p.h.s.HTTPHC4Impl: HTTP request retry count = 0
2026-10-02 23:06:26,857 INFO o.a.j.s.SampleResult: Note: Sample TimeStamps are START times
2026-10-02 23:06:26,857 INFO o.a.j.s.SampleResult: sampleresult.default.encoding is set to UTF-8
2026-10-02 23:06:26,857 INFO o.a.j.s.SampleResult: sampleresult.useNanoTime=true
2026-10-02 23:06:26,857 INFO o.a.j.s.SampleResult: sampleresult.nanoThreadSleep=5000
2026-10-02 23:06:27,650 INFO o.a.j.t.JMeterThread: Thread is done: setUp - login 1-1
2026-10-02 23:06:27,651 INFO o.a.j.t.JMeterThread: Thread finished: setUp - login 1-1
2026-10-02 23:06:27,651 INFO o.a.j.e.StandardJMeterEngine: All Setup Threads have ended
2026-10-02 23:06:27,672 INFO o.a.j.e.StandardJMeterEngine: Starting ThreadGroup: 1 : S3
2026-10-02 23:06:27,672 INFO o.a.j.e.StandardJMeterEngine: Starting 10 threads for group S3.
2026-10-02 23:06:27,672 INFO o.a.j.e.StandardJMeterEngine: Thread will continue on error
2026-10-02 23:06:27,673 INFO o.a.j.t.ThreadGroup: Starting thread group... number=1 threads=10 ramp-up=1 delayedStart=false
2026-10-02 23:06:27,675 INFO o.a.j.t.JMeterThread: Thread started: S3 1-1
2026-10-02 23:06:27,681 INFO o.a.j.t.ThreadGroup: Started thread group number 1
2026-10-02 23:06:27,681 INFO o.a.j.e.StandardJMeterEngine: All thread groups have been started
2026-10-02 23:06:27,775 INFO o.a.j.t.JMeterThread: Thread started: S3 1-2
2026-10-02 23:06:27,875 INFO o.a.j.t.JMeterThread: Thread started: S3 1-3
2026-10-02 23:06:27,974 INFO o.a.j.t.JMeterThread: Thread started: S3 1-4
2026-10-02 23:06:28,074 INFO o.a.j.t.JMeterThread: Thread started: S3 1-5
2026-10-02 23:06:28,174 INFO o.a.j.t.JMeterThread: Thread started: S3 1-6
2026-10-02 23:06:28,274 INFO o.a.j.t.JMeterThread: Thread started: S3 1-7
2026-10-02 23:06:28,374 INFO o.a.j.t.JMeterThread: Thread started: S3 1-8
2026-10-02 23:06:28,474 INFO o.a.j.t.JMeterThread: Thread started: S3 1-9
2026-10-02 23:06:28,574 INFO o.a.j.t.JMeterThread: Thread started: S3 1-10
2026-10-02 23:06:30,011 INFO o.a.j.r.Summariser: summary +     61 in 00:00:03 =   19.2/s Avg:   287 Min:   125 Max:   433 Err:     0 (0.00%) Active: 10 Started: 10 Finished: 0
2026-10-02 23:07:00,034 INFO o.a.j.r.Summariser: summary +    806 in 00:00:30 =   26.8/s Avg:   356 Min:   252 Max:   563 Err:     0 (0.00%) Active: 10 Started: 10 Finished: 0
2026-10-02 23:07:00,035 INFO o.a.j.r.Summariser: summary =    867 in 00:00:33 =   26.1/s Avg:   351 Min:   125 Max:   563 Err:     0 (0.00%)
2026-10-02 23:07:27,693 INFO o.a.j.t.JMeterThread: Stopping because end time detected by thread: S3 1-1
2026-10-02 23:07:27,693 INFO o.a.j.t.JMeterThread: Thread finished: S3 1-1
2026-10-02 23:07:27,722 INFO o.a.j.t.JMeterThread: Stopping because end time detected by thread: S3 1-5
2026-10-02 23:07:27,723 INFO o.a.j.t.JMeterThread: Thread finished: S3 1-5
2026-10-02 23:07:27,738 INFO o.a.j.t.JMeterThread: Stopping because end time detected by thread: S3 1-6
2026-10-02 23:07:27,738 INFO o.a.j.t.JMeterThread: Thread finished: S3 1-6
2026-10-02 23:07:27,740 INFO o.a.j.t.JMeterThread: Stopping because end time detected by thread: S3 1-8
2026-10-02 23:07:27,740 INFO o.a.j.t.JMeterThread: Thread finished: S3 1-8
2026-10-02 23:07:27,816 INFO o.a.j.t.JMeterThread: Stopping because end time detected by thread: S3 1-3
2026-10-02 23:07:27,816 INFO o.a.j.t.JMeterThread: Thread finished: S3 1-3
2026-10-02 23:07:27,839 INFO o.a.j.t.JMeterThread: Stopping because end time detected by thread: S3 1-9
2026-10-02 23:07:27,839 INFO o.a.j.t.JMeterThread: Thread finished: S3 1-9
2026-10-02 23:07:27,861 INFO o.a.j.t.JMeterThread: Stopping because end time detected by thread: S3 1-7
2026-10-02 23:07:27,861 INFO o.a.j.t.JMeterThread: Thread finished: S3 1-7
2026-10-02 23:07:27,871 INFO o.a.j.t.JMeterThread: Stopping because end time detected by thread: S3 1-4
2026-10-02 23:07:27,871 INFO o.a.j.t.JMeterThread: Thread finished: S3 1-4
2026-10-02 23:07:27,940 INFO o.a.j.t.JMeterThread: Stopping because end time detected by thread: S3 1-2
2026-10-02 23:07:27,940 INFO o.a.j.t.JMeterThread: Thread finished: S3 1-2
2026-10-02 23:07:27,959 INFO o.a.j.t.JMeterThread: Stopping because end time detected by thread: S3 1-10
2026-10-02 23:07:27,959 INFO o.a.j.t.JMeterThread: Thread finished: S3 1-10
2026-10-02 23:07:27,960 INFO o.a.j.e.StandardJMeterEngine: Notifying test listeners of end of test
2026-10-02 23:07:27,962 INFO o.a.j.r.Summariser: summary +    772 in 00:00:28 =   27.6/s Avg:   346 Min:   247 Max:   483 Err:     0 (0.00%) Active: 0 Started: 10 Finished: 10
2026-10-02 23:07:27,962 INFO o.a.j.r.Summariser: summary =   1639 in 00:01:01 =   26.8/s Avg:   349 Min:   125 Max:   563 Err:     0 (0.00%)
