2026-10-07 19:58:18,907 INFO o.a.j.u.JMeterUtils: Setting Locale to en_EN
2026-10-07 19:58:18,935 INFO o.a.j.JMeter: Loading user properties from: /opt/jmeter/bin/user.properties
2026-10-07 19:58:18,935 INFO o.a.j.JMeter: Loading system properties from: /opt/jmeter/bin/system.properties
2026-10-07 19:58:18,936 INFO o.a.j.JMeter: Loading additional properties from: /tests/run.properties
2026-10-07 19:58:18,936 INFO o.a.j.JMeter: Loading additional properties from: /tests/data/ranges.properties
2026-10-07 19:58:18,936 INFO o.a.j.JMeter: Setting JMeter property: host=nestjs-nginx
2026-10-07 19:58:18,936 INFO o.a.j.JMeter: Setting JMeter property: port=80
2026-10-07 19:58:18,937 INFO o.a.j.JMeter: Setting JMeter property: rampup=10
2026-10-07 19:58:18,937 INFO o.a.j.JMeter: Setting JMeter property: endpoint=EP6
2026-10-07 19:58:18,937 INFO o.a.j.JMeter: Setting JMeter property: users=2
2026-10-07 19:58:18,937 INFO o.a.j.JMeter: Setting JMeter property: duration=60
2026-10-07 19:58:18,944 INFO o.a.j.JMeter: Copyright (c) 1998-2024 The Apache Software Foundation
2026-10-07 19:58:18,944 INFO o.a.j.JMeter: Version 5.6.3
2026-10-07 19:58:18,944 INFO o.a.j.JMeter: java.version=21.0.12.1
2026-10-07 19:58:18,944 INFO o.a.j.JMeter: java.vm.name=OpenJDK 64-Bit Server VM
2026-10-07 19:58:18,944 INFO o.a.j.JMeter: os.name=Linux
2026-10-07 19:58:18,944 INFO o.a.j.JMeter: os.arch=amd64
2026-10-07 19:58:18,944 INFO o.a.j.JMeter: os.version=6.6.87.2-microsoft-standard-WSL2
2026-10-07 19:58:18,944 INFO o.a.j.JMeter: file.encoding=UTF-8
2026-10-07 19:58:18,944 INFO o.a.j.JMeter: java.awt.headless=true
2026-10-07 19:58:18,945 INFO o.a.j.JMeter: Max memory     =4294967296
2026-10-07 19:58:18,945 INFO o.a.j.JMeter: Available Processors =12
2026-10-07 19:58:18,954 INFO o.a.j.JMeter: Default Locale=English (EN)
2026-10-07 19:58:18,955 INFO o.a.j.JMeter: JMeter  Locale=English (EN)
2026-10-07 19:58:18,955 INFO o.a.j.JMeter: JMeterHome=/opt/jmeter
2026-10-07 19:58:18,955 INFO o.a.j.JMeter: user.dir  =/tests
2026-10-07 19:58:18,955 INFO o.a.j.JMeter: PWD       =/tests
2026-10-07 19:58:18,955 INFO o.a.j.JMeter: IP: 172.19.0.5 Name: f8c0d12410b8 FullName: f8c0d12410b8
2026-10-07 19:58:18,967 INFO o.a.j.s.FileServer: Default base='/tests'
2026-10-07 19:58:18,968 INFO o.a.j.s.FileServer: Set new base='/tests'
2026-10-07 19:58:19,139 INFO o.a.j.s.SaveService: Testplan (JMX) version: 2.2. Testlog (JTL) version: 2.2
2026-10-07 19:58:19,165 INFO o.a.j.s.SaveService: Using SaveService properties version 5.0
2026-10-07 19:58:19,168 INFO o.a.j.s.SaveService: Using SaveService properties file encoding UTF-8
2026-10-07 19:58:19,171 INFO o.a.j.s.SaveService: Loading file: /tests/s3.jmx
2026-10-07 19:58:19,217 INFO o.a.j.p.h.s.HTTPSamplerBase: Parser for text/html is org.apache.jmeter.protocol.http.parser.LagartoBasedHtmlParser
2026-10-07 19:58:19,217 INFO o.a.j.p.h.s.HTTPSamplerBase: Parser for application/xhtml+xml is org.apache.jmeter.protocol.http.parser.LagartoBasedHtmlParser
2026-10-07 19:58:19,217 INFO o.a.j.p.h.s.HTTPSamplerBase: Parser for application/xml is org.apache.jmeter.protocol.http.parser.LagartoBasedHtmlParser
2026-10-07 19:58:19,217 INFO o.a.j.p.h.s.HTTPSamplerBase: Parser for text/xml is org.apache.jmeter.protocol.http.parser.LagartoBasedHtmlParser
2026-10-07 19:58:19,217 INFO o.a.j.p.h.s.HTTPSamplerBase: Parser for text/vnd.wap.wml is org.apache.jmeter.protocol.http.parser.RegexpHTMLParser
2026-10-07 19:58:19,218 INFO o.a.j.p.h.s.HTTPSamplerBase: Parser for text/css is org.apache.jmeter.protocol.http.parser.CssParser
2026-10-07 19:58:19,259 INFO o.a.j.JMeter: Creating summariser <summary>
2026-10-07 19:58:19,275 INFO o.a.j.e.StandardJMeterEngine: Running the test!
2026-10-07 19:58:19,275 INFO o.a.j.s.SampleEvent: List of sample_variables: []
2026-10-07 19:58:19,275 INFO o.a.j.s.SampleEvent: List of sample_variables: []
2026-10-07 19:58:19,280 INFO o.a.j.e.u.CompoundVariable: Note: Function class names must contain the string: '.functions.'
2026-10-07 19:58:19,280 INFO o.a.j.e.u.CompoundVariable: Note: Function class names must not contain the string: '.gui.'
2026-10-07 19:58:19,495 INFO o.a.j.JMeter: Running test (1791403099495)
2026-10-07 19:58:19,496 INFO o.a.j.e.StandardJMeterEngine: Starting setUp thread groups
2026-10-07 19:58:19,497 INFO o.a.j.e.StandardJMeterEngine: Starting setUp ThreadGroup: 1 : setUp - login 
2026-10-07 19:58:19,497 INFO o.a.j.e.StandardJMeterEngine: Starting 1 threads for group setUp - login.
2026-10-07 19:58:19,497 INFO o.a.j.e.StandardJMeterEngine: Test will stop abruptly on error
2026-10-07 19:58:19,497 INFO o.a.j.t.ThreadGroup: Starting thread group... number=1 threads=1 ramp-up=1 delayedStart=false
2026-10-07 19:58:19,499 INFO o.a.j.t.ThreadGroup: Started thread group number 1
2026-10-07 19:58:19,500 INFO o.a.j.e.StandardJMeterEngine: Waiting for all setup thread groups to exit
2026-10-07 19:58:19,501 INFO o.a.j.t.JMeterThread: Thread started: setUp - login 1-1
2026-10-07 19:58:19,511 INFO o.a.j.p.h.s.HTTPHCAbstractImpl: Local host = f8c0d12410b8
2026-10-07 19:58:19,516 INFO o.a.j.p.h.s.HTTPHC4Impl: HTTP request retry count = 0
2026-10-07 19:58:19,517 INFO o.a.j.s.SampleResult: Note: Sample TimeStamps are START times
2026-10-07 19:58:19,517 INFO o.a.j.s.SampleResult: sampleresult.default.encoding is set to UTF-8
2026-10-07 19:58:19,517 INFO o.a.j.s.SampleResult: sampleresult.useNanoTime=true
2026-10-07 19:58:19,517 INFO o.a.j.s.SampleResult: sampleresult.nanoThreadSleep=5000
2026-10-07 19:58:20,238 INFO o.a.j.t.JMeterThread: Thread is done: setUp - login 1-1
2026-10-07 19:58:20,239 INFO o.a.j.t.JMeterThread: Thread finished: setUp - login 1-1
2026-10-07 19:58:20,239 INFO o.a.j.e.StandardJMeterEngine: All Setup Threads have ended
2026-10-07 19:58:20,262 INFO o.a.j.e.StandardJMeterEngine: Starting ThreadGroup: 1 : S3
2026-10-07 19:58:20,262 INFO o.a.j.e.StandardJMeterEngine: Starting 2 threads for group S3.
2026-10-07 19:58:20,262 INFO o.a.j.e.StandardJMeterEngine: Thread will continue on error
2026-10-07 19:58:20,262 INFO o.a.j.t.ThreadGroup: Starting thread group... number=1 threads=2 ramp-up=10 delayedStart=false
2026-10-07 19:58:20,265 INFO o.a.j.t.JMeterThread: Thread started: S3 1-1
2026-10-07 19:58:20,265 INFO o.a.j.t.ThreadGroup: Started thread group number 1
2026-10-07 19:58:20,265 INFO o.a.j.e.StandardJMeterEngine: All thread groups have been started
2026-10-07 19:58:25,266 INFO o.a.j.t.JMeterThread: Thread started: S3 1-2
2026-10-07 19:58:30,053 INFO o.a.j.r.Summariser: summary +    110 in 00:00:11 =   10.4/s Avg:   133 Min:   112 Max:   285 Err:     0 (0.00%) Active: 2 Started: 2 Finished: 0
2026-10-07 19:59:00,098 INFO o.a.j.r.Summariser: summary +    455 in 00:00:30 =   15.1/s Avg:   131 Min:   108 Max:   261 Err:     0 (0.00%) Active: 2 Started: 2 Finished: 0
2026-10-07 19:59:00,098 INFO o.a.j.r.Summariser: summary =    565 in 00:00:41 =   13.9/s Avg:   131 Min:   108 Max:   285 Err:     0 (0.00%)
2026-10-07 19:59:20,344 INFO o.a.j.t.JMeterThread: Stopping because end time detected by thread: S3 1-2
2026-10-07 19:59:20,344 INFO o.a.j.t.JMeterThread: Thread finished: S3 1-2
2026-10-07 19:59:20,388 INFO o.a.j.t.JMeterThread: Stopping because end time detected by thread: S3 1-1
2026-10-07 19:59:20,388 INFO o.a.j.t.JMeterThread: Thread finished: S3 1-1
2026-10-07 19:59:20,388 INFO o.a.j.e.StandardJMeterEngine: Notifying test listeners of end of test
2026-10-07 19:59:20,391 INFO o.a.j.r.Summariser: summary +    318 in 00:00:20 =   15.7/s Avg:   126 Min:   111 Max:   207 Err:     0 (0.00%) Active: 0 Started: 2 Finished: 2
2026-10-07 19:59:20,391 INFO o.a.j.r.Summariser: summary =    883 in 00:01:01 =   14.5/s Avg:   129 Min:   108 Max:   285 Err:     0 (0.00%)
