2026-10-05 19:54:49,546 INFO o.a.j.u.JMeterUtils: Setting Locale to en_EN
2026-10-05 19:54:49,569 INFO o.a.j.JMeter: Loading user properties from: /opt/jmeter/bin/user.properties
2026-10-05 19:54:49,569 INFO o.a.j.JMeter: Loading system properties from: /opt/jmeter/bin/system.properties
2026-10-05 19:54:49,569 INFO o.a.j.JMeter: Loading additional properties from: /tests/run.properties
2026-10-05 19:54:49,570 INFO o.a.j.JMeter: Loading additional properties from: /tests/data/ranges.properties
2026-10-05 19:54:49,570 INFO o.a.j.JMeter: Setting JMeter property: host=nestjs-nginx
2026-10-05 19:54:49,570 INFO o.a.j.JMeter: Setting JMeter property: port=80
2026-10-05 19:54:49,570 INFO o.a.j.JMeter: Setting JMeter property: rampup=1
2026-10-05 19:54:49,570 INFO o.a.j.JMeter: Setting JMeter property: endpoint=EP2
2026-10-05 19:54:49,570 INFO o.a.j.JMeter: Setting JMeter property: users=2
2026-10-05 19:54:49,570 INFO o.a.j.JMeter: Setting JMeter property: duration=60
2026-10-05 19:54:49,575 INFO o.a.j.JMeter: Copyright (c) 1998-2024 The Apache Software Foundation
2026-10-05 19:54:49,576 INFO o.a.j.JMeter: Version 5.6.3
2026-10-05 19:54:49,576 INFO o.a.j.JMeter: java.version=21.0.12.1
2026-10-05 19:54:49,576 INFO o.a.j.JMeter: java.vm.name=OpenJDK 64-Bit Server VM
2026-10-05 19:54:49,576 INFO o.a.j.JMeter: os.name=Linux
2026-10-05 19:54:49,576 INFO o.a.j.JMeter: os.arch=amd64
2026-10-05 19:54:49,576 INFO o.a.j.JMeter: os.version=6.6.87.2-microsoft-standard-WSL2
2026-10-05 19:54:49,576 INFO o.a.j.JMeter: file.encoding=UTF-8
2026-10-05 19:54:49,576 INFO o.a.j.JMeter: java.awt.headless=true
2026-10-05 19:54:49,576 INFO o.a.j.JMeter: Max memory     =4294967296
2026-10-05 19:54:49,576 INFO o.a.j.JMeter: Available Processors =12
2026-10-05 19:54:49,583 INFO o.a.j.JMeter: Default Locale=English (EN)
2026-10-05 19:54:49,584 INFO o.a.j.JMeter: JMeter  Locale=English (EN)
2026-10-05 19:54:49,584 INFO o.a.j.JMeter: JMeterHome=/opt/jmeter
2026-10-05 19:54:49,584 INFO o.a.j.JMeter: user.dir  =/tests
2026-10-05 19:54:49,584 INFO o.a.j.JMeter: PWD       =/tests
2026-10-05 19:54:49,584 INFO o.a.j.JMeter: IP: 172.19.0.5 Name: 3018202aa30c FullName: 3018202aa30c
2026-10-05 19:54:49,595 INFO o.a.j.s.FileServer: Default base='/tests'
2026-10-05 19:54:49,596 INFO o.a.j.s.FileServer: Set new base='/tests'
2026-10-05 19:54:49,755 INFO o.a.j.s.SaveService: Testplan (JMX) version: 2.2. Testlog (JTL) version: 2.2
2026-10-05 19:54:49,779 INFO o.a.j.s.SaveService: Using SaveService properties version 5.0
2026-10-05 19:54:49,782 INFO o.a.j.s.SaveService: Using SaveService properties file encoding UTF-8
2026-10-05 19:54:49,785 INFO o.a.j.s.SaveService: Loading file: /tests/s1.jmx
2026-10-05 19:54:49,829 INFO o.a.j.p.h.s.HTTPSamplerBase: Parser for text/html is org.apache.jmeter.protocol.http.parser.LagartoBasedHtmlParser
2026-10-05 19:54:49,829 INFO o.a.j.p.h.s.HTTPSamplerBase: Parser for application/xhtml+xml is org.apache.jmeter.protocol.http.parser.LagartoBasedHtmlParser
2026-10-05 19:54:49,829 INFO o.a.j.p.h.s.HTTPSamplerBase: Parser for application/xml is org.apache.jmeter.protocol.http.parser.LagartoBasedHtmlParser
2026-10-05 19:54:49,830 INFO o.a.j.p.h.s.HTTPSamplerBase: Parser for text/xml is org.apache.jmeter.protocol.http.parser.LagartoBasedHtmlParser
2026-10-05 19:54:49,830 INFO o.a.j.p.h.s.HTTPSamplerBase: Parser for text/vnd.wap.wml is org.apache.jmeter.protocol.http.parser.RegexpHTMLParser
2026-10-05 19:54:49,830 INFO o.a.j.p.h.s.HTTPSamplerBase: Parser for text/css is org.apache.jmeter.protocol.http.parser.CssParser
2026-10-05 19:54:49,867 INFO o.a.j.JMeter: Creating summariser <summary>
2026-10-05 19:54:49,880 INFO o.a.j.e.StandardJMeterEngine: Running the test!
2026-10-05 19:54:49,881 INFO o.a.j.s.SampleEvent: List of sample_variables: []
2026-10-05 19:54:49,881 INFO o.a.j.s.SampleEvent: List of sample_variables: []
2026-10-05 19:54:49,885 INFO o.a.j.e.u.CompoundVariable: Note: Function class names must contain the string: '.functions.'
2026-10-05 19:54:49,885 INFO o.a.j.e.u.CompoundVariable: Note: Function class names must not contain the string: '.gui.'
2026-10-05 19:54:50,091 INFO o.a.j.JMeter: Running test (1791230090091)
2026-10-05 19:54:50,092 INFO o.a.j.e.StandardJMeterEngine: Starting setUp thread groups
2026-10-05 19:54:50,093 INFO o.a.j.e.StandardJMeterEngine: Starting setUp ThreadGroup: 1 : setUp - login 
2026-10-05 19:54:50,093 INFO o.a.j.e.StandardJMeterEngine: Starting 1 threads for group setUp - login.
2026-10-05 19:54:50,093 INFO o.a.j.e.StandardJMeterEngine: Test will stop abruptly on error
2026-10-05 19:54:50,093 INFO o.a.j.t.ThreadGroup: Starting thread group... number=1 threads=1 ramp-up=1 delayedStart=false
2026-10-05 19:54:50,095 INFO o.a.j.t.ThreadGroup: Started thread group number 1
2026-10-05 19:54:50,096 INFO o.a.j.e.StandardJMeterEngine: Waiting for all setup thread groups to exit
2026-10-05 19:54:50,097 INFO o.a.j.t.JMeterThread: Thread started: setUp - login 1-1
2026-10-05 19:54:50,107 INFO o.a.j.p.h.s.HTTPHCAbstractImpl: Local host = 3018202aa30c
2026-10-05 19:54:50,111 INFO o.a.j.p.h.s.HTTPHC4Impl: HTTP request retry count = 0
2026-10-05 19:54:50,112 INFO o.a.j.s.SampleResult: Note: Sample TimeStamps are START times
2026-10-05 19:54:50,113 INFO o.a.j.s.SampleResult: sampleresult.default.encoding is set to UTF-8
2026-10-05 19:54:50,113 INFO o.a.j.s.SampleResult: sampleresult.useNanoTime=true
2026-10-05 19:54:50,113 INFO o.a.j.s.SampleResult: sampleresult.nanoThreadSleep=5000
2026-10-05 19:54:50,833 INFO o.a.j.t.JMeterThread: Thread is done: setUp - login 1-1
2026-10-05 19:54:50,834 INFO o.a.j.t.JMeterThread: Thread finished: setUp - login 1-1
2026-10-05 19:54:50,835 INFO o.a.j.e.StandardJMeterEngine: All Setup Threads have ended
2026-10-05 19:54:50,856 INFO o.a.j.e.StandardJMeterEngine: Starting ThreadGroup: 1 : S1
2026-10-05 19:54:50,857 INFO o.a.j.e.StandardJMeterEngine: Starting 2 threads for group S1.
2026-10-05 19:54:50,857 INFO o.a.j.e.StandardJMeterEngine: Thread will continue on error
2026-10-05 19:54:50,857 INFO o.a.j.t.ThreadGroup: Starting thread group... number=1 threads=2 ramp-up=1 delayedStart=false
2026-10-05 19:54:50,859 INFO o.a.j.t.JMeterThread: Thread started: S1 1-1
2026-10-05 19:54:50,860 INFO o.a.j.t.ThreadGroup: Started thread group number 1
2026-10-05 19:54:50,860 INFO o.a.j.e.StandardJMeterEngine: All thread groups have been started
2026-10-05 19:54:51,359 INFO o.a.j.t.JMeterThread: Thread started: S1 1-2
2026-10-05 19:55:00,002 INFO o.a.j.r.Summariser: summary +   6835 in 00:00:10 =  689.7/s Avg:     2 Min:     1 Max:   297 Err:     0 (0.00%) Active: 2 Started: 2 Finished: 0
2026-10-05 19:55:30,001 INFO o.a.j.r.Summariser: summary +  26708 in 00:00:30 =  890.3/s Avg:     2 Min:     1 Max:    18 Err:     0 (0.00%) Active: 2 Started: 2 Finished: 0
2026-10-05 19:55:30,001 INFO o.a.j.r.Summariser: summary =  33543 in 00:00:40 =  840.5/s Avg:     2 Min:     1 Max:   297 Err:     0 (0.00%)
2026-10-05 19:55:50,857 INFO o.a.j.t.JMeterThread: Stopping because end time detected by thread: S1 1-1
2026-10-05 19:55:50,857 INFO o.a.j.t.JMeterThread: Thread finished: S1 1-1
2026-10-05 19:55:50,859 INFO o.a.j.t.JMeterThread: Stopping because end time detected by thread: S1 1-2
2026-10-05 19:55:50,859 INFO o.a.j.t.JMeterThread: Thread finished: S1 1-2
2026-10-05 19:55:50,860 INFO o.a.j.e.StandardJMeterEngine: Notifying test listeners of end of test
2026-10-05 19:55:50,862 INFO o.a.j.r.Summariser: summary +  18669 in 00:00:21 =  894.9/s Avg:     2 Min:     1 Max:    17 Err:     0 (0.00%) Active: 0 Started: 2 Finished: 2
2026-10-05 19:55:50,863 INFO o.a.j.r.Summariser: summary =  52212 in 00:01:01 =  859.2/s Avg:     2 Min:     1 Max:   297 Err:     0 (0.00%)
