2026-10-01 20:39:06,809 INFO o.a.j.u.JMeterUtils: Setting Locale to en_EN
2026-10-01 20:39:06,831 INFO o.a.j.JMeter: Loading user properties from: /opt/jmeter/bin/user.properties
2026-10-01 20:39:06,832 INFO o.a.j.JMeter: Loading system properties from: /opt/jmeter/bin/system.properties
2026-10-01 20:39:06,832 INFO o.a.j.JMeter: Loading additional properties from: /tests/run.properties
2026-10-01 20:39:06,832 INFO o.a.j.JMeter: Loading additional properties from: /tests/data/ranges.properties
2026-10-01 20:39:06,832 INFO o.a.j.JMeter: Setting JMeter property: host=nestjs-nginx
2026-10-01 20:39:06,833 INFO o.a.j.JMeter: Setting JMeter property: port=80
2026-10-01 20:39:06,833 INFO o.a.j.JMeter: Setting JMeter property: rampup=10
2026-10-01 20:39:06,833 INFO o.a.j.JMeter: Setting JMeter property: endpoint=EP7
2026-10-01 20:39:06,833 INFO o.a.j.JMeter: Setting JMeter property: users=10
2026-10-01 20:39:06,833 INFO o.a.j.JMeter: Setting JMeter property: duration=20
2026-10-01 20:39:06,833 INFO o.a.j.JMeter: Setting JMeter property: ep9.start=2026-10-21
2026-10-01 20:39:06,833 INFO o.a.j.JMeter: Setting JMeter property: ep9.offset=100000000
2026-10-01 20:39:06,839 INFO o.a.j.JMeter: Copyright (c) 1998-2024 The Apache Software Foundation
2026-10-01 20:39:06,839 INFO o.a.j.JMeter: Version 5.6.3
2026-10-01 20:39:06,839 INFO o.a.j.JMeter: java.version=21.0.12.1
2026-10-01 20:39:06,839 INFO o.a.j.JMeter: java.vm.name=OpenJDK 64-Bit Server VM
2026-10-01 20:39:06,839 INFO o.a.j.JMeter: os.name=Linux
2026-10-01 20:39:06,839 INFO o.a.j.JMeter: os.arch=amd64
2026-10-01 20:39:06,839 INFO o.a.j.JMeter: os.version=6.6.87.2-microsoft-standard-WSL2
2026-10-01 20:39:06,839 INFO o.a.j.JMeter: file.encoding=UTF-8
2026-10-01 20:39:06,840 INFO o.a.j.JMeter: java.awt.headless=true
2026-10-01 20:39:06,840 INFO o.a.j.JMeter: Max memory     =4294967296
2026-10-01 20:39:06,840 INFO o.a.j.JMeter: Available Processors =12
2026-10-01 20:39:06,849 INFO o.a.j.JMeter: Default Locale=English (EN)
2026-10-01 20:39:06,850 INFO o.a.j.JMeter: JMeter  Locale=English (EN)
2026-10-01 20:39:06,850 INFO o.a.j.JMeter: JMeterHome=/opt/jmeter
2026-10-01 20:39:06,850 INFO o.a.j.JMeter: user.dir  =/tests
2026-10-01 20:39:06,850 INFO o.a.j.JMeter: PWD       =/tests
2026-10-01 20:39:06,850 INFO o.a.j.JMeter: IP: 172.19.0.5 Name: aa55eb2197f3 FullName: aa55eb2197f3
2026-10-01 20:39:06,861 INFO o.a.j.s.FileServer: Default base='/tests'
2026-10-01 20:39:06,863 INFO o.a.j.s.FileServer: Set new base='/tests'
2026-10-01 20:39:07,030 INFO o.a.j.s.SaveService: Testplan (JMX) version: 2.2. Testlog (JTL) version: 2.2
2026-10-01 20:39:07,057 INFO o.a.j.s.SaveService: Using SaveService properties version 5.0
2026-10-01 20:39:07,060 INFO o.a.j.s.SaveService: Using SaveService properties file encoding UTF-8
2026-10-01 20:39:07,063 INFO o.a.j.s.SaveService: Loading file: /tests/s2.jmx
2026-10-01 20:39:07,114 INFO o.a.j.p.h.s.HTTPSamplerBase: Parser for text/html is org.apache.jmeter.protocol.http.parser.LagartoBasedHtmlParser
2026-10-01 20:39:07,114 INFO o.a.j.p.h.s.HTTPSamplerBase: Parser for application/xhtml+xml is org.apache.jmeter.protocol.http.parser.LagartoBasedHtmlParser
2026-10-01 20:39:07,114 INFO o.a.j.p.h.s.HTTPSamplerBase: Parser for application/xml is org.apache.jmeter.protocol.http.parser.LagartoBasedHtmlParser
2026-10-01 20:39:07,115 INFO o.a.j.p.h.s.HTTPSamplerBase: Parser for text/xml is org.apache.jmeter.protocol.http.parser.LagartoBasedHtmlParser
2026-10-01 20:39:07,115 INFO o.a.j.p.h.s.HTTPSamplerBase: Parser for text/vnd.wap.wml is org.apache.jmeter.protocol.http.parser.RegexpHTMLParser
2026-10-01 20:39:07,115 INFO o.a.j.p.h.s.HTTPSamplerBase: Parser for text/css is org.apache.jmeter.protocol.http.parser.CssParser
2026-10-01 20:39:07,167 INFO o.a.j.JMeter: Creating summariser <summary>
2026-10-01 20:39:07,184 INFO o.a.j.e.StandardJMeterEngine: Running the test!
2026-10-01 20:39:07,185 INFO o.a.j.s.SampleEvent: List of sample_variables: []
2026-10-01 20:39:07,186 INFO o.a.j.s.SampleEvent: List of sample_variables: []
2026-10-01 20:39:07,189 INFO o.a.j.e.u.CompoundVariable: Note: Function class names must contain the string: '.functions.'
2026-10-01 20:39:07,189 INFO o.a.j.e.u.CompoundVariable: Note: Function class names must not contain the string: '.gui.'
2026-10-01 20:39:07,410 INFO o.a.j.JMeter: Running test (1790887147410)
2026-10-01 20:39:07,411 INFO o.a.j.e.StandardJMeterEngine: Starting setUp thread groups
2026-10-01 20:39:07,411 INFO o.a.j.e.StandardJMeterEngine: Starting setUp ThreadGroup: 1 : setUp - login 
2026-10-01 20:39:07,411 INFO o.a.j.e.StandardJMeterEngine: Starting 1 threads for group setUp - login.
2026-10-01 20:39:07,412 INFO o.a.j.e.StandardJMeterEngine: Test will stop abruptly on error
2026-10-01 20:39:07,412 INFO o.a.j.t.ThreadGroup: Starting thread group... number=1 threads=1 ramp-up=1 delayedStart=false
2026-10-01 20:39:07,415 INFO o.a.j.t.ThreadGroup: Started thread group number 1
2026-10-01 20:39:07,415 INFO o.a.j.e.StandardJMeterEngine: Waiting for all setup thread groups to exit
2026-10-01 20:39:07,416 INFO o.a.j.t.JMeterThread: Thread started: setUp - login 1-1
2026-10-01 20:39:07,427 INFO o.a.j.p.h.s.HTTPHCAbstractImpl: Local host = aa55eb2197f3
2026-10-01 20:39:07,431 INFO o.a.j.p.h.s.HTTPHC4Impl: HTTP request retry count = 0
2026-10-01 20:39:07,432 INFO o.a.j.s.SampleResult: Note: Sample TimeStamps are START times
2026-10-01 20:39:07,432 INFO o.a.j.s.SampleResult: sampleresult.default.encoding is set to UTF-8
2026-10-01 20:39:07,432 INFO o.a.j.s.SampleResult: sampleresult.useNanoTime=true
2026-10-01 20:39:07,432 INFO o.a.j.s.SampleResult: sampleresult.nanoThreadSleep=5000
2026-10-01 20:39:08,247 INFO o.a.j.t.JMeterThread: Thread is done: setUp - login 1-1
2026-10-01 20:39:08,248 INFO o.a.j.t.JMeterThread: Thread finished: setUp - login 1-1
2026-10-01 20:39:08,248 INFO o.a.j.e.StandardJMeterEngine: All Setup Threads have ended
2026-10-01 20:39:08,271 INFO o.a.j.e.StandardJMeterEngine: Starting ThreadGroup: 1 : S2
2026-10-01 20:39:08,272 INFO o.a.j.e.StandardJMeterEngine: Starting 10 threads for group S2.
2026-10-01 20:39:08,272 INFO o.a.j.e.StandardJMeterEngine: Thread will continue on error
2026-10-01 20:39:08,272 INFO o.a.j.t.ThreadGroup: Starting thread group... number=1 threads=10 ramp-up=10 delayedStart=false
2026-10-01 20:39:08,283 INFO o.a.j.t.ThreadGroup: Started thread group number 1
2026-10-01 20:39:08,283 INFO o.a.j.e.StandardJMeterEngine: All thread groups have been started
2026-10-01 20:39:08,283 INFO o.a.j.t.JMeterThread: Thread started: S2 1-1
2026-10-01 20:39:08,283 INFO o.a.j.s.FileServer: Stored: /tests/data/available_menu_items.csv
2026-10-01 20:39:09,281 INFO o.a.j.t.JMeterThread: Thread started: S2 1-2
2026-10-01 20:39:10,281 INFO o.a.j.t.JMeterThread: Thread started: S2 1-3
2026-10-01 20:39:11,279 INFO o.a.j.t.JMeterThread: Thread started: S2 1-4
2026-10-01 20:39:12,277 INFO o.a.j.t.JMeterThread: Thread started: S2 1-5
2026-10-01 20:39:13,277 INFO o.a.j.t.JMeterThread: Thread started: S2 1-6
2026-10-01 20:39:14,276 INFO o.a.j.t.JMeterThread: Thread started: S2 1-7
2026-10-01 20:39:15,276 INFO o.a.j.t.JMeterThread: Thread started: S2 1-8
2026-10-01 20:39:16,276 INFO o.a.j.t.JMeterThread: Thread started: S2 1-9
2026-10-01 20:39:17,274 INFO o.a.j.t.JMeterThread: Thread started: S2 1-10
2026-10-01 20:39:28,278 INFO o.a.j.t.JMeterThread: Stopping because end time detected by thread: S2 1-2
2026-10-01 20:39:28,278 INFO o.a.j.t.JMeterThread: Thread finished: S2 1-2
2026-10-01 20:39:28,279 INFO o.a.j.t.JMeterThread: Stopping because end time detected by thread: S2 1-1
2026-10-01 20:39:28,279 INFO o.a.j.t.JMeterThread: Thread finished: S2 1-1
2026-10-01 20:39:28,280 INFO o.a.j.t.JMeterThread: Stopping because end time detected by thread: S2 1-4
2026-10-01 20:39:28,280 INFO o.a.j.t.JMeterThread: Thread finished: S2 1-4
2026-10-01 20:39:28,280 INFO o.a.j.t.JMeterThread: Stopping because end time detected by thread: S2 1-6
2026-10-01 20:39:28,280 INFO o.a.j.t.JMeterThread: Stopping because end time detected by thread: S2 1-5
2026-10-01 20:39:28,280 INFO o.a.j.t.JMeterThread: Thread finished: S2 1-6
2026-10-01 20:39:28,281 INFO o.a.j.t.JMeterThread: Thread finished: S2 1-5
2026-10-01 20:39:28,281 INFO o.a.j.t.JMeterThread: Stopping because end time detected by thread: S2 1-7
2026-10-01 20:39:28,281 INFO o.a.j.t.JMeterThread: Stopping because end time detected by thread: S2 1-3
2026-10-01 20:39:28,281 INFO o.a.j.t.JMeterThread: Thread finished: S2 1-7
2026-10-01 20:39:28,281 INFO o.a.j.t.JMeterThread: Thread finished: S2 1-3
2026-10-01 20:39:28,281 INFO o.a.j.t.JMeterThread: Stopping because end time detected by thread: S2 1-9
2026-10-01 20:39:28,282 INFO o.a.j.t.JMeterThread: Thread finished: S2 1-9
2026-10-01 20:39:28,282 INFO o.a.j.t.JMeterThread: Stopping because end time detected by thread: S2 1-10
2026-10-01 20:39:28,282 INFO o.a.j.t.JMeterThread: Stopping because end time detected by thread: S2 1-8
2026-10-01 20:39:28,283 INFO o.a.j.t.JMeterThread: Thread finished: S2 1-10
2026-10-01 20:39:28,283 INFO o.a.j.t.JMeterThread: Thread finished: S2 1-8
2026-10-01 20:39:28,283 INFO o.a.j.e.StandardJMeterEngine: Notifying test listeners of end of test
2026-10-01 20:39:28,283 INFO o.a.j.s.FileServer: Close: /tests/data/available_menu_items.csv
2026-10-01 20:39:28,287 INFO o.a.j.r.Summariser: summary =  23256 in 00:00:21 = 1114.0/s Avg:     6 Min:     3 Max:   301 Err:     0 (0.00%)
