2026-10-01 20:38:52,537 INFO o.a.j.u.JMeterUtils: Setting Locale to en_EN
2026-10-01 20:38:52,558 INFO o.a.j.JMeter: Loading user properties from: /opt/jmeter/bin/user.properties
2026-10-01 20:38:52,559 INFO o.a.j.JMeter: Loading system properties from: /opt/jmeter/bin/system.properties
2026-10-01 20:38:52,559 INFO o.a.j.JMeter: Loading additional properties from: /tests/run.properties
2026-10-01 20:38:52,559 INFO o.a.j.JMeter: Loading additional properties from: /tests/data/ranges.properties
2026-10-01 20:38:52,559 INFO o.a.j.JMeter: Setting JMeter property: host=nestjs-nginx
2026-10-01 20:38:52,559 INFO o.a.j.JMeter: Setting JMeter property: port=80
2026-10-01 20:38:52,559 INFO o.a.j.JMeter: Setting JMeter property: rampup=10
2026-10-01 20:38:52,559 INFO o.a.j.JMeter: Setting JMeter property: endpoint=EP7
2026-10-01 20:38:52,560 INFO o.a.j.JMeter: Setting JMeter property: users=10
2026-10-01 20:38:52,560 INFO o.a.j.JMeter: Setting JMeter property: duration=10
2026-10-01 20:38:52,560 INFO o.a.j.JMeter: Setting JMeter property: ep9.start=2026-10-21
2026-10-01 20:38:52,560 INFO o.a.j.JMeter: Setting JMeter property: ep9.offset=0
2026-10-01 20:38:52,566 INFO o.a.j.JMeter: Copyright (c) 1998-2024 The Apache Software Foundation
2026-10-01 20:38:52,566 INFO o.a.j.JMeter: Version 5.6.3
2026-10-01 20:38:52,566 INFO o.a.j.JMeter: java.version=21.0.12.1
2026-10-01 20:38:52,566 INFO o.a.j.JMeter: java.vm.name=OpenJDK 64-Bit Server VM
2026-10-01 20:38:52,566 INFO o.a.j.JMeter: os.name=Linux
2026-10-01 20:38:52,566 INFO o.a.j.JMeter: os.arch=amd64
2026-10-01 20:38:52,566 INFO o.a.j.JMeter: os.version=6.6.87.2-microsoft-standard-WSL2
2026-10-01 20:38:52,566 INFO o.a.j.JMeter: file.encoding=UTF-8
2026-10-01 20:38:52,566 INFO o.a.j.JMeter: java.awt.headless=true
2026-10-01 20:38:52,567 INFO o.a.j.JMeter: Max memory     =4294967296
2026-10-01 20:38:52,567 INFO o.a.j.JMeter: Available Processors =12
2026-10-01 20:38:52,577 INFO o.a.j.JMeter: Default Locale=English (EN)
2026-10-01 20:38:52,578 INFO o.a.j.JMeter: JMeter  Locale=English (EN)
2026-10-01 20:38:52,578 INFO o.a.j.JMeter: JMeterHome=/opt/jmeter
2026-10-01 20:38:52,578 INFO o.a.j.JMeter: user.dir  =/tests
2026-10-01 20:38:52,578 INFO o.a.j.JMeter: PWD       =/tests
2026-10-01 20:38:52,579 INFO o.a.j.JMeter: IP: 172.19.0.5 Name: 197911df3c94 FullName: 197911df3c94
2026-10-01 20:38:52,590 INFO o.a.j.s.FileServer: Default base='/tests'
2026-10-01 20:38:52,591 INFO o.a.j.s.FileServer: Set new base='/tests'
2026-10-01 20:38:52,742 INFO o.a.j.s.SaveService: Testplan (JMX) version: 2.2. Testlog (JTL) version: 2.2
2026-10-01 20:38:52,764 INFO o.a.j.s.SaveService: Using SaveService properties version 5.0
2026-10-01 20:38:52,766 INFO o.a.j.s.SaveService: Using SaveService properties file encoding UTF-8
2026-10-01 20:38:52,769 INFO o.a.j.s.SaveService: Loading file: /tests/s2.jmx
2026-10-01 20:38:52,811 INFO o.a.j.p.h.s.HTTPSamplerBase: Parser for text/html is org.apache.jmeter.protocol.http.parser.LagartoBasedHtmlParser
2026-10-01 20:38:52,811 INFO o.a.j.p.h.s.HTTPSamplerBase: Parser for application/xhtml+xml is org.apache.jmeter.protocol.http.parser.LagartoBasedHtmlParser
2026-10-01 20:38:52,812 INFO o.a.j.p.h.s.HTTPSamplerBase: Parser for application/xml is org.apache.jmeter.protocol.http.parser.LagartoBasedHtmlParser
2026-10-01 20:38:52,812 INFO o.a.j.p.h.s.HTTPSamplerBase: Parser for text/xml is org.apache.jmeter.protocol.http.parser.LagartoBasedHtmlParser
2026-10-01 20:38:52,812 INFO o.a.j.p.h.s.HTTPSamplerBase: Parser for text/vnd.wap.wml is org.apache.jmeter.protocol.http.parser.RegexpHTMLParser
2026-10-01 20:38:52,812 INFO o.a.j.p.h.s.HTTPSamplerBase: Parser for text/css is org.apache.jmeter.protocol.http.parser.CssParser
2026-10-01 20:38:52,856 INFO o.a.j.JMeter: Creating summariser <summary>
2026-10-01 20:38:52,870 INFO o.a.j.e.StandardJMeterEngine: Running the test!
2026-10-01 20:38:52,871 INFO o.a.j.s.SampleEvent: List of sample_variables: []
2026-10-01 20:38:52,871 INFO o.a.j.s.SampleEvent: List of sample_variables: []
2026-10-01 20:38:52,876 INFO o.a.j.e.u.CompoundVariable: Note: Function class names must contain the string: '.functions.'
2026-10-01 20:38:52,876 INFO o.a.j.e.u.CompoundVariable: Note: Function class names must not contain the string: '.gui.'
2026-10-01 20:38:53,108 INFO o.a.j.JMeter: Running test (1790887133108)
2026-10-01 20:38:53,110 INFO o.a.j.e.StandardJMeterEngine: Starting setUp thread groups
2026-10-01 20:38:53,110 INFO o.a.j.e.StandardJMeterEngine: Starting setUp ThreadGroup: 1 : setUp - login 
2026-10-01 20:38:53,111 INFO o.a.j.e.StandardJMeterEngine: Starting 1 threads for group setUp - login.
2026-10-01 20:38:53,111 INFO o.a.j.e.StandardJMeterEngine: Test will stop abruptly on error
2026-10-01 20:38:53,111 INFO o.a.j.t.ThreadGroup: Starting thread group... number=1 threads=1 ramp-up=1 delayedStart=false
2026-10-01 20:38:53,116 INFO o.a.j.t.ThreadGroup: Started thread group number 1
2026-10-01 20:38:53,117 INFO o.a.j.e.StandardJMeterEngine: Waiting for all setup thread groups to exit
2026-10-01 20:38:53,118 INFO o.a.j.t.JMeterThread: Thread started: setUp - login 1-1
2026-10-01 20:38:53,140 INFO o.a.j.p.h.s.HTTPHCAbstractImpl: Local host = 197911df3c94
2026-10-01 20:38:53,147 INFO o.a.j.p.h.s.HTTPHC4Impl: HTTP request retry count = 0
2026-10-01 20:38:53,151 INFO o.a.j.s.SampleResult: Note: Sample TimeStamps are START times
2026-10-01 20:38:53,152 INFO o.a.j.s.SampleResult: sampleresult.default.encoding is set to UTF-8
2026-10-01 20:38:53,152 INFO o.a.j.s.SampleResult: sampleresult.useNanoTime=true
2026-10-01 20:38:53,152 INFO o.a.j.s.SampleResult: sampleresult.nanoThreadSleep=5000
2026-10-01 20:38:54,076 INFO o.a.j.t.JMeterThread: Thread is done: setUp - login 1-1
2026-10-01 20:38:54,077 INFO o.a.j.t.JMeterThread: Thread finished: setUp - login 1-1
2026-10-01 20:38:54,078 INFO o.a.j.e.StandardJMeterEngine: All Setup Threads have ended
2026-10-01 20:38:54,105 INFO o.a.j.e.StandardJMeterEngine: Starting ThreadGroup: 1 : S2
2026-10-01 20:38:54,105 INFO o.a.j.e.StandardJMeterEngine: Starting 10 threads for group S2.
2026-10-01 20:38:54,105 INFO o.a.j.e.StandardJMeterEngine: Thread will continue on error
2026-10-01 20:38:54,105 INFO o.a.j.t.ThreadGroup: Starting thread group... number=1 threads=10 ramp-up=10 delayedStart=false
2026-10-01 20:38:54,116 INFO o.a.j.t.JMeterThread: Thread started: S2 1-1
2026-10-01 20:38:54,117 INFO o.a.j.t.ThreadGroup: Started thread group number 1
2026-10-01 20:38:54,117 INFO o.a.j.s.FileServer: Stored: /tests/data/available_menu_items.csv
2026-10-01 20:38:54,117 INFO o.a.j.e.StandardJMeterEngine: All thread groups have been started
2026-10-01 20:38:55,115 INFO o.a.j.t.JMeterThread: Thread started: S2 1-2
2026-10-01 20:38:56,113 INFO o.a.j.t.JMeterThread: Thread started: S2 1-3
2026-10-01 20:38:57,112 INFO o.a.j.t.JMeterThread: Thread started: S2 1-4
2026-10-01 20:38:58,110 INFO o.a.j.t.JMeterThread: Thread started: S2 1-5
2026-10-01 20:38:59,111 INFO o.a.j.t.JMeterThread: Thread started: S2 1-6
2026-10-01 20:39:00,004 INFO o.a.j.r.Summariser: summary +   2362 in 00:00:07 =  342.6/s Avg:     8 Min:     4 Max:   337 Err:     0 (0.00%) Active: 6 Started: 6 Finished: 0
2026-10-01 20:39:00,109 INFO o.a.j.t.JMeterThread: Thread started: S2 1-7
2026-10-01 20:39:01,109 INFO o.a.j.t.JMeterThread: Thread started: S2 1-8
2026-10-01 20:39:02,107 INFO o.a.j.t.JMeterThread: Thread started: S2 1-9
2026-10-01 20:39:03,108 INFO o.a.j.t.JMeterThread: Thread started: S2 1-10
2026-10-01 20:39:04,108 INFO o.a.j.t.JMeterThread: Stopping because end time detected by thread: S2 1-1
2026-10-01 20:39:04,109 INFO o.a.j.t.JMeterThread: Thread finished: S2 1-1
2026-10-01 20:39:04,116 INFO o.a.j.t.JMeterThread: Stopping because end time detected by thread: S2 1-10
2026-10-01 20:39:04,116 INFO o.a.j.t.JMeterThread: Thread finished: S2 1-10
2026-10-01 20:39:04,119 INFO o.a.j.t.JMeterThread: Stopping because end time detected by thread: S2 1-7
2026-10-01 20:39:04,119 INFO o.a.j.t.JMeterThread: Thread finished: S2 1-7
2026-10-01 20:39:04,119 INFO o.a.j.t.JMeterThread: Stopping because end time detected by thread: S2 1-3
2026-10-01 20:39:04,119 INFO o.a.j.t.JMeterThread: Thread finished: S2 1-3
2026-10-01 20:39:04,125 INFO o.a.j.t.JMeterThread: Stopping because end time detected by thread: S2 1-5
2026-10-01 20:39:04,126 INFO o.a.j.t.JMeterThread: Stopping because end time detected by thread: S2 1-2
2026-10-01 20:39:04,126 INFO o.a.j.t.JMeterThread: Thread finished: S2 1-5
2026-10-01 20:39:04,126 INFO o.a.j.t.JMeterThread: Thread finished: S2 1-2
2026-10-01 20:39:04,126 INFO o.a.j.t.JMeterThread: Stopping because end time detected by thread: S2 1-4
2026-10-01 20:39:04,127 INFO o.a.j.t.JMeterThread: Thread finished: S2 1-4
2026-10-01 20:39:04,127 INFO o.a.j.t.JMeterThread: Stopping because end time detected by thread: S2 1-6
2026-10-01 20:39:04,127 INFO o.a.j.t.JMeterThread: Thread finished: S2 1-6
2026-10-01 20:39:04,128 INFO o.a.j.t.JMeterThread: Stopping because end time detected by thread: S2 1-9
2026-10-01 20:39:04,128 INFO o.a.j.t.JMeterThread: Thread finished: S2 1-9
2026-10-01 20:39:04,134 INFO o.a.j.t.JMeterThread: Stopping because end time detected by thread: S2 1-8
2026-10-01 20:39:04,134 INFO o.a.j.t.JMeterThread: Thread finished: S2 1-8
2026-10-01 20:39:04,135 INFO o.a.j.e.StandardJMeterEngine: Notifying test listeners of end of test
2026-10-01 20:39:04,136 INFO o.a.j.s.FileServer: Close: /tests/data/available_menu_items.csv
2026-10-01 20:39:04,141 INFO o.a.j.r.Summariser: summary +   3832 in 00:00:04 =  925.8/s Avg:     8 Min:     5 Max:    41 Err:     0 (0.00%) Active: 0 Started: 10 Finished: 10
2026-10-01 20:39:04,142 INFO o.a.j.r.Summariser: summary =   6194 in 00:00:11 =  561.4/s Avg:     8 Min:     4 Max:   337 Err:     0 (0.00%)
