2026-10-02 22:51:32,566 INFO o.a.j.u.JMeterUtils: Setting Locale to en_EN
2026-10-02 22:51:32,589 INFO o.a.j.JMeter: Loading user properties from: /opt/jmeter/bin/user.properties
2026-10-02 22:51:32,589 INFO o.a.j.JMeter: Loading system properties from: /opt/jmeter/bin/system.properties
2026-10-02 22:51:32,589 INFO o.a.j.JMeter: Loading additional properties from: /tests/run.properties
2026-10-02 22:51:32,589 INFO o.a.j.JMeter: Loading additional properties from: /tests/data/ranges.properties
2026-10-02 22:51:32,589 INFO o.a.j.JMeter: Setting JMeter property: host=laravel-nginx
2026-10-02 22:51:32,590 INFO o.a.j.JMeter: Setting JMeter property: port=80
2026-10-02 22:51:32,590 INFO o.a.j.JMeter: Setting JMeter property: rampup=1
2026-10-02 22:51:32,590 INFO o.a.j.JMeter: Setting JMeter property: endpoint=EP6
2026-10-02 22:51:32,590 INFO o.a.j.JMeter: Setting JMeter property: users=1
2026-10-02 22:51:32,590 INFO o.a.j.JMeter: Setting JMeter property: duration=60
2026-10-02 22:51:32,595 INFO o.a.j.JMeter: Copyright (c) 1998-2024 The Apache Software Foundation
2026-10-02 22:51:32,595 INFO o.a.j.JMeter: Version 5.6.3
2026-10-02 22:51:32,595 INFO o.a.j.JMeter: java.version=21.0.12.1
2026-10-02 22:51:32,595 INFO o.a.j.JMeter: java.vm.name=OpenJDK 64-Bit Server VM
2026-10-02 22:51:32,595 INFO o.a.j.JMeter: os.name=Linux
2026-10-02 22:51:32,596 INFO o.a.j.JMeter: os.arch=amd64
2026-10-02 22:51:32,596 INFO o.a.j.JMeter: os.version=6.6.87.2-microsoft-standard-WSL2
2026-10-02 22:51:32,596 INFO o.a.j.JMeter: file.encoding=UTF-8
2026-10-02 22:51:32,596 INFO o.a.j.JMeter: java.awt.headless=true
2026-10-02 22:51:32,596 INFO o.a.j.JMeter: Max memory     =4294967296
2026-10-02 22:51:32,596 INFO o.a.j.JMeter: Available Processors =12
2026-10-02 22:51:32,606 INFO o.a.j.JMeter: Default Locale=English (EN)
2026-10-02 22:51:32,606 INFO o.a.j.JMeter: JMeter  Locale=English (EN)
2026-10-02 22:51:32,606 INFO o.a.j.JMeter: JMeterHome=/opt/jmeter
2026-10-02 22:51:32,606 INFO o.a.j.JMeter: user.dir  =/tests
2026-10-02 22:51:32,607 INFO o.a.j.JMeter: PWD       =/tests
2026-10-02 22:51:32,607 INFO o.a.j.JMeter: IP: 172.19.0.5 Name: e07526f4c2fa FullName: e07526f4c2fa
2026-10-02 22:51:32,619 INFO o.a.j.s.FileServer: Default base='/tests'
2026-10-02 22:51:32,621 INFO o.a.j.s.FileServer: Set new base='/tests'
2026-10-02 22:51:32,785 INFO o.a.j.s.SaveService: Testplan (JMX) version: 2.2. Testlog (JTL) version: 2.2
2026-10-02 22:51:32,809 INFO o.a.j.s.SaveService: Using SaveService properties version 5.0
2026-10-02 22:51:32,812 INFO o.a.j.s.SaveService: Using SaveService properties file encoding UTF-8
2026-10-02 22:51:32,815 INFO o.a.j.s.SaveService: Loading file: /tests/s3.jmx
2026-10-02 22:51:32,858 INFO o.a.j.p.h.s.HTTPSamplerBase: Parser for text/html is org.apache.jmeter.protocol.http.parser.LagartoBasedHtmlParser
2026-10-02 22:51:32,858 INFO o.a.j.p.h.s.HTTPSamplerBase: Parser for application/xhtml+xml is org.apache.jmeter.protocol.http.parser.LagartoBasedHtmlParser
2026-10-02 22:51:32,858 INFO o.a.j.p.h.s.HTTPSamplerBase: Parser for application/xml is org.apache.jmeter.protocol.http.parser.LagartoBasedHtmlParser
2026-10-02 22:51:32,858 INFO o.a.j.p.h.s.HTTPSamplerBase: Parser for text/xml is org.apache.jmeter.protocol.http.parser.LagartoBasedHtmlParser
2026-10-02 22:51:32,858 INFO o.a.j.p.h.s.HTTPSamplerBase: Parser for text/vnd.wap.wml is org.apache.jmeter.protocol.http.parser.RegexpHTMLParser
2026-10-02 22:51:32,858 INFO o.a.j.p.h.s.HTTPSamplerBase: Parser for text/css is org.apache.jmeter.protocol.http.parser.CssParser
2026-10-02 22:51:32,898 INFO o.a.j.JMeter: Creating summariser <summary>
2026-10-02 22:51:32,908 INFO o.a.j.e.StandardJMeterEngine: Running the test!
2026-10-02 22:51:32,909 INFO o.a.j.s.SampleEvent: List of sample_variables: []
2026-10-02 22:51:32,909 INFO o.a.j.s.SampleEvent: List of sample_variables: []
2026-10-02 22:51:32,912 INFO o.a.j.e.u.CompoundVariable: Note: Function class names must contain the string: '.functions.'
2026-10-02 22:51:32,912 INFO o.a.j.e.u.CompoundVariable: Note: Function class names must not contain the string: '.gui.'
2026-10-02 22:51:33,125 INFO o.a.j.JMeter: Running test (1790981493125)
2026-10-02 22:51:33,127 INFO o.a.j.e.StandardJMeterEngine: Starting setUp thread groups
2026-10-02 22:51:33,127 INFO o.a.j.e.StandardJMeterEngine: Starting setUp ThreadGroup: 1 : setUp - login 
2026-10-02 22:51:33,127 INFO o.a.j.e.StandardJMeterEngine: Starting 1 threads for group setUp - login.
2026-10-02 22:51:33,127 INFO o.a.j.e.StandardJMeterEngine: Test will stop abruptly on error
2026-10-02 22:51:33,127 INFO o.a.j.t.ThreadGroup: Starting thread group... number=1 threads=1 ramp-up=1 delayedStart=false
2026-10-02 22:51:33,130 INFO o.a.j.t.ThreadGroup: Started thread group number 1
2026-10-02 22:51:33,130 INFO o.a.j.e.StandardJMeterEngine: Waiting for all setup thread groups to exit
2026-10-02 22:51:33,131 INFO o.a.j.t.JMeterThread: Thread started: setUp - login 1-1
2026-10-02 22:51:33,143 INFO o.a.j.p.h.s.HTTPHCAbstractImpl: Local host = e07526f4c2fa
2026-10-02 22:51:33,147 INFO o.a.j.p.h.s.HTTPHC4Impl: HTTP request retry count = 0
2026-10-02 22:51:33,148 INFO o.a.j.s.SampleResult: Note: Sample TimeStamps are START times
2026-10-02 22:51:33,148 INFO o.a.j.s.SampleResult: sampleresult.default.encoding is set to UTF-8
2026-10-02 22:51:33,148 INFO o.a.j.s.SampleResult: sampleresult.useNanoTime=true
2026-10-02 22:51:33,148 INFO o.a.j.s.SampleResult: sampleresult.nanoThreadSleep=5000
2026-10-02 22:51:35,118 INFO o.a.j.r.Summariser: summary +      1 in 00:00:02 =    0.5/s Avg:   289 Min:   289 Max:   289 Err:     0 (0.00%) Active: 1 Started: 1 Finished: 0
2026-10-02 22:51:35,118 INFO o.a.j.t.JMeterThread: Thread is done: setUp - login 1-1
2026-10-02 22:51:35,119 INFO o.a.j.t.JMeterThread: Thread finished: setUp - login 1-1
2026-10-02 22:51:35,119 INFO o.a.j.e.StandardJMeterEngine: All Setup Threads have ended
2026-10-02 22:51:35,140 INFO o.a.j.e.StandardJMeterEngine: Starting ThreadGroup: 1 : S3
2026-10-02 22:51:35,140 INFO o.a.j.e.StandardJMeterEngine: Starting 1 threads for group S3.
2026-10-02 22:51:35,141 INFO o.a.j.e.StandardJMeterEngine: Thread will continue on error
2026-10-02 22:51:35,141 INFO o.a.j.t.ThreadGroup: Starting thread group... number=1 threads=1 ramp-up=1 delayedStart=false
2026-10-02 22:51:35,143 INFO o.a.j.t.ThreadGroup: Started thread group number 1
2026-10-02 22:51:35,143 INFO o.a.j.e.StandardJMeterEngine: All thread groups have been started
2026-10-02 22:51:35,143 INFO o.a.j.t.JMeterThread: Thread started: S3 1-1
2026-10-02 22:52:00,119 INFO o.a.j.r.Summariser: summary +    192 in 00:00:25 =    7.7/s Avg:   129 Min:   119 Max:   186 Err:     0 (0.00%) Active: 1 Started: 1 Finished: 0
2026-10-02 22:52:00,120 INFO o.a.j.r.Summariser: summary =    193 in 00:00:27 =    7.1/s Avg:   130 Min:   119 Max:   289 Err:     0 (0.00%)
2026-10-02 22:52:30,099 INFO o.a.j.r.Summariser: summary +    221 in 00:00:30 =    7.4/s Avg:   129 Min:   118 Max:   180 Err:     0 (0.00%) Active: 1 Started: 1 Finished: 0
2026-10-02 22:52:30,100 INFO o.a.j.r.Summariser: summary =    414 in 00:00:57 =    7.3/s Avg:   130 Min:   118 Max:   289 Err:     0 (0.00%)
2026-10-02 22:52:35,227 INFO o.a.j.t.JMeterThread: Stopping because end time detected by thread: S3 1-1
2026-10-02 22:52:35,227 INFO o.a.j.t.JMeterThread: Thread finished: S3 1-1
2026-10-02 22:52:35,227 INFO o.a.j.e.StandardJMeterEngine: Notifying test listeners of end of test
2026-10-02 22:52:35,229 INFO o.a.j.r.Summariser: summary +     41 in 00:00:05 =    8.0/s Avg:   124 Min:   119 Max:   145 Err:     0 (0.00%) Active: 0 Started: 1 Finished: 1
2026-10-02 22:52:35,230 INFO o.a.j.r.Summariser: summary =    455 in 00:01:02 =    7.3/s Avg:   129 Min:   118 Max:   289 Err:     0 (0.00%)
