2026-10-01 20:55:12,406 INFO o.a.j.u.JMeterUtils: Setting Locale to en_EN
2026-10-01 20:55:12,427 INFO o.a.j.JMeter: Loading user properties from: /opt/jmeter/bin/user.properties
2026-10-01 20:55:12,428 INFO o.a.j.JMeter: Loading system properties from: /opt/jmeter/bin/system.properties
2026-10-01 20:55:12,428 INFO o.a.j.JMeter: Loading additional properties from: /tests/run.properties
2026-10-01 20:55:12,428 INFO o.a.j.JMeter: Loading additional properties from: /tests/data/ranges.properties
2026-10-01 20:55:12,429 INFO o.a.j.JMeter: Setting JMeter property: host=laravel-nginx
2026-10-01 20:55:12,429 INFO o.a.j.JMeter: Setting JMeter property: port=80
2026-10-01 20:55:12,429 INFO o.a.j.JMeter: Setting JMeter property: rampup=10
2026-10-01 20:55:12,429 INFO o.a.j.JMeter: Setting JMeter property: endpoint=EP4
2026-10-01 20:55:12,429 INFO o.a.j.JMeter: Setting JMeter property: users=10
2026-10-01 20:55:12,429 INFO o.a.j.JMeter: Setting JMeter property: duration=10
2026-10-01 20:55:12,436 INFO o.a.j.JMeter: Copyright (c) 1998-2024 The Apache Software Foundation
2026-10-01 20:55:12,436 INFO o.a.j.JMeter: Version 5.6.3
2026-10-01 20:55:12,436 INFO o.a.j.JMeter: java.version=21.0.12.1
2026-10-01 20:55:12,436 INFO o.a.j.JMeter: java.vm.name=OpenJDK 64-Bit Server VM
2026-10-01 20:55:12,436 INFO o.a.j.JMeter: os.name=Linux
2026-10-01 20:55:12,436 INFO o.a.j.JMeter: os.arch=amd64
2026-10-01 20:55:12,436 INFO o.a.j.JMeter: os.version=6.6.87.2-microsoft-standard-WSL2
2026-10-01 20:55:12,436 INFO o.a.j.JMeter: file.encoding=UTF-8
2026-10-01 20:55:12,437 INFO o.a.j.JMeter: java.awt.headless=true
2026-10-01 20:55:12,437 INFO o.a.j.JMeter: Max memory     =4294967296
2026-10-01 20:55:12,437 INFO o.a.j.JMeter: Available Processors =12
2026-10-01 20:55:12,444 INFO o.a.j.JMeter: Default Locale=English (EN)
2026-10-01 20:55:12,444 INFO o.a.j.JMeter: JMeter  Locale=English (EN)
2026-10-01 20:55:12,445 INFO o.a.j.JMeter: JMeterHome=/opt/jmeter
2026-10-01 20:55:12,445 INFO o.a.j.JMeter: user.dir  =/tests
2026-10-01 20:55:12,445 INFO o.a.j.JMeter: PWD       =/tests
2026-10-01 20:55:12,445 INFO o.a.j.JMeter: IP: 172.19.0.5 Name: 0fb958d87353 FullName: 0fb958d87353
2026-10-01 20:55:12,456 INFO o.a.j.s.FileServer: Default base='/tests'
2026-10-01 20:55:12,458 INFO o.a.j.s.FileServer: Set new base='/tests'
2026-10-01 20:55:12,614 INFO o.a.j.s.SaveService: Testplan (JMX) version: 2.2. Testlog (JTL) version: 2.2
2026-10-01 20:55:12,637 INFO o.a.j.s.SaveService: Using SaveService properties version 5.0
2026-10-01 20:55:12,640 INFO o.a.j.s.SaveService: Using SaveService properties file encoding UTF-8
2026-10-01 20:55:12,644 INFO o.a.j.s.SaveService: Loading file: /tests/s3.jmx
2026-10-01 20:55:12,689 INFO o.a.j.p.h.s.HTTPSamplerBase: Parser for text/html is org.apache.jmeter.protocol.http.parser.LagartoBasedHtmlParser
2026-10-01 20:55:12,690 INFO o.a.j.p.h.s.HTTPSamplerBase: Parser for application/xhtml+xml is org.apache.jmeter.protocol.http.parser.LagartoBasedHtmlParser
2026-10-01 20:55:12,690 INFO o.a.j.p.h.s.HTTPSamplerBase: Parser for application/xml is org.apache.jmeter.protocol.http.parser.LagartoBasedHtmlParser
2026-10-01 20:55:12,690 INFO o.a.j.p.h.s.HTTPSamplerBase: Parser for text/xml is org.apache.jmeter.protocol.http.parser.LagartoBasedHtmlParser
2026-10-01 20:55:12,690 INFO o.a.j.p.h.s.HTTPSamplerBase: Parser for text/vnd.wap.wml is org.apache.jmeter.protocol.http.parser.RegexpHTMLParser
2026-10-01 20:55:12,690 INFO o.a.j.p.h.s.HTTPSamplerBase: Parser for text/css is org.apache.jmeter.protocol.http.parser.CssParser
2026-10-01 20:55:12,730 INFO o.a.j.JMeter: Creating summariser <summary>
2026-10-01 20:55:12,740 INFO o.a.j.e.StandardJMeterEngine: Running the test!
2026-10-01 20:55:12,740 INFO o.a.j.s.SampleEvent: List of sample_variables: []
2026-10-01 20:55:12,740 INFO o.a.j.s.SampleEvent: List of sample_variables: []
2026-10-01 20:55:12,744 INFO o.a.j.e.u.CompoundVariable: Note: Function class names must contain the string: '.functions.'
2026-10-01 20:55:12,744 INFO o.a.j.e.u.CompoundVariable: Note: Function class names must not contain the string: '.gui.'
2026-10-01 20:55:12,949 INFO o.a.j.JMeter: Running test (1790888112948)
2026-10-01 20:55:12,950 INFO o.a.j.e.StandardJMeterEngine: Starting setUp thread groups
2026-10-01 20:55:12,950 INFO o.a.j.e.StandardJMeterEngine: Starting setUp ThreadGroup: 1 : setUp - login 
2026-10-01 20:55:12,950 INFO o.a.j.e.StandardJMeterEngine: Starting 1 threads for group setUp - login.
2026-10-01 20:55:12,950 INFO o.a.j.e.StandardJMeterEngine: Test will stop abruptly on error
2026-10-01 20:55:12,951 INFO o.a.j.t.ThreadGroup: Starting thread group... number=1 threads=1 ramp-up=1 delayedStart=false
2026-10-01 20:55:12,954 INFO o.a.j.t.ThreadGroup: Started thread group number 1
2026-10-01 20:55:12,954 INFO o.a.j.e.StandardJMeterEngine: Waiting for all setup thread groups to exit
2026-10-01 20:55:12,955 INFO o.a.j.t.JMeterThread: Thread started: setUp - login 1-1
2026-10-01 20:55:12,967 INFO o.a.j.p.h.s.HTTPHCAbstractImpl: Local host = 0fb958d87353
2026-10-01 20:55:12,972 INFO o.a.j.p.h.s.HTTPHC4Impl: HTTP request retry count = 0
2026-10-01 20:55:12,973 INFO o.a.j.s.SampleResult: Note: Sample TimeStamps are START times
2026-10-01 20:55:12,973 INFO o.a.j.s.SampleResult: sampleresult.default.encoding is set to UTF-8
2026-10-01 20:55:12,973 INFO o.a.j.s.SampleResult: sampleresult.useNanoTime=true
2026-10-01 20:55:12,974 INFO o.a.j.s.SampleResult: sampleresult.nanoThreadSleep=5000
2026-10-01 20:55:13,745 INFO o.a.j.t.JMeterThread: Thread is done: setUp - login 1-1
2026-10-01 20:55:13,745 INFO o.a.j.t.JMeterThread: Thread finished: setUp - login 1-1
2026-10-01 20:55:13,746 INFO o.a.j.e.StandardJMeterEngine: All Setup Threads have ended
2026-10-01 20:55:13,768 INFO o.a.j.e.StandardJMeterEngine: Starting ThreadGroup: 1 : S3
2026-10-01 20:55:13,768 INFO o.a.j.e.StandardJMeterEngine: Starting 10 threads for group S3.
2026-10-01 20:55:13,769 INFO o.a.j.e.StandardJMeterEngine: Thread will continue on error
2026-10-01 20:55:13,769 INFO o.a.j.t.ThreadGroup: Starting thread group... number=1 threads=10 ramp-up=10 delayedStart=false
2026-10-01 20:55:13,771 INFO o.a.j.t.JMeterThread: Thread started: S3 1-1
2026-10-01 20:55:13,777 INFO o.a.j.t.ThreadGroup: Started thread group number 1
2026-10-01 20:55:13,778 INFO o.a.j.e.StandardJMeterEngine: All thread groups have been started
2026-10-01 20:55:14,771 INFO o.a.j.t.JMeterThread: Thread started: S3 1-2
2026-10-01 20:55:15,771 INFO o.a.j.t.JMeterThread: Thread started: S3 1-3
2026-10-01 20:55:16,770 INFO o.a.j.t.JMeterThread: Thread started: S3 1-4
2026-10-01 20:55:17,770 INFO o.a.j.t.JMeterThread: Thread started: S3 1-5
2026-10-01 20:55:18,770 INFO o.a.j.t.JMeterThread: Thread started: S3 1-6
2026-10-01 20:55:19,770 INFO o.a.j.t.JMeterThread: Thread started: S3 1-7
2026-10-01 20:55:20,771 INFO o.a.j.t.JMeterThread: Thread started: S3 1-8
2026-10-01 20:55:21,770 INFO o.a.j.t.JMeterThread: Thread started: S3 1-9
2026-10-01 20:55:22,770 INFO o.a.j.t.JMeterThread: Thread started: S3 1-10
2026-10-01 20:55:23,771 INFO o.a.j.t.JMeterThread: Stopping because end time detected by thread: S3 1-1
2026-10-01 20:55:23,771 INFO o.a.j.t.JMeterThread: Thread finished: S3 1-1
2026-10-01 20:55:23,782 INFO o.a.j.t.JMeterThread: Stopping because end time detected by thread: S3 1-4
2026-10-01 20:55:23,782 INFO o.a.j.t.JMeterThread: Stopping because end time detected by thread: S3 1-8
2026-10-01 20:55:23,782 INFO o.a.j.t.JMeterThread: Stopping because end time detected by thread: S3 1-3
2026-10-01 20:55:23,782 INFO o.a.j.t.JMeterThread: Thread finished: S3 1-4
2026-10-01 20:55:23,782 INFO o.a.j.t.JMeterThread: Thread finished: S3 1-3
2026-10-01 20:55:23,782 INFO o.a.j.t.JMeterThread: Thread finished: S3 1-8
2026-10-01 20:55:23,783 INFO o.a.j.t.JMeterThread: Stopping because end time detected by thread: S3 1-7
2026-10-01 20:55:23,783 INFO o.a.j.t.JMeterThread: Thread finished: S3 1-7
2026-10-01 20:55:23,792 INFO o.a.j.t.JMeterThread: Stopping because end time detected by thread: S3 1-2
2026-10-01 20:55:23,792 INFO o.a.j.t.JMeterThread: Thread finished: S3 1-2
2026-10-01 20:55:23,793 INFO o.a.j.t.JMeterThread: Stopping because end time detected by thread: S3 1-6
2026-10-01 20:55:23,793 INFO o.a.j.t.JMeterThread: Thread finished: S3 1-6
2026-10-01 20:55:23,794 INFO o.a.j.t.JMeterThread: Stopping because end time detected by thread: S3 1-10
2026-10-01 20:55:23,794 INFO o.a.j.t.JMeterThread: Thread finished: S3 1-10
2026-10-01 20:55:23,794 INFO o.a.j.t.JMeterThread: Stopping because end time detected by thread: S3 1-5
2026-10-01 20:55:23,794 INFO o.a.j.t.JMeterThread: Thread finished: S3 1-5
2026-10-01 20:55:23,803 INFO o.a.j.t.JMeterThread: Stopping because end time detected by thread: S3 1-9
2026-10-01 20:55:23,803 INFO o.a.j.t.JMeterThread: Thread finished: S3 1-9
2026-10-01 20:55:23,804 INFO o.a.j.e.StandardJMeterEngine: Notifying test listeners of end of test
2026-10-01 20:55:23,807 INFO o.a.j.r.Summariser: summary =   3159 in 00:00:11 =  290.9/s Avg:    17 Min:     9 Max:   292 Err:     0 (0.00%)
