2026-10-07 18:57:29,698 INFO o.a.j.u.JMeterUtils: Setting Locale to en_EN
2026-10-07 18:57:29,717 INFO o.a.j.JMeter: Loading user properties from: /opt/jmeter/bin/user.properties
2026-10-07 18:57:29,717 INFO o.a.j.JMeter: Loading system properties from: /opt/jmeter/bin/system.properties
2026-10-07 18:57:29,718 INFO o.a.j.JMeter: Loading additional properties from: /tests/run.properties
2026-10-07 18:57:29,718 INFO o.a.j.JMeter: Loading additional properties from: /tests/data/ranges.properties
2026-10-07 18:57:29,718 INFO o.a.j.JMeter: Setting JMeter property: host=laravel-nginx
2026-10-07 18:57:29,718 INFO o.a.j.JMeter: Setting JMeter property: port=80
2026-10-07 18:57:29,718 INFO o.a.j.JMeter: Setting JMeter property: rampup=10
2026-10-07 18:57:29,718 INFO o.a.j.JMeter: Setting JMeter property: endpoint=EP1
2026-10-07 18:57:29,718 INFO o.a.j.JMeter: Setting JMeter property: users=1
2026-10-07 18:57:29,719 INFO o.a.j.JMeter: Setting JMeter property: duration=60
2026-10-07 18:57:29,724 INFO o.a.j.JMeter: Copyright (c) 1998-2024 The Apache Software Foundation
2026-10-07 18:57:29,724 INFO o.a.j.JMeter: Version 5.6.3
2026-10-07 18:57:29,724 INFO o.a.j.JMeter: java.version=21.0.12.1
2026-10-07 18:57:29,724 INFO o.a.j.JMeter: java.vm.name=OpenJDK 64-Bit Server VM
2026-10-07 18:57:29,724 INFO o.a.j.JMeter: os.name=Linux
2026-10-07 18:57:29,724 INFO o.a.j.JMeter: os.arch=amd64
2026-10-07 18:57:29,724 INFO o.a.j.JMeter: os.version=6.6.87.2-microsoft-standard-WSL2
2026-10-07 18:57:29,724 INFO o.a.j.JMeter: file.encoding=UTF-8
2026-10-07 18:57:29,724 INFO o.a.j.JMeter: java.awt.headless=true
2026-10-07 18:57:29,724 INFO o.a.j.JMeter: Max memory     =4294967296
2026-10-07 18:57:29,724 INFO o.a.j.JMeter: Available Processors =12
2026-10-07 18:57:29,731 INFO o.a.j.JMeter: Default Locale=English (EN)
2026-10-07 18:57:29,731 INFO o.a.j.JMeter: JMeter  Locale=English (EN)
2026-10-07 18:57:29,731 INFO o.a.j.JMeter: JMeterHome=/opt/jmeter
2026-10-07 18:57:29,731 INFO o.a.j.JMeter: user.dir  =/tests
2026-10-07 18:57:29,731 INFO o.a.j.JMeter: PWD       =/tests
2026-10-07 18:57:29,731 INFO o.a.j.JMeter: IP: 172.19.0.5 Name: c4685c4ddcb9 FullName: c4685c4ddcb9
2026-10-07 18:57:29,740 INFO o.a.j.s.FileServer: Default base='/tests'
2026-10-07 18:57:29,741 INFO o.a.j.s.FileServer: Set new base='/tests'
2026-10-07 18:57:29,881 INFO o.a.j.s.SaveService: Testplan (JMX) version: 2.2. Testlog (JTL) version: 2.2
2026-10-07 18:57:29,901 INFO o.a.j.s.SaveService: Using SaveService properties version 5.0
2026-10-07 18:57:29,903 INFO o.a.j.s.SaveService: Using SaveService properties file encoding UTF-8
2026-10-07 18:57:29,906 INFO o.a.j.s.SaveService: Loading file: /tests/s3.jmx
2026-10-07 18:57:29,945 INFO o.a.j.p.h.s.HTTPSamplerBase: Parser for text/html is org.apache.jmeter.protocol.http.parser.LagartoBasedHtmlParser
2026-10-07 18:57:29,945 INFO o.a.j.p.h.s.HTTPSamplerBase: Parser for application/xhtml+xml is org.apache.jmeter.protocol.http.parser.LagartoBasedHtmlParser
2026-10-07 18:57:29,945 INFO o.a.j.p.h.s.HTTPSamplerBase: Parser for application/xml is org.apache.jmeter.protocol.http.parser.LagartoBasedHtmlParser
2026-10-07 18:57:29,945 INFO o.a.j.p.h.s.HTTPSamplerBase: Parser for text/xml is org.apache.jmeter.protocol.http.parser.LagartoBasedHtmlParser
2026-10-07 18:57:29,946 INFO o.a.j.p.h.s.HTTPSamplerBase: Parser for text/vnd.wap.wml is org.apache.jmeter.protocol.http.parser.RegexpHTMLParser
2026-10-07 18:57:29,946 INFO o.a.j.p.h.s.HTTPSamplerBase: Parser for text/css is org.apache.jmeter.protocol.http.parser.CssParser
2026-10-07 18:57:29,980 INFO o.a.j.JMeter: Creating summariser <summary>
2026-10-07 18:57:29,991 INFO o.a.j.e.StandardJMeterEngine: Running the test!
2026-10-07 18:57:29,992 INFO o.a.j.s.SampleEvent: List of sample_variables: []
2026-10-07 18:57:29,992 INFO o.a.j.s.SampleEvent: List of sample_variables: []
2026-10-07 18:57:29,995 INFO o.a.j.e.u.CompoundVariable: Note: Function class names must contain the string: '.functions.'
2026-10-07 18:57:29,996 INFO o.a.j.e.u.CompoundVariable: Note: Function class names must not contain the string: '.gui.'
2026-10-07 18:57:30,183 INFO o.a.j.JMeter: Running test (1791399450183)
2026-10-07 18:57:30,184 INFO o.a.j.e.StandardJMeterEngine: Starting setUp thread groups
2026-10-07 18:57:30,185 INFO o.a.j.e.StandardJMeterEngine: Starting setUp ThreadGroup: 1 : setUp - login 
2026-10-07 18:57:30,185 INFO o.a.j.e.StandardJMeterEngine: Starting 1 threads for group setUp - login.
2026-10-07 18:57:30,185 INFO o.a.j.e.StandardJMeterEngine: Test will stop abruptly on error
2026-10-07 18:57:30,185 INFO o.a.j.t.ThreadGroup: Starting thread group... number=1 threads=1 ramp-up=1 delayedStart=false
2026-10-07 18:57:30,188 INFO o.a.j.t.ThreadGroup: Started thread group number 1
2026-10-07 18:57:30,188 INFO o.a.j.e.StandardJMeterEngine: Waiting for all setup thread groups to exit
2026-10-07 18:57:30,189 INFO o.a.j.t.JMeterThread: Thread started: setUp - login 1-1
2026-10-07 18:57:30,199 INFO o.a.j.p.h.s.HTTPHCAbstractImpl: Local host = c4685c4ddcb9
2026-10-07 18:57:30,203 INFO o.a.j.p.h.s.HTTPHC4Impl: HTTP request retry count = 0
2026-10-07 18:57:30,204 INFO o.a.j.s.SampleResult: Note: Sample TimeStamps are START times
2026-10-07 18:57:30,204 INFO o.a.j.s.SampleResult: sampleresult.default.encoding is set to UTF-8
2026-10-07 18:57:30,204 INFO o.a.j.s.SampleResult: sampleresult.useNanoTime=true
2026-10-07 18:57:30,204 INFO o.a.j.s.SampleResult: sampleresult.nanoThreadSleep=5000
2026-10-07 18:57:30,818 INFO o.a.j.r.Summariser: summary +      1 in 00:00:01 =    1.6/s Avg:   199 Min:   199 Max:   199 Err:     0 (0.00%) Active: 1 Started: 1 Finished: 0
2026-10-07 18:57:30,819 INFO o.a.j.t.JMeterThread: Thread is done: setUp - login 1-1
2026-10-07 18:57:30,819 INFO o.a.j.t.JMeterThread: Thread finished: setUp - login 1-1
2026-10-07 18:57:30,820 INFO o.a.j.e.StandardJMeterEngine: All Setup Threads have ended
2026-10-07 18:57:30,841 INFO o.a.j.e.StandardJMeterEngine: Starting ThreadGroup: 1 : S3
2026-10-07 18:57:30,841 INFO o.a.j.e.StandardJMeterEngine: Starting 1 threads for group S3.
2026-10-07 18:57:30,841 INFO o.a.j.e.StandardJMeterEngine: Thread will continue on error
2026-10-07 18:57:30,841 INFO o.a.j.t.ThreadGroup: Starting thread group... number=1 threads=1 ramp-up=10 delayedStart=false
2026-10-07 18:57:30,843 INFO o.a.j.t.ThreadGroup: Started thread group number 1
2026-10-07 18:57:30,843 INFO o.a.j.e.StandardJMeterEngine: All thread groups have been started
2026-10-07 18:57:30,843 INFO o.a.j.t.JMeterThread: Thread started: S3 1-1
2026-10-07 18:58:00,005 INFO o.a.j.r.Summariser: summary +   5115 in 00:00:29 =  175.3/s Avg:     5 Min:     5 Max:    14 Err:     0 (0.00%) Active: 1 Started: 1 Finished: 0
2026-10-07 18:58:00,005 INFO o.a.j.r.Summariser: summary =   5116 in 00:00:30 =  171.6/s Avg:     5 Min:     5 Max:   199 Err:     0 (0.00%)
2026-10-07 18:58:30,003 INFO o.a.j.r.Summariser: summary +   4983 in 00:00:30 =  166.1/s Avg:     5 Min:     5 Max:    16 Err:     0 (0.00%) Active: 1 Started: 1 Finished: 0
2026-10-07 18:58:30,003 INFO o.a.j.r.Summariser: summary =  10099 in 00:01:00 =  168.8/s Avg:     5 Min:     5 Max:   199 Err:     0 (0.00%)
2026-10-07 18:58:30,841 INFO o.a.j.t.JMeterThread: Stopping because end time detected by thread: S3 1-1
2026-10-07 18:58:30,841 INFO o.a.j.t.JMeterThread: Thread finished: S3 1-1
2026-10-07 18:58:30,842 INFO o.a.j.e.StandardJMeterEngine: Notifying test listeners of end of test
2026-10-07 18:58:30,844 INFO o.a.j.r.Summariser: summary +    148 in 00:00:01 =  176.0/s Avg:     5 Min:     5 Max:     7 Err:     0 (0.00%) Active: 0 Started: 1 Finished: 1
2026-10-07 18:58:30,844 INFO o.a.j.r.Summariser: summary =  10247 in 00:01:01 =  168.9/s Avg:     5 Min:     5 Max:   199 Err:     0 (0.00%)
