2026-10-07 18:56:24,429 INFO o.a.j.u.JMeterUtils: Setting Locale to en_EN
2026-10-07 18:56:24,454 INFO o.a.j.JMeter: Loading user properties from: /opt/jmeter/bin/user.properties
2026-10-07 18:56:24,454 INFO o.a.j.JMeter: Loading system properties from: /opt/jmeter/bin/system.properties
2026-10-07 18:56:24,455 INFO o.a.j.JMeter: Loading additional properties from: /tests/run.properties
2026-10-07 18:56:24,455 INFO o.a.j.JMeter: Loading additional properties from: /tests/data/ranges.properties
2026-10-07 18:56:24,455 INFO o.a.j.JMeter: Setting JMeter property: host=laravel-nginx
2026-10-07 18:56:24,455 INFO o.a.j.JMeter: Setting JMeter property: port=80
2026-10-07 18:56:24,455 INFO o.a.j.JMeter: Setting JMeter property: rampup=10
2026-10-07 18:56:24,455 INFO o.a.j.JMeter: Setting JMeter property: endpoint=EP1
2026-10-07 18:56:24,455 INFO o.a.j.JMeter: Setting JMeter property: users=1
2026-10-07 18:56:24,456 INFO o.a.j.JMeter: Setting JMeter property: duration=60
2026-10-07 18:56:24,461 INFO o.a.j.JMeter: Copyright (c) 1998-2024 The Apache Software Foundation
2026-10-07 18:56:24,461 INFO o.a.j.JMeter: Version 5.6.3
2026-10-07 18:56:24,461 INFO o.a.j.JMeter: java.version=21.0.12.1
2026-10-07 18:56:24,461 INFO o.a.j.JMeter: java.vm.name=OpenJDK 64-Bit Server VM
2026-10-07 18:56:24,461 INFO o.a.j.JMeter: os.name=Linux
2026-10-07 18:56:24,461 INFO o.a.j.JMeter: os.arch=amd64
2026-10-07 18:56:24,461 INFO o.a.j.JMeter: os.version=6.6.87.2-microsoft-standard-WSL2
2026-10-07 18:56:24,461 INFO o.a.j.JMeter: file.encoding=UTF-8
2026-10-07 18:56:24,461 INFO o.a.j.JMeter: java.awt.headless=true
2026-10-07 18:56:24,461 INFO o.a.j.JMeter: Max memory     =4294967296
2026-10-07 18:56:24,462 INFO o.a.j.JMeter: Available Processors =12
2026-10-07 18:56:24,471 INFO o.a.j.JMeter: Default Locale=English (EN)
2026-10-07 18:56:24,471 INFO o.a.j.JMeter: JMeter  Locale=English (EN)
2026-10-07 18:56:24,471 INFO o.a.j.JMeter: JMeterHome=/opt/jmeter
2026-10-07 18:56:24,471 INFO o.a.j.JMeter: user.dir  =/tests
2026-10-07 18:56:24,471 INFO o.a.j.JMeter: PWD       =/tests
2026-10-07 18:56:24,471 INFO o.a.j.JMeter: IP: 172.19.0.5 Name: 6f2774c8f35a FullName: 6f2774c8f35a
2026-10-07 18:56:24,486 INFO o.a.j.s.FileServer: Default base='/tests'
2026-10-07 18:56:24,488 INFO o.a.j.s.FileServer: Set new base='/tests'
2026-10-07 18:56:24,707 INFO o.a.j.s.SaveService: Testplan (JMX) version: 2.2. Testlog (JTL) version: 2.2
2026-10-07 18:56:24,728 INFO o.a.j.s.SaveService: Using SaveService properties version 5.0
2026-10-07 18:56:24,731 INFO o.a.j.s.SaveService: Using SaveService properties file encoding UTF-8
2026-10-07 18:56:24,734 INFO o.a.j.s.SaveService: Loading file: /tests/s3.jmx
2026-10-07 18:56:24,777 INFO o.a.j.p.h.s.HTTPSamplerBase: Parser for text/html is org.apache.jmeter.protocol.http.parser.LagartoBasedHtmlParser
2026-10-07 18:56:24,777 INFO o.a.j.p.h.s.HTTPSamplerBase: Parser for application/xhtml+xml is org.apache.jmeter.protocol.http.parser.LagartoBasedHtmlParser
2026-10-07 18:56:24,777 INFO o.a.j.p.h.s.HTTPSamplerBase: Parser for application/xml is org.apache.jmeter.protocol.http.parser.LagartoBasedHtmlParser
2026-10-07 18:56:24,777 INFO o.a.j.p.h.s.HTTPSamplerBase: Parser for text/xml is org.apache.jmeter.protocol.http.parser.LagartoBasedHtmlParser
2026-10-07 18:56:24,777 INFO o.a.j.p.h.s.HTTPSamplerBase: Parser for text/vnd.wap.wml is org.apache.jmeter.protocol.http.parser.RegexpHTMLParser
2026-10-07 18:56:24,777 INFO o.a.j.p.h.s.HTTPSamplerBase: Parser for text/css is org.apache.jmeter.protocol.http.parser.CssParser
2026-10-07 18:56:24,826 INFO o.a.j.JMeter: Creating summariser <summary>
2026-10-07 18:56:24,845 INFO o.a.j.e.StandardJMeterEngine: Running the test!
2026-10-07 18:56:24,846 INFO o.a.j.s.SampleEvent: List of sample_variables: []
2026-10-07 18:56:24,846 INFO o.a.j.s.SampleEvent: List of sample_variables: []
2026-10-07 18:56:24,850 INFO o.a.j.e.u.CompoundVariable: Note: Function class names must contain the string: '.functions.'
2026-10-07 18:56:24,850 INFO o.a.j.e.u.CompoundVariable: Note: Function class names must not contain the string: '.gui.'
2026-10-07 18:56:25,114 INFO o.a.j.JMeter: Running test (1791399385114)
2026-10-07 18:56:25,115 INFO o.a.j.e.StandardJMeterEngine: Starting setUp thread groups
2026-10-07 18:56:25,115 INFO o.a.j.e.StandardJMeterEngine: Starting setUp ThreadGroup: 1 : setUp - login 
2026-10-07 18:56:25,116 INFO o.a.j.e.StandardJMeterEngine: Starting 1 threads for group setUp - login.
2026-10-07 18:56:25,116 INFO o.a.j.e.StandardJMeterEngine: Test will stop abruptly on error
2026-10-07 18:56:25,116 INFO o.a.j.t.ThreadGroup: Starting thread group... number=1 threads=1 ramp-up=1 delayedStart=false
2026-10-07 18:56:25,119 INFO o.a.j.t.ThreadGroup: Started thread group number 1
2026-10-07 18:56:25,119 INFO o.a.j.e.StandardJMeterEngine: Waiting for all setup thread groups to exit
2026-10-07 18:56:25,120 INFO o.a.j.t.JMeterThread: Thread started: setUp - login 1-1
2026-10-07 18:56:25,131 INFO o.a.j.p.h.s.HTTPHCAbstractImpl: Local host = 6f2774c8f35a
2026-10-07 18:56:25,135 INFO o.a.j.p.h.s.HTTPHC4Impl: HTTP request retry count = 0
2026-10-07 18:56:25,136 INFO o.a.j.s.SampleResult: Note: Sample TimeStamps are START times
2026-10-07 18:56:25,136 INFO o.a.j.s.SampleResult: sampleresult.default.encoding is set to UTF-8
2026-10-07 18:56:25,136 INFO o.a.j.s.SampleResult: sampleresult.useNanoTime=true
2026-10-07 18:56:25,137 INFO o.a.j.s.SampleResult: sampleresult.nanoThreadSleep=5000
2026-10-07 18:56:25,944 INFO o.a.j.t.JMeterThread: Thread is done: setUp - login 1-1
2026-10-07 18:56:25,944 INFO o.a.j.t.JMeterThread: Thread finished: setUp - login 1-1
2026-10-07 18:56:25,945 INFO o.a.j.e.StandardJMeterEngine: All Setup Threads have ended
2026-10-07 18:56:25,975 INFO o.a.j.e.StandardJMeterEngine: Starting ThreadGroup: 1 : S3
2026-10-07 18:56:25,975 INFO o.a.j.e.StandardJMeterEngine: Starting 1 threads for group S3.
2026-10-07 18:56:25,976 INFO o.a.j.e.StandardJMeterEngine: Thread will continue on error
2026-10-07 18:56:25,976 INFO o.a.j.t.ThreadGroup: Starting thread group... number=1 threads=1 ramp-up=10 delayedStart=false
2026-10-07 18:56:25,977 INFO o.a.j.t.ThreadGroup: Started thread group number 1
2026-10-07 18:56:25,977 INFO o.a.j.e.StandardJMeterEngine: All thread groups have been started
2026-10-07 18:56:25,978 INFO o.a.j.t.JMeterThread: Thread started: S3 1-1
2026-10-07 18:56:30,004 INFO o.a.j.r.Summariser: summary +    607 in 00:00:05 =  124.2/s Avg:     6 Min:     5 Max:   306 Err:     0 (0.00%) Active: 1 Started: 1 Finished: 0
2026-10-07 18:57:00,005 INFO o.a.j.r.Summariser: summary +   5185 in 00:00:30 =  172.8/s Avg:     5 Min:     5 Max:    15 Err:     0 (0.00%) Active: 1 Started: 1 Finished: 0
2026-10-07 18:57:00,005 INFO o.a.j.r.Summariser: summary =   5792 in 00:00:35 =  166.0/s Avg:     5 Min:     5 Max:   306 Err:     0 (0.00%)
2026-10-07 18:57:25,978 INFO o.a.j.t.JMeterThread: Stopping because end time detected by thread: S3 1-1
2026-10-07 18:57:25,979 INFO o.a.j.t.JMeterThread: Thread finished: S3 1-1
2026-10-07 18:57:25,979 INFO o.a.j.e.StandardJMeterEngine: Notifying test listeners of end of test
2026-10-07 18:57:25,981 INFO o.a.j.r.Summariser: summary +   4703 in 00:00:26 =  181.1/s Avg:     5 Min:     4 Max:    15 Err:     0 (0.00%) Active: 0 Started: 1 Finished: 1
2026-10-07 18:57:25,981 INFO o.a.j.r.Summariser: summary =  10495 in 00:01:01 =  172.4/s Avg:     5 Min:     4 Max:   306 Err:     0 (0.00%)
