2026-10-07 19:27:09,563 INFO o.a.j.u.JMeterUtils: Setting Locale to en_EN
2026-10-07 19:27:09,583 INFO o.a.j.JMeter: Loading user properties from: /opt/jmeter/bin/user.properties
2026-10-07 19:27:09,583 INFO o.a.j.JMeter: Loading system properties from: /opt/jmeter/bin/system.properties
2026-10-07 19:27:09,584 INFO o.a.j.JMeter: Loading additional properties from: /tests/run.properties
2026-10-07 19:27:09,584 INFO o.a.j.JMeter: Loading additional properties from: /tests/data/ranges.properties
2026-10-07 19:27:09,584 INFO o.a.j.JMeter: Setting JMeter property: host=laravel-nginx
2026-10-07 19:27:09,584 INFO o.a.j.JMeter: Setting JMeter property: port=80
2026-10-07 19:27:09,584 INFO o.a.j.JMeter: Setting JMeter property: rampup=10
2026-10-07 19:27:09,584 INFO o.a.j.JMeter: Setting JMeter property: endpoint=EP4
2026-10-07 19:27:09,584 INFO o.a.j.JMeter: Setting JMeter property: users=4
2026-10-07 19:27:09,584 INFO o.a.j.JMeter: Setting JMeter property: duration=60
2026-10-07 19:27:09,589 INFO o.a.j.JMeter: Copyright (c) 1998-2024 The Apache Software Foundation
2026-10-07 19:27:09,589 INFO o.a.j.JMeter: Version 5.6.3
2026-10-07 19:27:09,589 INFO o.a.j.JMeter: java.version=21.0.12.1
2026-10-07 19:27:09,589 INFO o.a.j.JMeter: java.vm.name=OpenJDK 64-Bit Server VM
2026-10-07 19:27:09,589 INFO o.a.j.JMeter: os.name=Linux
2026-10-07 19:27:09,589 INFO o.a.j.JMeter: os.arch=amd64
2026-10-07 19:27:09,589 INFO o.a.j.JMeter: os.version=6.6.87.2-microsoft-standard-WSL2
2026-10-07 19:27:09,589 INFO o.a.j.JMeter: file.encoding=UTF-8
2026-10-07 19:27:09,589 INFO o.a.j.JMeter: java.awt.headless=true
2026-10-07 19:27:09,589 INFO o.a.j.JMeter: Max memory     =4294967296
2026-10-07 19:27:09,589 INFO o.a.j.JMeter: Available Processors =12
2026-10-07 19:27:09,596 INFO o.a.j.JMeter: Default Locale=English (EN)
2026-10-07 19:27:09,596 INFO o.a.j.JMeter: JMeter  Locale=English (EN)
2026-10-07 19:27:09,597 INFO o.a.j.JMeter: JMeterHome=/opt/jmeter
2026-10-07 19:27:09,597 INFO o.a.j.JMeter: user.dir  =/tests
2026-10-07 19:27:09,597 INFO o.a.j.JMeter: PWD       =/tests
2026-10-07 19:27:09,597 INFO o.a.j.JMeter: IP: 172.19.0.5 Name: 1fcc0480989c FullName: 1fcc0480989c
2026-10-07 19:27:09,607 INFO o.a.j.s.FileServer: Default base='/tests'
2026-10-07 19:27:09,608 INFO o.a.j.s.FileServer: Set new base='/tests'
2026-10-07 19:27:09,764 INFO o.a.j.s.SaveService: Testplan (JMX) version: 2.2. Testlog (JTL) version: 2.2
2026-10-07 19:27:09,788 INFO o.a.j.s.SaveService: Using SaveService properties version 5.0
2026-10-07 19:27:09,791 INFO o.a.j.s.SaveService: Using SaveService properties file encoding UTF-8
2026-10-07 19:27:09,793 INFO o.a.j.s.SaveService: Loading file: /tests/s3.jmx
2026-10-07 19:27:09,836 INFO o.a.j.p.h.s.HTTPSamplerBase: Parser for text/html is org.apache.jmeter.protocol.http.parser.LagartoBasedHtmlParser
2026-10-07 19:27:09,836 INFO o.a.j.p.h.s.HTTPSamplerBase: Parser for application/xhtml+xml is org.apache.jmeter.protocol.http.parser.LagartoBasedHtmlParser
2026-10-07 19:27:09,837 INFO o.a.j.p.h.s.HTTPSamplerBase: Parser for application/xml is org.apache.jmeter.protocol.http.parser.LagartoBasedHtmlParser
2026-10-07 19:27:09,837 INFO o.a.j.p.h.s.HTTPSamplerBase: Parser for text/xml is org.apache.jmeter.protocol.http.parser.LagartoBasedHtmlParser
2026-10-07 19:27:09,837 INFO o.a.j.p.h.s.HTTPSamplerBase: Parser for text/vnd.wap.wml is org.apache.jmeter.protocol.http.parser.RegexpHTMLParser
2026-10-07 19:27:09,837 INFO o.a.j.p.h.s.HTTPSamplerBase: Parser for text/css is org.apache.jmeter.protocol.http.parser.CssParser
2026-10-07 19:27:09,876 INFO o.a.j.JMeter: Creating summariser <summary>
2026-10-07 19:27:09,891 INFO o.a.j.e.StandardJMeterEngine: Running the test!
2026-10-07 19:27:09,892 INFO o.a.j.s.SampleEvent: List of sample_variables: []
2026-10-07 19:27:09,892 INFO o.a.j.s.SampleEvent: List of sample_variables: []
2026-10-07 19:27:09,896 INFO o.a.j.e.u.CompoundVariable: Note: Function class names must contain the string: '.functions.'
2026-10-07 19:27:09,896 INFO o.a.j.e.u.CompoundVariable: Note: Function class names must not contain the string: '.gui.'
2026-10-07 19:27:10,103 INFO o.a.j.JMeter: Running test (1791401230103)
2026-10-07 19:27:10,104 INFO o.a.j.e.StandardJMeterEngine: Starting setUp thread groups
2026-10-07 19:27:10,104 INFO o.a.j.e.StandardJMeterEngine: Starting setUp ThreadGroup: 1 : setUp - login 
2026-10-07 19:27:10,105 INFO o.a.j.e.StandardJMeterEngine: Starting 1 threads for group setUp - login.
2026-10-07 19:27:10,105 INFO o.a.j.e.StandardJMeterEngine: Test will stop abruptly on error
2026-10-07 19:27:10,105 INFO o.a.j.t.ThreadGroup: Starting thread group... number=1 threads=1 ramp-up=1 delayedStart=false
2026-10-07 19:27:10,107 INFO o.a.j.t.ThreadGroup: Started thread group number 1
2026-10-07 19:27:10,108 INFO o.a.j.e.StandardJMeterEngine: Waiting for all setup thread groups to exit
2026-10-07 19:27:10,109 INFO o.a.j.t.JMeterThread: Thread started: setUp - login 1-1
2026-10-07 19:27:10,120 INFO o.a.j.p.h.s.HTTPHCAbstractImpl: Local host = 1fcc0480989c
2026-10-07 19:27:10,125 INFO o.a.j.p.h.s.HTTPHC4Impl: HTTP request retry count = 0
2026-10-07 19:27:10,126 INFO o.a.j.s.SampleResult: Note: Sample TimeStamps are START times
2026-10-07 19:27:10,126 INFO o.a.j.s.SampleResult: sampleresult.default.encoding is set to UTF-8
2026-10-07 19:27:10,126 INFO o.a.j.s.SampleResult: sampleresult.useNanoTime=true
2026-10-07 19:27:10,126 INFO o.a.j.s.SampleResult: sampleresult.nanoThreadSleep=5000
2026-10-07 19:27:10,808 INFO o.a.j.t.JMeterThread: Thread is done: setUp - login 1-1
2026-10-07 19:27:10,808 INFO o.a.j.t.JMeterThread: Thread finished: setUp - login 1-1
2026-10-07 19:27:10,809 INFO o.a.j.e.StandardJMeterEngine: All Setup Threads have ended
2026-10-07 19:27:10,831 INFO o.a.j.e.StandardJMeterEngine: Starting ThreadGroup: 1 : S3
2026-10-07 19:27:10,831 INFO o.a.j.e.StandardJMeterEngine: Starting 4 threads for group S3.
2026-10-07 19:27:10,831 INFO o.a.j.e.StandardJMeterEngine: Thread will continue on error
2026-10-07 19:27:10,832 INFO o.a.j.t.ThreadGroup: Starting thread group... number=1 threads=4 ramp-up=10 delayedStart=false
2026-10-07 19:27:10,834 INFO o.a.j.t.JMeterThread: Thread started: S3 1-1
2026-10-07 19:27:10,837 INFO o.a.j.t.ThreadGroup: Started thread group number 1
2026-10-07 19:27:10,837 INFO o.a.j.e.StandardJMeterEngine: All thread groups have been started
2026-10-07 19:27:13,335 INFO o.a.j.t.JMeterThread: Thread started: S3 1-2
2026-10-07 19:27:15,834 INFO o.a.j.t.JMeterThread: Thread started: S3 1-3
2026-10-07 19:27:18,334 INFO o.a.j.t.JMeterThread: Thread started: S3 1-4
2026-10-07 19:27:30,007 INFO o.a.j.r.Summariser: summary +   6446 in 00:00:20 =  323.9/s Avg:     9 Min:     7 Max:   208 Err:     0 (0.00%) Active: 4 Started: 4 Finished: 0
2026-10-07 19:28:00,000 INFO o.a.j.r.Summariser: summary +  13462 in 00:00:30 =  448.8/s Avg:     8 Min:     7 Max:    32 Err:     0 (0.00%) Active: 4 Started: 4 Finished: 0
2026-10-07 19:28:00,001 INFO o.a.j.r.Summariser: summary =  19908 in 00:00:50 =  399.0/s Avg:     9 Min:     7 Max:   208 Err:     0 (0.00%)
2026-10-07 19:28:10,832 INFO o.a.j.t.JMeterThread: Stopping because end time detected by thread: S3 1-1
2026-10-07 19:28:10,832 INFO o.a.j.t.JMeterThread: Thread finished: S3 1-1
2026-10-07 19:28:10,839 INFO o.a.j.t.JMeterThread: Stopping because end time detected by thread: S3 1-4
2026-10-07 19:28:10,839 INFO o.a.j.t.JMeterThread: Thread finished: S3 1-4
2026-10-07 19:28:10,839 INFO o.a.j.t.JMeterThread: Stopping because end time detected by thread: S3 1-2
2026-10-07 19:28:10,839 INFO o.a.j.t.JMeterThread: Thread finished: S3 1-2
2026-10-07 19:28:10,839 INFO o.a.j.t.JMeterThread: Stopping because end time detected by thread: S3 1-3
2026-10-07 19:28:10,839 INFO o.a.j.t.JMeterThread: Thread finished: S3 1-3
2026-10-07 19:28:10,839 INFO o.a.j.e.StandardJMeterEngine: Notifying test listeners of end of test
2026-10-07 19:28:10,842 INFO o.a.j.r.Summariser: summary +   4898 in 00:00:11 =  451.8/s Avg:     8 Min:     7 Max:    18 Err:     0 (0.00%) Active: 0 Started: 4 Finished: 4
2026-10-07 19:28:10,842 INFO o.a.j.r.Summariser: summary =  24806 in 00:01:01 =  408.4/s Avg:     8 Min:     7 Max:   208 Err:     0 (0.00%)
