2026-10-07 19:26:04,399 INFO o.a.j.u.JMeterUtils: Setting Locale to en_EN
2026-10-07 19:26:04,418 INFO o.a.j.JMeter: Loading user properties from: /opt/jmeter/bin/user.properties
2026-10-07 19:26:04,418 INFO o.a.j.JMeter: Loading system properties from: /opt/jmeter/bin/system.properties
2026-10-07 19:26:04,418 INFO o.a.j.JMeter: Loading additional properties from: /tests/run.properties
2026-10-07 19:26:04,418 INFO o.a.j.JMeter: Loading additional properties from: /tests/data/ranges.properties
2026-10-07 19:26:04,418 INFO o.a.j.JMeter: Setting JMeter property: host=laravel-nginx
2026-10-07 19:26:04,418 INFO o.a.j.JMeter: Setting JMeter property: port=80
2026-10-07 19:26:04,419 INFO o.a.j.JMeter: Setting JMeter property: rampup=10
2026-10-07 19:26:04,419 INFO o.a.j.JMeter: Setting JMeter property: endpoint=EP4
2026-10-07 19:26:04,419 INFO o.a.j.JMeter: Setting JMeter property: users=4
2026-10-07 19:26:04,419 INFO o.a.j.JMeter: Setting JMeter property: duration=60
2026-10-07 19:26:04,425 INFO o.a.j.JMeter: Copyright (c) 1998-2024 The Apache Software Foundation
2026-10-07 19:26:04,425 INFO o.a.j.JMeter: Version 5.6.3
2026-10-07 19:26:04,425 INFO o.a.j.JMeter: java.version=21.0.12.1
2026-10-07 19:26:04,425 INFO o.a.j.JMeter: java.vm.name=OpenJDK 64-Bit Server VM
2026-10-07 19:26:04,425 INFO o.a.j.JMeter: os.name=Linux
2026-10-07 19:26:04,425 INFO o.a.j.JMeter: os.arch=amd64
2026-10-07 19:26:04,425 INFO o.a.j.JMeter: os.version=6.6.87.2-microsoft-standard-WSL2
2026-10-07 19:26:04,425 INFO o.a.j.JMeter: file.encoding=UTF-8
2026-10-07 19:26:04,425 INFO o.a.j.JMeter: java.awt.headless=true
2026-10-07 19:26:04,425 INFO o.a.j.JMeter: Max memory     =4294967296
2026-10-07 19:26:04,426 INFO o.a.j.JMeter: Available Processors =12
2026-10-07 19:26:04,433 INFO o.a.j.JMeter: Default Locale=English (EN)
2026-10-07 19:26:04,434 INFO o.a.j.JMeter: JMeter  Locale=English (EN)
2026-10-07 19:26:04,434 INFO o.a.j.JMeter: JMeterHome=/opt/jmeter
2026-10-07 19:26:04,434 INFO o.a.j.JMeter: user.dir  =/tests
2026-10-07 19:26:04,434 INFO o.a.j.JMeter: PWD       =/tests
2026-10-07 19:26:04,435 INFO o.a.j.JMeter: IP: 172.19.0.5 Name: 0403fb411ce6 FullName: 0403fb411ce6
2026-10-07 19:26:04,445 INFO o.a.j.s.FileServer: Default base='/tests'
2026-10-07 19:26:04,446 INFO o.a.j.s.FileServer: Set new base='/tests'
2026-10-07 19:26:04,584 INFO o.a.j.s.SaveService: Testplan (JMX) version: 2.2. Testlog (JTL) version: 2.2
2026-10-07 19:26:04,606 INFO o.a.j.s.SaveService: Using SaveService properties version 5.0
2026-10-07 19:26:04,608 INFO o.a.j.s.SaveService: Using SaveService properties file encoding UTF-8
2026-10-07 19:26:04,611 INFO o.a.j.s.SaveService: Loading file: /tests/s3.jmx
2026-10-07 19:26:04,650 INFO o.a.j.p.h.s.HTTPSamplerBase: Parser for text/html is org.apache.jmeter.protocol.http.parser.LagartoBasedHtmlParser
2026-10-07 19:26:04,650 INFO o.a.j.p.h.s.HTTPSamplerBase: Parser for application/xhtml+xml is org.apache.jmeter.protocol.http.parser.LagartoBasedHtmlParser
2026-10-07 19:26:04,650 INFO o.a.j.p.h.s.HTTPSamplerBase: Parser for application/xml is org.apache.jmeter.protocol.http.parser.LagartoBasedHtmlParser
2026-10-07 19:26:04,650 INFO o.a.j.p.h.s.HTTPSamplerBase: Parser for text/xml is org.apache.jmeter.protocol.http.parser.LagartoBasedHtmlParser
2026-10-07 19:26:04,650 INFO o.a.j.p.h.s.HTTPSamplerBase: Parser for text/vnd.wap.wml is org.apache.jmeter.protocol.http.parser.RegexpHTMLParser
2026-10-07 19:26:04,651 INFO o.a.j.p.h.s.HTTPSamplerBase: Parser for text/css is org.apache.jmeter.protocol.http.parser.CssParser
2026-10-07 19:26:04,685 INFO o.a.j.JMeter: Creating summariser <summary>
2026-10-07 19:26:04,698 INFO o.a.j.e.StandardJMeterEngine: Running the test!
2026-10-07 19:26:04,699 INFO o.a.j.s.SampleEvent: List of sample_variables: []
2026-10-07 19:26:04,699 INFO o.a.j.s.SampleEvent: List of sample_variables: []
2026-10-07 19:26:04,702 INFO o.a.j.e.u.CompoundVariable: Note: Function class names must contain the string: '.functions.'
2026-10-07 19:26:04,702 INFO o.a.j.e.u.CompoundVariable: Note: Function class names must not contain the string: '.gui.'
2026-10-07 19:26:04,890 INFO o.a.j.JMeter: Running test (1791401164890)
2026-10-07 19:26:04,891 INFO o.a.j.e.StandardJMeterEngine: Starting setUp thread groups
2026-10-07 19:26:04,891 INFO o.a.j.e.StandardJMeterEngine: Starting setUp ThreadGroup: 1 : setUp - login 
2026-10-07 19:26:04,891 INFO o.a.j.e.StandardJMeterEngine: Starting 1 threads for group setUp - login.
2026-10-07 19:26:04,891 INFO o.a.j.e.StandardJMeterEngine: Test will stop abruptly on error
2026-10-07 19:26:04,891 INFO o.a.j.t.ThreadGroup: Starting thread group... number=1 threads=1 ramp-up=1 delayedStart=false
2026-10-07 19:26:04,894 INFO o.a.j.t.ThreadGroup: Started thread group number 1
2026-10-07 19:26:04,894 INFO o.a.j.e.StandardJMeterEngine: Waiting for all setup thread groups to exit
2026-10-07 19:26:04,895 INFO o.a.j.t.JMeterThread: Thread started: setUp - login 1-1
2026-10-07 19:26:04,906 INFO o.a.j.p.h.s.HTTPHCAbstractImpl: Local host = 0403fb411ce6
2026-10-07 19:26:04,910 INFO o.a.j.p.h.s.HTTPHC4Impl: HTTP request retry count = 0
2026-10-07 19:26:04,912 INFO o.a.j.s.SampleResult: Note: Sample TimeStamps are START times
2026-10-07 19:26:04,912 INFO o.a.j.s.SampleResult: sampleresult.default.encoding is set to UTF-8
2026-10-07 19:26:04,912 INFO o.a.j.s.SampleResult: sampleresult.useNanoTime=true
2026-10-07 19:26:04,912 INFO o.a.j.s.SampleResult: sampleresult.nanoThreadSleep=5000
2026-10-07 19:26:05,627 INFO o.a.j.r.Summariser: summary +      1 in 00:00:01 =    1.4/s Avg:   290 Min:   290 Max:   290 Err:     0 (0.00%) Active: 1 Started: 1 Finished: 0
2026-10-07 19:26:05,627 INFO o.a.j.t.JMeterThread: Thread is done: setUp - login 1-1
2026-10-07 19:26:05,627 INFO o.a.j.t.JMeterThread: Thread finished: setUp - login 1-1
2026-10-07 19:26:05,628 INFO o.a.j.e.StandardJMeterEngine: All Setup Threads have ended
2026-10-07 19:26:05,650 INFO o.a.j.e.StandardJMeterEngine: Starting ThreadGroup: 1 : S3
2026-10-07 19:26:05,650 INFO o.a.j.e.StandardJMeterEngine: Starting 4 threads for group S3.
2026-10-07 19:26:05,651 INFO o.a.j.e.StandardJMeterEngine: Thread will continue on error
2026-10-07 19:26:05,651 INFO o.a.j.t.ThreadGroup: Starting thread group... number=1 threads=4 ramp-up=10 delayedStart=false
2026-10-07 19:26:05,653 INFO o.a.j.t.JMeterThread: Thread started: S3 1-1
2026-10-07 19:26:05,655 INFO o.a.j.t.ThreadGroup: Started thread group number 1
2026-10-07 19:26:05,655 INFO o.a.j.e.StandardJMeterEngine: All thread groups have been started
2026-10-07 19:26:08,154 INFO o.a.j.t.JMeterThread: Thread started: S3 1-2
2026-10-07 19:26:10,652 INFO o.a.j.t.JMeterThread: Thread started: S3 1-3
2026-10-07 19:26:13,152 INFO o.a.j.t.JMeterThread: Thread started: S3 1-4
2026-10-07 19:26:30,005 INFO o.a.j.r.Summariser: summary +   8538 in 00:00:24 =  350.2/s Avg:     9 Min:     7 Max:    60 Err:     0 (0.00%) Active: 4 Started: 4 Finished: 0
2026-10-07 19:26:30,005 INFO o.a.j.r.Summariser: summary =   8539 in 00:00:25 =  340.0/s Avg:     9 Min:     7 Max:   290 Err:     0 (0.00%)
2026-10-07 19:27:00,001 INFO o.a.j.r.Summariser: summary +  12798 in 00:00:30 =  426.7/s Avg:     9 Min:     7 Max:    26 Err:     0 (0.00%) Active: 4 Started: 4 Finished: 0
2026-10-07 19:27:00,001 INFO o.a.j.r.Summariser: summary =  21337 in 00:00:55 =  387.2/s Avg:     9 Min:     7 Max:   290 Err:     0 (0.00%)
2026-10-07 19:27:05,656 INFO o.a.j.t.JMeterThread: Stopping because end time detected by thread: S3 1-3
2026-10-07 19:27:05,656 INFO o.a.j.t.JMeterThread: Stopping because end time detected by thread: S3 1-1
2026-10-07 19:27:05,656 INFO o.a.j.t.JMeterThread: Thread finished: S3 1-1
2026-10-07 19:27:05,656 INFO o.a.j.t.JMeterThread: Thread finished: S3 1-3
2026-10-07 19:27:05,657 INFO o.a.j.t.JMeterThread: Stopping because end time detected by thread: S3 1-2
2026-10-07 19:27:05,657 INFO o.a.j.t.JMeterThread: Thread finished: S3 1-2
2026-10-07 19:27:05,657 INFO o.a.j.t.JMeterThread: Stopping because end time detected by thread: S3 1-4
2026-10-07 19:27:05,657 INFO o.a.j.t.JMeterThread: Thread finished: S3 1-4
2026-10-07 19:27:05,657 INFO o.a.j.e.StandardJMeterEngine: Notifying test listeners of end of test
2026-10-07 19:27:05,660 INFO o.a.j.r.Summariser: summary +   2456 in 00:00:06 =  434.0/s Avg:     9 Min:     7 Max:    18 Err:     0 (0.00%) Active: 0 Started: 4 Finished: 4
2026-10-07 19:27:05,660 INFO o.a.j.r.Summariser: summary =  23793 in 00:01:01 =  391.5/s Avg:     9 Min:     7 Max:   290 Err:     0 (0.00%)
